<?xml version="1.0" encoding="utf-8"?>
<CoverageSession xmlns:xsd="http://www.w3.org/2001/XMLSchema" xmlns:xsi="http://www.w3.org/2001/XMLSchema-instance" Version="4.7.922.0">
  <Summary numSequencePoints="1596" visitedSequencePoints="772" numBranchPoints="1162" visitedBranchPoints="472" sequenceCoverage="48.37" branchCoverage="40.62" maxCyclomaticComplexity="22" minCyclomaticComplexity="1" maxCrapScore="342" minCrapScore="1" visitedClasses="33" numClasses="60" visitedMethods="261" numMethods="440" />
  <Modules>
    <Module skippedDueTo="Filter" hash="12-69-33-A7-F1-C5-21-E9-9E-EA-59-DD-FB-B9-71-19-A1-B4-63-66">
      <ModulePath>c:\program files\dotnet\shared\Microsoft.NETCore.App\3.1.10\System.Private.CoreLib.dll</ModulePath>
      <ModuleTime>2020-10-16T18:18:00Z</ModuleTime>
      <ModuleName>System.Private.CoreLib</ModuleName>
      <Classes />
    </Module>
    <Module skippedDueTo="MissingPdb" hash="35-00-39-2B-99-C6-57-9F-66-D4-09-95-D9-39-B9-C7-F6-5D-BF-79">
      <ModulePath>c:\program files\dotnet\sdk\3.1.404\dotnet.dll</ModulePath>
      <ModuleTime>2020-10-22T01:42:52Z</ModuleTime>
      <ModuleName>dotnet</ModuleName>
      <Classes />
    </Module>
    <Module skippedDueTo="Filter" hash="1A-9E-0C-C2-20-42-56-0E-12-E8-DA-9A-9D-14-37-FF-52-03-95-1E">
      <ModulePath>c:\program files\dotnet\shared\Microsoft.NETCore.App\3.1.10\System.Runtime.dll</ModulePath>
      <ModuleTime>2020-10-19T18:22:58Z</ModuleTime>
      <ModuleName>System.Runtime</ModuleName>
      <Classes />
    </Module>
    <Module skippedDueTo="MissingPdb" hash="5E-7F-84-DF-AE-0B-BB-B0-FF-50-C8-52-43-EC-D4-2D-82-96-DE-5B">
      <ModulePath>c:\program files\dotnet\sdk\3.1.404\Microsoft.DotNet.Cli.Utils.dll</ModulePath>
      <ModuleTime>2020-10-22T01:42:56Z</ModuleTime>
      <ModuleName>Microsoft.DotNet.Cli.Utils</ModuleName>
      <Classes />
    </Module>
    <Module skippedDueTo="Filter" hash="DA-2A-97-F6-AB-CF-3F-37-3F-F0-8A-C0-85-32-54-89-9F-F6-53-E0">
      <ModulePath>c:\program files\dotnet\shared\Microsoft.NETCore.App\3.1.10\System.Runtime.Extensions.dll</ModulePath>
      <ModuleTime>2020-10-19T18:23:00Z</ModuleTime>
      <ModuleName>System.Runtime.Extensions</ModuleName>
      <Classes />
    </Module>
    <Module skippedDueTo="Filter" hash="3F-F5-6E-CE-86-1B-17-9D-17-56-8E-5B-FB-58-05-3C-D3-54-6D-D8">
      <ModulePath>c:\program files\dotnet\shared\Microsoft.NETCore.App\3.1.10\System.Runtime.Loader.dll</ModulePath>
      <ModuleTime>2020-10-19T18:23:02Z</ModuleTime>
      <ModuleName>System.Runtime.Loader</ModuleName>
      <Classes />
    </Module>
    <Module skippedDueTo="MissingPdb" hash="F3-36-9A-6C-7B-F3-D1-57-78-30-9E-0C-DA-D9-A5-16-66-B6-53-DB">
      <ModulePath>c:\program files\dotnet\sdk\3.1.404\Microsoft.DotNet.PlatformAbstractions.dll</ModulePath>
      <ModuleTime>2020-10-22T01:42:58Z</ModuleTime>
      <ModuleName>Microsoft.DotNet.PlatformAbstractions</ModuleName>
      <Classes />
    </Module>
    <Module skippedDueTo="MissingPdb" hash="7B-7B-96-4B-CE-03-CB-B8-DA-28-EA-FB-D8-B1-DD-7F-28-46-70-11">
      <ModulePath>c:\program files\dotnet\shared\Microsoft.NETCore.App\3.1.10\netstandard.dll</ModulePath>
      <ModuleTime>2020-10-19T18:22:36Z</ModuleTime>
      <ModuleName>netstandard</ModuleName>
      <Classes />
    </Module>
    <Module skippedDueTo="Filter" hash="4C-C4-67-53-83-52-AB-2A-9B-31-4A-CA-A0-13-F3-3B-EB-A5-34-4A">
      <ModulePath>c:\program files\dotnet\shared\Microsoft.NETCore.App\3.1.10\System.Runtime.InteropServices.RuntimeInformation.dll</ModulePath>
      <ModuleTime>2020-10-19T18:23:00Z</ModuleTime>
      <ModuleName>System.Runtime.InteropServices.RuntimeInformation</ModuleName>
      <Classes />
    </Module>
    <Module skippedDueTo="Filter" hash="A4-47-4D-5B-7D-B1-B1-30-92-13-31-F4-97-39-B9-18-8C-D2-25-90">
      <ModulePath>c:\program files\dotnet\shared\Microsoft.NETCore.App\3.1.10\System.IO.FileSystem.dll</ModulePath>
      <ModuleTime>2020-10-19T18:22:40Z</ModuleTime>
      <ModuleName>System.IO.FileSystem</ModuleName>
      <Classes />
    </Module>
    <Module skippedDueTo="Filter" hash="F2-7C-26-2D-CB-F7-47-72-A0-D9-BA-C2-E8-05-FE-46-55-8D-5A-E5">
      <ModulePath>c:\program files\dotnet\shared\Microsoft.NETCore.App\3.1.10\System.Runtime.InteropServices.dll</ModulePath>
      <ModuleTime>2020-10-19T18:23:00Z</ModuleTime>
      <ModuleName>System.Runtime.InteropServices</ModuleName>
      <Classes />
    </Module>
    <Module skippedDueTo="Filter" hash="BF-F2-24-A2-EF-50-46-81-1A-E7-41-3D-3E-2D-06-76-06-7A-09-DD">
      <ModulePath>c:\program files\dotnet\shared\Microsoft.NETCore.App\3.1.10\System.Memory.dll</ModulePath>
      <ModuleTime>2020-10-19T18:23:10Z</ModuleTime>
      <ModuleName>System.Memory</ModuleName>
      <Classes />
    </Module>
    <Module skippedDueTo="Filter" hash="82-B8-D6-5A-61-CF-34-B6-60-8F-3C-1C-D9-2C-6F-86-7B-68-64-AE">
      <ModulePath>c:\program files\dotnet\shared\Microsoft.NETCore.App\3.1.10\System.Threading.dll</ModulePath>
      <ModuleTime>2020-10-19T18:23:06Z</ModuleTime>
      <ModuleName>System.Threading</ModuleName>
      <Classes />
    </Module>
    <Module skippedDueTo="Filter" hash="BD-25-66-E8-82-5F-2D-2F-5A-72-FB-D8-5A-06-D5-CF-C3-F4-0E-AF">
      <ModulePath>c:\program files\dotnet\shared\Microsoft.NETCore.App\3.1.10\System.Text.Encoding.CodePages.dll</ModulePath>
      <ModuleTime>2020-10-19T18:23:06Z</ModuleTime>
      <ModuleName>System.Text.Encoding.CodePages</ModuleName>
      <Classes />
    </Module>
    <Module skippedDueTo="Filter" hash="37-BA-20-C6-4A-63-6E-F7-8E-BD-1E-0F-36-D6-8C-5A-5E-79-38-14">
      <ModulePath>c:\program files\dotnet\shared\Microsoft.NETCore.App\3.1.10\System.Collections.dll</ModulePath>
      <ModuleTime>2020-10-19T18:22:36Z</ModuleTime>
      <ModuleName>System.Collections</ModuleName>
      <Classes />
    </Module>
    <Module skippedDueTo="Filter" hash="C4-AF-17-21-F7-89-66-F7-16-6B-96-49-7A-FC-E4-51-7D-45-E2-D9">
      <ModulePath>c:\program files\dotnet\shared\Microsoft.NETCore.App\3.1.10\System.Collections.Concurrent.dll</ModulePath>
      <ModuleTime>2020-10-19T18:22:38Z</ModuleTime>
      <ModuleName>System.Collections.Concurrent</ModuleName>
      <Classes />
    </Module>
    <Module skippedDueTo="Filter" hash="8A-08-48-31-A0-A1-45-6D-E3-16-A5-78-11-40-43-BB-66-78-40-4D">
      <ModulePath>c:\program files\dotnet\shared\Microsoft.NETCore.App\3.1.10\System.Threading.Thread.dll</ModulePath>
      <ModuleTime>2020-10-19T18:22:40Z</ModuleTime>
      <ModuleName>System.Threading.Thread</ModuleName>
      <Classes />
    </Module>
    <Module skippedDueTo="MissingPdb" hash="D0-46-D8-53-F0-29-D4-68-3A-51-1B-32-9E-1A-56-B1-59-C3-12-D9">
      <ModulePath>c:\program files\dotnet\sdk\3.1.404\Microsoft.DotNet.Configurer.dll</ModulePath>
      <ModuleTime>2020-10-22T01:42:58Z</ModuleTime>
      <ModuleName>Microsoft.DotNet.Configurer</ModuleName>
      <Classes />
    </Module>
    <Module skippedDueTo="MissingPdb" hash="03-4E-E7-B6-6B-4F-C0-81-C5-1E-58-0E-B3-36-FB-39-C8-48-35-01">
      <ModulePath>c:\program files\dotnet\sdk\3.1.404\Microsoft.DotNet.Cli.CommandLine.dll</ModulePath>
      <ModuleTime>2020-10-22T01:42:56Z</ModuleTime>
      <ModuleName>Microsoft.DotNet.Cli.CommandLine</ModuleName>
      <Classes />
    </Module>
    <Module skippedDueTo="Filter" hash="CA-E0-6F-BE-DF-CF-91-61-85-DE-32-8A-1A-61-C1-B3-9B-71-83-32">
      <ModulePath>c:\program files\dotnet\shared\Microsoft.NETCore.App\3.1.10\System.Diagnostics.Process.dll</ModulePath>
      <ModuleTime>2020-10-19T18:23:06Z</ModuleTime>
      <ModuleName>System.Diagnostics.Process</ModuleName>
      <Classes />
    </Module>
    <Module skippedDueTo="MissingPdb" hash="56-69-DC-0C-C0-16-85-91-31-8A-28-E2-5F-50-3D-E6-9A-69-E2-03">
      <ModulePath>c:\program files\dotnet\sdk\3.1.404\Microsoft.DotNet.InternalAbstractions.dll</ModulePath>
      <ModuleTime>2020-10-22T01:42:56Z</ModuleTime>
      <ModuleName>Microsoft.DotNet.InternalAbstractions</ModuleName>
      <Classes />
    </Module>
    <Module skippedDueTo="Filter" hash="1A-3A-A4-9D-C4-E9-95-A7-A5-02-F5-AD-75-E1-03-FF-BE-83-44-12">
      <ModulePath>c:\program files\dotnet\shared\Microsoft.NETCore.App\3.1.10\System.Linq.dll</ModulePath>
      <ModuleTime>2020-10-19T18:23:08Z</ModuleTime>
      <ModuleName>System.Linq</ModuleName>
      <Classes />
    </Module>
    <Module skippedDueTo="MissingPdb" hash="A0-32-F7-69-97-50-A1-AC-0A-0B-06-95-C9-3E-D1-2F-8E-DD-31-7E">
      <ModulePath>c:\program files\dotnet\sdk\3.1.404\NuGet.Frameworks.dll</ModulePath>
      <ModuleTime>2020-10-22T01:43:02Z</ModuleTime>
      <ModuleName>NuGet.Frameworks</ModuleName>
      <Classes />
    </Module>
    <Module skippedDueTo="Filter" hash="CB-85-DE-FB-96-3E-20-14-0E-0C-B4-0B-EB-BA-C1-AB-F5-53-3D-83">
      <ModulePath>c:\program files\dotnet\shared\Microsoft.NETCore.App\3.1.10\System.Console.dll</ModulePath>
      <ModuleTime>2020-10-19T18:22:38Z</ModuleTime>
      <ModuleName>System.Console</ModuleName>
      <Classes />
    </Module>
    <Module skippedDueTo="Filter" hash="12-D8-4D-52-F5-0A-5E-E4-67-74-E1-49-6E-70-6F-81-B0-12-9E-B1">
      <ModulePath>c:\program files\dotnet\shared\Microsoft.NETCore.App\3.1.10\System.Text.Encoding.Extensions.dll</ModulePath>
      <ModuleTime>2020-10-19T18:23:04Z</ModuleTime>
      <ModuleName>System.Text.Encoding.Extensions</ModuleName>
      <Classes />
    </Module>
    <Module skippedDueTo="Filter" hash="79-C8-72-50-12-37-3B-A1-D2-15-E3-17-7C-72-D1-66-D7-CE-8D-6A">
      <ModulePath>c:\program files\dotnet\shared\Microsoft.NETCore.App\3.1.10\System.Runtime.CompilerServices.Unsafe.dll</ModulePath>
      <ModuleTime>2020-10-19T18:22:58Z</ModuleTime>
      <ModuleName>System.Runtime.CompilerServices.Unsafe</ModuleName>
      <Classes />
    </Module>
    <Module skippedDueTo="MissingPdb" hash="72-55-4F-98-CF-41-18-E3-20-C9-56-83-A7-3D-67-BE-AA-1E-7F-F2">
      <ModulePath>c:\program files\dotnet\sdk\3.1.404\Microsoft.ApplicationInsights.dll</ModulePath>
      <ModuleTime>2020-10-22T01:42:56Z</ModuleTime>
      <ModuleName>Microsoft.ApplicationInsights</ModuleName>
      <Classes />
    </Module>
    <Module skippedDueTo="Filter" hash="59-04-4E-0D-7E-6E-EA-4D-72-40-76-49-D2-7E-CC-5F-42-DF-64-97">
      <ModulePath>c:\program files\dotnet\shared\Microsoft.NETCore.App\3.1.10\System.Security.Cryptography.Algorithms.dll</ModulePath>
      <ModuleTime>2020-10-19T18:23:04Z</ModuleTime>
      <ModuleName>System.Security.Cryptography.Algorithms</ModuleName>
      <Classes />
    </Module>
    <Module skippedDueTo="Filter" hash="F6-52-07-73-D8-55-54-3A-31-54-54-67-C5-02-59-AF-9E-C1-CE-48">
      <ModulePath>c:\program files\dotnet\shared\Microsoft.NETCore.App\3.1.10\System.Buffers.dll</ModulePath>
      <ModuleTime>2020-10-19T18:23:02Z</ModuleTime>
      <ModuleName>System.Buffers</ModuleName>
      <Classes />
    </Module>
    <Module skippedDueTo="Filter" hash="1C-FC-78-50-0F-11-08-35-03-53-6D-15-C0-BD-2A-5B-24-78-82-6F">
      <ModulePath>c:\program files\dotnet\shared\Microsoft.NETCore.App\3.1.10\System.Private.Uri.dll</ModulePath>
      <ModuleTime>2020-10-19T18:22:56Z</ModuleTime>
      <ModuleName>System.Private.Uri</ModuleName>
      <Classes />
    </Module>
    <Module skippedDueTo="Filter" hash="33-93-24-B7-CE-F8-5F-8B-39-90-DC-9F-64-13-AA-44-60-A7-57-60">
      <ModulePath>c:\program files\dotnet\shared\Microsoft.NETCore.App\3.1.10\System.Security.Cryptography.Primitives.dll</ModulePath>
      <ModuleTime>2020-10-19T18:23:02Z</ModuleTime>
      <ModuleName>System.Security.Cryptography.Primitives</ModuleName>
      <Classes />
    </Module>
    <Module skippedDueTo="Filter" hash="7A-1A-7A-CC-DD-D4-BE-67-B3-47-A6-AB-A4-38-DD-0F-FD-0F-95-0D">
      <ModulePath>c:\program files\dotnet\shared\Microsoft.NETCore.App\3.1.10\System.Reflection.Extensions.dll</ModulePath>
      <ModuleTime>2020-10-19T18:22:32Z</ModuleTime>
      <ModuleName>System.Reflection.Extensions</ModuleName>
      <Classes />
    </Module>
    <Module skippedDueTo="MissingPdb" hash="A2-7B-B3-87-E8-EE-73-AC-60-81-10-61-5C-E0-0B-6B-7A-4A-D0-0C">
      <ModulePath>c:\program files\dotnet\sdk\3.1.404\Microsoft.TemplateEngine.Cli.dll</ModulePath>
      <ModuleTime>2020-10-22T01:43:00Z</ModuleTime>
      <ModuleName>Microsoft.TemplateEngine.Cli</ModuleName>
      <Classes />
    </Module>
    <Module skippedDueTo="Filter" hash="23-49-E6-89-56-87-96-35-03-12-C7-33-C6-3E-3A-D8-63-D0-BD-F0">
      <ModulePath>c:\program files\dotnet\shared\Microsoft.NETCore.App\3.1.10\System.Reflection.dll</ModulePath>
      <ModuleTime>2020-10-19T18:22:58Z</ModuleTime>
      <ModuleName>System.Reflection</ModuleName>
      <Classes />
    </Module>
    <Module skippedDueTo="Filter" hash="96-EC-21-D7-21-1F-AD-16-AA-BF-0D-4A-34-19-1B-A0-AF-7A-EE-50">
      <ModulePath>c:\program files\dotnet\shared\Microsoft.NETCore.App\3.1.10\System.Xml.XDocument.dll</ModulePath>
      <ModuleTime>2020-10-19T18:22:38Z</ModuleTime>
      <ModuleName>System.Xml.XDocument</ModuleName>
      <Classes />
    </Module>
    <Module skippedDueTo="Filter" hash="D6-30-0A-8E-93-E5-0A-10-D7-7F-F1-3A-29-3C-F2-74-86-BB-FB-E4">
      <ModulePath>c:\program files\dotnet\shared\Microsoft.NETCore.App\3.1.10\System.Resources.ResourceManager.dll</ModulePath>
      <ModuleTime>2020-10-19T18:22:56Z</ModuleTime>
      <ModuleName>System.Resources.ResourceManager</ModuleName>
      <Classes />
    </Module>
    <Module skippedDueTo="Filter" hash="92-52-C8-D4-85-8B-DB-36-14-9F-8B-E4-37-A0-40-C0-6B-47-9B-F8">
      <ModulePath>c:\program files\dotnet\shared\Microsoft.NETCore.App\3.1.10\System.Private.Xml.Linq.dll</ModulePath>
      <ModuleTime>2020-10-19T18:22:56Z</ModuleTime>
      <ModuleName>System.Private.Xml.Linq</ModuleName>
      <Classes />
    </Module>
    <Module skippedDueTo="Filter" hash="02-7E-B4-47-B8-77-8D-A6-1E-B8-CE-F0-AC-82-CB-29-78-E3-27-A4">
      <ModulePath>c:\program files\dotnet\shared\Microsoft.NETCore.App\3.1.10\System.Private.Xml.dll</ModulePath>
      <ModuleTime>2020-10-19T18:22:56Z</ModuleTime>
      <ModuleName>System.Private.Xml</ModuleName>
      <Classes />
    </Module>
    <Module skippedDueTo="Filter" hash="CB-A5-AC-8D-7C-92-30-87-74-B0-EA-66-27-35-52-E8-F8-EF-20-22">
      <ModulePath>c:\program files\dotnet\shared\Microsoft.NETCore.App\3.1.10\System.Text.RegularExpressions.dll</ModulePath>
      <ModuleTime>2020-10-19T18:23:08Z</ModuleTime>
      <ModuleName>System.Text.RegularExpressions</ModuleName>
      <Classes />
    </Module>
    <Module skippedDueTo="Filter" hash="8A-E6-E5-E6-A7-53-B9-C3-4E-D3-5F-5A-B7-04-24-AA-71-ED-32-EF">
      <ModulePath>c:\program files\dotnet\shared\Microsoft.NETCore.App\3.1.10\System.Xml.ReaderWriter.dll</ModulePath>
      <ModuleTime>2020-10-19T18:22:38Z</ModuleTime>
      <ModuleName>System.Xml.ReaderWriter</ModuleName>
      <Classes />
    </Module>
    <Module skippedDueTo="Filter" hash="4B-21-E4-CE-36-EC-84-FD-BA-09-F4-B3-61-80-FF-63-F0-43-E0-3E">
      <ModulePath>c:\program files\dotnet\shared\Microsoft.NETCore.App\3.1.10\System.Diagnostics.Tracing.dll</ModulePath>
      <ModuleTime>2020-10-19T18:23:04Z</ModuleTime>
      <ModuleName>System.Diagnostics.Tracing</ModuleName>
      <Classes />
    </Module>
    <Module skippedDueTo="Filter" hash="D1-BE-F4-4C-15-21-2E-C1-93-53-C4-8D-3B-73-5F-59-CB-AD-7E-95">
      <ModulePath>c:\program files\dotnet\shared\Microsoft.NETCore.App\3.1.10\System.Threading.Tasks.dll</ModulePath>
      <ModuleTime>2020-10-19T18:23:06Z</ModuleTime>
      <ModuleName>System.Threading.Tasks</ModuleName>
      <Classes />
    </Module>
    <Module skippedDueTo="Filter" hash="A8-F9-09-3F-1B-31-93-32-04-17-2E-56-10-E2-EC-D6-95-8A-80-52">
      <ModulePath>c:\program files\dotnet\shared\Microsoft.NETCore.App\3.1.10\System.Globalization.dll</ModulePath>
      <ModuleTime>2020-10-19T18:23:06Z</ModuleTime>
      <ModuleName>System.Globalization</ModuleName>
      <Classes />
    </Module>
    <Module skippedDueTo="Filter" hash="A8-83-97-52-BE-D8-09-82-55-9E-71-09-3B-AD-E8-3C-3C-F2-D5-1E">
      <ModulePath>c:\program files\dotnet\shared\Microsoft.NETCore.App\3.1.10\System.Reflection.Emit.ILGeneration.dll</ModulePath>
      <ModuleTime>2020-10-19T18:22:58Z</ModuleTime>
      <ModuleName>System.Reflection.Emit.ILGeneration</ModuleName>
      <Classes />
    </Module>
    <Module skippedDueTo="Filter" hash="60-0F-C6-47-FF-94-37-88-89-01-D5-13-C9-B0-70-1B-65-C2-10-6C">
      <ModulePath>c:\program files\dotnet\shared\Microsoft.NETCore.App\3.1.10\System.Reflection.Emit.Lightweight.dll</ModulePath>
      <ModuleTime>2020-10-19T18:22:32Z</ModuleTime>
      <ModuleName>System.Reflection.Emit.Lightweight</ModuleName>
      <Classes />
    </Module>
    <Module skippedDueTo="Filter" hash="CB-68-50-5B-02-B4-0C-42-CF-DC-FF-C6-DE-44-EC-ED-1D-3C-61-C2">
      <ModulePath>c:\program files\dotnet\shared\Microsoft.NETCore.App\3.1.10\System.Reflection.Primitives.dll</ModulePath>
      <ModuleTime>2020-10-19T18:22:32Z</ModuleTime>
      <ModuleName>System.Reflection.Primitives</ModuleName>
      <Classes />
    </Module>
    <Module skippedDueTo="MissingPdb" hash="60-E8-36-52-9E-3A-27-48-EA-D4-17-11-26-9F-22-7C-3C-7C-27-0B">
      <ModulePath>c:\program files\dotnet\sdk\3.1.404\Microsoft.TemplateEngine.Utils.dll</ModulePath>
      <ModuleTime>2020-10-22T01:43:40Z</ModuleTime>
      <ModuleName>Microsoft.TemplateEngine.Utils</ModuleName>
      <Classes />
    </Module>
    <Module skippedDueTo="MissingPdb" hash="34-72-D5-FD-11-04-28-AF-87-E7-21-34-EA-70-97-11-4B-49-90-82">
      <ModulePath>c:\program files\dotnet\shared\Microsoft.NETCore.App\3.1.10\Microsoft.Win32.Registry.dll</ModulePath>
      <ModuleTime>2020-10-19T18:23:02Z</ModuleTime>
      <ModuleName>Microsoft.Win32.Registry</ModuleName>
      <Classes />
    </Module>
    <Module skippedDueTo="MissingPdb" hash="9A-7E-2C-EF-99-EA-36-5E-50-72-CA-19-D6-CD-8D-BD-C4-6C-D7-C2">
      <ModulePath>c:\program files\dotnet\sdk\3.1.404\fr\dotnet.resources.dll</ModulePath>
      <ModuleTime>2020-10-21T02:05:58Z</ModuleTime>
      <ModuleName>dotnet.resources</ModuleName>
      <Classes />
    </Module>
    <Module skippedDueTo="Filter" hash="9C-BE-13-A2-19-87-C5-42-D4-D5-49-2E-79-6C-28-0F-C9-48-12-EA">
      <ModulePath>c:\program files\dotnet\shared\Microsoft.NETCore.App\3.1.10\System.Diagnostics.Tools.dll</ModulePath>
      <ModuleTime>2020-10-19T18:22:38Z</ModuleTime>
      <ModuleName>System.Diagnostics.Tools</ModuleName>
      <Classes />
    </Module>
    <Module skippedDueTo="Filter" hash="11-E6-5B-32-43-B5-89-66-AB-C5-65-04-8A-A9-3D-85-90-54-F7-72">
      <ModulePath>c:\program files\dotnet\shared\Microsoft.NETCore.App\3.1.10\System.Diagnostics.Debug.dll</ModulePath>
      <ModuleTime>2020-10-19T18:23:02Z</ModuleTime>
      <ModuleName>System.Diagnostics.Debug</ModuleName>
      <Classes />
    </Module>
    <Module skippedDueTo="Filter" hash="5B-D6-12-65-64-5B-4B-C8-3C-24-43-1D-26-4D-EE-7F-57-46-5E-EC">
      <ModulePath>c:\program files\dotnet\shared\Microsoft.NETCore.App\3.1.10\System.IO.dll</ModulePath>
      <ModuleTime>2020-10-19T18:23:08Z</ModuleTime>
      <ModuleName>System.IO</ModuleName>
      <Classes />
    </Module>
    <Module skippedDueTo="Filter" hash="F9-59-40-82-D6-76-55-19-FB-76-6E-80-9E-0C-48-9C-DE-9C-98-08">
      <ModulePath>c:\program files\dotnet\shared\Microsoft.NETCore.App\3.1.10\System.Text.Encoding.dll</ModulePath>
      <ModuleTime>2020-10-19T18:23:04Z</ModuleTime>
      <ModuleName>System.Text.Encoding</ModuleName>
      <Classes />
    </Module>
    <Module skippedDueTo="Filter" hash="E6-00-CF-E7-BC-63-7E-F0-67-0C-32-36-A8-5A-1B-1F-0E-1A-D3-D5">
      <ModulePath>c:\program files\dotnet\shared\Microsoft.NETCore.App\3.1.10\System.IO.Compression.dll</ModulePath>
      <ModuleTime>2020-10-19T18:23:06Z</ModuleTime>
      <ModuleName>System.IO.Compression</ModuleName>
      <Classes />
    </Module>
    <Module skippedDueTo="MissingPdb" hash="69-D4-39-70-A5-D4-E9-59-33-23-DE-DB-A8-31-35-ED-77-5D-6D-36">
      <ModulePath>c:\program files\dotnet\sdk\3.1.404\Microsoft.Build.Framework.dll</ModulePath>
      <ModuleTime>2020-10-22T01:44:02Z</ModuleTime>
      <ModuleName>Microsoft.Build.Framework</ModuleName>
      <Classes />
    </Module>
    <Module skippedDueTo="Filter" hash="AD-C3-26-B8-0D-6F-B6-D6-A4-99-5A-C0-BA-16-0F-E9-47-23-69-03">
      <ModulePath>c:\program files\dotnet\shared\Microsoft.NETCore.App\3.1.10\System.ComponentModel.Primitives.dll</ModulePath>
      <ModuleTime>2020-10-19T18:23:02Z</ModuleTime>
      <ModuleName>System.ComponentModel.Primitives</ModuleName>
      <Classes />
    </Module>
    <Module skippedDueTo="Filter" hash="BE-CC-6A-8E-2C-E2-78-C3-CB-7E-9F-DF-A1-5E-39-E7-57-1F-78-C2">
      <ModulePath>c:\program files\dotnet\shared\Microsoft.NETCore.App\3.1.10\System.Collections.NonGeneric.dll</ModulePath>
      <ModuleTime>2020-10-19T18:23:02Z</ModuleTime>
      <ModuleName>System.Collections.NonGeneric</ModuleName>
      <Classes />
    </Module>
    <Module skippedDueTo="MissingPdb" hash="B0-D9-CC-D6-B9-FB-47-F7-18-A3-6C-DF-84-19-F5-69-16-31-87-99">
      <ModulePath>c:\program files\dotnet\shared\Microsoft.NETCore.App\3.1.10\Microsoft.Win32.Primitives.dll</ModulePath>
      <ModuleTime>2020-10-19T18:22:36Z</ModuleTime>
      <ModuleName>Microsoft.Win32.Primitives</ModuleName>
      <Classes />
    </Module>
    <Module skippedDueTo="Filter" hash="5B-53-CD-25-3B-6B-21-21-CC-2F-1B-73-10-FA-83-03-96-4B-05-65">
      <ModulePath>c:\program files\dotnet\shared\Microsoft.NETCore.App\3.1.10\System.Net.Http.dll</ModulePath>
      <ModuleTime>2020-10-19T18:22:40Z</ModuleTime>
      <ModuleName>System.Net.Http</ModuleName>
      <Classes />
    </Module>
    <Module skippedDueTo="Filter" hash="27-3B-AD-A8-D4-63-31-A7-52-64-4B-7A-2A-E3-22-BE-8D-42-5A-5F">
      <ModulePath>c:\program files\dotnet\shared\Microsoft.NETCore.App\3.1.10\System.Net.Primitives.dll</ModulePath>
      <ModuleTime>2020-10-19T18:22:54Z</ModuleTime>
      <ModuleName>System.Net.Primitives</ModuleName>
      <Classes />
    </Module>
    <Module skippedDueTo="Filter" hash="F9-B6-AF-5F-90-F0-23-F4-ED-7D-2F-B4-0C-43-DF-C7-11-B8-A7-9C">
      <ModulePath>c:\program files\dotnet\shared\Microsoft.NETCore.App\3.1.10\System.Net.Security.dll</ModulePath>
      <ModuleTime>2020-10-19T18:22:56Z</ModuleTime>
      <ModuleName>System.Net.Security</ModuleName>
      <Classes />
    </Module>
    <Module skippedDueTo="Filter" hash="A8-29-86-32-63-C1-C4-80-E5-1F-75-AD-85-4B-33-BB-23-2B-61-19">
      <ModulePath>c:\program files\dotnet\shared\Microsoft.NETCore.App\3.1.10\System.Security.Cryptography.X509Certificates.dll</ModulePath>
      <ModuleTime>2020-10-19T18:23:04Z</ModuleTime>
      <ModuleName>System.Security.Cryptography.X509Certificates</ModuleName>
      <Classes />
    </Module>
    <Module skippedDueTo="Filter" hash="12-69-33-A7-F1-C5-21-E9-9E-EA-59-DD-FB-B9-71-19-A1-B4-63-66">
      <ModulePath>c:\program files\dotnet\shared\Microsoft.NETCore.App\3.1.10\System.Private.CoreLib.dll</ModulePath>
      <ModuleTime>2020-10-16T18:18:00Z</ModuleTime>
      <ModuleName>System.Private.CoreLib</ModuleName>
      <Classes />
    </Module>
    <Module skippedDueTo="MissingPdb" hash="7E-B9-0D-A2-39-9D-0A-20-0C-20-DE-4C-15-37-B9-20-D1-B9-3B-06">
      <ModulePath>c:\program files\dotnet\sdk\3.1.404\MSBuild.dll</ModulePath>
      <ModuleTime>2020-10-22T01:43:24Z</ModuleTime>
      <ModuleName>MSBuild</ModuleName>
      <Classes />
    </Module>
    <Module skippedDueTo="Filter" hash="1A-9E-0C-C2-20-42-56-0E-12-E8-DA-9A-9D-14-37-FF-52-03-95-1E">
      <ModulePath>c:\program files\dotnet\shared\Microsoft.NETCore.App\3.1.10\System.Runtime.dll</ModulePath>
      <ModuleTime>2020-10-19T18:22:58Z</ModuleTime>
      <ModuleName>System.Runtime</ModuleName>
      <Classes />
    </Module>
    <Module skippedDueTo="Filter" hash="DA-2A-97-F6-AB-CF-3F-37-3F-F0-8A-C0-85-32-54-89-9F-F6-53-E0">
      <ModulePath>c:\program files\dotnet\shared\Microsoft.NETCore.App\3.1.10\System.Runtime.Extensions.dll</ModulePath>
      <ModuleTime>2020-10-19T18:23:00Z</ModuleTime>
      <ModuleName>System.Runtime.Extensions</ModuleName>
      <Classes />
    </Module>
    <Module skippedDueTo="Filter" hash="82-B8-D6-5A-61-CF-34-B6-60-8F-3C-1C-D9-2C-6F-86-7B-68-64-AE">
      <ModulePath>c:\program files\dotnet\shared\Microsoft.NETCore.App\3.1.10\System.Threading.dll</ModulePath>
      <ModuleTime>2020-10-19T18:23:06Z</ModuleTime>
      <ModuleName>System.Threading</ModuleName>
      <Classes />
    </Module>
    <Module skippedDueTo="Filter" hash="D1-BE-F4-4C-15-21-2E-C1-93-53-C4-8D-3B-73-5F-59-CB-AD-7E-95">
      <ModulePath>c:\program files\dotnet\shared\Microsoft.NETCore.App\3.1.10\System.Threading.Tasks.dll</ModulePath>
      <ModuleTime>2020-10-19T18:23:06Z</ModuleTime>
      <ModuleName>System.Threading.Tasks</ModuleName>
      <Classes />
    </Module>
    <Module skippedDueTo="MissingPdb" hash="69-D4-39-70-A5-D4-E9-59-33-23-DE-DB-A8-31-35-ED-77-5D-6D-36">
      <ModulePath>c:\program files\dotnet\sdk\3.1.404\Microsoft.Build.Framework.dll</ModulePath>
      <ModuleTime>2020-10-22T01:44:02Z</ModuleTime>
      <ModuleName>Microsoft.Build.Framework</ModuleName>
      <Classes />
    </Module>
    <Module skippedDueTo="MissingPdb" hash="7B-7B-96-4B-CE-03-CB-B8-DA-28-EA-FB-D8-B1-DD-7F-28-46-70-11">
      <ModulePath>c:\program files\dotnet\shared\Microsoft.NETCore.App\3.1.10\netstandard.dll</ModulePath>
      <ModuleTime>2020-10-19T18:22:36Z</ModuleTime>
      <ModuleName>netstandard</ModuleName>
      <Classes />
    </Module>
    <Module skippedDueTo="Filter" hash="4C-C4-67-53-83-52-AB-2A-9B-31-4A-CA-A0-13-F3-3B-EB-A5-34-4A">
      <ModulePath>c:\program files\dotnet\shared\Microsoft.NETCore.App\3.1.10\System.Runtime.InteropServices.RuntimeInformation.dll</ModulePath>
      <ModuleTime>2020-10-19T18:23:00Z</ModuleTime>
      <ModuleName>System.Runtime.InteropServices.RuntimeInformation</ModuleName>
      <Classes />
    </Module>
    <Module skippedDueTo="Filter" hash="CA-E0-6F-BE-DF-CF-91-61-85-DE-32-8A-1A-61-C1-B3-9B-71-83-32">
      <ModulePath>c:\program files\dotnet\shared\Microsoft.NETCore.App\3.1.10\System.Diagnostics.Process.dll</ModulePath>
      <ModuleTime>2020-10-19T18:23:06Z</ModuleTime>
      <ModuleName>System.Diagnostics.Process</ModuleName>
      <Classes />
    </Module>
    <Module skippedDueTo="Filter" hash="AD-C3-26-B8-0D-6F-B6-D6-A4-99-5A-C0-BA-16-0F-E9-47-23-69-03">
      <ModulePath>c:\program files\dotnet\shared\Microsoft.NETCore.App\3.1.10\System.ComponentModel.Primitives.dll</ModulePath>
      <ModuleTime>2020-10-19T18:23:02Z</ModuleTime>
      <ModuleName>System.ComponentModel.Primitives</ModuleName>
      <Classes />
    </Module>
    <Module skippedDueTo="Filter" hash="1A-3A-A4-9D-C4-E9-95-A7-A5-02-F5-AD-75-E1-03-FF-BE-83-44-12">
      <ModulePath>c:\program files\dotnet\shared\Microsoft.NETCore.App\3.1.10\System.Linq.dll</ModulePath>
      <ModuleTime>2020-10-19T18:23:08Z</ModuleTime>
      <ModuleName>System.Linq</ModuleName>
      <Classes />
    </Module>
    <Module skippedDueTo="Filter" hash="CB-A5-AC-8D-7C-92-30-87-74-B0-EA-66-27-35-52-E8-F8-EF-20-22">
      <ModulePath>c:\program files\dotnet\shared\Microsoft.NETCore.App\3.1.10\System.Text.RegularExpressions.dll</ModulePath>
      <ModuleTime>2020-10-19T18:23:08Z</ModuleTime>
      <ModuleName>System.Text.RegularExpressions</ModuleName>
      <Classes />
    </Module>
    <Module skippedDueTo="Filter" hash="37-BA-20-C6-4A-63-6E-F7-8E-BD-1E-0F-36-D6-8C-5A-5E-79-38-14">
      <ModulePath>c:\program files\dotnet\shared\Microsoft.NETCore.App\3.1.10\System.Collections.dll</ModulePath>
      <ModuleTime>2020-10-19T18:22:36Z</ModuleTime>
      <ModuleName>System.Collections</ModuleName>
      <Classes />
    </Module>
    <Module skippedDueTo="Filter" hash="BF-F2-24-A2-EF-50-46-81-1A-E7-41-3D-3E-2D-06-76-06-7A-09-DD">
      <ModulePath>c:\program files\dotnet\shared\Microsoft.NETCore.App\3.1.10\System.Memory.dll</ModulePath>
      <ModuleTime>2020-10-19T18:23:10Z</ModuleTime>
      <ModuleName>System.Memory</ModuleName>
      <Classes />
    </Module>
    <Module skippedDueTo="Filter" hash="F6-52-07-73-D8-55-54-3A-31-54-54-67-C5-02-59-AF-9E-C1-CE-48">
      <ModulePath>c:\program files\dotnet\shared\Microsoft.NETCore.App\3.1.10\System.Buffers.dll</ModulePath>
      <ModuleTime>2020-10-19T18:23:02Z</ModuleTime>
      <ModuleName>System.Buffers</ModuleName>
      <Classes />
    </Module>
    <Module skippedDueTo="Filter" hash="A4-47-4D-5B-7D-B1-B1-30-92-13-31-F4-97-39-B9-18-8C-D2-25-90">
      <ModulePath>c:\program files\dotnet\shared\Microsoft.NETCore.App\3.1.10\System.IO.FileSystem.dll</ModulePath>
      <ModuleTime>2020-10-19T18:22:40Z</ModuleTime>
      <ModuleName>System.IO.FileSystem</ModuleName>
      <Classes />
    </Module>
    <Module skippedDueTo="Filter" hash="F2-7C-26-2D-CB-F7-47-72-A0-D9-BA-C2-E8-05-FE-46-55-8D-5A-E5">
      <ModulePath>c:\program files\dotnet\shared\Microsoft.NETCore.App\3.1.10\System.Runtime.InteropServices.dll</ModulePath>
      <ModuleTime>2020-10-19T18:23:00Z</ModuleTime>
      <ModuleName>System.Runtime.InteropServices</ModuleName>
      <Classes />
    </Module>
    <Module skippedDueTo="Filter" hash="CB-85-DE-FB-96-3E-20-14-0E-0C-B4-0B-EB-BA-C1-AB-F5-53-3D-83">
      <ModulePath>c:\program files\dotnet\shared\Microsoft.NETCore.App\3.1.10\System.Console.dll</ModulePath>
      <ModuleTime>2020-10-19T18:22:38Z</ModuleTime>
      <ModuleName>System.Console</ModuleName>
      <Classes />
    </Module>
    <Module skippedDueTo="MissingPdb" hash="10-2C-DD-83-D9-CF-03-80-E2-EE-50-C9-8B-B6-48-E0-65-D9-50-09">
      <ModulePath>c:\program files\dotnet\sdk\3.1.404\Microsoft.Build.dll</ModulePath>
      <ModuleTime>2020-10-22T01:44:42Z</ModuleTime>
      <ModuleName>Microsoft.Build</ModuleName>
      <Classes />
    </Module>
    <Module skippedDueTo="Filter" hash="11-E6-5B-32-43-B5-89-66-AB-C5-65-04-8A-A9-3D-85-90-54-F7-72">
      <ModulePath>c:\program files\dotnet\shared\Microsoft.NETCore.App\3.1.10\System.Diagnostics.Debug.dll</ModulePath>
      <ModuleTime>2020-10-19T18:23:02Z</ModuleTime>
      <ModuleName>System.Diagnostics.Debug</ModuleName>
      <Classes />
    </Module>
    <Module skippedDueTo="Filter" hash="4B-21-E4-CE-36-EC-84-FD-BA-09-F4-B3-61-80-FF-63-F0-43-E0-3E">
      <ModulePath>c:\program files\dotnet\shared\Microsoft.NETCore.App\3.1.10\System.Diagnostics.Tracing.dll</ModulePath>
      <ModuleTime>2020-10-19T18:23:04Z</ModuleTime>
      <ModuleName>System.Diagnostics.Tracing</ModuleName>
      <Classes />
    </Module>
    <Module skippedDueTo="Filter" hash="BD-25-66-E8-82-5F-2D-2F-5A-72-FB-D8-5A-06-D5-CF-C3-F4-0E-AF">
      <ModulePath>c:\program files\dotnet\shared\Microsoft.NETCore.App\3.1.10\System.Text.Encoding.CodePages.dll</ModulePath>
      <ModuleTime>2020-10-19T18:23:06Z</ModuleTime>
      <ModuleName>System.Text.Encoding.CodePages</ModuleName>
      <Classes />
    </Module>
    <Module skippedDueTo="Filter" hash="C4-AF-17-21-F7-89-66-F7-16-6B-96-49-7A-FC-E4-51-7D-45-E2-D9">
      <ModulePath>c:\program files\dotnet\shared\Microsoft.NETCore.App\3.1.10\System.Collections.Concurrent.dll</ModulePath>
      <ModuleTime>2020-10-19T18:22:38Z</ModuleTime>
      <ModuleName>System.Collections.Concurrent</ModuleName>
      <Classes />
    </Module>
    <Module skippedDueTo="Filter" hash="3F-F5-6E-CE-86-1B-17-9D-17-56-8E-5B-FB-58-05-3C-D3-54-6D-D8">
      <ModulePath>c:\program files\dotnet\shared\Microsoft.NETCore.App\3.1.10\System.Runtime.Loader.dll</ModulePath>
      <ModuleTime>2020-10-19T18:23:02Z</ModuleTime>
      <ModuleName>System.Runtime.Loader</ModuleName>
      <Classes />
    </Module>
    <Module skippedDueTo="MissingPdb" hash="35-00-39-2B-99-C6-57-9F-66-D4-09-95-D9-39-B9-C7-F6-5D-BF-79">
      <ModulePath>c:\program files\dotnet\sdk\3.1.404\dotnet.dll</ModulePath>
      <ModuleTime>2020-10-22T01:42:52Z</ModuleTime>
      <ModuleName>dotnet</ModuleName>
      <Classes />
    </Module>
    <Module skippedDueTo="Filter" hash="F4-8F-FF-D7-34-F7-0F-B4-66-54-7C-C6-95-F5-89-C4-8F-FB-93-A7">
      <ModulePath>c:\program files\dotnet\shared\Microsoft.NETCore.App\3.1.10\System.Collections.Immutable.dll</ModulePath>
      <ModuleTime>2020-10-19T18:23:02Z</ModuleTime>
      <ModuleName>System.Collections.Immutable</ModuleName>
      <Classes />
    </Module>
    <Module skippedDueTo="MissingPdb" hash="D0-46-D8-53-F0-29-D4-68-3A-51-1B-32-9E-1A-56-B1-59-C3-12-D9">
      <ModulePath>c:\program files\dotnet\sdk\3.1.404\Microsoft.DotNet.Configurer.dll</ModulePath>
      <ModuleTime>2020-10-22T01:42:58Z</ModuleTime>
      <ModuleName>Microsoft.DotNet.Configurer</ModuleName>
      <Classes />
    </Module>
    <Module skippedDueTo="MissingPdb" hash="56-69-DC-0C-C0-16-85-91-31-8A-28-E2-5F-50-3D-E6-9A-69-E2-03">
      <ModulePath>c:\program files\dotnet\sdk\3.1.404\Microsoft.DotNet.InternalAbstractions.dll</ModulePath>
      <ModuleTime>2020-10-22T01:42:56Z</ModuleTime>
      <ModuleName>Microsoft.DotNet.InternalAbstractions</ModuleName>
      <Classes />
    </Module>
    <Module skippedDueTo="MissingPdb" hash="5E-7F-84-DF-AE-0B-BB-B0-FF-50-C8-52-43-EC-D4-2D-82-96-DE-5B">
      <ModulePath>c:\program files\dotnet\sdk\3.1.404\Microsoft.DotNet.Cli.Utils.dll</ModulePath>
      <ModuleTime>2020-10-22T01:42:56Z</ModuleTime>
      <ModuleName>Microsoft.DotNet.Cli.Utils</ModuleName>
      <Classes />
    </Module>
    <Module skippedDueTo="Filter" hash="12-D8-4D-52-F5-0A-5E-E4-67-74-E1-49-6E-70-6F-81-B0-12-9E-B1">
      <ModulePath>c:\program files\dotnet\shared\Microsoft.NETCore.App\3.1.10\System.Text.Encoding.Extensions.dll</ModulePath>
      <ModuleTime>2020-10-19T18:23:04Z</ModuleTime>
      <ModuleName>System.Text.Encoding.Extensions</ModuleName>
      <Classes />
    </Module>
    <Module skippedDueTo="MissingPdb" hash="72-55-4F-98-CF-41-18-E3-20-C9-56-83-A7-3D-67-BE-AA-1E-7F-F2">
      <ModulePath>c:\program files\dotnet\sdk\3.1.404\Microsoft.ApplicationInsights.dll</ModulePath>
      <ModuleTime>2020-10-22T01:42:56Z</ModuleTime>
      <ModuleName>Microsoft.ApplicationInsights</ModuleName>
      <Classes />
    </Module>
    <Module skippedDueTo="MissingPdb" hash="F3-36-9A-6C-7B-F3-D1-57-78-30-9E-0C-DA-D9-A5-16-66-B6-53-DB">
      <ModulePath>c:\program files\dotnet\sdk\3.1.404\Microsoft.DotNet.PlatformAbstractions.dll</ModulePath>
      <ModuleTime>2020-10-22T01:42:58Z</ModuleTime>
      <ModuleName>Microsoft.DotNet.PlatformAbstractions</ModuleName>
      <Classes />
    </Module>
    <Module skippedDueTo="Filter" hash="79-C8-72-50-12-37-3B-A1-D2-15-E3-17-7C-72-D1-66-D7-CE-8D-6A">
      <ModulePath>c:\program files\dotnet\shared\Microsoft.NETCore.App\3.1.10\System.Runtime.CompilerServices.Unsafe.dll</ModulePath>
      <ModuleTime>2020-10-19T18:22:58Z</ModuleTime>
      <ModuleName>System.Runtime.CompilerServices.Unsafe</ModuleName>
      <Classes />
    </Module>
    <Module skippedDueTo="Filter" hash="1C-FC-78-50-0F-11-08-35-03-53-6D-15-C0-BD-2A-5B-24-78-82-6F">
      <ModulePath>c:\program files\dotnet\shared\Microsoft.NETCore.App\3.1.10\System.Private.Uri.dll</ModulePath>
      <ModuleTime>2020-10-19T18:22:56Z</ModuleTime>
      <ModuleName>System.Private.Uri</ModuleName>
      <Classes />
    </Module>
    <Module skippedDueTo="Filter" hash="7A-1A-7A-CC-DD-D4-BE-67-B3-47-A6-AB-A4-38-DD-0F-FD-0F-95-0D">
      <ModulePath>c:\program files\dotnet\shared\Microsoft.NETCore.App\3.1.10\System.Reflection.Extensions.dll</ModulePath>
      <ModuleTime>2020-10-19T18:22:32Z</ModuleTime>
      <ModuleName>System.Reflection.Extensions</ModuleName>
      <Classes />
    </Module>
    <Module skippedDueTo="Filter" hash="23-49-E6-89-56-87-96-35-03-12-C7-33-C6-3E-3A-D8-63-D0-BD-F0">
      <ModulePath>c:\program files\dotnet\shared\Microsoft.NETCore.App\3.1.10\System.Reflection.dll</ModulePath>
      <ModuleTime>2020-10-19T18:22:58Z</ModuleTime>
      <ModuleName>System.Reflection</ModuleName>
      <Classes />
    </Module>
    <Module skippedDueTo="Filter" hash="96-EC-21-D7-21-1F-AD-16-AA-BF-0D-4A-34-19-1B-A0-AF-7A-EE-50">
      <ModulePath>c:\program files\dotnet\shared\Microsoft.NETCore.App\3.1.10\System.Xml.XDocument.dll</ModulePath>
      <ModuleTime>2020-10-19T18:22:38Z</ModuleTime>
      <ModuleName>System.Xml.XDocument</ModuleName>
      <Classes />
    </Module>
    <Module skippedDueTo="Filter" hash="92-52-C8-D4-85-8B-DB-36-14-9F-8B-E4-37-A0-40-C0-6B-47-9B-F8">
      <ModulePath>c:\program files\dotnet\shared\Microsoft.NETCore.App\3.1.10\System.Private.Xml.Linq.dll</ModulePath>
      <ModuleTime>2020-10-19T18:22:56Z</ModuleTime>
      <ModuleName>System.Private.Xml.Linq</ModuleName>
      <Classes />
    </Module>
    <Module skippedDueTo="Filter" hash="8A-08-48-31-A0-A1-45-6D-E3-16-A5-78-11-40-43-BB-66-78-40-4D">
      <ModulePath>c:\program files\dotnet\shared\Microsoft.NETCore.App\3.1.10\System.Threading.Thread.dll</ModulePath>
      <ModuleTime>2020-10-19T18:22:40Z</ModuleTime>
      <ModuleName>System.Threading.Thread</ModuleName>
      <Classes />
    </Module>
    <Module skippedDueTo="Filter" hash="02-7E-B4-47-B8-77-8D-A6-1E-B8-CE-F0-AC-82-CB-29-78-E3-27-A4">
      <ModulePath>c:\program files\dotnet\shared\Microsoft.NETCore.App\3.1.10\System.Private.Xml.dll</ModulePath>
      <ModuleTime>2020-10-19T18:22:56Z</ModuleTime>
      <ModuleName>System.Private.Xml</ModuleName>
      <Classes />
    </Module>
    <Module skippedDueTo="Filter" hash="8A-E6-E5-E6-A7-53-B9-C3-4E-D3-5F-5A-B7-04-24-AA-71-ED-32-EF">
      <ModulePath>c:\program files\dotnet\shared\Microsoft.NETCore.App\3.1.10\System.Xml.ReaderWriter.dll</ModulePath>
      <ModuleTime>2020-10-19T18:22:38Z</ModuleTime>
      <ModuleName>System.Xml.ReaderWriter</ModuleName>
      <Classes />
    </Module>
    <Module skippedDueTo="Filter" hash="A8-F9-09-3F-1B-31-93-32-04-17-2E-56-10-E2-EC-D6-95-8A-80-52">
      <ModulePath>c:\program files\dotnet\shared\Microsoft.NETCore.App\3.1.10\System.Globalization.dll</ModulePath>
      <ModuleTime>2020-10-19T18:23:06Z</ModuleTime>
      <ModuleName>System.Globalization</ModuleName>
      <Classes />
    </Module>
    <Module skippedDueTo="Filter" hash="BE-CC-6A-8E-2C-E2-78-C3-CB-7E-9F-DF-A1-5E-39-E7-57-1F-78-C2">
      <ModulePath>c:\program files\dotnet\shared\Microsoft.NETCore.App\3.1.10\System.Collections.NonGeneric.dll</ModulePath>
      <ModuleTime>2020-10-19T18:23:02Z</ModuleTime>
      <ModuleName>System.Collections.NonGeneric</ModuleName>
      <Classes />
    </Module>
    <Module skippedDueTo="MissingPdb" hash="B0-D9-CC-D6-B9-FB-47-F7-18-A3-6C-DF-84-19-F5-69-16-31-87-99">
      <ModulePath>c:\program files\dotnet\shared\Microsoft.NETCore.App\3.1.10\Microsoft.Win32.Primitives.dll</ModulePath>
      <ModuleTime>2020-10-19T18:22:36Z</ModuleTime>
      <ModuleName>Microsoft.Win32.Primitives</ModuleName>
      <Classes />
    </Module>
    <Module skippedDueTo="Filter" hash="D6-30-0A-8E-93-E5-0A-10-D7-7F-F1-3A-29-3C-F2-74-86-BB-FB-E4">
      <ModulePath>c:\program files\dotnet\shared\Microsoft.NETCore.App\3.1.10\System.Resources.ResourceManager.dll</ModulePath>
      <ModuleTime>2020-10-19T18:22:56Z</ModuleTime>
      <ModuleName>System.Resources.ResourceManager</ModuleName>
      <Classes />
    </Module>
    <Module skippedDueTo="MissingPdb" hash="9C-40-B8-8D-F4-B1-38-48-F4-41-B2-1E-B8-0A-B2-CD-E5-FF-80-62">
      <ModulePath>c:\program files\dotnet\sdk\3.1.404\fr\MSBuild.resources.dll</ModulePath>
      <ModuleTime>2020-10-21T19:51:30Z</ModuleTime>
      <ModuleName>MSBuild.resources</ModuleName>
      <Classes />
    </Module>
    <Module skippedDueTo="Filter" hash="56-46-EA-DE-69-79-33-62-3E-1B-90-E2-34-13-4C-EB-C2-51-C1-0D">
      <ModulePath>c:\program files\dotnet\shared\Microsoft.NETCore.App\3.1.10\System.Threading.Tasks.Dataflow.dll</ModulePath>
      <ModuleTime>2020-10-19T18:23:08Z</ModuleTime>
      <ModuleName>System.Threading.Tasks.Dataflow</ModuleName>
      <Classes />
    </Module>
    <Module skippedDueTo="Filter" hash="59-04-4E-0D-7E-6E-EA-4D-72-40-76-49-D2-7E-CC-5F-42-DF-64-97">
      <ModulePath>c:\program files\dotnet\shared\Microsoft.NETCore.App\3.1.10\System.Security.Cryptography.Algorithms.dll</ModulePath>
      <ModuleTime>2020-10-19T18:23:04Z</ModuleTime>
      <ModuleName>System.Security.Cryptography.Algorithms</ModuleName>
      <Classes />
    </Module>
    <Module skippedDueTo="Filter" hash="33-93-24-B7-CE-F8-5F-8B-39-90-DC-9F-64-13-AA-44-60-A7-57-60">
      <ModulePath>c:\program files\dotnet\shared\Microsoft.NETCore.App\3.1.10\System.Security.Cryptography.Primitives.dll</ModulePath>
      <ModuleTime>2020-10-19T18:23:02Z</ModuleTime>
      <ModuleName>System.Security.Cryptography.Primitives</ModuleName>
      <Classes />
    </Module>
    <Module skippedDueTo="MissingPdb" hash="34-72-D5-FD-11-04-28-AF-87-E7-21-34-EA-70-97-11-4B-49-90-82">
      <ModulePath>c:\program files\dotnet\shared\Microsoft.NETCore.App\3.1.10\Microsoft.Win32.Registry.dll</ModulePath>
      <ModuleTime>2020-10-19T18:23:02Z</ModuleTime>
      <ModuleName>Microsoft.Win32.Registry</ModuleName>
      <Classes />
    </Module>
    <Module skippedDueTo="MissingPdb" hash="E6-BF-84-DD-07-D7-38-74-05-43-37-56-0D-99-B8-A4-C6-DC-F0-67">
      <ModulePath>c:\program files\dotnet\sdk\3.1.404\fr\Microsoft.Build.resources.dll</ModulePath>
      <ModuleTime>2020-10-21T19:51:08Z</ModuleTime>
      <ModuleName>Microsoft.Build.resources</ModuleName>
      <Classes />
    </Module>
    <Module skippedDueTo="Filter" hash="98-DC-99-B3-10-6C-E2-3A-5F-0E-7F-C3-CE-BB-E6-75-27-68-DC-A1">
      <ModulePath>c:\program files\dotnet\shared\Microsoft.NETCore.App\3.1.10\System.ObjectModel.dll</ModulePath>
      <ModuleTime>2020-10-19T18:22:54Z</ModuleTime>
      <ModuleName>System.ObjectModel</ModuleName>
      <Classes />
    </Module>
    <Module skippedDueTo="Filter" hash="A5-68-66-DA-35-1C-41-3E-5F-80-9A-E1-F7-75-82-2D-2B-42-FD-31">
      <ModulePath>c:\program files\dotnet\shared\Microsoft.NETCore.App\3.1.10\System.Diagnostics.TraceSource.dll</ModulePath>
      <ModuleTime>2020-10-19T18:22:40Z</ModuleTime>
      <ModuleName>System.Diagnostics.TraceSource</ModuleName>
      <Classes />
    </Module>
    <Module skippedDueTo="MissingPdb" hash="5E-5B-04-D2-C1-36-57-89-B9-04-DC-3C-B2-EA-92-76-7E-55-E4-53">
      <ModulePath>c:\program files\dotnet\sdk\3.1.404\Microsoft.Build.NuGetSdkResolver.dll</ModulePath>
      <ModuleTime>2020-10-22T01:43:40Z</ModuleTime>
      <ModuleName>Microsoft.Build.NuGetSdkResolver</ModuleName>
      <Classes />
    </Module>
    <Module skippedDueTo="Filter" hash="08-E1-72-C4-0D-61-9D-57-21-7A-CA-E9-30-41-44-DC-C7-35-1A-DB">
      <ModulePath>c:\program files\dotnet\shared\Microsoft.NETCore.App\3.1.10\System.Diagnostics.FileVersionInfo.dll</ModulePath>
      <ModuleTime>2020-10-19T18:23:04Z</ModuleTime>
      <ModuleName>System.Diagnostics.FileVersionInfo</ModuleName>
      <Classes />
    </Module>
    <Module skippedDueTo="Filter" hash="4B-23-84-89-08-86-A4-D7-CF-92-79-69-E1-EC-3F-7A-25-67-51-45">
      <ModulePath>c:\program files\dotnet\shared\Microsoft.NETCore.App\3.1.10\System.Threading.Tasks.Parallel.dll</ModulePath>
      <ModuleTime>2020-10-19T18:23:06Z</ModuleTime>
      <ModuleName>System.Threading.Tasks.Parallel</ModuleName>
      <Classes />
    </Module>
    <Module skippedDueTo="Filter" hash="91-E6-6F-4F-7A-AC-E8-34-A4-D0-97-C5-A3-CA-FB-29-61-B5-3A-A1">
      <ModulePath>c:\program files\dotnet\shared\Microsoft.NETCore.App\3.1.10\System.ComponentModel.dll</ModulePath>
      <ModuleTime>2020-10-19T18:22:38Z</ModuleTime>
      <ModuleName>System.ComponentModel</ModuleName>
      <Classes />
    </Module>
    <Module skippedDueTo="MissingPdb" hash="EB-1C-E9-8C-FB-55-6B-0A-EE-D3-C2-4D-25-45-98-4F-9F-A5-79-94">
      <ModulePath>c:\program files\dotnet\sdk\3.1.404\Microsoft.Build.Utilities.Core.dll</ModulePath>
      <ModuleTime>2020-10-22T01:44:04Z</ModuleTime>
      <ModuleName>Microsoft.Build.Utilities.Core</ModuleName>
      <Classes />
    </Module>
    <Module skippedDueTo="Filter" hash="A8-83-97-52-BE-D8-09-82-55-9E-71-09-3B-AD-E8-3C-3C-F2-D5-1E">
      <ModulePath>c:\program files\dotnet\shared\Microsoft.NETCore.App\3.1.10\System.Reflection.Emit.ILGeneration.dll</ModulePath>
      <ModuleTime>2020-10-19T18:22:58Z</ModuleTime>
      <ModuleName>System.Reflection.Emit.ILGeneration</ModuleName>
      <Classes />
    </Module>
    <Module skippedDueTo="Filter" hash="60-0F-C6-47-FF-94-37-88-89-01-D5-13-C9-B0-70-1B-65-C2-10-6C">
      <ModulePath>c:\program files\dotnet\shared\Microsoft.NETCore.App\3.1.10\System.Reflection.Emit.Lightweight.dll</ModulePath>
      <ModuleTime>2020-10-19T18:22:32Z</ModuleTime>
      <ModuleName>System.Reflection.Emit.Lightweight</ModuleName>
      <Classes />
    </Module>
    <Module skippedDueTo="Filter" hash="CB-68-50-5B-02-B4-0C-42-CF-DC-FF-C6-DE-44-EC-ED-1D-3C-61-C2">
      <ModulePath>c:\program files\dotnet\shared\Microsoft.NETCore.App\3.1.10\System.Reflection.Primitives.dll</ModulePath>
      <ModuleTime>2020-10-19T18:22:32Z</ModuleTime>
      <ModuleName>System.Reflection.Primitives</ModuleName>
      <Classes />
    </Module>
    <Module skippedDueTo="MissingPdb" hash="06-FF-B6-EF-F2-43-1F-C9-07-DD-E8-B0-CB-5A-81-9D-4D-95-CE-D7">
      <ModulePath>c:\program files\dotnet\sdk\3.1.404\Microsoft.Build.Tasks.Core.dll</ModulePath>
      <ModuleTime>2020-10-22T01:44:22Z</ModuleTime>
      <ModuleName>Microsoft.Build.Tasks.Core</ModuleName>
      <Classes />
    </Module>
    <Module skippedDueTo="Filter" hash="1F-84-A1-2F-9E-59-B3-7D-64-DD-CD-55-57-95-80-F2-E3-F8-EE-94">
      <ModulePath>c:\program files\dotnet\shared\Microsoft.NETCore.App\3.1.10\System.Threading.ThreadPool.dll</ModulePath>
      <ModuleTime>2020-10-19T18:22:36Z</ModuleTime>
      <ModuleName>System.Threading.ThreadPool</ModuleName>
      <Classes />
    </Module>
    <Module skippedDueTo="MissingPdb" hash="D2-53-B7-F4-B1-51-48-DD-0B-99-4C-3F-CC-D3-EF-FA-97-08-02-4A">
      <ModulePath>c:\program files\dotnet\sdk\3.1.404\NuGet.Build.Tasks.dll</ModulePath>
      <ModuleTime>2020-10-22T01:43:02Z</ModuleTime>
      <ModuleName>NuGet.Build.Tasks</ModuleName>
      <Classes />
    </Module>
    <Module skippedDueTo="MissingPdb" hash="8E-A7-E3-2C-96-48-0C-A7-3D-01-06-03-E3-78-4E-B4-90-3B-28-44">
      <ModulePath>c:\program files\dotnet\sdk\3.1.404\NuGet.Common.dll</ModulePath>
      <ModuleTime>2020-10-22T01:43:02Z</ModuleTime>
      <ModuleName>NuGet.Common</ModuleName>
      <Classes />
    </Module>
    <Module skippedDueTo="MissingPdb" hash="E4-74-20-17-4F-9A-B5-70-AF-2B-35-66-44-5F-FB-04-23-E1-5D-3C">
      <ModulePath>c:\program files\dotnet\sdk\3.1.404\NuGet.Commands.dll</ModulePath>
      <ModuleTime>2020-10-22T01:43:02Z</ModuleTime>
      <ModuleName>NuGet.Commands</ModuleName>
      <Classes />
    </Module>
    <Module skippedDueTo="MissingPdb" hash="C2-F0-41-A1-58-74-80-0E-97-C5-5D-37-0F-F8-4D-29-8C-04-EE-93">
      <ModulePath>c:\program files\dotnet\sdk\3.1.404\NuGet.ProjectModel.dll</ModulePath>
      <ModuleTime>2020-10-22T01:43:04Z</ModuleTime>
      <ModuleName>NuGet.ProjectModel</ModuleName>
      <Classes />
    </Module>
    <Module skippedDueTo="MissingPdb" hash="43-C5-C6-24-B7-5F-5F-16-42-F7-AE-E2-FE-F1-C9-40-5B-9D-2C-9B">
      <ModulePath>c:\program files\dotnet\sdk\3.1.404\fr\NuGet.Build.Tasks.resources.dll</ModulePath>
      <ModuleTime>2020-07-08T00:16:38Z</ModuleTime>
      <ModuleName>NuGet.Build.Tasks.resources</ModuleName>
      <Classes />
    </Module>
    <Module skippedDueTo="MissingPdb" hash="47-0D-28-84-C5-06-0C-AA-EF-6B-28-88-82-2B-D6-AC-49-74-DF-86">
      <ModulePath>c:\program files\dotnet\sdk\3.1.404\Sdks\Microsoft.NET.Sdk\tools\netcoreapp2.1\Microsoft.NET.Build.Tasks.dll</ModulePath>
      <ModuleTime>2020-10-22T01:43:04Z</ModuleTime>
      <ModuleName>Microsoft.NET.Build.Tasks</ModuleName>
      <Classes />
    </Module>
    <Module skippedDueTo="MissingPdb" hash="A0-32-F7-69-97-50-A1-AC-0A-0B-06-95-C9-3E-D1-2F-8E-DD-31-7E">
      <ModulePath>c:\program files\dotnet\sdk\3.1.404\NuGet.Frameworks.dll</ModulePath>
      <ModuleTime>2020-10-22T01:43:02Z</ModuleTime>
      <ModuleName>NuGet.Frameworks</ModuleName>
      <Classes />
    </Module>
    <Module skippedDueTo="MissingPdb" hash="0B-A9-17-FB-FD-44-3F-70-74-9D-DA-1F-CA-78-82-5A-C7-C5-EE-83">
      <ModulePath>c:\program files\dotnet\sdk\3.1.404\NuGet.Packaging.dll</ModulePath>
      <ModuleTime>2020-10-22T01:43:02Z</ModuleTime>
      <ModuleName>NuGet.Packaging</ModuleName>
      <Classes />
    </Module>
    <Module skippedDueTo="MissingPdb" hash="10-AC-67-2B-B0-ED-E6-A0-4B-D5-8D-8A-99-95-B0-0F-A7-67-23-CA">
      <ModulePath>c:\program files\dotnet\sdk\3.1.404\Newtonsoft.Json.dll</ModulePath>
      <ModuleTime>2020-10-22T01:42:58Z</ModuleTime>
      <ModuleName>Newtonsoft.Json</ModuleName>
      <Classes />
    </Module>
    <Module skippedDueTo="Filter" hash="17-40-DF-08-0B-F8-67-82-95-56-59-7F-02-ED-7B-77-95-C3-38-68">
      <ModulePath>c:\program files\dotnet\shared\Microsoft.NETCore.App\3.1.10\System.Linq.Expressions.dll</ModulePath>
      <ModuleTime>2020-10-19T18:23:10Z</ModuleTime>
      <ModuleName>System.Linq.Expressions</ModuleName>
      <Classes />
    </Module>
    <Module skippedDueTo="Filter" hash="AA-D6-01-D4-57-88-77-6C-FE-61-80-A9-2B-E7-90-AB-2E-F1-5C-4E">
      <ModulePath>c:\program files\dotnet\shared\Microsoft.NETCore.App\3.1.10\System.ComponentModel.TypeConverter.dll</ModulePath>
      <ModuleTime>2020-10-19T18:23:04Z</ModuleTime>
      <ModuleName>System.ComponentModel.TypeConverter</ModuleName>
      <Classes />
    </Module>
    <Module skippedDueTo="Filter" hash="B0-D9-E1-0C-9B-FE-2F-97-FA-8C-25-36-83-4C-64-FB-82-5F-63-DF">
      <ModulePath>c:\program files\dotnet\shared\Microsoft.NETCore.App\3.1.10\System.Runtime.Numerics.dll</ModulePath>
      <ModuleTime>2020-10-19T18:23:02Z</ModuleTime>
      <ModuleName>System.Runtime.Numerics</ModuleName>
      <Classes />
    </Module>
    <Module skippedDueTo="MissingPdb" hash="BD-24-BC-46-C6-E1-11-73-A6-BA-8A-3D-A9-2B-C8-66-57-D6-9D-C9">
      <ModulePath>c:\program files\dotnet\sdk\3.1.404\NuGet.Configuration.dll</ModulePath>
      <ModuleTime>2020-10-22T01:43:02Z</ModuleTime>
      <ModuleName>NuGet.Configuration</ModuleName>
      <Classes />
    </Module>
    <Module skippedDueTo="Filter" hash="A8-29-86-32-63-C1-C4-80-E5-1F-75-AD-85-4B-33-BB-23-2B-61-19">
      <ModulePath>c:\program files\dotnet\shared\Microsoft.NETCore.App\3.1.10\System.Security.Cryptography.X509Certificates.dll</ModulePath>
      <ModuleTime>2020-10-19T18:23:04Z</ModuleTime>
      <ModuleName>System.Security.Cryptography.X509Certificates</ModuleName>
      <Classes />
    </Module>
    <Module skippedDueTo="MissingPdb" hash="61-01-00-89-04-F2-DA-88-57-12-A6-2E-79-0A-E2-A5-EA-E3-04-04">
      <ModulePath>c:\program files\dotnet\sdk\3.1.404\NuGet.Versioning.dll</ModulePath>
      <ModuleTime>2020-10-22T01:43:04Z</ModuleTime>
      <ModuleName>NuGet.Versioning</ModuleName>
      <Classes />
    </Module>
    <Module skippedDueTo="MissingPdb" hash="A0-32-F7-69-97-50-A1-AC-0A-0B-06-95-C9-3E-D1-2F-8E-DD-31-7E">
      <ModulePath>c:\program files\dotnet\sdk\3.1.404\NuGet.Frameworks.dll</ModulePath>
      <ModuleTime>2020-10-22T01:43:02Z</ModuleTime>
      <ModuleName>NuGet.Frameworks</ModuleName>
      <Classes />
    </Module>
    <Module skippedDueTo="MissingPdb" hash="0B-A9-17-FB-FD-44-3F-70-74-9D-DA-1F-CA-78-82-5A-C7-C5-EE-83">
      <ModulePath>c:\program files\dotnet\sdk\3.1.404\NuGet.Packaging.dll</ModulePath>
      <ModuleTime>2020-10-22T01:43:02Z</ModuleTime>
      <ModuleName>NuGet.Packaging</ModuleName>
      <Classes />
    </Module>
    <Module skippedDueTo="MissingPdb" hash="D7-F2-5A-F2-FE-96-43-47-41-93-99-06-38-19-78-6E-A3-21-D2-93">
      <ModulePath>c:\program files\dotnet\sdk\3.1.404\NuGet.LibraryModel.dll</ModulePath>
      <ModuleTime>2020-10-22T01:43:02Z</ModuleTime>
      <ModuleName>NuGet.LibraryModel</ModuleName>
      <Classes />
    </Module>
    <Module skippedDueTo="MissingPdb" hash="D8-61-6E-5B-22-F3-E6-3C-9F-17-4D-B6-45-7B-F6-46-B8-EC-61-5A">
      <ModulePath>c:\program files\dotnet\sdk\3.1.404\NuGet.Protocol.dll</ModulePath>
      <ModuleTime>2020-10-22T01:43:00Z</ModuleTime>
      <ModuleName>NuGet.Protocol</ModuleName>
      <Classes />
    </Module>
    <Module skippedDueTo="MissingPdb" hash="4B-D2-E1-80-2C-03-55-AD-8E-E7-37-73-31-25-9C-15-12-8E-63-18">
      <ModulePath>c:\program files\dotnet\sdk\3.1.404\NuGet.Credentials.dll</ModulePath>
      <ModuleTime>2020-10-22T01:43:00Z</ModuleTime>
      <ModuleName>NuGet.Credentials</ModuleName>
      <Classes />
    </Module>
    <Module skippedDueTo="MissingPdb" hash="69-50-C8-50-F9-F0-42-79-38-15-BE-E5-31-25-9C-02-52-79-A0-8A">
      <ModulePath>c:\program files\dotnet\sdk\3.1.404\NuGet.DependencyResolver.Core.dll</ModulePath>
      <ModuleTime>2020-10-22T01:43:02Z</ModuleTime>
      <ModuleName>NuGet.DependencyResolver.Core</ModuleName>
      <Classes />
    </Module>
    <Module skippedDueTo="MissingPdb" hash="EB-E3-5A-E0-EA-A0-43-E3-EF-73-61-32-4C-C0-F7-16-F8-6F-C0-36">
      <ModulePath>c:\program files\dotnet\sdk\3.1.404\fr\NuGet.Commands.resources.dll</ModulePath>
      <ModuleTime>2020-07-08T00:16:34Z</ModuleTime>
      <ModuleName>NuGet.Commands.resources</ModuleName>
      <Classes />
    </Module>
    <Module skippedDueTo="Filter" hash="42-0C-F2-19-6F-03-0C-63-56-A8-86-C1-65-C9-39-7A-38-0E-47-AD">
      <ModulePath>c:\program files\dotnet\shared\Microsoft.NETCore.App\3.1.10\System.Runtime.Serialization.Primitives.dll</ModulePath>
      <ModuleTime>2020-10-19T18:23:02Z</ModuleTime>
      <ModuleName>System.Runtime.Serialization.Primitives</ModuleName>
      <Classes />
    </Module>
    <Module skippedDueTo="MissingPdb" hash="5B-A7-AD-82-B0-6C-8B-6B-44-60-1B-1F-B2-EC-50-70-A4-85-EC-37">
      <ModulePath>c:\program files\dotnet\sdk\3.1.404\Microsoft.TestPlatform.Build.dll</ModulePath>
      <ModuleTime>2020-10-22T01:42:58Z</ModuleTime>
      <ModuleName>Microsoft.TestPlatform.Build</ModuleName>
      <Classes />
    </Module>
    <Module skippedDueTo="MissingPdb" hash="3B-74-CA-69-DE-60-F4-DB-78-65-48-C4-4F-4F-2E-E9-25-E3-9C-9D">
      <ModulePath>c:\program files\dotnet\sdk\3.1.404\fr\Microsoft.TestPlatform.Build.resources.dll</ModulePath>
      <ModuleTime>2020-07-03T08:19:32Z</ModuleTime>
      <ModuleName>Microsoft.TestPlatform.Build.resources</ModuleName>
      <Classes />
    </Module>
    <Module skippedDueTo="Filter" hash="9C-BE-13-A2-19-87-C5-42-D4-D5-49-2E-79-6C-28-0F-C9-48-12-EA">
      <ModulePath>c:\program files\dotnet\shared\Microsoft.NETCore.App\3.1.10\System.Diagnostics.Tools.dll</ModulePath>
      <ModuleTime>2020-10-19T18:22:38Z</ModuleTime>
      <ModuleName>System.Diagnostics.Tools</ModuleName>
      <Classes />
    </Module>
    <Module skippedDueTo="Filter" hash="5B-D6-12-65-64-5B-4B-C8-3C-24-43-1D-26-4D-EE-7F-57-46-5E-EC">
      <ModulePath>c:\program files\dotnet\shared\Microsoft.NETCore.App\3.1.10\System.IO.dll</ModulePath>
      <ModuleTime>2020-10-19T18:23:08Z</ModuleTime>
      <ModuleName>System.IO</ModuleName>
      <Classes />
    </Module>
    <Module skippedDueTo="Filter" hash="F9-59-40-82-D6-76-55-19-FB-76-6E-80-9E-0C-48-9C-DE-9C-98-08">
      <ModulePath>c:\program files\dotnet\shared\Microsoft.NETCore.App\3.1.10\System.Text.Encoding.dll</ModulePath>
      <ModuleTime>2020-10-19T18:23:04Z</ModuleTime>
      <ModuleName>System.Text.Encoding</ModuleName>
      <Classes />
    </Module>
    <Module skippedDueTo="Filter" hash="E6-00-CF-E7-BC-63-7E-F0-67-0C-32-36-A8-5A-1B-1F-0E-1A-D3-D5">
      <ModulePath>c:\program files\dotnet\shared\Microsoft.NETCore.App\3.1.10\System.IO.Compression.dll</ModulePath>
      <ModuleTime>2020-10-19T18:23:06Z</ModuleTime>
      <ModuleName>System.IO.Compression</ModuleName>
      <Classes />
    </Module>
    <Module skippedDueTo="MissingPdb" hash="C2-F0-41-A1-58-74-80-0E-97-C5-5D-37-0F-F8-4D-29-8C-04-EE-93">
      <ModulePath>c:\program files\dotnet\sdk\3.1.404\NuGet.ProjectModel.dll</ModulePath>
      <ModuleTime>2020-10-22T01:43:04Z</ModuleTime>
      <ModuleName>NuGet.ProjectModel</ModuleName>
      <Classes />
    </Module>
    <Module skippedDueTo="MissingPdb" hash="8E-A7-E3-2C-96-48-0C-A7-3D-01-06-03-E3-78-4E-B4-90-3B-28-44">
      <ModulePath>c:\program files\dotnet\sdk\3.1.404\NuGet.Common.dll</ModulePath>
      <ModuleTime>2020-10-22T01:43:02Z</ModuleTime>
      <ModuleName>NuGet.Common</ModuleName>
      <Classes />
    </Module>
    <Module skippedDueTo="Filter" hash="5B-53-CD-25-3B-6B-21-21-CC-2F-1B-73-10-FA-83-03-96-4B-05-65">
      <ModulePath>c:\program files\dotnet\shared\Microsoft.NETCore.App\3.1.10\System.Net.Http.dll</ModulePath>
      <ModuleTime>2020-10-19T18:22:40Z</ModuleTime>
      <ModuleName>System.Net.Http</ModuleName>
      <Classes />
    </Module>
    <Module skippedDueTo="Filter" hash="27-3B-AD-A8-D4-63-31-A7-52-64-4B-7A-2A-E3-22-BE-8D-42-5A-5F">
      <ModulePath>c:\program files\dotnet\shared\Microsoft.NETCore.App\3.1.10\System.Net.Primitives.dll</ModulePath>
      <ModuleTime>2020-10-19T18:22:54Z</ModuleTime>
      <ModuleName>System.Net.Primitives</ModuleName>
      <Classes />
    </Module>
    <Module skippedDueTo="MissingPdb" hash="61-01-00-89-04-F2-DA-88-57-12-A6-2E-79-0A-E2-A5-EA-E3-04-04">
      <ModulePath>c:\program files\dotnet\sdk\3.1.404\NuGet.Versioning.dll</ModulePath>
      <ModuleTime>2020-10-22T01:43:04Z</ModuleTime>
      <ModuleName>NuGet.Versioning</ModuleName>
      <Classes />
    </Module>
    <Module skippedDueTo="Filter" hash="F9-B6-AF-5F-90-F0-23-F4-ED-7D-2F-B4-0C-43-DF-C7-11-B8-A7-9C">
      <ModulePath>c:\program files\dotnet\shared\Microsoft.NETCore.App\3.1.10\System.Net.Security.dll</ModulePath>
      <ModuleTime>2020-10-19T18:22:56Z</ModuleTime>
      <ModuleName>System.Net.Security</ModuleName>
      <Classes />
    </Module>
    <Module skippedDueTo="Filter" hash="4F-FD-15-EF-5C-47-4C-01-F4-C9-4F-C0-25-A6-0D-ED-18-E2-51-DB">
      <ModulePath>c:\program files\dotnet\shared\Microsoft.NETCore.App\3.1.10\System.Runtime.Serialization.Formatters.dll</ModulePath>
      <ModuleTime>2020-10-19T18:23:00Z</ModuleTime>
      <ModuleName>System.Runtime.Serialization.Formatters</ModuleName>
      <Classes />
    </Module>
    <Module skippedDueTo="MissingPdb" hash="D7-F2-5A-F2-FE-96-43-47-41-93-99-06-38-19-78-6E-A3-21-D2-93">
      <ModulePath>c:\program files\dotnet\sdk\3.1.404\NuGet.LibraryModel.dll</ModulePath>
      <ModuleTime>2020-10-22T01:43:02Z</ModuleTime>
      <ModuleName>NuGet.LibraryModel</ModuleName>
      <Classes />
    </Module>
    <Module skippedDueTo="MissingPdb" hash="BD-24-BC-46-C6-E1-11-73-A6-BA-8A-3D-A9-2B-C8-66-57-D6-9D-C9">
      <ModulePath>c:\program files\dotnet\sdk\3.1.404\NuGet.Configuration.dll</ModulePath>
      <ModuleTime>2020-10-22T01:43:02Z</ModuleTime>
      <ModuleName>NuGet.Configuration</ModuleName>
      <Classes />
    </Module>
    <Module skippedDueTo="MissingPdb" hash="D9-4A-72-95-DF-A4-22-8E-5A-76-7C-9B-63-76-BB-9B-E0-A3-3D-EE">
      <ModulePath>c:\program files\dotnet\sdk\3.1.404\Sdks\Microsoft.NET.Sdk\tools\netcoreapp2.1\fr\Microsoft.NET.Build.Tasks.resources.dll</ModulePath>
      <ModuleTime>2020-10-15T23:51:48Z</ModuleTime>
      <ModuleName>Microsoft.NET.Build.Tasks.resources</ModuleName>
      <Classes />
    </Module>
    <Module skippedDueTo="Filter" hash="80-8B-83-91-9A-D9-25-6E-AA-5A-16-22-04-CB-03-94-72-E3-FB-43">
      <ModulePath>c:\program files\dotnet\shared\Microsoft.NETCore.App\3.1.10\System.Reflection.Metadata.dll</ModulePath>
      <ModuleTime>2020-10-19T18:22:58Z</ModuleTime>
      <ModuleName>System.Reflection.Metadata</ModuleName>
      <Classes />
    </Module>
    <Module skippedDueTo="Filter" hash="C6-58-41-B0-2E-CC-C2-44-41-16-7D-92-DB-A1-DF-52-7C-2F-9D-3A">
      <ModulePath>c:\program files\dotnet\shared\Microsoft.NETCore.App\3.1.10\System.IO.MemoryMappedFiles.dll</ModulePath>
      <ModuleTime>2020-10-19T18:22:40Z</ModuleTime>
      <ModuleName>System.IO.MemoryMappedFiles</ModuleName>
      <Classes />
    </Module>
    <Module skippedDueTo="MissingPdb" hash="83-0D-6C-11-7F-61-85-48-D2-09-F9-FE-02-12-97-0A-0F-0A-3F-80">
      <ModulePath>c:\program files\dotnet\sdk\3.1.404\fr\Microsoft.Build.Tasks.Core.resources.dll</ModulePath>
      <ModuleTime>2020-10-21T19:51:18Z</ModuleTime>
      <ModuleName>Microsoft.Build.Tasks.Core.resources</ModuleName>
      <Classes />
    </Module>
    <Module skippedDueTo="Filter" hash="AD-89-E7-39-C6-6F-FF-4D-13-39-3A-74-B1-C3-63-F1-CB-A6-4A-ED">
      <ModulePath>c:\program files\dotnet\shared\Microsoft.NETCore.App\3.1.10\mscorlib.dll</ModulePath>
      <ModuleTime>2020-10-19T14:26:54Z</ModuleTime>
      <ModuleName>mscorlib</ModuleName>
      <Classes />
    </Module>
    <Module skippedDueTo="Filter" hash="B9-42-75-04-8A-84-DA-13-6C-36-E2-24-0A-4A-43-2A-48-B6-40-67">
      <ModulePath>c:\program files\dotnet\shared\Microsoft.NETCore.App\3.1.10\System.Net.Requests.dll</ModulePath>
      <ModuleTime>2020-10-19T18:22:58Z</ModuleTime>
      <ModuleName>System.Net.Requests</ModuleName>
      <Classes />
    </Module>
    <Module skippedDueTo="Filter" hash="CF-AB-92-8C-3D-EA-70-B2-1B-7E-14-46-F8-C8-F5-CB-43-11-2C-8F">
      <ModulePath>c:\program files\dotnet\shared\Microsoft.NETCore.App\3.1.10\System.Net.NetworkInformation.dll</ModulePath>
      <ModuleTime>2020-10-19T18:23:10Z</ModuleTime>
      <ModuleName>System.Net.NetworkInformation</ModuleName>
      <Classes />
    </Module>
    <Module skippedDueTo="Filter" hash="C9-F5-39-D9-32-9F-0C-D0-24-DD-08-4D-3F-D2-15-97-78-90-28-19">
      <ModulePath>c:\program files\dotnet\shared\Microsoft.NETCore.App\3.1.10\System.Diagnostics.DiagnosticSource.dll</ModulePath>
      <ModuleTime>2020-10-19T18:22:38Z</ModuleTime>
      <ModuleName>System.Diagnostics.DiagnosticSource</ModuleName>
      <Classes />
    </Module>
    <Module skippedDueTo="MissingPdb" hash="DB-1A-1D-B7-28-46-51-E8-C7-DC-F4-5C-65-72-69-EB-42-11-CA-AF">
      <ModulePath>c:\program files\dotnet\sdk\3.1.404\Roslyn\Microsoft.Build.Tasks.CodeAnalysis.dll</ModulePath>
      <ModuleTime>2020-10-22T01:43:00Z</ModuleTime>
      <ModuleName>Microsoft.Build.Tasks.CodeAnalysis</ModuleName>
      <Classes />
    </Module>
    <Module skippedDueTo="Filter" hash="C3-7F-63-72-50-AB-AC-82-F4-FB-7B-A0-09-EE-DD-11-6B-58-2F-16">
      <ModulePath>c:\program files\dotnet\shared\Microsoft.NETCore.App\3.1.10\System.Threading.Timer.dll</ModulePath>
      <ModuleTime>2020-10-19T18:22:40Z</ModuleTime>
      <ModuleName>System.Threading.Timer</ModuleName>
      <Classes />
    </Module>
    <Module skippedDueTo="Filter" hash="6E-45-16-8E-D9-1E-AE-78-A0-48-82-CE-97-AE-E0-56-EC-7A-2D-3C">
      <ModulePath>c:\program files\dotnet\shared\Microsoft.NETCore.App\3.1.10\System.Security.Principal.Windows.dll</ModulePath>
      <ModuleTime>2020-10-19T18:23:06Z</ModuleTime>
      <ModuleName>System.Security.Principal.Windows</ModuleName>
      <Classes />
    </Module>
    <Module skippedDueTo="Filter" hash="DA-23-52-DF-4D-B3-6F-1F-DB-4D-BB-C4-CD-18-47-C7-A4-73-29-67">
      <ModulePath>c:\program files\dotnet\shared\Microsoft.NETCore.App\3.1.10\System.Security.Claims.dll</ModulePath>
      <ModuleTime>2020-10-19T18:23:02Z</ModuleTime>
      <ModuleName>System.Security.Claims</ModuleName>
      <Classes />
    </Module>
    <Module skippedDueTo="Filter" hash="08-6B-B1-3A-E4-29-7A-D1-5D-65-72-32-7B-89-BC-21-52-CE-4C-71">
      <ModulePath>c:\program files\dotnet\shared\Microsoft.NETCore.App\3.1.10\System.Security.Principal.dll</ModulePath>
      <ModuleTime>2020-10-19T18:23:04Z</ModuleTime>
      <ModuleName>System.Security.Principal</ModuleName>
      <Classes />
    </Module>
    <Module skippedDueTo="Filter" hash="EE-8E-B7-A7-50-64-C9-75-20-E2-9C-FC-7D-62-D6-46-40-95-6F-91">
      <ModulePath>c:\program files\dotnet\shared\Microsoft.NETCore.App\3.1.10\System.Net.Sockets.dll</ModulePath>
      <ModuleTime>2020-10-19T18:22:56Z</ModuleTime>
      <ModuleName>System.Net.Sockets</ModuleName>
      <Classes />
    </Module>
    <Module skippedDueTo="Filter" hash="01-18-3D-23-E4-04-50-BD-EA-9B-E4-AB-22-6C-18-27-78-98-31-F9">
      <ModulePath>c:\program files\dotnet\shared\Microsoft.NETCore.App\3.1.10\System.Threading.Overlapped.dll</ModulePath>
      <ModuleTime>2020-10-19T18:23:08Z</ModuleTime>
      <ModuleName>System.Threading.Overlapped</ModuleName>
      <Classes />
    </Module>
    <Module skippedDueTo="MissingPdb" hash="5D-11-9A-3E-79-9A-73-0D-A1-D9-12-4C-D9-91-76-3E-71-25-1F-13">
      <ModulePath>c:\program files\dotnet\sdk\3.1.404\Roslyn\fr\Microsoft.Build.Tasks.CodeAnalysis.resources.dll</ModulePath>
      <ModuleTime>2020-10-17T06:59:40Z</ModuleTime>
      <ModuleName>Microsoft.Build.Tasks.CodeAnalysis.resources</ModuleName>
      <Classes />
    </Module>
    <Module skippedDueTo="Filter" hash="B5-EA-08-6D-1F-89-74-8D-19-D5-81-F9-5F-7D-2A-4D-CA-91-5C-72">
      <ModulePath>c:\program files\dotnet\shared\Microsoft.NETCore.App\3.1.10\System.Net.NameResolution.dll</ModulePath>
      <ModuleTime>2020-10-19T18:23:10Z</ModuleTime>
      <ModuleName>System.Net.NameResolution</ModuleName>
      <Classes />
    </Module>
    <Module skippedDueTo="Filter" hash="05-FD-26-04-85-1A-99-4F-31-E1-CF-C4-73-79-64-E5-84-DF-1C-FC">
      <ModulePath>c:\program files\dotnet\shared\Microsoft.NETCore.App\3.1.10\System.IO.Pipes.dll</ModulePath>
      <ModuleTime>2020-10-19T18:23:08Z</ModuleTime>
      <ModuleName>System.IO.Pipes</ModuleName>
      <Classes />
    </Module>
    <Module skippedDueTo="Filter" hash="01-18-3D-23-E4-04-50-BD-EA-9B-E4-AB-22-6C-18-27-78-98-31-F9">
      <ModulePath>c:\program files\dotnet\shared\Microsoft.NETCore.App\3.1.10\System.Threading.Overlapped.dll</ModulePath>
      <ModuleTime>2020-10-19T18:23:08Z</ModuleTime>
      <ModuleName>System.Threading.Overlapped</ModuleName>
      <Classes />
    </Module>
    <Module skippedDueTo="Filter" hash="B8-99-5D-01-2F-3D-57-FF-C2-41-3F-9A-22-CD-4D-DF-2D-64-1F-22">
      <ModulePath>c:\program files\dotnet\shared\Microsoft.NETCore.App\3.1.10\System.Security.AccessControl.dll</ModulePath>
      <ModuleTime>2020-10-19T18:23:00Z</ModuleTime>
      <ModuleName>System.Security.AccessControl</ModuleName>
      <Classes />
    </Module>
    <Module skippedDueTo="Filter" hash="6E-45-16-8E-D9-1E-AE-78-A0-48-82-CE-97-AE-E0-56-EC-7A-2D-3C">
      <ModulePath>c:\program files\dotnet\shared\Microsoft.NETCore.App\3.1.10\System.Security.Principal.Windows.dll</ModulePath>
      <ModuleTime>2020-10-19T18:23:06Z</ModuleTime>
      <ModuleName>System.Security.Principal.Windows</ModuleName>
      <Classes />
    </Module>
    <Module skippedDueTo="Filter" hash="DA-23-52-DF-4D-B3-6F-1F-DB-4D-BB-C4-CD-18-47-C7-A4-73-29-67">
      <ModulePath>c:\program files\dotnet\shared\Microsoft.NETCore.App\3.1.10\System.Security.Claims.dll</ModulePath>
      <ModuleTime>2020-10-19T18:23:02Z</ModuleTime>
      <ModuleName>System.Security.Claims</ModuleName>
      <Classes />
    </Module>
    <Module skippedDueTo="Filter" hash="08-6B-B1-3A-E4-29-7A-D1-5D-65-72-32-7B-89-BC-21-52-CE-4C-71">
      <ModulePath>c:\program files\dotnet\shared\Microsoft.NETCore.App\3.1.10\System.Security.Principal.dll</ModulePath>
      <ModuleTime>2020-10-19T18:23:04Z</ModuleTime>
      <ModuleName>System.Security.Principal</ModuleName>
      <Classes />
    </Module>
    <Module skippedDueTo="Filter" hash="1F-84-A1-2F-9E-59-B3-7D-64-DD-CD-55-57-95-80-F2-E3-F8-EE-94">
      <ModulePath>c:\program files\dotnet\shared\Microsoft.NETCore.App\3.1.10\System.Threading.ThreadPool.dll</ModulePath>
      <ModuleTime>2020-10-19T18:22:36Z</ModuleTime>
      <ModuleName>System.Threading.ThreadPool</ModuleName>
      <Classes />
    </Module>
    <Module skippedDueTo="Filter" hash="67-1D-00-9A-1D-4B-FB-84-5E-64-CF-11-D1-62-15-6F-71-53-A9-4B">
      <ModulePath>c:\program files\dotnet\shared\Microsoft.NETCore.App\3.1.10\System.Security.Cryptography.Encoding.dll</ModulePath>
      <ModuleTime>2020-10-19T18:22:34Z</ModuleTime>
      <ModuleName>System.Security.Cryptography.Encoding</ModuleName>
      <Classes />
    </Module>
    <Module skippedDueTo="MissingPdb" hash="0B-41-6F-70-83-05-94-98-4C-1B-F0-15-70-5E-3F-20-8F-61-8C-EF">
      <ModulePath>c:\program files\dotnet\sdk\3.1.404\Microsoft.NET.HostModel.dll</ModulePath>
      <ModuleTime>2020-10-22T01:43:40Z</ModuleTime>
      <ModuleName>Microsoft.NET.HostModel</ModuleName>
      <Classes />
    </Module>
    <Module skippedDueTo="MissingPdb" hash="3C-99-08-41-DB-BD-4A-55-7A-DE-0B-DE-08-EE-30-89-8D-CC-AA-6E">
      <ModulePath>c:\program files\dotnet\sdk\3.1.404\Microsoft.Extensions.DependencyModel.dll</ModulePath>
      <ModuleTime>2020-10-22T01:42:58Z</ModuleTime>
      <ModuleName>Microsoft.Extensions.DependencyModel</ModuleName>
      <Classes />
    </Module>
    <Module skippedDueTo="MissingPdb" hash="F3-36-9A-6C-7B-F3-D1-57-78-30-9E-0C-DA-D9-A5-16-66-B6-53-DB">
      <ModulePath>c:\program files\dotnet\sdk\3.1.404\Microsoft.DotNet.PlatformAbstractions.dll</ModulePath>
      <ModuleTime>2020-10-22T01:42:58Z</ModuleTime>
      <ModuleName>Microsoft.DotNet.PlatformAbstractions</ModuleName>
      <Classes />
    </Module>
    <Module skippedDueTo="Filter" hash="54-FF-2E-3A-B6-3C-08-03-D8-5F-1D-B1-DF-0A-3C-D0-27-82-88-B8">
      <ModulePath>c:\program files\dotnet\shared\Microsoft.NETCore.App\3.1.10\System.Text.Json.dll</ModulePath>
      <ModuleTime>2020-10-19T18:23:04Z</ModuleTime>
      <ModuleName>System.Text.Json</ModuleName>
      <Classes />
    </Module>
    <Module skippedDueTo="Filter" hash="5A-B3-83-B3-C0-FD-5F-7D-D4-E8-4F-20-4D-CB-C9-DA-E0-30-EC-8D">
      <ModulePath>c:\program files\dotnet\shared\Microsoft.NETCore.App\3.1.10\System.Text.Encodings.Web.dll</ModulePath>
      <ModuleTime>2020-10-19T18:23:04Z</ModuleTime>
      <ModuleName>System.Text.Encodings.Web</ModuleName>
      <Classes />
    </Module>
    <Module skippedDueTo="Filter" hash="AD-8A-5D-A6-4F-EB-DB-24-2F-77-06-86-62-57-C6-F8-1E-42-BD-8F">
      <ModulePath>c:\program files\dotnet\shared\Microsoft.NETCore.App\3.1.10\System.Collections.Specialized.dll</ModulePath>
      <ModuleTime>2020-10-19T18:22:38Z</ModuleTime>
      <ModuleName>System.Collections.Specialized</ModuleName>
      <Classes />
    </Module>
    <Module skippedDueTo="Filter" hash="52-3F-1E-85-3B-A0-1C-52-AC-DD-36-1B-47-C7-8D-0F-92-48-85-F0">
      <ModulePath>c:\program files\dotnet\shared\Microsoft.NETCore.App\3.1.10\System.Drawing.Primitives.dll</ModulePath>
      <ModuleTime>2020-10-19T18:23:06Z</ModuleTime>
      <ModuleName>System.Drawing.Primitives</ModuleName>
      <Classes />
    </Module>
    <Module skippedDueTo="Filter" hash="1E-8F-74-78-9E-9C-A1-93-BA-11-27-E0-84-D7-9A-19-ED-A6-D3-A4">
      <ModulePath>c:\program files\dotnet\shared\Microsoft.NETCore.App\3.1.10\System.Data.Common.dll</ModulePath>
      <ModuleTime>2020-10-19T18:23:02Z</ModuleTime>
      <ModuleName>System.Data.Common</ModuleName>
      <Classes />
    </Module>
    <Module skippedDueTo="MissingPdb" hash="">
      <ModulePath>RefEmit_InMemoryManifestModule</ModulePath>
      <ModuleTime>0001-01-01T00:00:00</ModuleTime>
      <ModuleName>Anonymously Hosted DynamicMethods Assembly</ModuleName>
      <Classes />
    </Module>
    <Module skippedDueTo="Filter" hash="12-69-33-A7-F1-C5-21-E9-9E-EA-59-DD-FB-B9-71-19-A1-B4-63-66">
      <ModulePath>c:\program files\dotnet\shared\Microsoft.NETCore.App\3.1.10\System.Private.CoreLib.dll</ModulePath>
      <ModuleTime>2020-10-16T18:18:00Z</ModuleTime>
      <ModuleName>System.Private.CoreLib</ModuleName>
      <Classes />
    </Module>
    <Module skippedDueTo="MissingPdb" hash="5D-25-11-77-AE-0A-D6-01-38-DC-1E-4D-8C-D0-B3-EB-37-5E-DD-EA">
      <ModulePath>c:\program files\dotnet\sdk\3.1.404\vstest.console.dll</ModulePath>
      <ModuleTime>2020-10-22T01:43:04Z</ModuleTime>
      <ModuleName>vstest.console</ModuleName>
      <Classes />
    </Module>
    <Module skippedDueTo="Filter" hash="1A-9E-0C-C2-20-42-56-0E-12-E8-DA-9A-9D-14-37-FF-52-03-95-1E">
      <ModulePath>c:\program files\dotnet\shared\Microsoft.NETCore.App\3.1.10\System.Runtime.dll</ModulePath>
      <ModuleTime>2020-10-19T18:22:58Z</ModuleTime>
      <ModuleName>System.Runtime</ModuleName>
      <Classes />
    </Module>
    <Module skippedDueTo="Filter" hash="CA-E0-6F-BE-DF-CF-91-61-85-DE-32-8A-1A-61-C1-B3-9B-71-83-32">
      <ModulePath>c:\program files\dotnet\shared\Microsoft.NETCore.App\3.1.10\System.Diagnostics.Process.dll</ModulePath>
      <ModuleTime>2020-10-19T18:23:06Z</ModuleTime>
      <ModuleName>System.Diagnostics.Process</ModuleName>
      <Classes />
    </Module>
    <Module skippedDueTo="Filter" hash="AD-C3-26-B8-0D-6F-B6-D6-A4-99-5A-C0-BA-16-0F-E9-47-23-69-03">
      <ModulePath>c:\program files\dotnet\shared\Microsoft.NETCore.App\3.1.10\System.ComponentModel.Primitives.dll</ModulePath>
      <ModuleTime>2020-10-19T18:23:02Z</ModuleTime>
      <ModuleName>System.ComponentModel.Primitives</ModuleName>
      <Classes />
    </Module>
    <Module skippedDueTo="Filter" hash="DA-2A-97-F6-AB-CF-3F-37-3F-F0-8A-C0-85-32-54-89-9F-F6-53-E0">
      <ModulePath>c:\program files\dotnet\shared\Microsoft.NETCore.App\3.1.10\System.Runtime.Extensions.dll</ModulePath>
      <ModuleTime>2020-10-19T18:23:00Z</ModuleTime>
      <ModuleName>System.Runtime.Extensions</ModuleName>
      <Classes />
    </Module>
    <Module skippedDueTo="MissingPdb" hash="6A-BB-19-04-5C-19-B5-9A-CD-09-60-41-22-8E-DF-16-A9-15-1D-F6">
      <ModulePath>c:\program files\dotnet\sdk\3.1.404\Microsoft.TestPlatform.CoreUtilities.dll</ModulePath>
      <ModuleTime>2020-10-22T01:42:58Z</ModuleTime>
      <ModuleName>Microsoft.TestPlatform.CoreUtilities</ModuleName>
      <Classes />
    </Module>
    <Module skippedDueTo="MissingPdb" hash="7B-7B-96-4B-CE-03-CB-B8-DA-28-EA-FB-D8-B1-DD-7F-28-46-70-11">
      <ModulePath>c:\program files\dotnet\shared\Microsoft.NETCore.App\3.1.10\netstandard.dll</ModulePath>
      <ModuleTime>2020-10-19T18:22:36Z</ModuleTime>
      <ModuleName>netstandard</ModuleName>
      <Classes />
    </Module>
    <Module skippedDueTo="Filter" hash="11-E6-5B-32-43-B5-89-66-AB-C5-65-04-8A-A9-3D-85-90-54-F7-72">
      <ModulePath>c:\program files\dotnet\shared\Microsoft.NETCore.App\3.1.10\System.Diagnostics.Debug.dll</ModulePath>
      <ModuleTime>2020-10-19T18:23:02Z</ModuleTime>
      <ModuleName>System.Diagnostics.Debug</ModuleName>
      <Classes />
    </Module>
    <Module skippedDueTo="Filter" hash="8A-08-48-31-A0-A1-45-6D-E3-16-A5-78-11-40-43-BB-66-78-40-4D">
      <ModulePath>c:\program files\dotnet\shared\Microsoft.NETCore.App\3.1.10\System.Threading.Thread.dll</ModulePath>
      <ModuleTime>2020-10-19T18:22:40Z</ModuleTime>
      <ModuleName>System.Threading.Thread</ModuleName>
      <Classes />
    </Module>
    <Module skippedDueTo="Filter" hash="82-B8-D6-5A-61-CF-34-B6-60-8F-3C-1C-D9-2C-6F-86-7B-68-64-AE">
      <ModulePath>c:\program files\dotnet\shared\Microsoft.NETCore.App\3.1.10\System.Threading.dll</ModulePath>
      <ModuleTime>2020-10-19T18:23:06Z</ModuleTime>
      <ModuleName>System.Threading</ModuleName>
      <Classes />
    </Module>
    <Module skippedDueTo="Filter" hash="CB-85-DE-FB-96-3E-20-14-0E-0C-B4-0B-EB-BA-C1-AB-F5-53-3D-83">
      <ModulePath>c:\program files\dotnet\shared\Microsoft.NETCore.App\3.1.10\System.Console.dll</ModulePath>
      <ModuleTime>2020-10-19T18:22:38Z</ModuleTime>
      <ModuleName>System.Console</ModuleName>
      <Classes />
    </Module>
    <Module skippedDueTo="Filter" hash="12-D8-4D-52-F5-0A-5E-E4-67-74-E1-49-6E-70-6F-81-B0-12-9E-B1">
      <ModulePath>c:\program files\dotnet\shared\Microsoft.NETCore.App\3.1.10\System.Text.Encoding.Extensions.dll</ModulePath>
      <ModuleTime>2020-10-19T18:23:04Z</ModuleTime>
      <ModuleName>System.Text.Encoding.Extensions</ModuleName>
      <Classes />
    </Module>
    <Module skippedDueTo="Filter" hash="4B-21-E4-CE-36-EC-84-FD-BA-09-F4-B3-61-80-FF-63-F0-43-E0-3E">
      <ModulePath>c:\program files\dotnet\shared\Microsoft.NETCore.App\3.1.10\System.Diagnostics.Tracing.dll</ModulePath>
      <ModuleTime>2020-10-19T18:23:04Z</ModuleTime>
      <ModuleName>System.Diagnostics.Tracing</ModuleName>
      <Classes />
    </Module>
    <Module skippedDueTo="Filter" hash="37-BA-20-C6-4A-63-6E-F7-8E-BD-1E-0F-36-D6-8C-5A-5E-79-38-14">
      <ModulePath>c:\program files\dotnet\shared\Microsoft.NETCore.App\3.1.10\System.Collections.dll</ModulePath>
      <ModuleTime>2020-10-19T18:22:36Z</ModuleTime>
      <ModuleName>System.Collections</ModuleName>
      <Classes />
    </Module>
    <Module skippedDueTo="MissingPdb" hash="EA-44-3B-EC-07-E4-5C-27-D8-E9-6F-02-5C-B9-81-9B-10-2C-B1-B7">
      <ModulePath>c:\program files\dotnet\sdk\3.1.404\Microsoft.VisualStudio.TestPlatform.ObjectModel.dll</ModulePath>
      <ModuleTime>2020-10-22T01:43:42Z</ModuleTime>
      <ModuleName>Microsoft.VisualStudio.TestPlatform.ObjectModel</ModuleName>
      <Classes />
    </Module>
    <Module skippedDueTo="MissingPdb" hash="2A-63-AB-3D-46-87-D5-05-28-50-4D-66-58-19-C6-88-03-AD-DD-BB">
      <ModulePath>c:\program files\dotnet\sdk\3.1.404\Microsoft.VisualStudio.TestPlatform.Client.dll</ModulePath>
      <ModuleTime>2020-10-22T01:43:00Z</ModuleTime>
      <ModuleName>Microsoft.VisualStudio.TestPlatform.Client</ModuleName>
      <Classes />
    </Module>
    <Module skippedDueTo="MissingPdb" hash="D3-82-6C-96-A4-B5-D8-1E-AC-D3-33-70-08-0F-84-C6-D3-0D-CA-82">
      <ModulePath>c:\program files\dotnet\sdk\3.1.404\Microsoft.VisualStudio.TestPlatform.Common.dll</ModulePath>
      <ModuleTime>2020-10-22T01:43:42Z</ModuleTime>
      <ModuleName>Microsoft.VisualStudio.TestPlatform.Common</ModuleName>
      <Classes />
    </Module>
    <Module skippedDueTo="Filter" hash="1A-3A-A4-9D-C4-E9-95-A7-A5-02-F5-AD-75-E1-03-FF-BE-83-44-12">
      <ModulePath>c:\program files\dotnet\shared\Microsoft.NETCore.App\3.1.10\System.Linq.dll</ModulePath>
      <ModuleTime>2020-10-19T18:23:08Z</ModuleTime>
      <ModuleName>System.Linq</ModuleName>
      <Classes />
    </Module>
    <Module skippedDueTo="Filter" hash="F2-7C-26-2D-CB-F7-47-72-A0-D9-BA-C2-E8-05-FE-46-55-8D-5A-E5">
      <ModulePath>c:\program files\dotnet\shared\Microsoft.NETCore.App\3.1.10\System.Runtime.InteropServices.dll</ModulePath>
      <ModuleTime>2020-10-19T18:23:00Z</ModuleTime>
      <ModuleName>System.Runtime.InteropServices</ModuleName>
      <Classes />
    </Module>
    <Module skippedDueTo="Filter" hash="D6-30-0A-8E-93-E5-0A-10-D7-7F-F1-3A-29-3C-F2-74-86-BB-FB-E4">
      <ModulePath>c:\program files\dotnet\shared\Microsoft.NETCore.App\3.1.10\System.Resources.ResourceManager.dll</ModulePath>
      <ModuleTime>2020-10-19T18:22:56Z</ModuleTime>
      <ModuleName>System.Resources.ResourceManager</ModuleName>
      <Classes />
    </Module>
    <Module skippedDueTo="MissingPdb" hash="5F-F7-9A-9A-7B-A2-EF-65-D5-CF-09-90-EE-0E-D5-A9-77-51-04-1F">
      <ModulePath>c:\program files\dotnet\sdk\3.1.404\fr\vstest.console.resources.dll</ModulePath>
      <ModuleTime>2020-07-03T08:19:34Z</ModuleTime>
      <ModuleName>vstest.console.resources</ModuleName>
      <Classes />
    </Module>
    <Module skippedDueTo="Filter" hash="A4-47-4D-5B-7D-B1-B1-30-92-13-31-F4-97-39-B9-18-8C-D2-25-90">
      <ModulePath>c:\program files\dotnet\shared\Microsoft.NETCore.App\3.1.10\System.IO.FileSystem.dll</ModulePath>
      <ModuleTime>2020-10-19T18:22:40Z</ModuleTime>
      <ModuleName>System.IO.FileSystem</ModuleName>
      <Classes />
    </Module>
    <Module skippedDueTo="Filter" hash="8A-E6-E5-E6-A7-53-B9-C3-4E-D3-5F-5A-B7-04-24-AA-71-ED-32-EF">
      <ModulePath>c:\program files\dotnet\shared\Microsoft.NETCore.App\3.1.10\System.Xml.ReaderWriter.dll</ModulePath>
      <ModuleTime>2020-10-19T18:22:38Z</ModuleTime>
      <ModuleName>System.Xml.ReaderWriter</ModuleName>
      <Classes />
    </Module>
    <Module skippedDueTo="Filter" hash="02-7E-B4-47-B8-77-8D-A6-1E-B8-CE-F0-AC-82-CB-29-78-E3-27-A4">
      <ModulePath>c:\program files\dotnet\shared\Microsoft.NETCore.App\3.1.10\System.Private.Xml.dll</ModulePath>
      <ModuleTime>2020-10-19T18:22:56Z</ModuleTime>
      <ModuleName>System.Private.Xml</ModuleName>
      <Classes />
    </Module>
    <Module skippedDueTo="MissingPdb" hash="FE-D0-DD-07-D9-4D-68-08-3A-72-20-33-F0-F7-B5-48-5E-9D-86-BA">
      <ModulePath>c:\program files\dotnet\sdk\3.1.404\Microsoft.TestPlatform.PlatformAbstractions.dll</ModulePath>
      <ModuleTime>2020-10-22T01:42:58Z</ModuleTime>
      <ModuleName>Microsoft.TestPlatform.PlatformAbstractions</ModuleName>
      <Classes />
    </Module>
    <Module skippedDueTo="MissingPdb" hash="F6-46-84-36-1F-75-89-26-6B-18-42-B4-70-34-6C-46-B5-44-C4-54">
      <ModulePath>c:\program files\dotnet\sdk\3.1.404\Microsoft.TestPlatform.Utilities.dll</ModulePath>
      <ModuleTime>2020-10-22T01:43:00Z</ModuleTime>
      <ModuleName>Microsoft.TestPlatform.Utilities</ModuleName>
      <Classes />
    </Module>
    <Module skippedDueTo="Filter" hash="4C-C4-67-53-83-52-AB-2A-9B-31-4A-CA-A0-13-F3-3B-EB-A5-34-4A">
      <ModulePath>c:\program files\dotnet\shared\Microsoft.NETCore.App\3.1.10\System.Runtime.InteropServices.RuntimeInformation.dll</ModulePath>
      <ModuleTime>2020-10-19T18:23:00Z</ModuleTime>
      <ModuleName>System.Runtime.InteropServices.RuntimeInformation</ModuleName>
      <Classes />
    </Module>
    <Module skippedDueTo="MissingPdb" hash="A0-32-F7-69-97-50-A1-AC-0A-0B-06-95-C9-3E-D1-2F-8E-DD-31-7E">
      <ModulePath>c:\program files\dotnet\sdk\3.1.404\NuGet.Frameworks.dll</ModulePath>
      <ModuleTime>2020-10-22T01:43:02Z</ModuleTime>
      <ModuleName>NuGet.Frameworks</ModuleName>
      <Classes />
    </Module>
    <Module skippedDueTo="Filter" hash="1C-FC-78-50-0F-11-08-35-03-53-6D-15-C0-BD-2A-5B-24-78-82-6F">
      <ModulePath>c:\program files\dotnet\shared\Microsoft.NETCore.App\3.1.10\System.Private.Uri.dll</ModulePath>
      <ModuleTime>2020-10-19T18:22:56Z</ModuleTime>
      <ModuleName>System.Private.Uri</ModuleName>
      <Classes />
    </Module>
    <Module skippedDueTo="Filter" hash="BF-F2-24-A2-EF-50-46-81-1A-E7-41-3D-3E-2D-06-76-06-7A-09-DD">
      <ModulePath>c:\program files\dotnet\shared\Microsoft.NETCore.App\3.1.10\System.Memory.dll</ModulePath>
      <ModuleTime>2020-10-19T18:23:10Z</ModuleTime>
      <ModuleName>System.Memory</ModuleName>
      <Classes />
    </Module>
    <Module skippedDueTo="Filter" hash="59-04-4E-0D-7E-6E-EA-4D-72-40-76-49-D2-7E-CC-5F-42-DF-64-97">
      <ModulePath>c:\program files\dotnet\shared\Microsoft.NETCore.App\3.1.10\System.Security.Cryptography.Algorithms.dll</ModulePath>
      <ModuleTime>2020-10-19T18:23:04Z</ModuleTime>
      <ModuleName>System.Security.Cryptography.Algorithms</ModuleName>
      <Classes />
    </Module>
    <Module skippedDueTo="Filter" hash="A5-68-66-DA-35-1C-41-3E-5F-80-9A-E1-F7-75-82-2D-2B-42-FD-31">
      <ModulePath>c:\program files\dotnet\shared\Microsoft.NETCore.App\3.1.10\System.Diagnostics.TraceSource.dll</ModulePath>
      <ModuleTime>2020-10-19T18:22:40Z</ModuleTime>
      <ModuleName>System.Diagnostics.TraceSource</ModuleName>
      <Classes />
    </Module>
    <Module skippedDueTo="Filter" hash="1F-84-A1-2F-9E-59-B3-7D-64-DD-CD-55-57-95-80-F2-E3-F8-EE-94">
      <ModulePath>c:\program files\dotnet\shared\Microsoft.NETCore.App\3.1.10\System.Threading.ThreadPool.dll</ModulePath>
      <ModuleTime>2020-10-19T18:22:36Z</ModuleTime>
      <ModuleName>System.Threading.ThreadPool</ModuleName>
      <Classes />
    </Module>
    <Module skippedDueTo="Filter" hash="BE-CC-6A-8E-2C-E2-78-C3-CB-7E-9F-DF-A1-5E-39-E7-57-1F-78-C2">
      <ModulePath>c:\program files\dotnet\shared\Microsoft.NETCore.App\3.1.10\System.Collections.NonGeneric.dll</ModulePath>
      <ModuleTime>2020-10-19T18:23:02Z</ModuleTime>
      <ModuleName>System.Collections.NonGeneric</ModuleName>
      <Classes />
    </Module>
    <Module skippedDueTo="MissingPdb" hash="F2-4E-C7-D3-63-23-5F-78-34-91-12-D4-A6-26-59-5F-4F-23-3A-F6">
      <ModulePath>c:\program files\dotnet\sdk\3.1.404\Microsoft.Extensions.FileSystemGlobbing.dll</ModulePath>
      <ModuleTime>2020-10-22T01:42:58Z</ModuleTime>
      <ModuleName>Microsoft.Extensions.FileSystemGlobbing</ModuleName>
      <Classes />
    </Module>
    <Module skippedDueTo="MissingPdb" hash="58-E8-4B-E6-66-34-C9-CE-49-50-64-49-B2-21-2B-EB-A1-05-32-AE">
      <ModulePath>c:\program files\dotnet\sdk\3.1.404\Microsoft.TestPlatform.CrossPlatEngine.dll</ModulePath>
      <ModuleTime>2020-10-22T01:43:40Z</ModuleTime>
      <ModuleName>Microsoft.TestPlatform.CrossPlatEngine</ModuleName>
      <Classes />
    </Module>
    <Module skippedDueTo="Filter" hash="3F-F5-6E-CE-86-1B-17-9D-17-56-8E-5B-FB-58-05-3C-D3-54-6D-D8">
      <ModulePath>c:\program files\dotnet\shared\Microsoft.NETCore.App\3.1.10\System.Runtime.Loader.dll</ModulePath>
      <ModuleTime>2020-10-19T18:23:02Z</ModuleTime>
      <ModuleName>System.Runtime.Loader</ModuleName>
      <Classes />
    </Module>
    <Module skippedDueTo="MissingPdb" hash="30-9A-8C-10-24-B2-82-DE-03-03-FF-2C-D9-B1-18-72-F9-62-A0-C6">
      <ModulePath>c:\program files\dotnet\sdk\3.1.404\Extensions\Microsoft.Diagnostics.NETCore.Client.dll</ModulePath>
      <ModuleTime>2020-10-22T01:42:54Z</ModuleTime>
      <ModuleName>Microsoft.Diagnostics.NETCore.Client</ModuleName>
      <Classes />
    </Module>
    <Module skippedDueTo="MissingPdb" hash="BF-1F-81-79-F0-B9-91-CB-61-30-F5-8D-32-15-B8-DA-7B-E5-B1-83">
      <ModulePath>c:\program files\dotnet\sdk\3.1.404\Extensions\Microsoft.TestPlatform.Extensions.BlameDataCollector.dll</ModulePath>
      <ModuleTime>2020-10-22T01:42:54Z</ModuleTime>
      <ModuleName>Microsoft.TestPlatform.Extensions.BlameDataCollector</ModuleName>
      <Classes />
    </Module>
    <Module skippedDueTo="MissingPdb" hash="62-47-BD-77-B4-9F-EA-68-98-55-EB-48-44-F0-FC-C3-53-81-4F-DE">
      <ModulePath>c:\program files\dotnet\sdk\3.1.404\Extensions\Microsoft.TestPlatform.Extensions.EventLogCollector.dll</ModulePath>
      <ModuleTime>2020-07-03T08:19:34Z</ModuleTime>
      <ModuleName>Microsoft.TestPlatform.Extensions.EventLogCollector</ModuleName>
      <Classes />
    </Module>
    <Module skippedDueTo="Filter" hash="AD-89-E7-39-C6-6F-FF-4D-13-39-3A-74-B1-C3-63-F1-CB-A6-4A-ED">
      <ModulePath>c:\program files\dotnet\shared\Microsoft.NETCore.App\3.1.10\mscorlib.dll</ModulePath>
      <ModuleTime>2020-10-19T14:26:54Z</ModuleTime>
      <ModuleName>mscorlib</ModuleName>
      <Classes />
    </Module>
    <Module skippedDueTo="Filter" hash="59-C8-AB-62-85-E4-27-C9-A9-73-C9-C3-03-07-9D-4D-49-99-E6-4C">
      <ModulePath>c:\program files\dotnet\shared\Microsoft.NETCore.App\3.1.10\System.Xml.dll</ModulePath>
      <ModuleTime>2020-10-19T18:22:36Z</ModuleTime>
      <ModuleName>System.Xml</ModuleName>
      <Classes />
    </Module>
    <Module skippedDueTo="MissingPdb" hash="7E-E9-27-70-D6-E8-55-30-CA-BA-38-CF-33-53-9A-0C-D1-B7-2E-94">
      <ModulePath>c:\program files\dotnet\sdk\3.1.404\Extensions\Microsoft.TestPlatform.TestHostRuntimeProvider.dll</ModulePath>
      <ModuleTime>2020-10-22T01:42:54Z</ModuleTime>
      <ModuleName>Microsoft.TestPlatform.TestHostRuntimeProvider</ModuleName>
      <Classes />
    </Module>
    <Module skippedDueTo="Filter" hash="D1-BE-F4-4C-15-21-2E-C1-93-53-C4-8D-3B-73-5F-59-CB-AD-7E-95">
      <ModulePath>c:\program files\dotnet\shared\Microsoft.NETCore.App\3.1.10\System.Threading.Tasks.dll</ModulePath>
      <ModuleTime>2020-10-19T18:23:06Z</ModuleTime>
      <ModuleName>System.Threading.Tasks</ModuleName>
      <Classes />
    </Module>
    <Module skippedDueTo="MissingPdb" hash="F6-27-F1-07-B4-07-95-5C-AC-A2-0A-4C-53-99-FA-59-1B-1B-46-D1">
      <ModulePath>c:\program files\dotnet\sdk\3.1.404\Extensions\Microsoft.VisualStudio.TestPlatform.Extensions.Html.TestLogger.dll</ModulePath>
      <ModuleTime>2020-10-22T01:42:54Z</ModuleTime>
      <ModuleName>Microsoft.VisualStudio.TestPlatform.Extensions.Html.TestLogger</ModuleName>
      <Classes />
    </Module>
    <Module skippedDueTo="MissingPdb" hash="DD-FB-5D-53-A3-92-7D-4A-F8-4E-0E-81-9F-4B-D8-63-ED-FF-C8-65">
      <ModulePath>c:\program files\dotnet\sdk\3.1.404\Extensions\Microsoft.VisualStudio.TestPlatform.Extensions.Trx.TestLogger.dll</ModulePath>
      <ModuleTime>2020-10-22T01:42:56Z</ModuleTime>
      <ModuleName>Microsoft.VisualStudio.TestPlatform.Extensions.Trx.TestLogger</ModuleName>
      <Classes />
    </Module>
    <Module skippedDueTo="Filter" hash="80-8B-83-91-9A-D9-25-6E-AA-5A-16-22-04-CB-03-94-72-E3-FB-43">
      <ModulePath>c:\program files\dotnet\shared\Microsoft.NETCore.App\3.1.10\System.Reflection.Metadata.dll</ModulePath>
      <ModuleTime>2020-10-19T18:22:58Z</ModuleTime>
      <ModuleName>System.Reflection.Metadata</ModuleName>
      <Classes />
    </Module>
    <Module skippedDueTo="Filter" hash="F4-8F-FF-D7-34-F7-0F-B4-66-54-7C-C6-95-F5-89-C4-8F-FB-93-A7">
      <ModulePath>c:\program files\dotnet\shared\Microsoft.NETCore.App\3.1.10\System.Collections.Immutable.dll</ModulePath>
      <ModuleTime>2020-10-19T18:23:02Z</ModuleTime>
      <ModuleName>System.Collections.Immutable</ModuleName>
      <Classes />
    </Module>
    <Module skippedDueTo="MissingPdb" hash="B0-D9-CC-D6-B9-FB-47-F7-18-A3-6C-DF-84-19-F5-69-16-31-87-99">
      <ModulePath>c:\program files\dotnet\shared\Microsoft.NETCore.App\3.1.10\Microsoft.Win32.Primitives.dll</ModulePath>
      <ModuleTime>2020-10-19T18:22:36Z</ModuleTime>
      <ModuleName>Microsoft.Win32.Primitives</ModuleName>
      <Classes />
    </Module>
    <Module skippedDueTo="Filter" hash="C4-AF-17-21-F7-89-66-F7-16-6B-96-49-7A-FC-E4-51-7D-45-E2-D9">
      <ModulePath>c:\program files\dotnet\shared\Microsoft.NETCore.App\3.1.10\System.Collections.Concurrent.dll</ModulePath>
      <ModuleTime>2020-10-19T18:22:38Z</ModuleTime>
      <ModuleName>System.Collections.Concurrent</ModuleName>
      <Classes />
    </Module>
    <Module skippedDueTo="MissingPdb" hash="42-8F-E3-D0-22-27-0A-A9-10-93-30-80-46-5E-74-21-80-90-88-D8">
      <ModulePath>c:\program files\dotnet\sdk\3.1.404\Microsoft.TestPlatform.CommunicationUtilities.dll</ModulePath>
      <ModuleTime>2020-10-22T01:42:58Z</ModuleTime>
      <ModuleName>Microsoft.TestPlatform.CommunicationUtilities</ModuleName>
      <Classes />
    </Module>
    <Module skippedDueTo="MissingPdb" hash="10-AC-67-2B-B0-ED-E6-A0-4B-D5-8D-8A-99-95-B0-0F-A7-67-23-CA">
      <ModulePath>c:\program files\dotnet\sdk\3.1.404\Newtonsoft.Json.dll</ModulePath>
      <ModuleTime>2020-10-22T01:42:58Z</ModuleTime>
      <ModuleName>Newtonsoft.Json</ModuleName>
      <Classes />
    </Module>
    <Module skippedDueTo="Filter" hash="4F-FD-15-EF-5C-47-4C-01-F4-C9-4F-C0-25-A6-0D-ED-18-E2-51-DB">
      <ModulePath>c:\program files\dotnet\shared\Microsoft.NETCore.App\3.1.10\System.Runtime.Serialization.Formatters.dll</ModulePath>
      <ModuleTime>2020-10-19T18:23:00Z</ModuleTime>
      <ModuleName>System.Runtime.Serialization.Formatters</ModuleName>
      <Classes />
    </Module>
    <Module skippedDueTo="Filter" hash="C3-7F-63-72-50-AB-AC-82-F4-FB-7B-A0-09-EE-DD-11-6B-58-2F-16">
      <ModulePath>c:\program files\dotnet\shared\Microsoft.NETCore.App\3.1.10\System.Threading.Timer.dll</ModulePath>
      <ModuleTime>2020-10-19T18:22:40Z</ModuleTime>
      <ModuleName>System.Threading.Timer</ModuleName>
      <Classes />
    </Module>
    <Module skippedDueTo="Filter" hash="27-3B-AD-A8-D4-63-31-A7-52-64-4B-7A-2A-E3-22-BE-8D-42-5A-5F">
      <ModulePath>c:\program files\dotnet\shared\Microsoft.NETCore.App\3.1.10\System.Net.Primitives.dll</ModulePath>
      <ModuleTime>2020-10-19T18:22:54Z</ModuleTime>
      <ModuleName>System.Net.Primitives</ModuleName>
      <Classes />
    </Module>
    <Module skippedDueTo="Filter" hash="EE-8E-B7-A7-50-64-C9-75-20-E2-9C-FC-7D-62-D6-46-40-95-6F-91">
      <ModulePath>c:\program files\dotnet\shared\Microsoft.NETCore.App\3.1.10\System.Net.Sockets.dll</ModulePath>
      <ModuleTime>2020-10-19T18:22:56Z</ModuleTime>
      <ModuleName>System.Net.Sockets</ModuleName>
      <Classes />
    </Module>
    <Module skippedDueTo="Filter" hash="01-18-3D-23-E4-04-50-BD-EA-9B-E4-AB-22-6C-18-27-78-98-31-F9">
      <ModulePath>c:\program files\dotnet\shared\Microsoft.NETCore.App\3.1.10\System.Threading.Overlapped.dll</ModulePath>
      <ModuleTime>2020-10-19T18:23:08Z</ModuleTime>
      <ModuleName>System.Threading.Overlapped</ModuleName>
      <Classes />
    </Module>
    <Module skippedDueTo="Filter" hash="B5-EA-08-6D-1F-89-74-8D-19-D5-81-F9-5F-7D-2A-4D-CA-91-5C-72">
      <ModulePath>c:\program files\dotnet\shared\Microsoft.NETCore.App\3.1.10\System.Net.NameResolution.dll</ModulePath>
      <ModuleTime>2020-10-19T18:23:10Z</ModuleTime>
      <ModuleName>System.Net.NameResolution</ModuleName>
      <Classes />
    </Module>
    <Module skippedDueTo="Filter" hash="12-69-33-A7-F1-C5-21-E9-9E-EA-59-DD-FB-B9-71-19-A1-B4-63-66">
      <ModulePath>C:\Program Files\dotnet\shared\Microsoft.NETCore.App\3.1.10\System.Private.CoreLib.dll</ModulePath>
      <ModuleTime>2020-10-16T18:18:00Z</ModuleTime>
      <ModuleName>System.Private.CoreLib</ModuleName>
      <Classes />
    </Module>
    <Module skippedDueTo="MissingPdb" hash="00-1F-DB-2A-0F-0E-18-97-A3-DB-AD-56-2E-6E-10-CC-35-DB-A0-0E">
      <ModulePath>C:\Users\Etienne\Desktop\TACFDEV31 - Qualité logicielle dans les développements objets\projets-tp\csharp\banque-csharp\bin\Debug\netcoreapp3.1\testhost.dll</ModulePath>
      <ModuleTime>2020-12-02T21:22:08Z</ModuleTime>
      <ModuleName>testhost</ModuleName>
      <Classes />
    </Module>
    <Module skippedDueTo="Filter" hash="1A-9E-0C-C2-20-42-56-0E-12-E8-DA-9A-9D-14-37-FF-52-03-95-1E">
      <ModulePath>C:\Program Files\dotnet\shared\Microsoft.NETCore.App\3.1.10\System.Runtime.dll</ModulePath>
      <ModuleTime>2020-10-19T18:22:58Z</ModuleTime>
      <ModuleName>System.Runtime</ModuleName>
      <Classes />
    </Module>
    <Module skippedDueTo="MissingPdb" hash="69-CB-C7-20-9A-E8-7D-8D-0D-15-4A-C5-F1-EB-D5-A5-77-4E-63-15">
      <ModulePath>C:\Users\Etienne\Desktop\TACFDEV31 - Qualité logicielle dans les développements objets\projets-tp\csharp\banque-csharp\bin\Debug\netcoreapp3.1\Microsoft.TestPlatform.CoreUtilities.dll</ModulePath>
      <ModuleTime>2020-12-02T21:14:26Z</ModuleTime>
      <ModuleName>Microsoft.TestPlatform.CoreUtilities</ModuleName>
      <Classes />
    </Module>
    <Module skippedDueTo="MissingPdb" hash="7B-7B-96-4B-CE-03-CB-B8-DA-28-EA-FB-D8-B1-DD-7F-28-46-70-11">
      <ModulePath>C:\Program Files\dotnet\shared\Microsoft.NETCore.App\3.1.10\netstandard.dll</ModulePath>
      <ModuleTime>2020-10-19T18:22:36Z</ModuleTime>
      <ModuleName>netstandard</ModuleName>
      <Classes />
    </Module>
    <Module skippedDueTo="Filter" hash="4B-21-E4-CE-36-EC-84-FD-BA-09-F4-B3-61-80-FF-63-F0-43-E0-3E">
      <ModulePath>C:\Program Files\dotnet\shared\Microsoft.NETCore.App\3.1.10\System.Diagnostics.Tracing.dll</ModulePath>
      <ModuleTime>2020-10-19T18:23:04Z</ModuleTime>
      <ModuleName>System.Diagnostics.Tracing</ModuleName>
      <Classes />
    </Module>
    <Module skippedDueTo="MissingPdb" hash="EF-37-67-93-D8-6C-C8-E0-AB-5D-31-D5-71-EE-DA-BA-25-62-5C-A4">
      <ModulePath>C:\Users\Etienne\Desktop\TACFDEV31 - Qualité logicielle dans les développements objets\projets-tp\csharp\banque-csharp\bin\Debug\netcoreapp3.1\Microsoft.TestPlatform.PlatformAbstractions.dll</ModulePath>
      <ModuleTime>2020-12-02T21:21:08Z</ModuleTime>
      <ModuleName>Microsoft.TestPlatform.PlatformAbstractions</ModuleName>
      <Classes />
    </Module>
    <Module skippedDueTo="Filter" hash="DA-2A-97-F6-AB-CF-3F-37-3F-F0-8A-C0-85-32-54-89-9F-F6-53-E0">
      <ModulePath>C:\Program Files\dotnet\shared\Microsoft.NETCore.App\3.1.10\System.Runtime.Extensions.dll</ModulePath>
      <ModuleTime>2020-10-19T18:23:00Z</ModuleTime>
      <ModuleName>System.Runtime.Extensions</ModuleName>
      <Classes />
    </Module>
    <Module skippedDueTo="Filter" hash="11-E6-5B-32-43-B5-89-66-AB-C5-65-04-8A-A9-3D-85-90-54-F7-72">
      <ModulePath>C:\Program Files\dotnet\shared\Microsoft.NETCore.App\3.1.10\System.Diagnostics.Debug.dll</ModulePath>
      <ModuleTime>2020-10-19T18:23:02Z</ModuleTime>
      <ModuleName>System.Diagnostics.Debug</ModuleName>
      <Classes />
    </Module>
    <Module skippedDueTo="Filter" hash="37-BA-20-C6-4A-63-6E-F7-8E-BD-1E-0F-36-D6-8C-5A-5E-79-38-14">
      <ModulePath>C:\Program Files\dotnet\shared\Microsoft.NETCore.App\3.1.10\System.Collections.dll</ModulePath>
      <ModuleTime>2020-10-19T18:22:36Z</ModuleTime>
      <ModuleName>System.Collections</ModuleName>
      <Classes />
    </Module>
    <Module skippedDueTo="MissingPdb" hash="26-92-86-11-6F-DC-3B-11-CE-FA-52-D9-B5-A1-41-A7-72-41-4A-4E">
      <ModulePath>C:\Users\Etienne\Desktop\TACFDEV31 - Qualité logicielle dans les développements objets\projets-tp\csharp\banque-csharp\bin\Debug\netcoreapp3.1\Microsoft.TestPlatform.CrossPlatEngine.dll</ModulePath>
      <ModuleTime>2020-12-02T21:21:12Z</ModuleTime>
      <ModuleName>Microsoft.TestPlatform.CrossPlatEngine</ModuleName>
      <Classes />
    </Module>
    <Module skippedDueTo="MissingPdb" hash="BA-90-AD-34-37-6A-52-16-10-1F-9C-75-78-4B-36-1F-50-9D-5D-99">
      <ModulePath>C:\Users\Etienne\Desktop\TACFDEV31 - Qualité logicielle dans les développements objets\projets-tp\csharp\banque-csharp\bin\Debug\netcoreapp3.1\Microsoft.TestPlatform.CommunicationUtilities.dll</ModulePath>
      <ModuleTime>2020-12-02T21:21:08Z</ModuleTime>
      <ModuleName>Microsoft.TestPlatform.CommunicationUtilities</ModuleName>
      <Classes />
    </Module>
    <Module skippedDueTo="MissingPdb" hash="D7-8A-85-A2-6C-67-81-63-18-4E-37-FB-4D-B3-7E-C3-7C-58-0D-69">
      <ModulePath>C:\Users\Etienne\Desktop\TACFDEV31 - Qualité logicielle dans les développements objets\projets-tp\csharp\banque-csharp\bin\Debug\netcoreapp3.1\Microsoft.VisualStudio.TestPlatform.ObjectModel.dll</ModulePath>
      <ModuleTime>2020-12-02T21:14:30Z</ModuleTime>
      <ModuleName>Microsoft.VisualStudio.TestPlatform.ObjectModel</ModuleName>
      <Classes />
    </Module>
    <Module skippedDueTo="MissingPdb" hash="5A-3A-DD-33-26-AF-AB-DB-FE-BF-9F-01-47-05-B0-87-39-1A-0B-C5">
      <ModulePath>C:\Users\Etienne\Desktop\TACFDEV31 - Qualité logicielle dans les développements objets\projets-tp\csharp\banque-csharp\bin\Debug\netcoreapp3.1\Microsoft.VisualStudio.TestPlatform.Common.dll</ModulePath>
      <ModuleTime>2020-12-02T21:21:12Z</ModuleTime>
      <ModuleName>Microsoft.VisualStudio.TestPlatform.Common</ModuleName>
      <Classes />
    </Module>
    <Module skippedDueTo="MissingPdb" hash="A2-BD-CE-F8-8F-3C-F1-FB-CB-2E-39-53-C0-7A-65-CE-AC-FB-2B-53">
      <ModulePath>C:\Users\Etienne\Desktop\TACFDEV31 - Qualité logicielle dans les développements objets\projets-tp\csharp\banque-csharp\bin\Debug\netcoreapp3.1\Newtonsoft.Json.dll</ModulePath>
      <ModuleTime>2017-06-18T11:57:10Z</ModuleTime>
      <ModuleName>Newtonsoft.Json</ModuleName>
      <Classes />
    </Module>
    <Module skippedDueTo="Filter" hash="42-0C-F2-19-6F-03-0C-63-56-A8-86-C1-65-C9-39-7A-38-0E-47-AD">
      <ModulePath>C:\Program Files\dotnet\shared\Microsoft.NETCore.App\3.1.10\System.Runtime.Serialization.Primitives.dll</ModulePath>
      <ModuleTime>2020-10-19T18:23:02Z</ModuleTime>
      <ModuleName>System.Runtime.Serialization.Primitives</ModuleName>
      <Classes />
    </Module>
    <Module skippedDueTo="Filter" hash="A8-F9-09-3F-1B-31-93-32-04-17-2E-56-10-E2-EC-D6-95-8A-80-52">
      <ModulePath>C:\Program Files\dotnet\shared\Microsoft.NETCore.App\3.1.10\System.Globalization.dll</ModulePath>
      <ModuleTime>2020-10-19T18:23:06Z</ModuleTime>
      <ModuleName>System.Globalization</ModuleName>
      <Classes />
    </Module>
    <Module skippedDueTo="Filter" hash="82-B8-D6-5A-61-CF-34-B6-60-8F-3C-1C-D9-2C-6F-86-7B-68-64-AE">
      <ModulePath>C:\Program Files\dotnet\shared\Microsoft.NETCore.App\3.1.10\System.Threading.dll</ModulePath>
      <ModuleTime>2020-10-19T18:23:06Z</ModuleTime>
      <ModuleName>System.Threading</ModuleName>
      <Classes />
    </Module>
    <Module skippedDueTo="Filter" hash="A5-68-66-DA-35-1C-41-3E-5F-80-9A-E1-F7-75-82-2D-2B-42-FD-31">
      <ModulePath>C:\Program Files\dotnet\shared\Microsoft.NETCore.App\3.1.10\System.Diagnostics.TraceSource.dll</ModulePath>
      <ModuleTime>2020-10-19T18:22:40Z</ModuleTime>
      <ModuleName>System.Diagnostics.TraceSource</ModuleName>
      <Classes />
    </Module>
    <Module skippedDueTo="Filter" hash="4C-C4-67-53-83-52-AB-2A-9B-31-4A-CA-A0-13-F3-3B-EB-A5-34-4A">
      <ModulePath>C:\Program Files\dotnet\shared\Microsoft.NETCore.App\3.1.10\System.Runtime.InteropServices.RuntimeInformation.dll</ModulePath>
      <ModuleTime>2020-10-19T18:23:00Z</ModuleTime>
      <ModuleName>System.Runtime.InteropServices.RuntimeInformation</ModuleName>
      <Classes />
    </Module>
    <Module skippedDueTo="Filter" hash="CA-E0-6F-BE-DF-CF-91-61-85-DE-32-8A-1A-61-C1-B3-9B-71-83-32">
      <ModulePath>C:\Program Files\dotnet\shared\Microsoft.NETCore.App\3.1.10\System.Diagnostics.Process.dll</ModulePath>
      <ModuleTime>2020-10-19T18:23:06Z</ModuleTime>
      <ModuleName>System.Diagnostics.Process</ModuleName>
      <Classes />
    </Module>
    <Module skippedDueTo="Filter" hash="AD-C3-26-B8-0D-6F-B6-D6-A4-99-5A-C0-BA-16-0F-E9-47-23-69-03">
      <ModulePath>C:\Program Files\dotnet\shared\Microsoft.NETCore.App\3.1.10\System.ComponentModel.Primitives.dll</ModulePath>
      <ModuleTime>2020-10-19T18:23:02Z</ModuleTime>
      <ModuleName>System.ComponentModel.Primitives</ModuleName>
      <Classes />
    </Module>
    <Module skippedDueTo="Filter" hash="BF-F2-24-A2-EF-50-46-81-1A-E7-41-3D-3E-2D-06-76-06-7A-09-DD">
      <ModulePath>C:\Program Files\dotnet\shared\Microsoft.NETCore.App\3.1.10\System.Memory.dll</ModulePath>
      <ModuleTime>2020-10-19T18:23:10Z</ModuleTime>
      <ModuleName>System.Memory</ModuleName>
      <Classes />
    </Module>
    <Module skippedDueTo="Filter" hash="1F-84-A1-2F-9E-59-B3-7D-64-DD-CD-55-57-95-80-F2-E3-F8-EE-94">
      <ModulePath>C:\Program Files\dotnet\shared\Microsoft.NETCore.App\3.1.10\System.Threading.ThreadPool.dll</ModulePath>
      <ModuleTime>2020-10-19T18:22:36Z</ModuleTime>
      <ModuleName>System.Threading.ThreadPool</ModuleName>
      <Classes />
    </Module>
    <Module skippedDueTo="Filter" hash="F2-7C-26-2D-CB-F7-47-72-A0-D9-BA-C2-E8-05-FE-46-55-8D-5A-E5">
      <ModulePath>C:\Program Files\dotnet\shared\Microsoft.NETCore.App\3.1.10\System.Runtime.InteropServices.dll</ModulePath>
      <ModuleTime>2020-10-19T18:23:00Z</ModuleTime>
      <ModuleName>System.Runtime.InteropServices</ModuleName>
      <Classes />
    </Module>
    <Module skippedDueTo="MissingPdb" hash="B0-D9-CC-D6-B9-FB-47-F7-18-A3-6C-DF-84-19-F5-69-16-31-87-99">
      <ModulePath>C:\Program Files\dotnet\shared\Microsoft.NETCore.App\3.1.10\Microsoft.Win32.Primitives.dll</ModulePath>
      <ModuleTime>2020-10-19T18:22:36Z</ModuleTime>
      <ModuleName>Microsoft.Win32.Primitives</ModuleName>
      <Classes />
    </Module>
    <Module skippedDueTo="Filter" hash="27-3B-AD-A8-D4-63-31-A7-52-64-4B-7A-2A-E3-22-BE-8D-42-5A-5F">
      <ModulePath>C:\Program Files\dotnet\shared\Microsoft.NETCore.App\3.1.10\System.Net.Primitives.dll</ModulePath>
      <ModuleTime>2020-10-19T18:22:54Z</ModuleTime>
      <ModuleName>System.Net.Primitives</ModuleName>
      <Classes />
    </Module>
    <Module skippedDueTo="Filter" hash="D1-BE-F4-4C-15-21-2E-C1-93-53-C4-8D-3B-73-5F-59-CB-AD-7E-95">
      <ModulePath>C:\Program Files\dotnet\shared\Microsoft.NETCore.App\3.1.10\System.Threading.Tasks.dll</ModulePath>
      <ModuleTime>2020-10-19T18:23:06Z</ModuleTime>
      <ModuleName>System.Threading.Tasks</ModuleName>
      <Classes />
    </Module>
    <Module skippedDueTo="Filter" hash="EE-8E-B7-A7-50-64-C9-75-20-E2-9C-FC-7D-62-D6-46-40-95-6F-91">
      <ModulePath>C:\Program Files\dotnet\shared\Microsoft.NETCore.App\3.1.10\System.Net.Sockets.dll</ModulePath>
      <ModuleTime>2020-10-19T18:22:56Z</ModuleTime>
      <ModuleName>System.Net.Sockets</ModuleName>
      <Classes />
    </Module>
    <Module skippedDueTo="Filter" hash="01-18-3D-23-E4-04-50-BD-EA-9B-E4-AB-22-6C-18-27-78-98-31-F9">
      <ModulePath>C:\Program Files\dotnet\shared\Microsoft.NETCore.App\3.1.10\System.Threading.Overlapped.dll</ModulePath>
      <ModuleTime>2020-10-19T18:23:08Z</ModuleTime>
      <ModuleName>System.Threading.Overlapped</ModuleName>
      <Classes />
    </Module>
    <Module skippedDueTo="Filter" hash="B5-EA-08-6D-1F-89-74-8D-19-D5-81-F9-5F-7D-2A-4D-CA-91-5C-72">
      <ModulePath>C:\Program Files\dotnet\shared\Microsoft.NETCore.App\3.1.10\System.Net.NameResolution.dll</ModulePath>
      <ModuleTime>2020-10-19T18:23:10Z</ModuleTime>
      <ModuleName>System.Net.NameResolution</ModuleName>
      <Classes />
    </Module>
    <Module skippedDueTo="Filter" hash="1C-FC-78-50-0F-11-08-35-03-53-6D-15-C0-BD-2A-5B-24-78-82-6F">
      <ModulePath>C:\Program Files\dotnet\shared\Microsoft.NETCore.App\3.1.10\System.Private.Uri.dll</ModulePath>
      <ModuleTime>2020-10-19T18:22:56Z</ModuleTime>
      <ModuleName>System.Private.Uri</ModuleName>
      <Classes />
    </Module>
    <Module skippedDueTo="Filter" hash="6E-45-16-8E-D9-1E-AE-78-A0-48-82-CE-97-AE-E0-56-EC-7A-2D-3C">
      <ModulePath>c:\program files\dotnet\shared\Microsoft.NETCore.App\3.1.10\System.Security.Principal.Windows.dll</ModulePath>
      <ModuleTime>2020-10-19T18:23:06Z</ModuleTime>
      <ModuleName>System.Security.Principal.Windows</ModuleName>
      <Classes />
    </Module>
    <Module skippedDueTo="Filter" hash="DA-23-52-DF-4D-B3-6F-1F-DB-4D-BB-C4-CD-18-47-C7-A4-73-29-67">
      <ModulePath>c:\program files\dotnet\shared\Microsoft.NETCore.App\3.1.10\System.Security.Claims.dll</ModulePath>
      <ModuleTime>2020-10-19T18:23:02Z</ModuleTime>
      <ModuleName>System.Security.Claims</ModuleName>
      <Classes />
    </Module>
    <Module skippedDueTo="Filter" hash="08-6B-B1-3A-E4-29-7A-D1-5D-65-72-32-7B-89-BC-21-52-CE-4C-71">
      <ModulePath>c:\program files\dotnet\shared\Microsoft.NETCore.App\3.1.10\System.Security.Principal.dll</ModulePath>
      <ModuleTime>2020-10-19T18:23:04Z</ModuleTime>
      <ModuleName>System.Security.Principal</ModuleName>
      <Classes />
    </Module>
    <Module skippedDueTo="Filter" hash="6E-45-16-8E-D9-1E-AE-78-A0-48-82-CE-97-AE-E0-56-EC-7A-2D-3C">
      <ModulePath>C:\Program Files\dotnet\shared\Microsoft.NETCore.App\3.1.10\System.Security.Principal.Windows.dll</ModulePath>
      <ModuleTime>2020-10-19T18:23:06Z</ModuleTime>
      <ModuleName>System.Security.Principal.Windows</ModuleName>
      <Classes />
    </Module>
    <Module skippedDueTo="Filter" hash="DA-23-52-DF-4D-B3-6F-1F-DB-4D-BB-C4-CD-18-47-C7-A4-73-29-67">
      <ModulePath>C:\Program Files\dotnet\shared\Microsoft.NETCore.App\3.1.10\System.Security.Claims.dll</ModulePath>
      <ModuleTime>2020-10-19T18:23:02Z</ModuleTime>
      <ModuleName>System.Security.Claims</ModuleName>
      <Classes />
    </Module>
    <Module skippedDueTo="Filter" hash="08-6B-B1-3A-E4-29-7A-D1-5D-65-72-32-7B-89-BC-21-52-CE-4C-71">
      <ModulePath>C:\Program Files\dotnet\shared\Microsoft.NETCore.App\3.1.10\System.Security.Principal.dll</ModulePath>
      <ModuleTime>2020-10-19T18:23:04Z</ModuleTime>
      <ModuleName>System.Security.Principal</ModuleName>
      <Classes />
    </Module>
    <Module skippedDueTo="Filter" hash="17-40-DF-08-0B-F8-67-82-95-56-59-7F-02-ED-7B-77-95-C3-38-68">
      <ModulePath>c:\program files\dotnet\shared\Microsoft.NETCore.App\3.1.10\System.Linq.Expressions.dll</ModulePath>
      <ModuleTime>2020-10-19T18:23:10Z</ModuleTime>
      <ModuleName>System.Linq.Expressions</ModuleName>
      <Classes />
    </Module>
    <Module skippedDueTo="Filter" hash="42-0C-F2-19-6F-03-0C-63-56-A8-86-C1-65-C9-39-7A-38-0E-47-AD">
      <ModulePath>c:\program files\dotnet\shared\Microsoft.NETCore.App\3.1.10\System.Runtime.Serialization.Primitives.dll</ModulePath>
      <ModuleTime>2020-10-19T18:23:02Z</ModuleTime>
      <ModuleName>System.Runtime.Serialization.Primitives</ModuleName>
      <Classes />
    </Module>
    <Module skippedDueTo="Filter" hash="B0-D9-E1-0C-9B-FE-2F-97-FA-8C-25-36-83-4C-64-FB-82-5F-63-DF">
      <ModulePath>c:\program files\dotnet\shared\Microsoft.NETCore.App\3.1.10\System.Runtime.Numerics.dll</ModulePath>
      <ModuleTime>2020-10-19T18:23:02Z</ModuleTime>
      <ModuleName>System.Runtime.Numerics</ModuleName>
      <Classes />
    </Module>
    <Module skippedDueTo="Filter" hash="98-DC-99-B3-10-6C-E2-3A-5F-0E-7F-C3-CE-BB-E6-75-27-68-DC-A1">
      <ModulePath>c:\program files\dotnet\shared\Microsoft.NETCore.App\3.1.10\System.ObjectModel.dll</ModulePath>
      <ModuleTime>2020-10-19T18:22:54Z</ModuleTime>
      <ModuleName>System.ObjectModel</ModuleName>
      <Classes />
    </Module>
    <Module skippedDueTo="Filter" hash="1E-8F-74-78-9E-9C-A1-93-BA-11-27-E0-84-D7-9A-19-ED-A6-D3-A4">
      <ModulePath>c:\program files\dotnet\shared\Microsoft.NETCore.App\3.1.10\System.Data.Common.dll</ModulePath>
      <ModuleTime>2020-10-19T18:23:02Z</ModuleTime>
      <ModuleName>System.Data.Common</ModuleName>
      <Classes />
    </Module>
    <Module skippedDueTo="Filter" hash="AA-D6-01-D4-57-88-77-6C-FE-61-80-A9-2B-E7-90-AB-2E-F1-5C-4E">
      <ModulePath>c:\program files\dotnet\shared\Microsoft.NETCore.App\3.1.10\System.ComponentModel.TypeConverter.dll</ModulePath>
      <ModuleTime>2020-10-19T18:23:04Z</ModuleTime>
      <ModuleName>System.ComponentModel.TypeConverter</ModuleName>
      <Classes />
    </Module>
    <Module skippedDueTo="Filter" hash="91-E6-6F-4F-7A-AC-E8-34-A4-D0-97-C5-A3-CA-FB-29-61-B5-3A-A1">
      <ModulePath>c:\program files\dotnet\shared\Microsoft.NETCore.App\3.1.10\System.ComponentModel.dll</ModulePath>
      <ModuleTime>2020-10-19T18:22:38Z</ModuleTime>
      <ModuleName>System.ComponentModel</ModuleName>
      <Classes />
    </Module>
    <Module skippedDueTo="Filter" hash="A8-83-97-52-BE-D8-09-82-55-9E-71-09-3B-AD-E8-3C-3C-F2-D5-1E">
      <ModulePath>c:\program files\dotnet\shared\Microsoft.NETCore.App\3.1.10\System.Reflection.Emit.ILGeneration.dll</ModulePath>
      <ModuleTime>2020-10-19T18:22:58Z</ModuleTime>
      <ModuleName>System.Reflection.Emit.ILGeneration</ModuleName>
      <Classes />
    </Module>
    <Module skippedDueTo="Filter" hash="60-0F-C6-47-FF-94-37-88-89-01-D5-13-C9-B0-70-1B-65-C2-10-6C">
      <ModulePath>c:\program files\dotnet\shared\Microsoft.NETCore.App\3.1.10\System.Reflection.Emit.Lightweight.dll</ModulePath>
      <ModuleTime>2020-10-19T18:22:32Z</ModuleTime>
      <ModuleName>System.Reflection.Emit.Lightweight</ModuleName>
      <Classes />
    </Module>
    <Module skippedDueTo="Filter" hash="CB-68-50-5B-02-B4-0C-42-CF-DC-FF-C6-DE-44-EC-ED-1D-3C-61-C2">
      <ModulePath>c:\program files\dotnet\shared\Microsoft.NETCore.App\3.1.10\System.Reflection.Primitives.dll</ModulePath>
      <ModuleTime>2020-10-19T18:22:32Z</ModuleTime>
      <ModuleName>System.Reflection.Primitives</ModuleName>
      <Classes />
    </Module>
    <Module skippedDueTo="MissingPdb" hash="">
      <ModulePath>RefEmit_InMemoryManifestModule</ModulePath>
      <ModuleTime>0001-01-01T00:00:00</ModuleTime>
      <ModuleName>Anonymously Hosted DynamicMethods Assembly</ModuleName>
      <Classes />
    </Module>
    <Module skippedDueTo="Filter" hash="AD-8A-5D-A6-4F-EB-DB-24-2F-77-06-86-62-57-C6-F8-1E-42-BD-8F">
      <ModulePath>c:\program files\dotnet\shared\Microsoft.NETCore.App\3.1.10\System.Collections.Specialized.dll</ModulePath>
      <ModuleTime>2020-10-19T18:22:38Z</ModuleTime>
      <ModuleName>System.Collections.Specialized</ModuleName>
      <Classes />
    </Module>
    <Module skippedDueTo="Filter" hash="52-3F-1E-85-3B-A0-1C-52-AC-DD-36-1B-47-C7-8D-0F-92-48-85-F0">
      <ModulePath>c:\program files\dotnet\shared\Microsoft.NETCore.App\3.1.10\System.Drawing.Primitives.dll</ModulePath>
      <ModuleTime>2020-10-19T18:23:06Z</ModuleTime>
      <ModuleName>System.Drawing.Primitives</ModuleName>
      <Classes />
    </Module>
    <Module skippedDueTo="Filter" hash="5B-D6-12-65-64-5B-4B-C8-3C-24-43-1D-26-4D-EE-7F-57-46-5E-EC">
      <ModulePath>C:\Program Files\dotnet\shared\Microsoft.NETCore.App\3.1.10\System.IO.dll</ModulePath>
      <ModuleTime>2020-10-19T18:23:08Z</ModuleTime>
      <ModuleName>System.IO</ModuleName>
      <Classes />
    </Module>
    <Module skippedDueTo="Filter" hash="58-7D-28-3C-2C-47-B5-F8-E7-72-46-2D-51-D3-52-94-97-05-5A-7B">
      <ModulePath>C:\Program Files\dotnet\shared\Microsoft.NETCore.App\3.1.10\System.Dynamic.Runtime.dll</ModulePath>
      <ModuleTime>2020-10-19T18:23:06Z</ModuleTime>
      <ModuleName>System.Dynamic.Runtime</ModuleName>
      <Classes />
    </Module>
    <Module skippedDueTo="Filter" hash="17-40-DF-08-0B-F8-67-82-95-56-59-7F-02-ED-7B-77-95-C3-38-68">
      <ModulePath>C:\Program Files\dotnet\shared\Microsoft.NETCore.App\3.1.10\System.Linq.Expressions.dll</ModulePath>
      <ModuleTime>2020-10-19T18:23:10Z</ModuleTime>
      <ModuleName>System.Linq.Expressions</ModuleName>
      <Classes />
    </Module>
    <Module skippedDueTo="Filter" hash="4F-FD-15-EF-5C-47-4C-01-F4-C9-4F-C0-25-A6-0D-ED-18-E2-51-DB">
      <ModulePath>C:\Program Files\dotnet\shared\Microsoft.NETCore.App\3.1.10\System.Runtime.Serialization.Formatters.dll</ModulePath>
      <ModuleTime>2020-10-19T18:23:00Z</ModuleTime>
      <ModuleName>System.Runtime.Serialization.Formatters</ModuleName>
      <Classes />
    </Module>
    <Module skippedDueTo="Filter" hash="B0-D9-E1-0C-9B-FE-2F-97-FA-8C-25-36-83-4C-64-FB-82-5F-63-DF">
      <ModulePath>C:\Program Files\dotnet\shared\Microsoft.NETCore.App\3.1.10\System.Runtime.Numerics.dll</ModulePath>
      <ModuleTime>2020-10-19T18:23:02Z</ModuleTime>
      <ModuleName>System.Runtime.Numerics</ModuleName>
      <Classes />
    </Module>
    <Module skippedDueTo="Filter" hash="23-49-E6-89-56-87-96-35-03-12-C7-33-C6-3E-3A-D8-63-D0-BD-F0">
      <ModulePath>C:\Program Files\dotnet\shared\Microsoft.NETCore.App\3.1.10\System.Reflection.dll</ModulePath>
      <ModuleTime>2020-10-19T18:22:58Z</ModuleTime>
      <ModuleName>System.Reflection</ModuleName>
      <Classes />
    </Module>
    <Module skippedDueTo="Filter" hash="1A-3A-A4-9D-C4-E9-95-A7-A5-02-F5-AD-75-E1-03-FF-BE-83-44-12">
      <ModulePath>C:\Program Files\dotnet\shared\Microsoft.NETCore.App\3.1.10\System.Linq.dll</ModulePath>
      <ModuleTime>2020-10-19T18:23:08Z</ModuleTime>
      <ModuleName>System.Linq</ModuleName>
      <Classes />
    </Module>
    <Module skippedDueTo="Filter" hash="7A-1A-7A-CC-DD-D4-BE-67-B3-47-A6-AB-A4-38-DD-0F-FD-0F-95-0D">
      <ModulePath>C:\Program Files\dotnet\shared\Microsoft.NETCore.App\3.1.10\System.Reflection.Extensions.dll</ModulePath>
      <ModuleTime>2020-10-19T18:22:32Z</ModuleTime>
      <ModuleName>System.Reflection.Extensions</ModuleName>
      <Classes />
    </Module>
    <Module skippedDueTo="Filter" hash="AA-D6-01-D4-57-88-77-6C-FE-61-80-A9-2B-E7-90-AB-2E-F1-5C-4E">
      <ModulePath>C:\Program Files\dotnet\shared\Microsoft.NETCore.App\3.1.10\System.ComponentModel.TypeConverter.dll</ModulePath>
      <ModuleTime>2020-10-19T18:23:04Z</ModuleTime>
      <ModuleName>System.ComponentModel.TypeConverter</ModuleName>
      <Classes />
    </Module>
    <Module skippedDueTo="Filter" hash="98-DC-99-B3-10-6C-E2-3A-5F-0E-7F-C3-CE-BB-E6-75-27-68-DC-A1">
      <ModulePath>C:\Program Files\dotnet\shared\Microsoft.NETCore.App\3.1.10\System.ObjectModel.dll</ModulePath>
      <ModuleTime>2020-10-19T18:22:54Z</ModuleTime>
      <ModuleName>System.ObjectModel</ModuleName>
      <Classes />
    </Module>
    <Module skippedDueTo="Filter" hash="AD-8A-5D-A6-4F-EB-DB-24-2F-77-06-86-62-57-C6-F8-1E-42-BD-8F">
      <ModulePath>C:\Program Files\dotnet\shared\Microsoft.NETCore.App\3.1.10\System.Collections.Specialized.dll</ModulePath>
      <ModuleTime>2020-10-19T18:22:38Z</ModuleTime>
      <ModuleName>System.Collections.Specialized</ModuleName>
      <Classes />
    </Module>
    <Module skippedDueTo="Filter" hash="52-3F-1E-85-3B-A0-1C-52-AC-DD-36-1B-47-C7-8D-0F-92-48-85-F0">
      <ModulePath>C:\Program Files\dotnet\shared\Microsoft.NETCore.App\3.1.10\System.Drawing.Primitives.dll</ModulePath>
      <ModuleTime>2020-10-19T18:23:06Z</ModuleTime>
      <ModuleName>System.Drawing.Primitives</ModuleName>
      <Classes />
    </Module>
    <Module skippedDueTo="Filter" hash="A8-83-97-52-BE-D8-09-82-55-9E-71-09-3B-AD-E8-3C-3C-F2-D5-1E">
      <ModulePath>C:\Program Files\dotnet\shared\Microsoft.NETCore.App\3.1.10\System.Reflection.Emit.ILGeneration.dll</ModulePath>
      <ModuleTime>2020-10-19T18:22:58Z</ModuleTime>
      <ModuleName>System.Reflection.Emit.ILGeneration</ModuleName>
      <Classes />
    </Module>
    <Module skippedDueTo="Filter" hash="60-0F-C6-47-FF-94-37-88-89-01-D5-13-C9-B0-70-1B-65-C2-10-6C">
      <ModulePath>C:\Program Files\dotnet\shared\Microsoft.NETCore.App\3.1.10\System.Reflection.Emit.Lightweight.dll</ModulePath>
      <ModuleTime>2020-10-19T18:22:32Z</ModuleTime>
      <ModuleName>System.Reflection.Emit.Lightweight</ModuleName>
      <Classes />
    </Module>
    <Module skippedDueTo="Filter" hash="CB-68-50-5B-02-B4-0C-42-CF-DC-FF-C6-DE-44-EC-ED-1D-3C-61-C2">
      <ModulePath>C:\Program Files\dotnet\shared\Microsoft.NETCore.App\3.1.10\System.Reflection.Primitives.dll</ModulePath>
      <ModuleTime>2020-10-19T18:22:32Z</ModuleTime>
      <ModuleName>System.Reflection.Primitives</ModuleName>
      <Classes />
    </Module>
    <Module skippedDueTo="MissingPdb" hash="">
      <ModulePath>RefEmit_InMemoryManifestModule</ModulePath>
      <ModuleTime>0001-01-01T00:00:00</ModuleTime>
      <ModuleName>Anonymously Hosted DynamicMethods Assembly</ModuleName>
      <Classes />
    </Module>
    <Module skippedDueTo="Filter" hash="BE-CC-6A-8E-2C-E2-78-C3-CB-7E-9F-DF-A1-5E-39-E7-57-1F-78-C2">
      <ModulePath>C:\Program Files\dotnet\shared\Microsoft.NETCore.App\3.1.10\System.Collections.NonGeneric.dll</ModulePath>
      <ModuleTime>2020-10-19T18:23:02Z</ModuleTime>
      <ModuleName>System.Collections.NonGeneric</ModuleName>
      <Classes />
    </Module>
    <Module skippedDueTo="Filter" hash="A4-47-4D-5B-7D-B1-B1-30-92-13-31-F4-97-39-B9-18-8C-D2-25-90">
      <ModulePath>C:\Program Files\dotnet\shared\Microsoft.NETCore.App\3.1.10\System.IO.FileSystem.dll</ModulePath>
      <ModuleTime>2020-10-19T18:22:40Z</ModuleTime>
      <ModuleName>System.IO.FileSystem</ModuleName>
      <Classes />
    </Module>
    <Module skippedDueTo="Filter" hash="3F-F5-6E-CE-86-1B-17-9D-17-56-8E-5B-FB-58-05-3C-D3-54-6D-D8">
      <ModulePath>C:\Program Files\dotnet\shared\Microsoft.NETCore.App\3.1.10\System.Runtime.Loader.dll</ModulePath>
      <ModuleTime>2020-10-19T18:23:02Z</ModuleTime>
      <ModuleName>System.Runtime.Loader</ModuleName>
      <Classes />
    </Module>
    <Module hash="B7-1D-40-9A-EB-95-E7-D6-7D-5A-B2-06-61-B7-2E-66-2E-63-08-09">
      <Summary numSequencePoints="1508" visitedSequencePoints="687" numBranchPoints="1139" visitedBranchPoints="451" sequenceCoverage="45.56" branchCoverage="39.60" maxCyclomaticComplexity="22" minCyclomaticComplexity="1" maxCrapScore="342" minCrapScore="1" visitedClasses="30" numClasses="56" visitedMethods="240" numMethods="417" />
      <ModulePath>C:\Users\Etienne\Desktop\TACFDEV31 - Qualité logicielle dans les développements objets\projets-tp\csharp\banque-csharp\bin\Debug\netcoreapp3.1\NUnit3.TestAdapter.dll</ModulePath>
      <ModuleTime>2020-07-11T15:23:34Z</ModuleTime>
      <ModuleName>NUnit3.TestAdapter</ModuleName>
      <Files>
        <File uid="1" fullPath="D:\repos\NUnit\nunit3-vs-adapter\src\NUnitTestAdapter\AdapterSettings.cs" />
        <File uid="2" fullPath="D:\repos\NUnit\nunit3-vs-adapter\src\NUnitTestAdapter\CategoryList.cs" />
        <File uid="4" fullPath="D:\repos\NUnit\nunit3-vs-adapter\src\NUnitTestAdapter\EmbeddedAssemblyResolution.cs" />
        <File uid="6" fullPath="D:\repos\NUnit\nunit3-vs-adapter\src\NUnitTestAdapter\NavigationData.cs" />
        <File uid="7" fullPath="D:\repos\NUnit\nunit3-vs-adapter\src\NUnitTestAdapter\NavigationDataProvider.cs" />
        <File uid="8" fullPath="D:\repos\NUnit\nunit3-vs-adapter\src\NUnitTestAdapter\NUnit3TestDiscoverer.cs" />
        <File uid="9" fullPath="D:\repos\NUnit\nunit3-vs-adapter\src\NUnitTestAdapter\NUnit3TestExecutor.cs" />
        <File uid="11" fullPath="D:\repos\NUnit\nunit3-vs-adapter\src\NUnitTestAdapter\NUnitEventListener.cs" />
        <File uid="12" fullPath="D:\repos\NUnit\nunit3-vs-adapter\src\NUnitTestAdapter\NUnitTestAdapter.cs" />
        <File uid="15" fullPath="D:\repos\NUnit\nunit3-vs-adapter\src\NUnitTestAdapter\NUnitTestFilterBuilder.cs" />
        <File uid="16" fullPath="D:\repos\NUnit\nunit3-vs-adapter\src\NUnitTestAdapter\TestConverter.cs" />
        <File uid="19" fullPath="D:\repos\NUnit\nunit3-vs-adapter\src\NUnitTestAdapter\TestLogger.cs" />
        <File uid="20" fullPath="D:\repos\NUnit\nunit3-vs-adapter\src\NUnitTestAdapter\TfsTestFilter.cs" />
        <File uid="25" fullPath="D:\repos\NUnit\nunit3-vs-adapter\src\NUnitTestAdapter\TraitsFeature.cs" />
        <File uid="29" fullPath="D:\repos\NUnit\nunit3-vs-adapter\src\NUnitTestAdapter\TryParse.cs" />
        <File uid="30" fullPath="D:\repos\NUnit\nunit3-vs-adapter\src\NUnitTestAdapter\XmlHelper.cs" />
        <File uid="31" fullPath="D:\repos\NUnit\nunit3-vs-adapter\src\NUnitTestAdapter\NUnitEngine\DiscoveryExtensions.cs" />
        <File uid="32" fullPath="D:\repos\NUnit\nunit3-vs-adapter\src\NUnitTestAdapter\NUnitEngine\NUnitEngineAdapter.cs" />
        <File uid="33" fullPath="D:\repos\NUnit\nunit3-vs-adapter\src\NUnitTestAdapter\NUnitEngine\NUnitResults.cs" />
        <File uid="34" fullPath="D:\repos\NUnit\nunit3-vs-adapter\src\NUnitTestAdapter\NUnitEngine\NUnitTestCase.cs" />
        <File uid="35" fullPath="D:\repos\NUnit\nunit3-vs-adapter\src\NUnitTestAdapter\NUnitEngine\NUnitTestEvent.cs" />
        <File uid="40" fullPath="D:\repos\NUnit\nunit3-vs-adapter\src\NUnitTestAdapter\NUnitEngine\NUnitTestEventHeader.cs" />
        <File uid="41" fullPath="D:\repos\NUnit\nunit3-vs-adapter\src\NUnitTestAdapter\NUnitEngine\NUnitTestEventStartTest.cs" />
        <File uid="42" fullPath="D:\repos\NUnit\nunit3-vs-adapter\src\NUnitTestAdapter\NUnitEngine\NUnitTestEventSuiteFinished.cs" />
        <File uid="43" fullPath="D:\repos\NUnit\nunit3-vs-adapter\src\NUnitTestAdapter\NUnitEngine\NUnitTestEventTestCase.cs" />
        <File uid="44" fullPath="D:\repos\NUnit\nunit3-vs-adapter\src\NUnitTestAdapter\NUnitEngine\NUnitTestEventTestOutput.cs" />
        <File uid="45" fullPath="D:\repos\NUnit\nunit3-vs-adapter\src\NUnitTestAdapter\NUnitEngine\NUnitTestNode.cs" />
        <File uid="46" fullPath="D:\repos\NUnit\nunit3-vs-adapter\src\NUnitTestAdapter\Metadata\DirectReflectionMetadataProvider.cs" />
        <File uid="48" fullPath="D:\repos\NUnit\nunit3-vs-adapter\src\NUnitTestAdapter\Metadata\TypeInfo.cs" />
        <File uid="49" fullPath="D:\repos\NUnit\nunit3-vs-adapter\src\NUnitTestAdapter\Internal\Extensions.cs" />
        <File uid="50" fullPath="D:\repos\NUnit\nunit3-vs-adapter\src\NUnitTestAdapter\Internal\Stackframe.cs" />
        <File uid="51" fullPath="D:\repos\NUnit\nunit3-vs-adapter\src\NUnitTestAdapter\Internal\StackframeParser.cs" />
        <File uid="52" fullPath="D:\repos\NUnit\nunit3-vs-adapter\src\NUnitTestAdapter\Internal\Stacktrace.cs" />
        <File uid="54" fullPath="D:\repos\NUnit\nunit3-vs-adapter\src\NUnitTestAdapter\Dump\DumpXml.cs" />
      </Files>
      <Classes>
        <Class>
          <Summary numSequencePoints="0" visitedSequencePoints="0" numBranchPoints="0" visitedBranchPoints="0" sequenceCoverage="0" branchCoverage="0" maxCyclomaticComplexity="0" minCyclomaticComplexity="0" maxCrapScore="0" minCrapScore="0" visitedClasses="0" numClasses="0" visitedMethods="0" numMethods="0" />
          <FullName>&lt;Module&gt;</FullName>
          <Methods />
        </Class>
        <Class>
          <Summary numSequencePoints="0" visitedSequencePoints="0" numBranchPoints="0" visitedBranchPoints="0" sequenceCoverage="0" branchCoverage="0" maxCyclomaticComplexity="5" minCyclomaticComplexity="1" maxCrapScore="30" minCrapScore="2" visitedClasses="0" numClasses="0" visitedMethods="0" numMethods="0" />
          <FullName>&lt;&gt;f__AnonymousType0`2</FullName>
          <Methods>
            <Method visited="false" cyclomaticComplexity="1" nPathComplexity="0" sequenceCoverage="0" branchCoverage="0" crapScore="2" isConstructor="false" isStatic="false" isGetter="true" isSetter="false">
              <Summary numSequencePoints="0" visitedSequencePoints="0" numBranchPoints="0" visitedBranchPoints="0" sequenceCoverage="0" branchCoverage="0" maxCyclomaticComplexity="1" minCyclomaticComplexity="1" maxCrapScore="2" minCrapScore="2" visitedClasses="0" numClasses="0" visitedMethods="0" numMethods="0" />
              <MetadataToken>100663297</MetadataToken>
              <Name>&lt;t&gt;j__TPar &lt;&gt;f__AnonymousType0`2::get_t()</Name>
              <SequencePoints />
              <BranchPoints />
              <MethodPoint vc="0" uspid="1" ordinal="0" offset="0" />
            </Method>
            <Method visited="false" cyclomaticComplexity="1" nPathComplexity="0" sequenceCoverage="0" branchCoverage="0" crapScore="2" isConstructor="false" isStatic="false" isGetter="true" isSetter="false">
              <Summary numSequencePoints="0" visitedSequencePoints="0" numBranchPoints="0" visitedBranchPoints="0" sequenceCoverage="0" branchCoverage="0" maxCyclomaticComplexity="1" minCyclomaticComplexity="1" maxCrapScore="2" minCrapScore="2" visitedClasses="0" numClasses="0" visitedMethods="0" numMethods="0" />
              <MetadataToken>100663298</MetadataToken>
              <Name>&lt;name&gt;j__TPar &lt;&gt;f__AnonymousType0`2::get_name()</Name>
              <SequencePoints />
              <BranchPoints />
              <MethodPoint vc="0" uspid="2" ordinal="0" offset="0" />
            </Method>
            <Method visited="false" cyclomaticComplexity="1" nPathComplexity="0" sequenceCoverage="0" branchCoverage="0" crapScore="2" isConstructor="true" isStatic="false" isGetter="false" isSetter="false">
              <Summary numSequencePoints="0" visitedSequencePoints="0" numBranchPoints="0" visitedBranchPoints="0" sequenceCoverage="0" branchCoverage="0" maxCyclomaticComplexity="1" minCyclomaticComplexity="1" maxCrapScore="2" minCrapScore="2" visitedClasses="0" numClasses="0" visitedMethods="0" numMethods="0" />
              <MetadataToken>100663299</MetadataToken>
              <Name>System.Void &lt;&gt;f__AnonymousType0`2::.ctor(&lt;t&gt;j__TPar,&lt;name&gt;j__TPar)</Name>
              <SequencePoints />
              <BranchPoints />
              <MethodPoint vc="0" uspid="3" ordinal="0" offset="0" />
            </Method>
            <Method visited="false" cyclomaticComplexity="3" nPathComplexity="0" sequenceCoverage="0" branchCoverage="0" crapScore="12" isConstructor="false" isStatic="false" isGetter="false" isSetter="false">
              <Summary numSequencePoints="0" visitedSequencePoints="0" numBranchPoints="0" visitedBranchPoints="0" sequenceCoverage="0" branchCoverage="0" maxCyclomaticComplexity="3" minCyclomaticComplexity="3" maxCrapScore="12" minCrapScore="12" visitedClasses="0" numClasses="0" visitedMethods="0" numMethods="0" />
              <MetadataToken>100663300</MetadataToken>
              <Name>System.Boolean &lt;&gt;f__AnonymousType0`2::Equals(System.Object)</Name>
              <SequencePoints />
              <BranchPoints />
              <MethodPoint vc="0" uspid="4" ordinal="0" offset="0" />
            </Method>
            <Method visited="false" cyclomaticComplexity="1" nPathComplexity="0" sequenceCoverage="0" branchCoverage="0" crapScore="2" isConstructor="false" isStatic="false" isGetter="false" isSetter="false">
              <Summary numSequencePoints="0" visitedSequencePoints="0" numBranchPoints="0" visitedBranchPoints="0" sequenceCoverage="0" branchCoverage="0" maxCyclomaticComplexity="1" minCyclomaticComplexity="1" maxCrapScore="2" minCrapScore="2" visitedClasses="0" numClasses="0" visitedMethods="0" numMethods="0" />
              <MetadataToken>100663301</MetadataToken>
              <Name>System.Int32 &lt;&gt;f__AnonymousType0`2::GetHashCode()</Name>
              <SequencePoints />
              <BranchPoints />
              <MethodPoint vc="0" uspid="5" ordinal="0" offset="0" />
            </Method>
            <Method visited="false" cyclomaticComplexity="5" nPathComplexity="0" sequenceCoverage="0" branchCoverage="0" crapScore="30" isConstructor="false" isStatic="false" isGetter="false" isSetter="false">
              <Summary numSequencePoints="0" visitedSequencePoints="0" numBranchPoints="0" visitedBranchPoints="0" sequenceCoverage="0" branchCoverage="0" maxCyclomaticComplexity="5" minCyclomaticComplexity="5" maxCrapScore="30" minCrapScore="30" visitedClasses="0" numClasses="0" visitedMethods="0" numMethods="0" />
              <MetadataToken>100663302</MetadataToken>
              <Name>System.String &lt;&gt;f__AnonymousType0`2::ToString()</Name>
              <SequencePoints />
              <BranchPoints />
              <MethodPoint vc="0" uspid="6" ordinal="0" offset="0" />
            </Method>
          </Methods>
        </Class>
        <Class>
          <Summary numSequencePoints="0" visitedSequencePoints="0" numBranchPoints="0" visitedBranchPoints="0" sequenceCoverage="0" branchCoverage="0" maxCyclomaticComplexity="5" minCyclomaticComplexity="1" maxCrapScore="30" minCrapScore="2" visitedClasses="0" numClasses="0" visitedMethods="0" numMethods="0" />
          <FullName>&lt;&gt;f__AnonymousType1`2</FullName>
          <Methods>
            <Method visited="false" cyclomaticComplexity="1" nPathComplexity="0" sequenceCoverage="0" branchCoverage="0" crapScore="2" isConstructor="false" isStatic="false" isGetter="true" isSetter="false">
              <Summary numSequencePoints="0" visitedSequencePoints="0" numBranchPoints="0" visitedBranchPoints="0" sequenceCoverage="0" branchCoverage="0" maxCyclomaticComplexity="1" minCyclomaticComplexity="1" maxCrapScore="2" minCrapScore="2" visitedClasses="0" numClasses="0" visitedMethods="0" numMethods="0" />
              <MetadataToken>100663303</MetadataToken>
              <Name>&lt;trait&gt;j__TPar &lt;&gt;f__AnonymousType1`2::get_trait()</Name>
              <SequencePoints />
              <BranchPoints />
              <MethodPoint vc="0" uspid="7" ordinal="0" offset="0" />
            </Method>
            <Method visited="false" cyclomaticComplexity="1" nPathComplexity="0" sequenceCoverage="0" branchCoverage="0" crapScore="2" isConstructor="false" isStatic="false" isGetter="true" isSetter="false">
              <Summary numSequencePoints="0" visitedSequencePoints="0" numBranchPoints="0" visitedBranchPoints="0" sequenceCoverage="0" branchCoverage="0" maxCyclomaticComplexity="1" minCyclomaticComplexity="1" maxCrapScore="2" minCrapScore="2" visitedClasses="0" numClasses="0" visitedMethods="0" numMethods="0" />
              <MetadataToken>100663304</MetadataToken>
              <Name>&lt;name&gt;j__TPar &lt;&gt;f__AnonymousType1`2::get_name()</Name>
              <SequencePoints />
              <BranchPoints />
              <MethodPoint vc="0" uspid="8" ordinal="0" offset="0" />
            </Method>
            <Method visited="false" cyclomaticComplexity="1" nPathComplexity="0" sequenceCoverage="0" branchCoverage="0" crapScore="2" isConstructor="true" isStatic="false" isGetter="false" isSetter="false">
              <Summary numSequencePoints="0" visitedSequencePoints="0" numBranchPoints="0" visitedBranchPoints="0" sequenceCoverage="0" branchCoverage="0" maxCyclomaticComplexity="1" minCyclomaticComplexity="1" maxCrapScore="2" minCrapScore="2" visitedClasses="0" numClasses="0" visitedMethods="0" numMethods="0" />
              <MetadataToken>100663305</MetadataToken>
              <Name>System.Void &lt;&gt;f__AnonymousType1`2::.ctor(&lt;trait&gt;j__TPar,&lt;name&gt;j__TPar)</Name>
              <SequencePoints />
              <BranchPoints />
              <MethodPoint vc="0" uspid="9" ordinal="0" offset="0" />
            </Method>
            <Method visited="false" cyclomaticComplexity="3" nPathComplexity="0" sequenceCoverage="0" branchCoverage="0" crapScore="12" isConstructor="false" isStatic="false" isGetter="false" isSetter="false">
              <Summary numSequencePoints="0" visitedSequencePoints="0" numBranchPoints="0" visitedBranchPoints="0" sequenceCoverage="0" branchCoverage="0" maxCyclomaticComplexity="3" minCyclomaticComplexity="3" maxCrapScore="12" minCrapScore="12" visitedClasses="0" numClasses="0" visitedMethods="0" numMethods="0" />
              <MetadataToken>100663306</MetadataToken>
              <Name>System.Boolean &lt;&gt;f__AnonymousType1`2::Equals(System.Object)</Name>
              <SequencePoints />
              <BranchPoints />
              <MethodPoint vc="0" uspid="10" ordinal="0" offset="0" />
            </Method>
            <Method visited="false" cyclomaticComplexity="1" nPathComplexity="0" sequenceCoverage="0" branchCoverage="0" crapScore="2" isConstructor="false" isStatic="false" isGetter="false" isSetter="false">
              <Summary numSequencePoints="0" visitedSequencePoints="0" numBranchPoints="0" visitedBranchPoints="0" sequenceCoverage="0" branchCoverage="0" maxCyclomaticComplexity="1" minCyclomaticComplexity="1" maxCrapScore="2" minCrapScore="2" visitedClasses="0" numClasses="0" visitedMethods="0" numMethods="0" />
              <MetadataToken>100663307</MetadataToken>
              <Name>System.Int32 &lt;&gt;f__AnonymousType1`2::GetHashCode()</Name>
              <SequencePoints />
              <BranchPoints />
              <MethodPoint vc="0" uspid="11" ordinal="0" offset="0" />
            </Method>
            <Method visited="false" cyclomaticComplexity="5" nPathComplexity="0" sequenceCoverage="0" branchCoverage="0" crapScore="30" isConstructor="false" isStatic="false" isGetter="false" isSetter="false">
              <Summary numSequencePoints="0" visitedSequencePoints="0" numBranchPoints="0" visitedBranchPoints="0" sequenceCoverage="0" branchCoverage="0" maxCyclomaticComplexity="5" minCyclomaticComplexity="5" maxCrapScore="30" minCrapScore="30" visitedClasses="0" numClasses="0" visitedMethods="0" numMethods="0" />
              <MetadataToken>100663308</MetadataToken>
              <Name>System.String &lt;&gt;f__AnonymousType1`2::ToString()</Name>
              <SequencePoints />
              <BranchPoints />
              <MethodPoint vc="0" uspid="12" ordinal="0" offset="0" />
            </Method>
          </Methods>
        </Class>
        <Class>
          <Summary numSequencePoints="0" visitedSequencePoints="0" numBranchPoints="0" visitedBranchPoints="0" sequenceCoverage="0" branchCoverage="0" maxCyclomaticComplexity="5" minCyclomaticComplexity="1" maxCrapScore="30" minCrapScore="2" visitedClasses="0" numClasses="0" visitedMethods="0" numMethods="0" />
          <FullName>&lt;&gt;f__AnonymousType2`2</FullName>
          <Methods>
            <Method visited="false" cyclomaticComplexity="1" nPathComplexity="0" sequenceCoverage="0" branchCoverage="0" crapScore="2" isConstructor="false" isStatic="false" isGetter="true" isSetter="false">
              <Summary numSequencePoints="0" visitedSequencePoints="0" numBranchPoints="0" visitedBranchPoints="0" sequenceCoverage="0" branchCoverage="0" maxCyclomaticComplexity="1" minCyclomaticComplexity="1" maxCrapScore="2" minCrapScore="2" visitedClasses="0" numClasses="0" visitedMethods="0" numMethods="0" />
              <MetadataToken>100663309</MetadataToken>
              <Name>&lt;&lt;&gt;h__TransparentIdentifier0&gt;j__TPar &lt;&gt;f__AnonymousType2`2::get_&lt;&gt;h__TransparentIdentifier0()</Name>
              <SequencePoints />
              <BranchPoints />
              <MethodPoint vc="0" uspid="13" ordinal="0" offset="0" />
            </Method>
            <Method visited="false" cyclomaticComplexity="1" nPathComplexity="0" sequenceCoverage="0" branchCoverage="0" crapScore="2" isConstructor="false" isStatic="false" isGetter="true" isSetter="false">
              <Summary numSequencePoints="0" visitedSequencePoints="0" numBranchPoints="0" visitedBranchPoints="0" sequenceCoverage="0" branchCoverage="0" maxCyclomaticComplexity="1" minCyclomaticComplexity="1" maxCrapScore="2" minCrapScore="2" visitedClasses="0" numClasses="0" visitedMethods="0" numMethods="0" />
              <MetadataToken>100663310</MetadataToken>
              <Name>&lt;value&gt;j__TPar &lt;&gt;f__AnonymousType2`2::get_value()</Name>
              <SequencePoints />
              <BranchPoints />
              <MethodPoint vc="0" uspid="14" ordinal="0" offset="0" />
            </Method>
            <Method visited="false" cyclomaticComplexity="1" nPathComplexity="0" sequenceCoverage="0" branchCoverage="0" crapScore="2" isConstructor="true" isStatic="false" isGetter="false" isSetter="false">
              <Summary numSequencePoints="0" visitedSequencePoints="0" numBranchPoints="0" visitedBranchPoints="0" sequenceCoverage="0" branchCoverage="0" maxCyclomaticComplexity="1" minCyclomaticComplexity="1" maxCrapScore="2" minCrapScore="2" visitedClasses="0" numClasses="0" visitedMethods="0" numMethods="0" />
              <MetadataToken>100663311</MetadataToken>
              <Name>System.Void &lt;&gt;f__AnonymousType2`2::.ctor(&lt;&lt;&gt;h__TransparentIdentifier0&gt;j__TPar,&lt;value&gt;j__TPar)</Name>
              <SequencePoints />
              <BranchPoints />
              <MethodPoint vc="0" uspid="15" ordinal="0" offset="0" />
            </Method>
            <Method visited="false" cyclomaticComplexity="3" nPathComplexity="0" sequenceCoverage="0" branchCoverage="0" crapScore="12" isConstructor="false" isStatic="false" isGetter="false" isSetter="false">
              <Summary numSequencePoints="0" visitedSequencePoints="0" numBranchPoints="0" visitedBranchPoints="0" sequenceCoverage="0" branchCoverage="0" maxCyclomaticComplexity="3" minCyclomaticComplexity="3" maxCrapScore="12" minCrapScore="12" visitedClasses="0" numClasses="0" visitedMethods="0" numMethods="0" />
              <MetadataToken>100663312</MetadataToken>
              <Name>System.Boolean &lt;&gt;f__AnonymousType2`2::Equals(System.Object)</Name>
              <SequencePoints />
              <BranchPoints />
              <MethodPoint vc="0" uspid="16" ordinal="0" offset="0" />
            </Method>
            <Method visited="false" cyclomaticComplexity="1" nPathComplexity="0" sequenceCoverage="0" branchCoverage="0" crapScore="2" isConstructor="false" isStatic="false" isGetter="false" isSetter="false">
              <Summary numSequencePoints="0" visitedSequencePoints="0" numBranchPoints="0" visitedBranchPoints="0" sequenceCoverage="0" branchCoverage="0" maxCyclomaticComplexity="1" minCyclomaticComplexity="1" maxCrapScore="2" minCrapScore="2" visitedClasses="0" numClasses="0" visitedMethods="0" numMethods="0" />
              <MetadataToken>100663313</MetadataToken>
              <Name>System.Int32 &lt;&gt;f__AnonymousType2`2::GetHashCode()</Name>
              <SequencePoints />
              <BranchPoints />
              <MethodPoint vc="0" uspid="17" ordinal="0" offset="0" />
            </Method>
            <Method visited="false" cyclomaticComplexity="5" nPathComplexity="0" sequenceCoverage="0" branchCoverage="0" crapScore="30" isConstructor="false" isStatic="false" isGetter="false" isSetter="false">
              <Summary numSequencePoints="0" visitedSequencePoints="0" numBranchPoints="0" visitedBranchPoints="0" sequenceCoverage="0" branchCoverage="0" maxCyclomaticComplexity="5" minCyclomaticComplexity="5" maxCrapScore="30" minCrapScore="30" visitedClasses="0" numClasses="0" visitedMethods="0" numMethods="0" />
              <MetadataToken>100663314</MetadataToken>
              <Name>System.String &lt;&gt;f__AnonymousType2`2::ToString()</Name>
              <SequencePoints />
              <BranchPoints />
              <MethodPoint vc="0" uspid="18" ordinal="0" offset="0" />
            </Method>
          </Methods>
        </Class>
        <Class>
          <Summary numSequencePoints="0" visitedSequencePoints="0" numBranchPoints="0" visitedBranchPoints="0" sequenceCoverage="0" branchCoverage="0" maxCyclomaticComplexity="0" minCyclomaticComplexity="0" maxCrapScore="0" minCrapScore="0" visitedClasses="0" numClasses="0" visitedMethods="0" numMethods="0" />
          <FullName>NUnit.Common.PackageSettings</FullName>
          <Methods />
        </Class>
        <Class>
          <Summary numSequencePoints="258" visitedSequencePoints="178" numBranchPoints="182" visitedBranchPoints="119" sequenceCoverage="68.99" branchCoverage="65.38" maxCyclomaticComplexity="14" minCyclomaticComplexity="1" maxCrapScore="15.38" minCrapScore="1" visitedClasses="1" numClasses="1" visitedMethods="87" numMethods="104" />
          <FullName>NUnit.VisualStudio.TestAdapter.AdapterSettings</FullName>
          <Methods>
            <Method visited="false" cyclomaticComplexity="1" nPathComplexity="0" sequenceCoverage="0" branchCoverage="0" crapScore="2" isConstructor="false" isStatic="false" isGetter="true" isSetter="false">
              <Summary numSequencePoints="1" visitedSequencePoints="0" numBranchPoints="1" visitedBranchPoints="0" sequenceCoverage="0" branchCoverage="0" maxCyclomaticComplexity="1" minCyclomaticComplexity="1" maxCrapScore="2" minCrapScore="2" visitedClasses="0" numClasses="0" visitedMethods="0" numMethods="1" />
              <MetadataToken>100663364</MetadataToken>
              <Name>System.Int32 NUnit.VisualStudio.TestAdapter.AdapterSettings::get_MaxCpuCount()</Name>
              <FileRef uid="1" />
              <SequencePoints>
                <SequencePoint vc="0" uspid="19" ordinal="0" offset="0" sl="139" sc="34" el="139" ec="38" bec="0" bev="0" fileid="1" />
              </SequencePoints>
              <BranchPoints />
              <MethodPoint xsi:type="SequencePoint" vc="0" uspid="19" ordinal="0" offset="0" sl="139" sc="34" el="139" ec="38" bec="0" bev="0" fileid="1" />
            </Method>
            <Method visited="true" cyclomaticComplexity="1" nPathComplexity="0" sequenceCoverage="100" branchCoverage="100" crapScore="1" isConstructor="false" isStatic="false" isGetter="false" isSetter="true">
              <Summary numSequencePoints="1" visitedSequencePoints="1" numBranchPoints="1" visitedBranchPoints="1" sequenceCoverage="100" branchCoverage="100" maxCyclomaticComplexity="1" minCyclomaticComplexity="1" maxCrapScore="1" minCrapScore="1" visitedClasses="0" numClasses="0" visitedMethods="1" numMethods="1" />
              <MetadataToken>100663365</MetadataToken>
              <Name>System.Void NUnit.VisualStudio.TestAdapter.AdapterSettings::set_MaxCpuCount(System.Int32)</Name>
              <FileRef uid="1" />
              <SequencePoints>
                <SequencePoint vc="1" uspid="20" ordinal="0" offset="0" sl="139" sc="39" el="139" ec="51" bec="0" bev="0" fileid="1" />
              </SequencePoints>
              <BranchPoints />
              <MethodPoint xsi:type="SequencePoint" vc="1" uspid="20" ordinal="0" offset="0" sl="139" sc="39" el="139" ec="51" bec="0" bev="0" fileid="1" />
            </Method>
            <Method visited="false" cyclomaticComplexity="1" nPathComplexity="0" sequenceCoverage="0" branchCoverage="0" crapScore="2" isConstructor="false" isStatic="false" isGetter="true" isSetter="false">
              <Summary numSequencePoints="1" visitedSequencePoints="0" numBranchPoints="1" visitedBranchPoints="0" sequenceCoverage="0" branchCoverage="0" maxCyclomaticComplexity="1" minCyclomaticComplexity="1" maxCrapScore="2" minCrapScore="2" visitedClasses="0" numClasses="0" visitedMethods="0" numMethods="1" />
              <MetadataToken>100663366</MetadataToken>
              <Name>System.String NUnit.VisualStudio.TestAdapter.AdapterSettings::get_ResultsDirectory()</Name>
              <FileRef uid="1" />
              <SequencePoints>
                <SequencePoint vc="0" uspid="21" ordinal="0" offset="0" sl="141" sc="42" el="141" ec="46" bec="0" bev="0" fileid="1" />
              </SequencePoints>
              <BranchPoints />
              <MethodPoint xsi:type="SequencePoint" vc="0" uspid="21" ordinal="0" offset="0" sl="141" sc="42" el="141" ec="46" bec="0" bev="0" fileid="1" />
            </Method>
            <Method visited="true" cyclomaticComplexity="1" nPathComplexity="0" sequenceCoverage="100" branchCoverage="100" crapScore="1" isConstructor="false" isStatic="false" isGetter="false" isSetter="true">
              <Summary numSequencePoints="1" visitedSequencePoints="1" numBranchPoints="1" visitedBranchPoints="1" sequenceCoverage="100" branchCoverage="100" maxCyclomaticComplexity="1" minCyclomaticComplexity="1" maxCrapScore="1" minCrapScore="1" visitedClasses="0" numClasses="0" visitedMethods="1" numMethods="1" />
              <MetadataToken>100663367</MetadataToken>
              <Name>System.Void NUnit.VisualStudio.TestAdapter.AdapterSettings::set_ResultsDirectory(System.String)</Name>
              <FileRef uid="1" />
              <SequencePoints>
                <SequencePoint vc="1" uspid="22" ordinal="0" offset="0" sl="141" sc="47" el="141" ec="59" bec="0" bev="0" fileid="1" />
              </SequencePoints>
              <BranchPoints />
              <MethodPoint xsi:type="SequencePoint" vc="1" uspid="22" ordinal="0" offset="0" sl="141" sc="47" el="141" ec="59" bec="0" bev="0" fileid="1" />
            </Method>
            <Method visited="false" cyclomaticComplexity="1" nPathComplexity="0" sequenceCoverage="0" branchCoverage="0" crapScore="2" isConstructor="false" isStatic="false" isGetter="true" isSetter="false">
              <Summary numSequencePoints="1" visitedSequencePoints="0" numBranchPoints="1" visitedBranchPoints="0" sequenceCoverage="0" branchCoverage="0" maxCyclomaticComplexity="1" minCyclomaticComplexity="1" maxCrapScore="2" minCrapScore="2" visitedClasses="0" numClasses="0" visitedMethods="0" numMethods="1" />
              <MetadataToken>100663368</MetadataToken>
              <Name>System.String NUnit.VisualStudio.TestAdapter.AdapterSettings::get_TargetPlatform()</Name>
              <FileRef uid="1" />
              <SequencePoints>
                <SequencePoint vc="0" uspid="23" ordinal="0" offset="0" sl="143" sc="40" el="143" ec="44" bec="0" bev="0" fileid="1" />
              </SequencePoints>
              <BranchPoints />
              <MethodPoint xsi:type="SequencePoint" vc="0" uspid="23" ordinal="0" offset="0" sl="143" sc="40" el="143" ec="44" bec="0" bev="0" fileid="1" />
            </Method>
            <Method visited="true" cyclomaticComplexity="1" nPathComplexity="0" sequenceCoverage="100" branchCoverage="100" crapScore="1" isConstructor="false" isStatic="false" isGetter="false" isSetter="true">
              <Summary numSequencePoints="1" visitedSequencePoints="1" numBranchPoints="1" visitedBranchPoints="1" sequenceCoverage="100" branchCoverage="100" maxCyclomaticComplexity="1" minCyclomaticComplexity="1" maxCrapScore="1" minCrapScore="1" visitedClasses="0" numClasses="0" visitedMethods="1" numMethods="1" />
              <MetadataToken>100663369</MetadataToken>
              <Name>System.Void NUnit.VisualStudio.TestAdapter.AdapterSettings::set_TargetPlatform(System.String)</Name>
              <FileRef uid="1" />
              <SequencePoints>
                <SequencePoint vc="1" uspid="24" ordinal="0" offset="0" sl="143" sc="45" el="143" ec="57" bec="0" bev="0" fileid="1" />
              </SequencePoints>
              <BranchPoints />
              <MethodPoint xsi:type="SequencePoint" vc="1" uspid="24" ordinal="0" offset="0" sl="143" sc="45" el="143" ec="57" bec="0" bev="0" fileid="1" />
            </Method>
            <Method visited="false" cyclomaticComplexity="1" nPathComplexity="0" sequenceCoverage="0" branchCoverage="0" crapScore="2" isConstructor="false" isStatic="false" isGetter="true" isSetter="false">
              <Summary numSequencePoints="1" visitedSequencePoints="0" numBranchPoints="1" visitedBranchPoints="0" sequenceCoverage="0" branchCoverage="0" maxCyclomaticComplexity="1" minCyclomaticComplexity="1" maxCrapScore="2" minCrapScore="2" visitedClasses="0" numClasses="0" visitedMethods="0" numMethods="1" />
              <MetadataToken>100663370</MetadataToken>
              <Name>System.String NUnit.VisualStudio.TestAdapter.AdapterSettings::get_TargetFrameworkVersion()</Name>
              <FileRef uid="1" />
              <SequencePoints>
                <SequencePoint vc="0" uspid="25" ordinal="0" offset="0" sl="145" sc="48" el="145" ec="52" bec="0" bev="0" fileid="1" />
              </SequencePoints>
              <BranchPoints />
              <MethodPoint xsi:type="SequencePoint" vc="0" uspid="25" ordinal="0" offset="0" sl="145" sc="48" el="145" ec="52" bec="0" bev="0" fileid="1" />
            </Method>
            <Method visited="true" cyclomaticComplexity="1" nPathComplexity="0" sequenceCoverage="100" branchCoverage="100" crapScore="1" isConstructor="false" isStatic="false" isGetter="false" isSetter="true">
              <Summary numSequencePoints="1" visitedSequencePoints="1" numBranchPoints="1" visitedBranchPoints="1" sequenceCoverage="100" branchCoverage="100" maxCyclomaticComplexity="1" minCyclomaticComplexity="1" maxCrapScore="1" minCrapScore="1" visitedClasses="0" numClasses="0" visitedMethods="1" numMethods="1" />
              <MetadataToken>100663371</MetadataToken>
              <Name>System.Void NUnit.VisualStudio.TestAdapter.AdapterSettings::set_TargetFrameworkVersion(System.String)</Name>
              <FileRef uid="1" />
              <SequencePoints>
                <SequencePoint vc="1" uspid="26" ordinal="0" offset="0" sl="145" sc="53" el="145" ec="65" bec="0" bev="0" fileid="1" />
              </SequencePoints>
              <BranchPoints />
              <MethodPoint xsi:type="SequencePoint" vc="1" uspid="26" ordinal="0" offset="0" sl="145" sc="53" el="145" ec="65" bec="0" bev="0" fileid="1" />
            </Method>
            <Method visited="false" cyclomaticComplexity="1" nPathComplexity="0" sequenceCoverage="0" branchCoverage="0" crapScore="2" isConstructor="false" isStatic="false" isGetter="true" isSetter="false">
              <Summary numSequencePoints="1" visitedSequencePoints="0" numBranchPoints="1" visitedBranchPoints="0" sequenceCoverage="0" branchCoverage="0" maxCyclomaticComplexity="1" minCyclomaticComplexity="1" maxCrapScore="2" minCrapScore="2" visitedClasses="0" numClasses="0" visitedMethods="0" numMethods="1" />
              <MetadataToken>100663372</MetadataToken>
              <Name>System.String NUnit.VisualStudio.TestAdapter.AdapterSettings::get_TestAdapterPaths()</Name>
              <FileRef uid="1" />
              <SequencePoints>
                <SequencePoint vc="0" uspid="27" ordinal="0" offset="0" sl="147" sc="42" el="147" ec="46" bec="0" bev="0" fileid="1" />
              </SequencePoints>
              <BranchPoints />
              <MethodPoint xsi:type="SequencePoint" vc="0" uspid="27" ordinal="0" offset="0" sl="147" sc="42" el="147" ec="46" bec="0" bev="0" fileid="1" />
            </Method>
            <Method visited="true" cyclomaticComplexity="1" nPathComplexity="0" sequenceCoverage="100" branchCoverage="100" crapScore="1" isConstructor="false" isStatic="false" isGetter="false" isSetter="true">
              <Summary numSequencePoints="1" visitedSequencePoints="1" numBranchPoints="1" visitedBranchPoints="1" sequenceCoverage="100" branchCoverage="100" maxCyclomaticComplexity="1" minCyclomaticComplexity="1" maxCrapScore="1" minCrapScore="1" visitedClasses="0" numClasses="0" visitedMethods="1" numMethods="1" />
              <MetadataToken>100663373</MetadataToken>
              <Name>System.Void NUnit.VisualStudio.TestAdapter.AdapterSettings::set_TestAdapterPaths(System.String)</Name>
              <FileRef uid="1" />
              <SequencePoints>
                <SequencePoint vc="1" uspid="28" ordinal="0" offset="0" sl="147" sc="47" el="147" ec="59" bec="0" bev="0" fileid="1" />
              </SequencePoints>
              <BranchPoints />
              <MethodPoint xsi:type="SequencePoint" vc="1" uspid="28" ordinal="0" offset="0" sl="147" sc="47" el="147" ec="59" bec="0" bev="0" fileid="1" />
            </Method>
            <Method visited="true" cyclomaticComplexity="1" nPathComplexity="0" sequenceCoverage="100" branchCoverage="100" crapScore="1" isConstructor="false" isStatic="false" isGetter="true" isSetter="false">
              <Summary numSequencePoints="1" visitedSequencePoints="1" numBranchPoints="1" visitedBranchPoints="1" sequenceCoverage="100" branchCoverage="100" maxCyclomaticComplexity="1" minCyclomaticComplexity="1" maxCrapScore="1" minCrapScore="1" visitedClasses="0" numClasses="0" visitedMethods="1" numMethods="1" />
              <MetadataToken>100663374</MetadataToken>
              <Name>System.Boolean NUnit.VisualStudio.TestAdapter.AdapterSettings::get_CollectSourceInformation()</Name>
              <FileRef uid="1" />
              <SequencePoints>
                <SequencePoint vc="10" uspid="29" ordinal="0" offset="0" sl="152" sc="48" el="152" ec="52" bec="0" bev="0" fileid="1" />
              </SequencePoints>
              <BranchPoints />
              <MethodPoint xsi:type="SequencePoint" vc="10" uspid="29" ordinal="0" offset="0" sl="152" sc="48" el="152" ec="52" bec="0" bev="0" fileid="1" />
            </Method>
            <Method visited="true" cyclomaticComplexity="1" nPathComplexity="0" sequenceCoverage="100" branchCoverage="100" crapScore="1" isConstructor="false" isStatic="false" isGetter="false" isSetter="true">
              <Summary numSequencePoints="1" visitedSequencePoints="1" numBranchPoints="1" visitedBranchPoints="1" sequenceCoverage="100" branchCoverage="100" maxCyclomaticComplexity="1" minCyclomaticComplexity="1" maxCrapScore="1" minCrapScore="1" visitedClasses="0" numClasses="0" visitedMethods="1" numMethods="1" />
              <MetadataToken>100663375</MetadataToken>
              <Name>System.Void NUnit.VisualStudio.TestAdapter.AdapterSettings::set_CollectSourceInformation(System.Boolean)</Name>
              <FileRef uid="1" />
              <SequencePoints>
                <SequencePoint vc="1" uspid="30" ordinal="0" offset="0" sl="152" sc="53" el="152" ec="65" bec="0" bev="0" fileid="1" />
              </SequencePoints>
              <BranchPoints />
              <MethodPoint xsi:type="SequencePoint" vc="1" uspid="30" ordinal="0" offset="0" sl="152" sc="53" el="152" ec="65" bec="0" bev="0" fileid="1" />
            </Method>
            <Method visited="true" cyclomaticComplexity="1" nPathComplexity="0" sequenceCoverage="100" branchCoverage="100" crapScore="1" isConstructor="false" isStatic="false" isGetter="true" isSetter="false">
              <Summary numSequencePoints="1" visitedSequencePoints="1" numBranchPoints="1" visitedBranchPoints="1" sequenceCoverage="100" branchCoverage="100" maxCyclomaticComplexity="1" minCyclomaticComplexity="1" maxCrapScore="1" minCrapScore="1" visitedClasses="0" numClasses="0" visitedMethods="1" numMethods="1" />
              <MetadataToken>100663376</MetadataToken>
              <Name>System.Boolean NUnit.VisualStudio.TestAdapter.AdapterSettings::get_DisableAppDomain()</Name>
              <FileRef uid="1" />
              <SequencePoints>
                <SequencePoint vc="1" uspid="31" ordinal="0" offset="0" sl="157" sc="40" el="157" ec="44" bec="0" bev="0" fileid="1" />
              </SequencePoints>
              <BranchPoints />
              <MethodPoint xsi:type="SequencePoint" vc="1" uspid="31" ordinal="0" offset="0" sl="157" sc="40" el="157" ec="44" bec="0" bev="0" fileid="1" />
            </Method>
            <Method visited="true" cyclomaticComplexity="1" nPathComplexity="0" sequenceCoverage="100" branchCoverage="100" crapScore="1" isConstructor="false" isStatic="false" isGetter="false" isSetter="true">
              <Summary numSequencePoints="1" visitedSequencePoints="1" numBranchPoints="1" visitedBranchPoints="1" sequenceCoverage="100" branchCoverage="100" maxCyclomaticComplexity="1" minCyclomaticComplexity="1" maxCrapScore="1" minCrapScore="1" visitedClasses="0" numClasses="0" visitedMethods="1" numMethods="1" />
              <MetadataToken>100663377</MetadataToken>
              <Name>System.Void NUnit.VisualStudio.TestAdapter.AdapterSettings::set_DisableAppDomain(System.Boolean)</Name>
              <FileRef uid="1" />
              <SequencePoints>
                <SequencePoint vc="1" uspid="32" ordinal="0" offset="0" sl="157" sc="45" el="157" ec="57" bec="0" bev="0" fileid="1" />
              </SequencePoints>
              <BranchPoints />
              <MethodPoint xsi:type="SequencePoint" vc="1" uspid="32" ordinal="0" offset="0" sl="157" sc="45" el="157" ec="57" bec="0" bev="0" fileid="1" />
            </Method>
            <Method visited="true" cyclomaticComplexity="1" nPathComplexity="0" sequenceCoverage="100" branchCoverage="100" crapScore="1" isConstructor="false" isStatic="false" isGetter="true" isSetter="false">
              <Summary numSequencePoints="1" visitedSequencePoints="1" numBranchPoints="1" visitedBranchPoints="1" sequenceCoverage="100" branchCoverage="100" maxCyclomaticComplexity="1" minCyclomaticComplexity="1" maxCrapScore="1" minCrapScore="1" visitedClasses="0" numClasses="0" visitedMethods="1" numMethods="1" />
              <MetadataToken>100663378</MetadataToken>
              <Name>System.Boolean NUnit.VisualStudio.TestAdapter.AdapterSettings::get_DisableParallelization()</Name>
              <FileRef uid="1" />
              <SequencePoints>
                <SequencePoint vc="2" uspid="33" ordinal="0" offset="0" sl="162" sc="46" el="162" ec="50" bec="0" bev="0" fileid="1" />
              </SequencePoints>
              <BranchPoints />
              <MethodPoint xsi:type="SequencePoint" vc="2" uspid="33" ordinal="0" offset="0" sl="162" sc="46" el="162" ec="50" bec="0" bev="0" fileid="1" />
            </Method>
            <Method visited="true" cyclomaticComplexity="1" nPathComplexity="0" sequenceCoverage="100" branchCoverage="100" crapScore="1" isConstructor="false" isStatic="false" isGetter="false" isSetter="true">
              <Summary numSequencePoints="1" visitedSequencePoints="1" numBranchPoints="1" visitedBranchPoints="1" sequenceCoverage="100" branchCoverage="100" maxCyclomaticComplexity="1" minCyclomaticComplexity="1" maxCrapScore="1" minCrapScore="1" visitedClasses="0" numClasses="0" visitedMethods="1" numMethods="1" />
              <MetadataToken>100663379</MetadataToken>
              <Name>System.Void NUnit.VisualStudio.TestAdapter.AdapterSettings::set_DisableParallelization(System.Boolean)</Name>
              <FileRef uid="1" />
              <SequencePoints>
                <SequencePoint vc="1" uspid="34" ordinal="0" offset="0" sl="162" sc="51" el="162" ec="63" bec="0" bev="0" fileid="1" />
              </SequencePoints>
              <BranchPoints />
              <MethodPoint xsi:type="SequencePoint" vc="1" uspid="34" ordinal="0" offset="0" sl="162" sc="51" el="162" ec="63" bec="0" bev="0" fileid="1" />
            </Method>
            <Method visited="false" cyclomaticComplexity="1" nPathComplexity="0" sequenceCoverage="0" branchCoverage="0" crapScore="2" isConstructor="false" isStatic="false" isGetter="true" isSetter="false">
              <Summary numSequencePoints="1" visitedSequencePoints="0" numBranchPoints="1" visitedBranchPoints="0" sequenceCoverage="0" branchCoverage="0" maxCyclomaticComplexity="1" minCyclomaticComplexity="1" maxCrapScore="2" minCrapScore="2" visitedClasses="0" numClasses="0" visitedMethods="0" numMethods="1" />
              <MetadataToken>100663380</MetadataToken>
              <Name>System.Boolean NUnit.VisualStudio.TestAdapter.AdapterSettings::get_DesignMode()</Name>
              <FileRef uid="1" />
              <SequencePoints>
                <SequencePoint vc="0" uspid="35" ordinal="0" offset="0" sl="167" sc="34" el="167" ec="38" bec="0" bev="0" fileid="1" />
              </SequencePoints>
              <BranchPoints />
              <MethodPoint xsi:type="SequencePoint" vc="0" uspid="35" ordinal="0" offset="0" sl="167" sc="34" el="167" ec="38" bec="0" bev="0" fileid="1" />
            </Method>
            <Method visited="true" cyclomaticComplexity="1" nPathComplexity="0" sequenceCoverage="100" branchCoverage="100" crapScore="1" isConstructor="false" isStatic="false" isGetter="false" isSetter="true">
              <Summary numSequencePoints="1" visitedSequencePoints="1" numBranchPoints="1" visitedBranchPoints="1" sequenceCoverage="100" branchCoverage="100" maxCyclomaticComplexity="1" minCyclomaticComplexity="1" maxCrapScore="1" minCrapScore="1" visitedClasses="0" numClasses="0" visitedMethods="1" numMethods="1" />
              <MetadataToken>100663381</MetadataToken>
              <Name>System.Void NUnit.VisualStudio.TestAdapter.AdapterSettings::set_DesignMode(System.Boolean)</Name>
              <FileRef uid="1" />
              <SequencePoints>
                <SequencePoint vc="1" uspid="36" ordinal="0" offset="0" sl="167" sc="39" el="167" ec="51" bec="0" bev="0" fileid="1" />
              </SequencePoints>
              <BranchPoints />
              <MethodPoint xsi:type="SequencePoint" vc="1" uspid="36" ordinal="0" offset="0" sl="167" sc="39" el="167" ec="51" bec="0" bev="0" fileid="1" />
            </Method>
            <Method visited="true" cyclomaticComplexity="1" nPathComplexity="0" sequenceCoverage="100" branchCoverage="100" crapScore="1" isConstructor="false" isStatic="false" isGetter="true" isSetter="false">
              <Summary numSequencePoints="1" visitedSequencePoints="1" numBranchPoints="1" visitedBranchPoints="1" sequenceCoverage="100" branchCoverage="100" maxCyclomaticComplexity="1" minCyclomaticComplexity="1" maxCrapScore="1" minCrapScore="1" visitedClasses="0" numClasses="0" visitedMethods="1" numMethods="1" />
              <MetadataToken>100663382</MetadataToken>
              <Name>System.Collections.Generic.IDictionary`2&lt;System.String,System.String&gt; NUnit.VisualStudio.TestAdapter.AdapterSettings::get_TestProperties()</Name>
              <FileRef uid="1" />
              <SequencePoints>
                <SequencePoint vc="1" uspid="37" ordinal="0" offset="0" sl="173" sc="61" el="173" ec="65" bec="0" bev="0" fileid="1" />
              </SequencePoints>
              <BranchPoints />
              <MethodPoint xsi:type="SequencePoint" vc="1" uspid="37" ordinal="0" offset="0" sl="173" sc="61" el="173" ec="65" bec="0" bev="0" fileid="1" />
            </Method>
            <Method visited="true" cyclomaticComplexity="1" nPathComplexity="0" sequenceCoverage="100" branchCoverage="100" crapScore="1" isConstructor="false" isStatic="false" isGetter="false" isSetter="true">
              <Summary numSequencePoints="1" visitedSequencePoints="1" numBranchPoints="1" visitedBranchPoints="1" sequenceCoverage="100" branchCoverage="100" maxCyclomaticComplexity="1" minCyclomaticComplexity="1" maxCrapScore="1" minCrapScore="1" visitedClasses="0" numClasses="0" visitedMethods="1" numMethods="1" />
              <MetadataToken>100663383</MetadataToken>
              <Name>System.Void NUnit.VisualStudio.TestAdapter.AdapterSettings::set_TestProperties(System.Collections.Generic.IDictionary`2&lt;System.String,System.String&gt;)</Name>
              <FileRef uid="1" />
              <SequencePoints>
                <SequencePoint vc="1" uspid="38" ordinal="0" offset="0" sl="173" sc="66" el="173" ec="78" bec="0" bev="0" fileid="1" />
              </SequencePoints>
              <BranchPoints />
              <MethodPoint xsi:type="SequencePoint" vc="1" uspid="38" ordinal="0" offset="0" sl="173" sc="66" el="173" ec="78" bec="0" bev="0" fileid="1" />
            </Method>
            <Method visited="true" cyclomaticComplexity="1" nPathComplexity="0" sequenceCoverage="100" branchCoverage="100" crapScore="1" isConstructor="false" isStatic="false" isGetter="true" isSetter="false">
              <Summary numSequencePoints="1" visitedSequencePoints="1" numBranchPoints="1" visitedBranchPoints="1" sequenceCoverage="100" branchCoverage="100" maxCyclomaticComplexity="1" minCyclomaticComplexity="1" maxCrapScore="1" minCrapScore="1" visitedClasses="0" numClasses="0" visitedMethods="1" numMethods="1" />
              <MetadataToken>100663384</MetadataToken>
              <Name>System.String NUnit.VisualStudio.TestAdapter.AdapterSettings::get_InternalTraceLevel()</Name>
              <FileRef uid="1" />
              <SequencePoints>
                <SequencePoint vc="1" uspid="39" ordinal="0" offset="0" sl="179" sc="44" el="179" ec="48" bec="0" bev="0" fileid="1" />
              </SequencePoints>
              <BranchPoints />
              <MethodPoint xsi:type="SequencePoint" vc="1" uspid="39" ordinal="0" offset="0" sl="179" sc="44" el="179" ec="48" bec="0" bev="0" fileid="1" />
            </Method>
            <Method visited="true" cyclomaticComplexity="1" nPathComplexity="0" sequenceCoverage="100" branchCoverage="100" crapScore="1" isConstructor="false" isStatic="false" isGetter="false" isSetter="true">
              <Summary numSequencePoints="1" visitedSequencePoints="1" numBranchPoints="1" visitedBranchPoints="1" sequenceCoverage="100" branchCoverage="100" maxCyclomaticComplexity="1" minCyclomaticComplexity="1" maxCrapScore="1" minCrapScore="1" visitedClasses="0" numClasses="0" visitedMethods="1" numMethods="1" />
              <MetadataToken>100663385</MetadataToken>
              <Name>System.Void NUnit.VisualStudio.TestAdapter.AdapterSettings::set_InternalTraceLevel(System.String)</Name>
              <FileRef uid="1" />
              <SequencePoints>
                <SequencePoint vc="1" uspid="40" ordinal="0" offset="0" sl="179" sc="49" el="179" ec="61" bec="0" bev="0" fileid="1" />
              </SequencePoints>
              <BranchPoints />
              <MethodPoint xsi:type="SequencePoint" vc="1" uspid="40" ordinal="0" offset="0" sl="179" sc="49" el="179" ec="61" bec="0" bev="0" fileid="1" />
            </Method>
            <Method visited="true" cyclomaticComplexity="1" nPathComplexity="0" sequenceCoverage="100" branchCoverage="100" crapScore="1" isConstructor="false" isStatic="false" isGetter="true" isSetter="false">
              <Summary numSequencePoints="1" visitedSequencePoints="1" numBranchPoints="1" visitedBranchPoints="1" sequenceCoverage="100" branchCoverage="100" maxCyclomaticComplexity="1" minCyclomaticComplexity="1" maxCrapScore="1" minCrapScore="1" visitedClasses="0" numClasses="0" visitedMethods="1" numMethods="1" />
              <MetadataToken>100663386</MetadataToken>
              <Name>System.String NUnit.VisualStudio.TestAdapter.AdapterSettings::get_WorkDirectory()</Name>
              <FileRef uid="1" />
              <SequencePoints>
                <SequencePoint vc="1" uspid="41" ordinal="0" offset="0" sl="181" sc="39" el="181" ec="43" bec="0" bev="0" fileid="1" />
              </SequencePoints>
              <BranchPoints />
              <MethodPoint xsi:type="SequencePoint" vc="1" uspid="41" ordinal="0" offset="0" sl="181" sc="39" el="181" ec="43" bec="0" bev="0" fileid="1" />
            </Method>
            <Method visited="true" cyclomaticComplexity="1" nPathComplexity="0" sequenceCoverage="100" branchCoverage="100" crapScore="1" isConstructor="false" isStatic="false" isGetter="false" isSetter="true">
              <Summary numSequencePoints="1" visitedSequencePoints="1" numBranchPoints="1" visitedBranchPoints="1" sequenceCoverage="100" branchCoverage="100" maxCyclomaticComplexity="1" minCyclomaticComplexity="1" maxCrapScore="1" minCrapScore="1" visitedClasses="0" numClasses="0" visitedMethods="1" numMethods="1" />
              <MetadataToken>100663387</MetadataToken>
              <Name>System.Void NUnit.VisualStudio.TestAdapter.AdapterSettings::set_WorkDirectory(System.String)</Name>
              <FileRef uid="1" />
              <SequencePoints>
                <SequencePoint vc="1" uspid="42" ordinal="0" offset="0" sl="181" sc="44" el="181" ec="56" bec="0" bev="0" fileid="1" />
              </SequencePoints>
              <BranchPoints />
              <MethodPoint xsi:type="SequencePoint" vc="1" uspid="42" ordinal="0" offset="0" sl="181" sc="44" el="181" ec="56" bec="0" bev="0" fileid="1" />
            </Method>
            <Method visited="true" cyclomaticComplexity="1" nPathComplexity="0" sequenceCoverage="100" branchCoverage="100" crapScore="1" isConstructor="false" isStatic="false" isGetter="true" isSetter="false">
              <Summary numSequencePoints="1" visitedSequencePoints="1" numBranchPoints="1" visitedBranchPoints="1" sequenceCoverage="100" branchCoverage="100" maxCyclomaticComplexity="1" minCyclomaticComplexity="1" maxCrapScore="1" minCrapScore="1" visitedClasses="0" numClasses="0" visitedMethods="1" numMethods="1" />
              <MetadataToken>100663388</MetadataToken>
              <Name>System.String NUnit.VisualStudio.TestAdapter.AdapterSettings::get_Where()</Name>
              <FileRef uid="1" />
              <SequencePoints>
                <SequencePoint vc="1" uspid="43" ordinal="0" offset="0" sl="182" sc="31" el="182" ec="35" bec="0" bev="0" fileid="1" />
              </SequencePoints>
              <BranchPoints />
              <MethodPoint xsi:type="SequencePoint" vc="1" uspid="43" ordinal="0" offset="0" sl="182" sc="31" el="182" ec="35" bec="0" bev="0" fileid="1" />
            </Method>
            <Method visited="true" cyclomaticComplexity="1" nPathComplexity="0" sequenceCoverage="100" branchCoverage="100" crapScore="1" isConstructor="false" isStatic="false" isGetter="false" isSetter="true">
              <Summary numSequencePoints="1" visitedSequencePoints="1" numBranchPoints="1" visitedBranchPoints="1" sequenceCoverage="100" branchCoverage="100" maxCyclomaticComplexity="1" minCyclomaticComplexity="1" maxCrapScore="1" minCrapScore="1" visitedClasses="0" numClasses="0" visitedMethods="1" numMethods="1" />
              <MetadataToken>100663389</MetadataToken>
              <Name>System.Void NUnit.VisualStudio.TestAdapter.AdapterSettings::set_Where(System.String)</Name>
              <FileRef uid="1" />
              <SequencePoints>
                <SequencePoint vc="1" uspid="44" ordinal="0" offset="0" sl="182" sc="36" el="182" ec="48" bec="0" bev="0" fileid="1" />
              </SequencePoints>
              <BranchPoints />
              <MethodPoint xsi:type="SequencePoint" vc="1" uspid="44" ordinal="0" offset="0" sl="182" sc="36" el="182" ec="48" bec="0" bev="0" fileid="1" />
            </Method>
            <Method visited="true" cyclomaticComplexity="1" nPathComplexity="0" sequenceCoverage="100" branchCoverage="100" crapScore="1" isConstructor="false" isStatic="false" isGetter="true" isSetter="false">
              <Summary numSequencePoints="1" visitedSequencePoints="1" numBranchPoints="1" visitedBranchPoints="1" sequenceCoverage="100" branchCoverage="100" maxCyclomaticComplexity="1" minCyclomaticComplexity="1" maxCrapScore="1" minCrapScore="1" visitedClasses="0" numClasses="0" visitedMethods="1" numMethods="1" />
              <MetadataToken>100663390</MetadataToken>
              <Name>System.String NUnit.VisualStudio.TestAdapter.AdapterSettings::get_TestOutputXml()</Name>
              <FileRef uid="1" />
              <SequencePoints>
                <SequencePoint vc="2" uspid="45" ordinal="0" offset="0" sl="183" sc="39" el="183" ec="43" bec="0" bev="0" fileid="1" />
              </SequencePoints>
              <BranchPoints />
              <MethodPoint xsi:type="SequencePoint" vc="2" uspid="45" ordinal="0" offset="0" sl="183" sc="39" el="183" ec="43" bec="0" bev="0" fileid="1" />
            </Method>
            <Method visited="true" cyclomaticComplexity="1" nPathComplexity="0" sequenceCoverage="100" branchCoverage="100" crapScore="1" isConstructor="false" isStatic="false" isGetter="false" isSetter="true">
              <Summary numSequencePoints="1" visitedSequencePoints="1" numBranchPoints="1" visitedBranchPoints="1" sequenceCoverage="100" branchCoverage="100" maxCyclomaticComplexity="1" minCyclomaticComplexity="1" maxCrapScore="1" minCrapScore="1" visitedClasses="0" numClasses="0" visitedMethods="1" numMethods="1" />
              <MetadataToken>100663391</MetadataToken>
              <Name>System.Void NUnit.VisualStudio.TestAdapter.AdapterSettings::set_TestOutputXml(System.String)</Name>
              <FileRef uid="1" />
              <SequencePoints>
                <SequencePoint vc="1" uspid="46" ordinal="0" offset="0" sl="183" sc="44" el="183" ec="56" bec="0" bev="0" fileid="1" />
              </SequencePoints>
              <BranchPoints />
              <MethodPoint xsi:type="SequencePoint" vc="1" uspid="46" ordinal="0" offset="0" sl="183" sc="44" el="183" ec="56" bec="0" bev="0" fileid="1" />
            </Method>
            <Method visited="true" cyclomaticComplexity="1" nPathComplexity="0" sequenceCoverage="100" branchCoverage="100" crapScore="1" isConstructor="false" isStatic="false" isGetter="true" isSetter="false">
              <Summary numSequencePoints="1" visitedSequencePoints="1" numBranchPoints="1" visitedBranchPoints="1" sequenceCoverage="100" branchCoverage="100" maxCyclomaticComplexity="1" minCyclomaticComplexity="1" maxCrapScore="1" minCrapScore="1" visitedClasses="0" numClasses="0" visitedMethods="1" numMethods="1" />
              <MetadataToken>100663392</MetadataToken>
              <Name>System.Boolean NUnit.VisualStudio.TestAdapter.AdapterSettings::get_UseTestOutputXml()</Name>
              <FileRef uid="1" />
              <SequencePoints>
                <SequencePoint vc="2" uspid="47" ordinal="0" offset="0" sl="184" sc="41" el="184" ec="77" bec="0" bev="0" fileid="1" />
              </SequencePoints>
              <BranchPoints />
              <MethodPoint xsi:type="SequencePoint" vc="2" uspid="47" ordinal="0" offset="0" sl="184" sc="41" el="184" ec="77" bec="0" bev="0" fileid="1" />
            </Method>
            <Method visited="true" cyclomaticComplexity="1" nPathComplexity="0" sequenceCoverage="100" branchCoverage="100" crapScore="1" isConstructor="false" isStatic="false" isGetter="true" isSetter="false">
              <Summary numSequencePoints="1" visitedSequencePoints="1" numBranchPoints="1" visitedBranchPoints="1" sequenceCoverage="100" branchCoverage="100" maxCyclomaticComplexity="1" minCyclomaticComplexity="1" maxCrapScore="1" minCrapScore="1" visitedClasses="0" numClasses="0" visitedMethods="1" numMethods="1" />
              <MetadataToken>100663393</MetadataToken>
              <Name>System.Int32 NUnit.VisualStudio.TestAdapter.AdapterSettings::get_DefaultTimeout()</Name>
              <FileRef uid="1" />
              <SequencePoints>
                <SequencePoint vc="1" uspid="48" ordinal="0" offset="0" sl="185" sc="37" el="185" ec="41" bec="0" bev="0" fileid="1" />
              </SequencePoints>
              <BranchPoints />
              <MethodPoint xsi:type="SequencePoint" vc="1" uspid="48" ordinal="0" offset="0" sl="185" sc="37" el="185" ec="41" bec="0" bev="0" fileid="1" />
            </Method>
            <Method visited="true" cyclomaticComplexity="1" nPathComplexity="0" sequenceCoverage="100" branchCoverage="100" crapScore="1" isConstructor="false" isStatic="false" isGetter="false" isSetter="true">
              <Summary numSequencePoints="1" visitedSequencePoints="1" numBranchPoints="1" visitedBranchPoints="1" sequenceCoverage="100" branchCoverage="100" maxCyclomaticComplexity="1" minCyclomaticComplexity="1" maxCrapScore="1" minCrapScore="1" visitedClasses="0" numClasses="0" visitedMethods="1" numMethods="1" />
              <MetadataToken>100663394</MetadataToken>
              <Name>System.Void NUnit.VisualStudio.TestAdapter.AdapterSettings::set_DefaultTimeout(System.Int32)</Name>
              <FileRef uid="1" />
              <SequencePoints>
                <SequencePoint vc="1" uspid="49" ordinal="0" offset="0" sl="185" sc="42" el="185" ec="54" bec="0" bev="0" fileid="1" />
              </SequencePoints>
              <BranchPoints />
              <MethodPoint xsi:type="SequencePoint" vc="1" uspid="49" ordinal="0" offset="0" sl="185" sc="42" el="185" ec="54" bec="0" bev="0" fileid="1" />
            </Method>
            <Method visited="true" cyclomaticComplexity="1" nPathComplexity="0" sequenceCoverage="100" branchCoverage="100" crapScore="1" isConstructor="false" isStatic="false" isGetter="true" isSetter="false">
              <Summary numSequencePoints="1" visitedSequencePoints="1" numBranchPoints="1" visitedBranchPoints="1" sequenceCoverage="100" branchCoverage="100" maxCyclomaticComplexity="1" minCyclomaticComplexity="1" maxCrapScore="1" minCrapScore="1" visitedClasses="0" numClasses="0" visitedMethods="1" numMethods="1" />
              <MetadataToken>100663395</MetadataToken>
              <Name>System.Int32 NUnit.VisualStudio.TestAdapter.AdapterSettings::get_NumberOfTestWorkers()</Name>
              <FileRef uid="1" />
              <SequencePoints>
                <SequencePoint vc="1" uspid="50" ordinal="0" offset="0" sl="187" sc="42" el="187" ec="46" bec="0" bev="0" fileid="1" />
              </SequencePoints>
              <BranchPoints />
              <MethodPoint xsi:type="SequencePoint" vc="1" uspid="50" ordinal="0" offset="0" sl="187" sc="42" el="187" ec="46" bec="0" bev="0" fileid="1" />
            </Method>
            <Method visited="true" cyclomaticComplexity="1" nPathComplexity="0" sequenceCoverage="100" branchCoverage="100" crapScore="1" isConstructor="false" isStatic="false" isGetter="false" isSetter="true">
              <Summary numSequencePoints="1" visitedSequencePoints="1" numBranchPoints="1" visitedBranchPoints="1" sequenceCoverage="100" branchCoverage="100" maxCyclomaticComplexity="1" minCyclomaticComplexity="1" maxCrapScore="1" minCrapScore="1" visitedClasses="0" numClasses="0" visitedMethods="1" numMethods="1" />
              <MetadataToken>100663396</MetadataToken>
              <Name>System.Void NUnit.VisualStudio.TestAdapter.AdapterSettings::set_NumberOfTestWorkers(System.Int32)</Name>
              <FileRef uid="1" />
              <SequencePoints>
                <SequencePoint vc="1" uspid="51" ordinal="0" offset="0" sl="187" sc="47" el="187" ec="59" bec="0" bev="0" fileid="1" />
              </SequencePoints>
              <BranchPoints />
              <MethodPoint xsi:type="SequencePoint" vc="1" uspid="51" ordinal="0" offset="0" sl="187" sc="47" el="187" ec="59" bec="0" bev="0" fileid="1" />
            </Method>
            <Method visited="true" cyclomaticComplexity="1" nPathComplexity="0" sequenceCoverage="100" branchCoverage="100" crapScore="1" isConstructor="false" isStatic="false" isGetter="true" isSetter="false">
              <Summary numSequencePoints="1" visitedSequencePoints="1" numBranchPoints="1" visitedBranchPoints="1" sequenceCoverage="100" branchCoverage="100" maxCyclomaticComplexity="1" minCyclomaticComplexity="1" maxCrapScore="1" minCrapScore="1" visitedClasses="0" numClasses="0" visitedMethods="1" numMethods="1" />
              <MetadataToken>100663397</MetadataToken>
              <Name>System.Boolean NUnit.VisualStudio.TestAdapter.AdapterSettings::get_ShadowCopyFiles()</Name>
              <FileRef uid="1" />
              <SequencePoints>
                <SequencePoint vc="1" uspid="52" ordinal="0" offset="0" sl="189" sc="39" el="189" ec="43" bec="0" bev="0" fileid="1" />
              </SequencePoints>
              <BranchPoints />
              <MethodPoint xsi:type="SequencePoint" vc="1" uspid="52" ordinal="0" offset="0" sl="189" sc="39" el="189" ec="43" bec="0" bev="0" fileid="1" />
            </Method>
            <Method visited="true" cyclomaticComplexity="1" nPathComplexity="0" sequenceCoverage="100" branchCoverage="100" crapScore="1" isConstructor="false" isStatic="false" isGetter="false" isSetter="true">
              <Summary numSequencePoints="1" visitedSequencePoints="1" numBranchPoints="1" visitedBranchPoints="1" sequenceCoverage="100" branchCoverage="100" maxCyclomaticComplexity="1" minCyclomaticComplexity="1" maxCrapScore="1" minCrapScore="1" visitedClasses="0" numClasses="0" visitedMethods="1" numMethods="1" />
              <MetadataToken>100663398</MetadataToken>
              <Name>System.Void NUnit.VisualStudio.TestAdapter.AdapterSettings::set_ShadowCopyFiles(System.Boolean)</Name>
              <FileRef uid="1" />
              <SequencePoints>
                <SequencePoint vc="1" uspid="53" ordinal="0" offset="0" sl="189" sc="44" el="189" ec="56" bec="0" bev="0" fileid="1" />
              </SequencePoints>
              <BranchPoints />
              <MethodPoint xsi:type="SequencePoint" vc="1" uspid="53" ordinal="0" offset="0" sl="189" sc="44" el="189" ec="56" bec="0" bev="0" fileid="1" />
            </Method>
            <Method visited="true" cyclomaticComplexity="1" nPathComplexity="0" sequenceCoverage="100" branchCoverage="100" crapScore="1" isConstructor="false" isStatic="false" isGetter="true" isSetter="false">
              <Summary numSequencePoints="1" visitedSequencePoints="1" numBranchPoints="1" visitedBranchPoints="1" sequenceCoverage="100" branchCoverage="100" maxCyclomaticComplexity="1" minCyclomaticComplexity="1" maxCrapScore="1" minCrapScore="1" visitedClasses="0" numClasses="0" visitedMethods="1" numMethods="1" />
              <MetadataToken>100663399</MetadataToken>
              <Name>System.Int32 NUnit.VisualStudio.TestAdapter.AdapterSettings::get_Verbosity()</Name>
              <FileRef uid="1" />
              <SequencePoints>
                <SequencePoint vc="50" uspid="54" ordinal="0" offset="0" sl="191" sc="32" el="191" ec="36" bec="0" bev="0" fileid="1" />
              </SequencePoints>
              <BranchPoints />
              <MethodPoint xsi:type="SequencePoint" vc="50" uspid="54" ordinal="0" offset="0" sl="191" sc="32" el="191" ec="36" bec="0" bev="0" fileid="1" />
            </Method>
            <Method visited="true" cyclomaticComplexity="1" nPathComplexity="0" sequenceCoverage="100" branchCoverage="100" crapScore="1" isConstructor="false" isStatic="false" isGetter="false" isSetter="true">
              <Summary numSequencePoints="1" visitedSequencePoints="1" numBranchPoints="1" visitedBranchPoints="1" sequenceCoverage="100" branchCoverage="100" maxCyclomaticComplexity="1" minCyclomaticComplexity="1" maxCrapScore="1" minCrapScore="1" visitedClasses="0" numClasses="0" visitedMethods="1" numMethods="1" />
              <MetadataToken>100663400</MetadataToken>
              <Name>System.Void NUnit.VisualStudio.TestAdapter.AdapterSettings::set_Verbosity(System.Int32)</Name>
              <FileRef uid="1" />
              <SequencePoints>
                <SequencePoint vc="1" uspid="55" ordinal="0" offset="0" sl="191" sc="37" el="191" ec="49" bec="0" bev="0" fileid="1" />
              </SequencePoints>
              <BranchPoints />
              <MethodPoint xsi:type="SequencePoint" vc="1" uspid="55" ordinal="0" offset="0" sl="191" sc="37" el="191" ec="49" bec="0" bev="0" fileid="1" />
            </Method>
            <Method visited="true" cyclomaticComplexity="1" nPathComplexity="0" sequenceCoverage="100" branchCoverage="100" crapScore="1" isConstructor="false" isStatic="false" isGetter="true" isSetter="false">
              <Summary numSequencePoints="1" visitedSequencePoints="1" numBranchPoints="1" visitedBranchPoints="1" sequenceCoverage="100" branchCoverage="100" maxCyclomaticComplexity="1" minCyclomaticComplexity="1" maxCrapScore="1" minCrapScore="1" visitedClasses="0" numClasses="0" visitedMethods="1" numMethods="1" />
              <MetadataToken>100663401</MetadataToken>
              <Name>System.Boolean NUnit.VisualStudio.TestAdapter.AdapterSettings::get_UseVsKeepEngineRunning()</Name>
              <FileRef uid="1" />
              <SequencePoints>
                <SequencePoint vc="2" uspid="56" ordinal="0" offset="0" sl="193" sc="46" el="193" ec="50" bec="0" bev="0" fileid="1" />
              </SequencePoints>
              <BranchPoints />
              <MethodPoint xsi:type="SequencePoint" vc="2" uspid="56" ordinal="0" offset="0" sl="193" sc="46" el="193" ec="50" bec="0" bev="0" fileid="1" />
            </Method>
            <Method visited="true" cyclomaticComplexity="1" nPathComplexity="0" sequenceCoverage="100" branchCoverage="100" crapScore="1" isConstructor="false" isStatic="false" isGetter="false" isSetter="true">
              <Summary numSequencePoints="1" visitedSequencePoints="1" numBranchPoints="1" visitedBranchPoints="1" sequenceCoverage="100" branchCoverage="100" maxCyclomaticComplexity="1" minCyclomaticComplexity="1" maxCrapScore="1" minCrapScore="1" visitedClasses="0" numClasses="0" visitedMethods="1" numMethods="1" />
              <MetadataToken>100663402</MetadataToken>
              <Name>System.Void NUnit.VisualStudio.TestAdapter.AdapterSettings::set_UseVsKeepEngineRunning(System.Boolean)</Name>
              <FileRef uid="1" />
              <SequencePoints>
                <SequencePoint vc="1" uspid="57" ordinal="0" offset="0" sl="193" sc="51" el="193" ec="63" bec="0" bev="0" fileid="1" />
              </SequencePoints>
              <BranchPoints />
              <MethodPoint xsi:type="SequencePoint" vc="1" uspid="57" ordinal="0" offset="0" sl="193" sc="51" el="193" ec="63" bec="0" bev="0" fileid="1" />
            </Method>
            <Method visited="true" cyclomaticComplexity="1" nPathComplexity="0" sequenceCoverage="100" branchCoverage="100" crapScore="1" isConstructor="false" isStatic="false" isGetter="true" isSetter="false">
              <Summary numSequencePoints="1" visitedSequencePoints="1" numBranchPoints="1" visitedBranchPoints="1" sequenceCoverage="100" branchCoverage="100" maxCyclomaticComplexity="1" minCyclomaticComplexity="1" maxCrapScore="1" minCrapScore="1" visitedClasses="0" numClasses="0" visitedMethods="1" numMethods="1" />
              <MetadataToken>100663403</MetadataToken>
              <Name>System.String NUnit.VisualStudio.TestAdapter.AdapterSettings::get_BasePath()</Name>
              <FileRef uid="1" />
              <SequencePoints>
                <SequencePoint vc="1" uspid="58" ordinal="0" offset="0" sl="195" sc="34" el="195" ec="38" bec="0" bev="0" fileid="1" />
              </SequencePoints>
              <BranchPoints />
              <MethodPoint xsi:type="SequencePoint" vc="1" uspid="58" ordinal="0" offset="0" sl="195" sc="34" el="195" ec="38" bec="0" bev="0" fileid="1" />
            </Method>
            <Method visited="true" cyclomaticComplexity="1" nPathComplexity="0" sequenceCoverage="100" branchCoverage="100" crapScore="1" isConstructor="false" isStatic="false" isGetter="false" isSetter="true">
              <Summary numSequencePoints="1" visitedSequencePoints="1" numBranchPoints="1" visitedBranchPoints="1" sequenceCoverage="100" branchCoverage="100" maxCyclomaticComplexity="1" minCyclomaticComplexity="1" maxCrapScore="1" minCrapScore="1" visitedClasses="0" numClasses="0" visitedMethods="1" numMethods="1" />
              <MetadataToken>100663404</MetadataToken>
              <Name>System.Void NUnit.VisualStudio.TestAdapter.AdapterSettings::set_BasePath(System.String)</Name>
              <FileRef uid="1" />
              <SequencePoints>
                <SequencePoint vc="1" uspid="59" ordinal="0" offset="0" sl="195" sc="39" el="195" ec="51" bec="0" bev="0" fileid="1" />
              </SequencePoints>
              <BranchPoints />
              <MethodPoint xsi:type="SequencePoint" vc="1" uspid="59" ordinal="0" offset="0" sl="195" sc="39" el="195" ec="51" bec="0" bev="0" fileid="1" />
            </Method>
            <Method visited="true" cyclomaticComplexity="1" nPathComplexity="0" sequenceCoverage="100" branchCoverage="100" crapScore="1" isConstructor="false" isStatic="false" isGetter="true" isSetter="false">
              <Summary numSequencePoints="1" visitedSequencePoints="1" numBranchPoints="1" visitedBranchPoints="1" sequenceCoverage="100" branchCoverage="100" maxCyclomaticComplexity="1" minCyclomaticComplexity="1" maxCrapScore="1" minCrapScore="1" visitedClasses="0" numClasses="0" visitedMethods="1" numMethods="1" />
              <MetadataToken>100663405</MetadataToken>
              <Name>System.String NUnit.VisualStudio.TestAdapter.AdapterSettings::get_PrivateBinPath()</Name>
              <FileRef uid="1" />
              <SequencePoints>
                <SequencePoint vc="1" uspid="60" ordinal="0" offset="0" sl="197" sc="40" el="197" ec="44" bec="0" bev="0" fileid="1" />
              </SequencePoints>
              <BranchPoints />
              <MethodPoint xsi:type="SequencePoint" vc="1" uspid="60" ordinal="0" offset="0" sl="197" sc="40" el="197" ec="44" bec="0" bev="0" fileid="1" />
            </Method>
            <Method visited="true" cyclomaticComplexity="1" nPathComplexity="0" sequenceCoverage="100" branchCoverage="100" crapScore="1" isConstructor="false" isStatic="false" isGetter="false" isSetter="true">
              <Summary numSequencePoints="1" visitedSequencePoints="1" numBranchPoints="1" visitedBranchPoints="1" sequenceCoverage="100" branchCoverage="100" maxCyclomaticComplexity="1" minCyclomaticComplexity="1" maxCrapScore="1" minCrapScore="1" visitedClasses="0" numClasses="0" visitedMethods="1" numMethods="1" />
              <MetadataToken>100663406</MetadataToken>
              <Name>System.Void NUnit.VisualStudio.TestAdapter.AdapterSettings::set_PrivateBinPath(System.String)</Name>
              <FileRef uid="1" />
              <SequencePoints>
                <SequencePoint vc="1" uspid="61" ordinal="0" offset="0" sl="197" sc="45" el="197" ec="57" bec="0" bev="0" fileid="1" />
              </SequencePoints>
              <BranchPoints />
              <MethodPoint xsi:type="SequencePoint" vc="1" uspid="61" ordinal="0" offset="0" sl="197" sc="45" el="197" ec="57" bec="0" bev="0" fileid="1" />
            </Method>
            <Method visited="true" cyclomaticComplexity="1" nPathComplexity="0" sequenceCoverage="100" branchCoverage="100" crapScore="1" isConstructor="false" isStatic="false" isGetter="true" isSetter="false">
              <Summary numSequencePoints="1" visitedSequencePoints="1" numBranchPoints="1" visitedBranchPoints="1" sequenceCoverage="100" branchCoverage="100" maxCyclomaticComplexity="1" minCyclomaticComplexity="1" maxCrapScore="1" minCrapScore="1" visitedClasses="0" numClasses="0" visitedMethods="1" numMethods="1" />
              <MetadataToken>100663407</MetadataToken>
              <Name>System.Nullable`1&lt;System.Int32&gt; NUnit.VisualStudio.TestAdapter.AdapterSettings::get_RandomSeed()</Name>
              <FileRef uid="1" />
              <SequencePoints>
                <SequencePoint vc="3" uspid="62" ordinal="0" offset="0" sl="199" sc="34" el="199" ec="38" bec="0" bev="0" fileid="1" />
              </SequencePoints>
              <BranchPoints />
              <MethodPoint xsi:type="SequencePoint" vc="3" uspid="62" ordinal="0" offset="0" sl="199" sc="34" el="199" ec="38" bec="0" bev="0" fileid="1" />
            </Method>
            <Method visited="true" cyclomaticComplexity="1" nPathComplexity="0" sequenceCoverage="100" branchCoverage="100" crapScore="1" isConstructor="false" isStatic="false" isGetter="false" isSetter="true">
              <Summary numSequencePoints="1" visitedSequencePoints="1" numBranchPoints="1" visitedBranchPoints="1" sequenceCoverage="100" branchCoverage="100" maxCyclomaticComplexity="1" minCyclomaticComplexity="1" maxCrapScore="1" minCrapScore="1" visitedClasses="0" numClasses="0" visitedMethods="1" numMethods="1" />
              <MetadataToken>100663408</MetadataToken>
              <Name>System.Void NUnit.VisualStudio.TestAdapter.AdapterSettings::set_RandomSeed(System.Nullable`1&lt;System.Int32&gt;)</Name>
              <FileRef uid="1" />
              <SequencePoints>
                <SequencePoint vc="2" uspid="63" ordinal="0" offset="0" sl="199" sc="39" el="199" ec="51" bec="0" bev="0" fileid="1" />
              </SequencePoints>
              <BranchPoints />
              <MethodPoint xsi:type="SequencePoint" vc="2" uspid="63" ordinal="0" offset="0" sl="199" sc="39" el="199" ec="51" bec="0" bev="0" fileid="1" />
            </Method>
            <Method visited="true" cyclomaticComplexity="1" nPathComplexity="0" sequenceCoverage="100" branchCoverage="100" crapScore="1" isConstructor="false" isStatic="false" isGetter="true" isSetter="false">
              <Summary numSequencePoints="1" visitedSequencePoints="1" numBranchPoints="1" visitedBranchPoints="1" sequenceCoverage="100" branchCoverage="100" maxCyclomaticComplexity="1" minCyclomaticComplexity="1" maxCrapScore="1" minCrapScore="1" visitedClasses="0" numClasses="0" visitedMethods="1" numMethods="1" />
              <MetadataToken>100663409</MetadataToken>
              <Name>System.Boolean NUnit.VisualStudio.TestAdapter.AdapterSettings::get_RandomSeedSpecified()</Name>
              <FileRef uid="1" />
              <SequencePoints>
                <SequencePoint vc="2" uspid="64" ordinal="0" offset="0" sl="200" sc="43" el="200" ec="47" bec="0" bev="0" fileid="1" />
              </SequencePoints>
              <BranchPoints />
              <MethodPoint xsi:type="SequencePoint" vc="2" uspid="64" ordinal="0" offset="0" sl="200" sc="43" el="200" ec="47" bec="0" bev="0" fileid="1" />
            </Method>
            <Method visited="true" cyclomaticComplexity="1" nPathComplexity="0" sequenceCoverage="100" branchCoverage="100" crapScore="1" isConstructor="false" isStatic="false" isGetter="false" isSetter="true">
              <Summary numSequencePoints="1" visitedSequencePoints="1" numBranchPoints="1" visitedBranchPoints="1" sequenceCoverage="100" branchCoverage="100" maxCyclomaticComplexity="1" minCyclomaticComplexity="1" maxCrapScore="1" minCrapScore="1" visitedClasses="0" numClasses="0" visitedMethods="1" numMethods="1" />
              <MetadataToken>100663410</MetadataToken>
              <Name>System.Void NUnit.VisualStudio.TestAdapter.AdapterSettings::set_RandomSeedSpecified(System.Boolean)</Name>
              <FileRef uid="1" />
              <SequencePoints>
                <SequencePoint vc="1" uspid="65" ordinal="0" offset="0" sl="200" sc="48" el="200" ec="60" bec="0" bev="0" fileid="1" />
              </SequencePoints>
              <BranchPoints />
              <MethodPoint xsi:type="SequencePoint" vc="1" uspid="65" ordinal="0" offset="0" sl="200" sc="48" el="200" ec="60" bec="0" bev="0" fileid="1" />
            </Method>
            <Method visited="true" cyclomaticComplexity="1" nPathComplexity="0" sequenceCoverage="100" branchCoverage="100" crapScore="1" isConstructor="false" isStatic="false" isGetter="true" isSetter="false">
              <Summary numSequencePoints="1" visitedSequencePoints="1" numBranchPoints="1" visitedBranchPoints="1" sequenceCoverage="100" branchCoverage="100" maxCyclomaticComplexity="1" minCyclomaticComplexity="1" maxCrapScore="1" minCrapScore="1" visitedClasses="0" numClasses="0" visitedMethods="1" numMethods="1" />
              <MetadataToken>100663411</MetadataToken>
              <Name>System.Boolean NUnit.VisualStudio.TestAdapter.AdapterSettings::get_CollectDataForEachTestSeparately()</Name>
              <FileRef uid="1" />
              <SequencePoints>
                <SequencePoint vc="1" uspid="66" ordinal="0" offset="0" sl="202" sc="56" el="202" ec="60" bec="0" bev="0" fileid="1" />
              </SequencePoints>
              <BranchPoints />
              <MethodPoint xsi:type="SequencePoint" vc="1" uspid="66" ordinal="0" offset="0" sl="202" sc="56" el="202" ec="60" bec="0" bev="0" fileid="1" />
            </Method>
            <Method visited="true" cyclomaticComplexity="1" nPathComplexity="0" sequenceCoverage="100" branchCoverage="100" crapScore="1" isConstructor="false" isStatic="false" isGetter="false" isSetter="true">
              <Summary numSequencePoints="1" visitedSequencePoints="1" numBranchPoints="1" visitedBranchPoints="1" sequenceCoverage="100" branchCoverage="100" maxCyclomaticComplexity="1" minCyclomaticComplexity="1" maxCrapScore="1" minCrapScore="1" visitedClasses="0" numClasses="0" visitedMethods="1" numMethods="1" />
              <MetadataToken>100663412</MetadataToken>
              <Name>System.Void NUnit.VisualStudio.TestAdapter.AdapterSettings::set_CollectDataForEachTestSeparately(System.Boolean)</Name>
              <FileRef uid="1" />
              <SequencePoints>
                <SequencePoint vc="1" uspid="67" ordinal="0" offset="0" sl="202" sc="61" el="202" ec="73" bec="0" bev="0" fileid="1" />
              </SequencePoints>
              <BranchPoints />
              <MethodPoint xsi:type="SequencePoint" vc="1" uspid="67" ordinal="0" offset="0" sl="202" sc="61" el="202" ec="73" bec="0" bev="0" fileid="1" />
            </Method>
            <Method visited="true" cyclomaticComplexity="1" nPathComplexity="0" sequenceCoverage="100" branchCoverage="100" crapScore="1" isConstructor="false" isStatic="false" isGetter="true" isSetter="false">
              <Summary numSequencePoints="1" visitedSequencePoints="1" numBranchPoints="1" visitedBranchPoints="1" sequenceCoverage="100" branchCoverage="100" maxCyclomaticComplexity="1" minCyclomaticComplexity="1" maxCrapScore="1" minCrapScore="1" visitedClasses="0" numClasses="0" visitedMethods="1" numMethods="1" />
              <MetadataToken>100663413</MetadataToken>
              <Name>System.Boolean NUnit.VisualStudio.TestAdapter.AdapterSettings::get_InProcDataCollectorsAvailable()</Name>
              <FileRef uid="1" />
              <SequencePoints>
                <SequencePoint vc="1" uspid="68" ordinal="0" offset="0" sl="204" sc="53" el="204" ec="57" bec="0" bev="0" fileid="1" />
              </SequencePoints>
              <BranchPoints />
              <MethodPoint xsi:type="SequencePoint" vc="1" uspid="68" ordinal="0" offset="0" sl="204" sc="53" el="204" ec="57" bec="0" bev="0" fileid="1" />
            </Method>
            <Method visited="true" cyclomaticComplexity="1" nPathComplexity="0" sequenceCoverage="100" branchCoverage="100" crapScore="1" isConstructor="false" isStatic="false" isGetter="false" isSetter="true">
              <Summary numSequencePoints="1" visitedSequencePoints="1" numBranchPoints="1" visitedBranchPoints="1" sequenceCoverage="100" branchCoverage="100" maxCyclomaticComplexity="1" minCyclomaticComplexity="1" maxCrapScore="1" minCrapScore="1" visitedClasses="0" numClasses="0" visitedMethods="1" numMethods="1" />
              <MetadataToken>100663414</MetadataToken>
              <Name>System.Void NUnit.VisualStudio.TestAdapter.AdapterSettings::set_InProcDataCollectorsAvailable(System.Boolean)</Name>
              <FileRef uid="1" />
              <SequencePoints>
                <SequencePoint vc="1" uspid="69" ordinal="0" offset="0" sl="204" sc="58" el="204" ec="70" bec="0" bev="0" fileid="1" />
              </SequencePoints>
              <BranchPoints />
              <MethodPoint xsi:type="SequencePoint" vc="1" uspid="69" ordinal="0" offset="0" sl="204" sc="58" el="204" ec="70" bec="0" bev="0" fileid="1" />
            </Method>
            <Method visited="true" cyclomaticComplexity="1" nPathComplexity="0" sequenceCoverage="100" branchCoverage="100" crapScore="1" isConstructor="false" isStatic="false" isGetter="true" isSetter="false">
              <Summary numSequencePoints="1" visitedSequencePoints="1" numBranchPoints="1" visitedBranchPoints="1" sequenceCoverage="100" branchCoverage="100" maxCyclomaticComplexity="1" minCyclomaticComplexity="1" maxCrapScore="1" minCrapScore="1" visitedClasses="0" numClasses="0" visitedMethods="1" numMethods="1" />
              <MetadataToken>100663415</MetadataToken>
              <Name>System.Boolean NUnit.VisualStudio.TestAdapter.AdapterSettings::get_SynchronousEvents()</Name>
              <FileRef uid="1" />
              <SequencePoints>
                <SequencePoint vc="1" uspid="70" ordinal="0" offset="0" sl="206" sc="41" el="206" ec="45" bec="0" bev="0" fileid="1" />
              </SequencePoints>
              <BranchPoints />
              <MethodPoint xsi:type="SequencePoint" vc="1" uspid="70" ordinal="0" offset="0" sl="206" sc="41" el="206" ec="45" bec="0" bev="0" fileid="1" />
            </Method>
            <Method visited="false" cyclomaticComplexity="1" nPathComplexity="0" sequenceCoverage="0" branchCoverage="0" crapScore="2" isConstructor="false" isStatic="false" isGetter="false" isSetter="true">
              <Summary numSequencePoints="1" visitedSequencePoints="0" numBranchPoints="1" visitedBranchPoints="0" sequenceCoverage="0" branchCoverage="0" maxCyclomaticComplexity="1" minCyclomaticComplexity="1" maxCrapScore="2" minCrapScore="2" visitedClasses="0" numClasses="0" visitedMethods="0" numMethods="1" />
              <MetadataToken>100663416</MetadataToken>
              <Name>System.Void NUnit.VisualStudio.TestAdapter.AdapterSettings::set_SynchronousEvents(System.Boolean)</Name>
              <FileRef uid="1" />
              <SequencePoints>
                <SequencePoint vc="0" uspid="71" ordinal="0" offset="0" sl="206" sc="46" el="206" ec="58" bec="0" bev="0" fileid="1" />
              </SequencePoints>
              <BranchPoints />
              <MethodPoint xsi:type="SequencePoint" vc="0" uspid="71" ordinal="0" offset="0" sl="206" sc="46" el="206" ec="58" bec="0" bev="0" fileid="1" />
            </Method>
            <Method visited="true" cyclomaticComplexity="1" nPathComplexity="0" sequenceCoverage="100" branchCoverage="100" crapScore="1" isConstructor="false" isStatic="false" isGetter="true" isSetter="false">
              <Summary numSequencePoints="1" visitedSequencePoints="1" numBranchPoints="1" visitedBranchPoints="1" sequenceCoverage="100" branchCoverage="100" maxCyclomaticComplexity="1" minCyclomaticComplexity="1" maxCrapScore="1" minCrapScore="1" visitedClasses="0" numClasses="0" visitedMethods="1" numMethods="1" />
              <MetadataToken>100663417</MetadataToken>
              <Name>System.String NUnit.VisualStudio.TestAdapter.AdapterSettings::get_DomainUsage()</Name>
              <FileRef uid="1" />
              <SequencePoints>
                <SequencePoint vc="1" uspid="72" ordinal="0" offset="0" sl="208" sc="37" el="208" ec="41" bec="0" bev="0" fileid="1" />
              </SequencePoints>
              <BranchPoints />
              <MethodPoint xsi:type="SequencePoint" vc="1" uspid="72" ordinal="0" offset="0" sl="208" sc="37" el="208" ec="41" bec="0" bev="0" fileid="1" />
            </Method>
            <Method visited="false" cyclomaticComplexity="1" nPathComplexity="0" sequenceCoverage="0" branchCoverage="0" crapScore="2" isConstructor="false" isStatic="false" isGetter="false" isSetter="true">
              <Summary numSequencePoints="1" visitedSequencePoints="0" numBranchPoints="1" visitedBranchPoints="0" sequenceCoverage="0" branchCoverage="0" maxCyclomaticComplexity="1" minCyclomaticComplexity="1" maxCrapScore="2" minCrapScore="2" visitedClasses="0" numClasses="0" visitedMethods="0" numMethods="1" />
              <MetadataToken>100663418</MetadataToken>
              <Name>System.Void NUnit.VisualStudio.TestAdapter.AdapterSettings::set_DomainUsage(System.String)</Name>
              <FileRef uid="1" />
              <SequencePoints>
                <SequencePoint vc="0" uspid="73" ordinal="0" offset="0" sl="208" sc="42" el="208" ec="54" bec="0" bev="0" fileid="1" />
              </SequencePoints>
              <BranchPoints />
              <MethodPoint xsi:type="SequencePoint" vc="0" uspid="73" ordinal="0" offset="0" sl="208" sc="42" el="208" ec="54" bec="0" bev="0" fileid="1" />
            </Method>
            <Method visited="true" cyclomaticComplexity="1" nPathComplexity="0" sequenceCoverage="100" branchCoverage="100" crapScore="1" isConstructor="false" isStatic="false" isGetter="true" isSetter="false">
              <Summary numSequencePoints="1" visitedSequencePoints="1" numBranchPoints="1" visitedBranchPoints="1" sequenceCoverage="100" branchCoverage="100" maxCyclomaticComplexity="1" minCyclomaticComplexity="1" maxCrapScore="1" minCrapScore="1" visitedClasses="0" numClasses="0" visitedMethods="1" numMethods="1" />
              <MetadataToken>100663419</MetadataToken>
              <Name>System.Boolean NUnit.VisualStudio.TestAdapter.AdapterSettings::get_ShowInternalProperties()</Name>
              <FileRef uid="1" />
              <SequencePoints>
                <SequencePoint vc="36" uspid="74" ordinal="0" offset="0" sl="210" sc="46" el="210" ec="50" bec="0" bev="0" fileid="1" />
              </SequencePoints>
              <BranchPoints />
              <MethodPoint xsi:type="SequencePoint" vc="36" uspid="74" ordinal="0" offset="0" sl="210" sc="46" el="210" ec="50" bec="0" bev="0" fileid="1" />
            </Method>
            <Method visited="true" cyclomaticComplexity="1" nPathComplexity="0" sequenceCoverage="100" branchCoverage="100" crapScore="1" isConstructor="false" isStatic="false" isGetter="false" isSetter="true">
              <Summary numSequencePoints="1" visitedSequencePoints="1" numBranchPoints="1" visitedBranchPoints="1" sequenceCoverage="100" branchCoverage="100" maxCyclomaticComplexity="1" minCyclomaticComplexity="1" maxCrapScore="1" minCrapScore="1" visitedClasses="0" numClasses="0" visitedMethods="1" numMethods="1" />
              <MetadataToken>100663420</MetadataToken>
              <Name>System.Void NUnit.VisualStudio.TestAdapter.AdapterSettings::set_ShowInternalProperties(System.Boolean)</Name>
              <FileRef uid="1" />
              <SequencePoints>
                <SequencePoint vc="1" uspid="75" ordinal="0" offset="0" sl="210" sc="51" el="210" ec="63" bec="0" bev="0" fileid="1" />
              </SequencePoints>
              <BranchPoints />
              <MethodPoint xsi:type="SequencePoint" vc="1" uspid="75" ordinal="0" offset="0" sl="210" sc="51" el="210" ec="63" bec="0" bev="0" fileid="1" />
            </Method>
            <Method visited="true" cyclomaticComplexity="1" nPathComplexity="0" sequenceCoverage="100" branchCoverage="100" crapScore="1" isConstructor="false" isStatic="false" isGetter="true" isSetter="false">
              <Summary numSequencePoints="1" visitedSequencePoints="1" numBranchPoints="1" visitedBranchPoints="1" sequenceCoverage="100" branchCoverage="100" maxCyclomaticComplexity="1" minCyclomaticComplexity="1" maxCrapScore="1" minCrapScore="1" visitedClasses="0" numClasses="0" visitedMethods="1" numMethods="1" />
              <MetadataToken>100663421</MetadataToken>
              <Name>System.Boolean NUnit.VisualStudio.TestAdapter.AdapterSettings::get_UseParentFQNForParametrizedTests()</Name>
              <FileRef uid="1" />
              <SequencePoints>
                <SequencePoint vc="9" uspid="76" ordinal="0" offset="0" sl="211" sc="56" el="211" ec="60" bec="0" bev="0" fileid="1" />
              </SequencePoints>
              <BranchPoints />
              <MethodPoint xsi:type="SequencePoint" vc="9" uspid="76" ordinal="0" offset="0" sl="211" sc="56" el="211" ec="60" bec="0" bev="0" fileid="1" />
            </Method>
            <Method visited="true" cyclomaticComplexity="1" nPathComplexity="0" sequenceCoverage="100" branchCoverage="100" crapScore="1" isConstructor="false" isStatic="false" isGetter="false" isSetter="true">
              <Summary numSequencePoints="1" visitedSequencePoints="1" numBranchPoints="1" visitedBranchPoints="1" sequenceCoverage="100" branchCoverage="100" maxCyclomaticComplexity="1" minCyclomaticComplexity="1" maxCrapScore="1" minCrapScore="1" visitedClasses="0" numClasses="0" visitedMethods="1" numMethods="1" />
              <MetadataToken>100663422</MetadataToken>
              <Name>System.Void NUnit.VisualStudio.TestAdapter.AdapterSettings::set_UseParentFQNForParametrizedTests(System.Boolean)</Name>
              <FileRef uid="1" />
              <SequencePoints>
                <SequencePoint vc="1" uspid="77" ordinal="0" offset="0" sl="211" sc="61" el="211" ec="73" bec="0" bev="0" fileid="1" />
              </SequencePoints>
              <BranchPoints />
              <MethodPoint xsi:type="SequencePoint" vc="1" uspid="77" ordinal="0" offset="0" sl="211" sc="61" el="211" ec="73" bec="0" bev="0" fileid="1" />
            </Method>
            <Method visited="true" cyclomaticComplexity="1" nPathComplexity="0" sequenceCoverage="100" branchCoverage="100" crapScore="1" isConstructor="false" isStatic="false" isGetter="true" isSetter="false">
              <Summary numSequencePoints="1" visitedSequencePoints="1" numBranchPoints="1" visitedBranchPoints="1" sequenceCoverage="100" branchCoverage="100" maxCyclomaticComplexity="1" minCyclomaticComplexity="1" maxCrapScore="1" minCrapScore="1" visitedClasses="0" numClasses="0" visitedMethods="1" numMethods="1" />
              <MetadataToken>100663423</MetadataToken>
              <Name>System.Boolean NUnit.VisualStudio.TestAdapter.AdapterSettings::get_UseNUnitIdforTestCaseId()</Name>
              <FileRef uid="1" />
              <SequencePoints>
                <SequencePoint vc="9" uspid="78" ordinal="0" offset="0" sl="212" sc="47" el="212" ec="51" bec="0" bev="0" fileid="1" />
              </SequencePoints>
              <BranchPoints />
              <MethodPoint xsi:type="SequencePoint" vc="9" uspid="78" ordinal="0" offset="0" sl="212" sc="47" el="212" ec="51" bec="0" bev="0" fileid="1" />
            </Method>
            <Method visited="true" cyclomaticComplexity="1" nPathComplexity="0" sequenceCoverage="100" branchCoverage="100" crapScore="1" isConstructor="false" isStatic="false" isGetter="false" isSetter="true">
              <Summary numSequencePoints="1" visitedSequencePoints="1" numBranchPoints="1" visitedBranchPoints="1" sequenceCoverage="100" branchCoverage="100" maxCyclomaticComplexity="1" minCyclomaticComplexity="1" maxCrapScore="1" minCrapScore="1" visitedClasses="0" numClasses="0" visitedMethods="1" numMethods="1" />
              <MetadataToken>100663424</MetadataToken>
              <Name>System.Void NUnit.VisualStudio.TestAdapter.AdapterSettings::set_UseNUnitIdforTestCaseId(System.Boolean)</Name>
              <FileRef uid="1" />
              <SequencePoints>
                <SequencePoint vc="1" uspid="79" ordinal="0" offset="0" sl="212" sc="52" el="212" ec="64" bec="0" bev="0" fileid="1" />
              </SequencePoints>
              <BranchPoints />
              <MethodPoint xsi:type="SequencePoint" vc="1" uspid="79" ordinal="0" offset="0" sl="212" sc="52" el="212" ec="64" bec="0" bev="0" fileid="1" />
            </Method>
            <Method visited="true" cyclomaticComplexity="1" nPathComplexity="0" sequenceCoverage="100" branchCoverage="100" crapScore="1" isConstructor="false" isStatic="false" isGetter="true" isSetter="false">
              <Summary numSequencePoints="1" visitedSequencePoints="1" numBranchPoints="1" visitedBranchPoints="1" sequenceCoverage="100" branchCoverage="100" maxCyclomaticComplexity="1" minCyclomaticComplexity="1" maxCrapScore="1" minCrapScore="1" visitedClasses="0" numClasses="0" visitedMethods="1" numMethods="1" />
              <MetadataToken>100663425</MetadataToken>
              <Name>System.Int32 NUnit.VisualStudio.TestAdapter.AdapterSettings::get_ConsoleOut()</Name>
              <FileRef uid="1" />
              <SequencePoints>
                <SequencePoint vc="27" uspid="80" ordinal="0" offset="0" sl="213" sc="33" el="213" ec="37" bec="0" bev="0" fileid="1" />
              </SequencePoints>
              <BranchPoints />
              <MethodPoint xsi:type="SequencePoint" vc="27" uspid="80" ordinal="0" offset="0" sl="213" sc="33" el="213" ec="37" bec="0" bev="0" fileid="1" />
            </Method>
            <Method visited="true" cyclomaticComplexity="1" nPathComplexity="0" sequenceCoverage="100" branchCoverage="100" crapScore="1" isConstructor="false" isStatic="false" isGetter="false" isSetter="true">
              <Summary numSequencePoints="1" visitedSequencePoints="1" numBranchPoints="1" visitedBranchPoints="1" sequenceCoverage="100" branchCoverage="100" maxCyclomaticComplexity="1" minCyclomaticComplexity="1" maxCrapScore="1" minCrapScore="1" visitedClasses="0" numClasses="0" visitedMethods="1" numMethods="1" />
              <MetadataToken>100663426</MetadataToken>
              <Name>System.Void NUnit.VisualStudio.TestAdapter.AdapterSettings::set_ConsoleOut(System.Int32)</Name>
              <FileRef uid="1" />
              <SequencePoints>
                <SequencePoint vc="1" uspid="81" ordinal="0" offset="0" sl="213" sc="38" el="213" ec="50" bec="0" bev="0" fileid="1" />
              </SequencePoints>
              <BranchPoints />
              <MethodPoint xsi:type="SequencePoint" vc="1" uspid="81" ordinal="0" offset="0" sl="213" sc="38" el="213" ec="50" bec="0" bev="0" fileid="1" />
            </Method>
            <Method visited="true" cyclomaticComplexity="1" nPathComplexity="0" sequenceCoverage="100" branchCoverage="100" crapScore="1" isConstructor="false" isStatic="false" isGetter="true" isSetter="false">
              <Summary numSequencePoints="1" visitedSequencePoints="1" numBranchPoints="1" visitedBranchPoints="1" sequenceCoverage="100" branchCoverage="100" maxCyclomaticComplexity="1" minCyclomaticComplexity="1" maxCrapScore="1" minCrapScore="1" visitedClasses="0" numClasses="0" visitedMethods="1" numMethods="1" />
              <MetadataToken>100663427</MetadataToken>
              <Name>System.Boolean NUnit.VisualStudio.TestAdapter.AdapterSettings::get_StopOnError()</Name>
              <FileRef uid="1" />
              <SequencePoints>
                <SequencePoint vc="1" uspid="82" ordinal="0" offset="0" sl="214" sc="35" el="214" ec="39" bec="0" bev="0" fileid="1" />
              </SequencePoints>
              <BranchPoints />
              <MethodPoint xsi:type="SequencePoint" vc="1" uspid="82" ordinal="0" offset="0" sl="214" sc="35" el="214" ec="39" bec="0" bev="0" fileid="1" />
            </Method>
            <Method visited="true" cyclomaticComplexity="1" nPathComplexity="0" sequenceCoverage="100" branchCoverage="100" crapScore="1" isConstructor="false" isStatic="false" isGetter="false" isSetter="true">
              <Summary numSequencePoints="1" visitedSequencePoints="1" numBranchPoints="1" visitedBranchPoints="1" sequenceCoverage="100" branchCoverage="100" maxCyclomaticComplexity="1" minCyclomaticComplexity="1" maxCrapScore="1" minCrapScore="1" visitedClasses="0" numClasses="0" visitedMethods="1" numMethods="1" />
              <MetadataToken>100663428</MetadataToken>
              <Name>System.Void NUnit.VisualStudio.TestAdapter.AdapterSettings::set_StopOnError(System.Boolean)</Name>
              <FileRef uid="1" />
              <SequencePoints>
                <SequencePoint vc="1" uspid="83" ordinal="0" offset="0" sl="214" sc="40" el="214" ec="52" bec="0" bev="0" fileid="1" />
              </SequencePoints>
              <BranchPoints />
              <MethodPoint xsi:type="SequencePoint" vc="1" uspid="83" ordinal="0" offset="0" sl="214" sc="40" el="214" ec="52" bec="0" bev="0" fileid="1" />
            </Method>
            <Method visited="true" cyclomaticComplexity="1" nPathComplexity="0" sequenceCoverage="100" branchCoverage="100" crapScore="1" isConstructor="false" isStatic="false" isGetter="true" isSetter="false">
              <Summary numSequencePoints="1" visitedSequencePoints="1" numBranchPoints="1" visitedBranchPoints="1" sequenceCoverage="100" branchCoverage="100" maxCyclomaticComplexity="1" minCyclomaticComplexity="1" maxCrapScore="1" minCrapScore="1" visitedClasses="0" numClasses="0" visitedMethods="1" numMethods="1" />
              <MetadataToken>100663429</MetadataToken>
              <Name>System.Boolean NUnit.VisualStudio.TestAdapter.AdapterSettings::get_SkipNonTestAssemblies()</Name>
              <FileRef uid="1" />
              <SequencePoints>
                <SequencePoint vc="1" uspid="84" ordinal="0" offset="0" sl="216" sc="45" el="216" ec="49" bec="0" bev="0" fileid="1" />
              </SequencePoints>
              <BranchPoints />
              <MethodPoint xsi:type="SequencePoint" vc="1" uspid="84" ordinal="0" offset="0" sl="216" sc="45" el="216" ec="49" bec="0" bev="0" fileid="1" />
            </Method>
            <Method visited="true" cyclomaticComplexity="1" nPathComplexity="0" sequenceCoverage="100" branchCoverage="100" crapScore="1" isConstructor="false" isStatic="false" isGetter="false" isSetter="true">
              <Summary numSequencePoints="1" visitedSequencePoints="1" numBranchPoints="1" visitedBranchPoints="1" sequenceCoverage="100" branchCoverage="100" maxCyclomaticComplexity="1" minCyclomaticComplexity="1" maxCrapScore="1" minCrapScore="1" visitedClasses="0" numClasses="0" visitedMethods="1" numMethods="1" />
              <MetadataToken>100663430</MetadataToken>
              <Name>System.Void NUnit.VisualStudio.TestAdapter.AdapterSettings::set_SkipNonTestAssemblies(System.Boolean)</Name>
              <FileRef uid="1" />
              <SequencePoints>
                <SequencePoint vc="1" uspid="85" ordinal="0" offset="0" sl="216" sc="50" el="216" ec="62" bec="0" bev="0" fileid="1" />
              </SequencePoints>
              <BranchPoints />
              <MethodPoint xsi:type="SequencePoint" vc="1" uspid="85" ordinal="0" offset="0" sl="216" sc="50" el="216" ec="62" bec="0" bev="0" fileid="1" />
            </Method>
            <Method visited="false" cyclomaticComplexity="1" nPathComplexity="0" sequenceCoverage="0" branchCoverage="0" crapScore="2" isConstructor="false" isStatic="false" isGetter="true" isSetter="false">
              <Summary numSequencePoints="1" visitedSequencePoints="0" numBranchPoints="1" visitedBranchPoints="0" sequenceCoverage="0" branchCoverage="0" maxCyclomaticComplexity="1" minCyclomaticComplexity="1" maxCrapScore="2" minCrapScore="2" visitedClasses="0" numClasses="0" visitedMethods="0" numMethods="1" />
              <MetadataToken>100663431</MetadataToken>
              <Name>NUnit.VisualStudio.TestAdapter.VsTestCategoryType NUnit.VisualStudio.TestAdapter.AdapterSettings::get_VsTestCategoryType()</Name>
              <FileRef uid="1" />
              <SequencePoints>
                <SequencePoint vc="0" uspid="86" ordinal="0" offset="0" sl="219" sc="56" el="219" ec="60" bec="0" bev="0" fileid="1" />
              </SequencePoints>
              <BranchPoints />
              <MethodPoint xsi:type="SequencePoint" vc="0" uspid="86" ordinal="0" offset="0" sl="219" sc="56" el="219" ec="60" bec="0" bev="0" fileid="1" />
            </Method>
            <Method visited="false" cyclomaticComplexity="1" nPathComplexity="0" sequenceCoverage="0" branchCoverage="0" crapScore="2" isConstructor="false" isStatic="false" isGetter="false" isSetter="true">
              <Summary numSequencePoints="1" visitedSequencePoints="0" numBranchPoints="1" visitedBranchPoints="0" sequenceCoverage="0" branchCoverage="0" maxCyclomaticComplexity="1" minCyclomaticComplexity="1" maxCrapScore="2" minCrapScore="2" visitedClasses="0" numClasses="0" visitedMethods="0" numMethods="1" />
              <MetadataToken>100663432</MetadataToken>
              <Name>System.Void NUnit.VisualStudio.TestAdapter.AdapterSettings::set_VsTestCategoryType(NUnit.VisualStudio.TestAdapter.VsTestCategoryType)</Name>
              <FileRef uid="1" />
              <SequencePoints>
                <SequencePoint vc="0" uspid="87" ordinal="0" offset="0" sl="219" sc="61" el="219" ec="73" bec="0" bev="0" fileid="1" />
              </SequencePoints>
              <BranchPoints />
              <MethodPoint xsi:type="SequencePoint" vc="0" uspid="87" ordinal="0" offset="0" sl="219" sc="61" el="219" ec="73" bec="0" bev="0" fileid="1" />
            </Method>
            <Method visited="true" cyclomaticComplexity="1" nPathComplexity="0" sequenceCoverage="100" branchCoverage="100" crapScore="1" isConstructor="false" isStatic="false" isGetter="true" isSetter="false">
              <Summary numSequencePoints="1" visitedSequencePoints="1" numBranchPoints="1" visitedBranchPoints="1" sequenceCoverage="100" branchCoverage="100" maxCyclomaticComplexity="1" minCyclomaticComplexity="1" maxCrapScore="1" minCrapScore="1" visitedClasses="0" numClasses="0" visitedMethods="1" numMethods="1" />
              <MetadataToken>100663433</MetadataToken>
              <Name>System.String NUnit.VisualStudio.TestAdapter.AdapterSettings::get_DefaultTestNamePattern()</Name>
              <FileRef uid="1" />
              <SequencePoints>
                <SequencePoint vc="1" uspid="88" ordinal="0" offset="0" sl="224" sc="48" el="224" ec="52" bec="0" bev="0" fileid="1" />
              </SequencePoints>
              <BranchPoints />
              <MethodPoint xsi:type="SequencePoint" vc="1" uspid="88" ordinal="0" offset="0" sl="224" sc="48" el="224" ec="52" bec="0" bev="0" fileid="1" />
            </Method>
            <Method visited="true" cyclomaticComplexity="1" nPathComplexity="0" sequenceCoverage="100" branchCoverage="100" crapScore="1" isConstructor="false" isStatic="false" isGetter="false" isSetter="true">
              <Summary numSequencePoints="1" visitedSequencePoints="1" numBranchPoints="1" visitedBranchPoints="1" sequenceCoverage="100" branchCoverage="100" maxCyclomaticComplexity="1" minCyclomaticComplexity="1" maxCrapScore="1" minCrapScore="1" visitedClasses="0" numClasses="0" visitedMethods="1" numMethods="1" />
              <MetadataToken>100663434</MetadataToken>
              <Name>System.Void NUnit.VisualStudio.TestAdapter.AdapterSettings::set_DefaultTestNamePattern(System.String)</Name>
              <FileRef uid="1" />
              <SequencePoints>
                <SequencePoint vc="1" uspid="89" ordinal="0" offset="0" sl="224" sc="53" el="224" ec="57" bec="0" bev="0" fileid="1" />
              </SequencePoints>
              <BranchPoints />
              <MethodPoint xsi:type="SequencePoint" vc="1" uspid="89" ordinal="0" offset="0" sl="224" sc="53" el="224" ec="57" bec="0" bev="0" fileid="1" />
            </Method>
            <Method visited="true" cyclomaticComplexity="1" nPathComplexity="0" sequenceCoverage="100" branchCoverage="100" crapScore="1" isConstructor="false" isStatic="false" isGetter="true" isSetter="false">
              <Summary numSequencePoints="1" visitedSequencePoints="1" numBranchPoints="1" visitedBranchPoints="1" sequenceCoverage="100" branchCoverage="100" maxCyclomaticComplexity="1" minCyclomaticComplexity="1" maxCrapScore="1" minCrapScore="1" visitedClasses="0" numClasses="0" visitedMethods="1" numMethods="1" />
              <MetadataToken>100663435</MetadataToken>
              <Name>System.Boolean NUnit.VisualStudio.TestAdapter.AdapterSettings::get_PreFilter()</Name>
              <FileRef uid="1" />
              <SequencePoints>
                <SequencePoint vc="1" uspid="90" ordinal="0" offset="0" sl="226" sc="33" el="226" ec="37" bec="0" bev="0" fileid="1" />
              </SequencePoints>
              <BranchPoints />
              <MethodPoint xsi:type="SequencePoint" vc="1" uspid="90" ordinal="0" offset="0" sl="226" sc="33" el="226" ec="37" bec="0" bev="0" fileid="1" />
            </Method>
            <Method visited="true" cyclomaticComplexity="1" nPathComplexity="0" sequenceCoverage="100" branchCoverage="100" crapScore="1" isConstructor="false" isStatic="false" isGetter="false" isSetter="true">
              <Summary numSequencePoints="1" visitedSequencePoints="1" numBranchPoints="1" visitedBranchPoints="1" sequenceCoverage="100" branchCoverage="100" maxCyclomaticComplexity="1" minCyclomaticComplexity="1" maxCrapScore="1" minCrapScore="1" visitedClasses="0" numClasses="0" visitedMethods="1" numMethods="1" />
              <MetadataToken>100663436</MetadataToken>
              <Name>System.Void NUnit.VisualStudio.TestAdapter.AdapterSettings::set_PreFilter(System.Boolean)</Name>
              <FileRef uid="1" />
              <SequencePoints>
                <SequencePoint vc="1" uspid="91" ordinal="0" offset="0" sl="226" sc="38" el="226" ec="50" bec="0" bev="0" fileid="1" />
              </SequencePoints>
              <BranchPoints />
              <MethodPoint xsi:type="SequencePoint" vc="1" uspid="91" ordinal="0" offset="0" sl="226" sc="38" el="226" ec="50" bec="0" bev="0" fileid="1" />
            </Method>
            <Method visited="false" cyclomaticComplexity="1" nPathComplexity="0" sequenceCoverage="0" branchCoverage="0" crapScore="2" isConstructor="false" isStatic="false" isGetter="true" isSetter="false">
              <Summary numSequencePoints="1" visitedSequencePoints="0" numBranchPoints="1" visitedBranchPoints="0" sequenceCoverage="0" branchCoverage="0" maxCyclomaticComplexity="1" minCyclomaticComplexity="1" maxCrapScore="2" minCrapScore="2" visitedClasses="0" numClasses="0" visitedMethods="0" numMethods="1" />
              <MetadataToken>100663437</MetadataToken>
              <Name>Microsoft.VisualStudio.TestPlatform.ObjectModel.TestOutcome NUnit.VisualStudio.TestAdapter.AdapterSettings::get_MapWarningTo()</Name>
              <FileRef uid="1" />
              <SequencePoints>
                <SequencePoint vc="0" uspid="92" ordinal="0" offset="0" sl="228" sc="43" el="228" ec="47" bec="0" bev="0" fileid="1" />
              </SequencePoints>
              <BranchPoints />
              <MethodPoint xsi:type="SequencePoint" vc="0" uspid="92" ordinal="0" offset="0" sl="228" sc="43" el="228" ec="47" bec="0" bev="0" fileid="1" />
            </Method>
            <Method visited="true" cyclomaticComplexity="1" nPathComplexity="0" sequenceCoverage="100" branchCoverage="100" crapScore="1" isConstructor="false" isStatic="false" isGetter="false" isSetter="true">
              <Summary numSequencePoints="1" visitedSequencePoints="1" numBranchPoints="1" visitedBranchPoints="1" sequenceCoverage="100" branchCoverage="100" maxCyclomaticComplexity="1" minCyclomaticComplexity="1" maxCrapScore="1" minCrapScore="1" visitedClasses="0" numClasses="0" visitedMethods="1" numMethods="1" />
              <MetadataToken>100663438</MetadataToken>
              <Name>System.Void NUnit.VisualStudio.TestAdapter.AdapterSettings::set_MapWarningTo(Microsoft.VisualStudio.TestPlatform.ObjectModel.TestOutcome)</Name>
              <FileRef uid="1" />
              <SequencePoints>
                <SequencePoint vc="1" uspid="93" ordinal="0" offset="0" sl="228" sc="48" el="228" ec="60" bec="0" bev="0" fileid="1" />
              </SequencePoints>
              <BranchPoints />
              <MethodPoint xsi:type="SequencePoint" vc="1" uspid="93" ordinal="0" offset="0" sl="228" sc="48" el="228" ec="60" bec="0" bev="0" fileid="1" />
            </Method>
            <Method visited="false" cyclomaticComplexity="1" nPathComplexity="0" sequenceCoverage="0" branchCoverage="0" crapScore="2" isConstructor="false" isStatic="false" isGetter="true" isSetter="false">
              <Summary numSequencePoints="1" visitedSequencePoints="0" numBranchPoints="1" visitedBranchPoints="0" sequenceCoverage="0" branchCoverage="0" maxCyclomaticComplexity="1" minCyclomaticComplexity="1" maxCrapScore="2" minCrapScore="2" visitedClasses="0" numClasses="0" visitedMethods="0" numMethods="1" />
              <MetadataToken>100663439</MetadataToken>
              <Name>System.Boolean NUnit.VisualStudio.TestAdapter.AdapterSettings::get_UseTestNameInConsoleOutput()</Name>
              <FileRef uid="1" />
              <SequencePoints>
                <SequencePoint vc="0" uspid="94" ordinal="0" offset="0" sl="230" sc="50" el="230" ec="54" bec="0" bev="0" fileid="1" />
              </SequencePoints>
              <BranchPoints />
              <MethodPoint xsi:type="SequencePoint" vc="0" uspid="94" ordinal="0" offset="0" sl="230" sc="50" el="230" ec="54" bec="0" bev="0" fileid="1" />
            </Method>
            <Method visited="true" cyclomaticComplexity="1" nPathComplexity="0" sequenceCoverage="100" branchCoverage="100" crapScore="1" isConstructor="false" isStatic="false" isGetter="false" isSetter="true">
              <Summary numSequencePoints="1" visitedSequencePoints="1" numBranchPoints="1" visitedBranchPoints="1" sequenceCoverage="100" branchCoverage="100" maxCyclomaticComplexity="1" minCyclomaticComplexity="1" maxCrapScore="1" minCrapScore="1" visitedClasses="0" numClasses="0" visitedMethods="1" numMethods="1" />
              <MetadataToken>100663440</MetadataToken>
              <Name>System.Void NUnit.VisualStudio.TestAdapter.AdapterSettings::set_UseTestNameInConsoleOutput(System.Boolean)</Name>
              <FileRef uid="1" />
              <SequencePoints>
                <SequencePoint vc="1" uspid="95" ordinal="0" offset="0" sl="230" sc="55" el="230" ec="67" bec="0" bev="0" fileid="1" />
              </SequencePoints>
              <BranchPoints />
              <MethodPoint xsi:type="SequencePoint" vc="1" uspid="95" ordinal="0" offset="0" sl="230" sc="55" el="230" ec="67" bec="0" bev="0" fileid="1" />
            </Method>
            <Method visited="true" cyclomaticComplexity="1" nPathComplexity="0" sequenceCoverage="100" branchCoverage="100" crapScore="1" isConstructor="false" isStatic="false" isGetter="true" isSetter="false">
              <Summary numSequencePoints="1" visitedSequencePoints="1" numBranchPoints="1" visitedBranchPoints="1" sequenceCoverage="100" branchCoverage="100" maxCyclomaticComplexity="1" minCyclomaticComplexity="1" maxCrapScore="1" minCrapScore="1" visitedClasses="0" numClasses="0" visitedMethods="1" numMethods="1" />
              <MetadataToken>100663441</MetadataToken>
              <Name>NUnit.VisualStudio.TestAdapter.DisplayNameOptions NUnit.VisualStudio.TestAdapter.AdapterSettings::get_DisplayName()</Name>
              <FileRef uid="1" />
              <SequencePoints>
                <SequencePoint vc="9" uspid="96" ordinal="0" offset="0" sl="232" sc="49" el="232" ec="53" bec="0" bev="0" fileid="1" />
              </SequencePoints>
              <BranchPoints />
              <MethodPoint xsi:type="SequencePoint" vc="9" uspid="96" ordinal="0" offset="0" sl="232" sc="49" el="232" ec="53" bec="0" bev="0" fileid="1" />
            </Method>
            <Method visited="false" cyclomaticComplexity="1" nPathComplexity="0" sequenceCoverage="0" branchCoverage="0" crapScore="2" isConstructor="false" isStatic="false" isGetter="false" isSetter="true">
              <Summary numSequencePoints="1" visitedSequencePoints="0" numBranchPoints="1" visitedBranchPoints="0" sequenceCoverage="0" branchCoverage="0" maxCyclomaticComplexity="1" minCyclomaticComplexity="1" maxCrapScore="2" minCrapScore="2" visitedClasses="0" numClasses="0" visitedMethods="0" numMethods="1" />
              <MetadataToken>100663442</MetadataToken>
              <Name>System.Void NUnit.VisualStudio.TestAdapter.AdapterSettings::set_DisplayName(NUnit.VisualStudio.TestAdapter.DisplayNameOptions)</Name>
              <FileRef uid="1" />
              <SequencePoints>
                <SequencePoint vc="0" uspid="97" ordinal="0" offset="0" sl="232" sc="54" el="232" ec="66" bec="0" bev="0" fileid="1" />
              </SequencePoints>
              <BranchPoints />
              <MethodPoint xsi:type="SequencePoint" vc="0" uspid="97" ordinal="0" offset="0" sl="232" sc="54" el="232" ec="66" bec="0" bev="0" fileid="1" />
            </Method>
            <Method visited="false" cyclomaticComplexity="1" nPathComplexity="0" sequenceCoverage="0" branchCoverage="0" crapScore="2" isConstructor="false" isStatic="false" isGetter="true" isSetter="false">
              <Summary numSequencePoints="1" visitedSequencePoints="0" numBranchPoints="1" visitedBranchPoints="0" sequenceCoverage="0" branchCoverage="0" maxCyclomaticComplexity="1" minCyclomaticComplexity="1" maxCrapScore="2" minCrapScore="2" visitedClasses="0" numClasses="0" visitedMethods="0" numMethods="1" />
              <MetadataToken>100663443</MetadataToken>
              <Name>System.Char NUnit.VisualStudio.TestAdapter.AdapterSettings::get_FullnameSeparator()</Name>
              <FileRef uid="1" />
              <SequencePoints>
                <SequencePoint vc="0" uspid="98" ordinal="0" offset="0" sl="234" sc="41" el="234" ec="45" bec="0" bev="0" fileid="1" />
              </SequencePoints>
              <BranchPoints />
              <MethodPoint xsi:type="SequencePoint" vc="0" uspid="98" ordinal="0" offset="0" sl="234" sc="41" el="234" ec="45" bec="0" bev="0" fileid="1" />
            </Method>
            <Method visited="true" cyclomaticComplexity="1" nPathComplexity="0" sequenceCoverage="100" branchCoverage="100" crapScore="1" isConstructor="false" isStatic="false" isGetter="false" isSetter="true">
              <Summary numSequencePoints="1" visitedSequencePoints="1" numBranchPoints="1" visitedBranchPoints="1" sequenceCoverage="100" branchCoverage="100" maxCyclomaticComplexity="1" minCyclomaticComplexity="1" maxCrapScore="1" minCrapScore="1" visitedClasses="0" numClasses="0" visitedMethods="1" numMethods="1" />
              <MetadataToken>100663444</MetadataToken>
              <Name>System.Void NUnit.VisualStudio.TestAdapter.AdapterSettings::set_FullnameSeparator(System.Char)</Name>
              <FileRef uid="1" />
              <SequencePoints>
                <SequencePoint vc="1" uspid="99" ordinal="0" offset="0" sl="234" sc="46" el="234" ec="58" bec="0" bev="0" fileid="1" />
              </SequencePoints>
              <BranchPoints />
              <MethodPoint xsi:type="SequencePoint" vc="1" uspid="99" ordinal="0" offset="0" sl="234" sc="46" el="234" ec="58" bec="0" bev="0" fileid="1" />
            </Method>
            <Method visited="false" cyclomaticComplexity="1" nPathComplexity="0" sequenceCoverage="0" branchCoverage="0" crapScore="2" isConstructor="false" isStatic="false" isGetter="true" isSetter="false">
              <Summary numSequencePoints="1" visitedSequencePoints="0" numBranchPoints="1" visitedBranchPoints="0" sequenceCoverage="0" branchCoverage="0" maxCyclomaticComplexity="1" minCyclomaticComplexity="1" maxCrapScore="2" minCrapScore="2" visitedClasses="0" numClasses="0" visitedMethods="0" numMethods="1" />
              <MetadataToken>100663445</MetadataToken>
              <Name>System.Boolean NUnit.VisualStudio.TestAdapter.AdapterSettings::get_DumpXmlTestDiscovery()</Name>
              <FileRef uid="1" />
              <SequencePoints>
                <SequencePoint vc="0" uspid="100" ordinal="0" offset="0" sl="240" sc="44" el="240" ec="48" bec="0" bev="0" fileid="1" />
              </SequencePoints>
              <BranchPoints />
              <MethodPoint xsi:type="SequencePoint" vc="0" uspid="100" ordinal="0" offset="0" sl="240" sc="44" el="240" ec="48" bec="0" bev="0" fileid="1" />
            </Method>
            <Method visited="true" cyclomaticComplexity="1" nPathComplexity="0" sequenceCoverage="100" branchCoverage="100" crapScore="1" isConstructor="false" isStatic="false" isGetter="false" isSetter="true">
              <Summary numSequencePoints="1" visitedSequencePoints="1" numBranchPoints="1" visitedBranchPoints="1" sequenceCoverage="100" branchCoverage="100" maxCyclomaticComplexity="1" minCyclomaticComplexity="1" maxCrapScore="1" minCrapScore="1" visitedClasses="0" numClasses="0" visitedMethods="1" numMethods="1" />
              <MetadataToken>100663446</MetadataToken>
              <Name>System.Void NUnit.VisualStudio.TestAdapter.AdapterSettings::set_DumpXmlTestDiscovery(System.Boolean)</Name>
              <FileRef uid="1" />
              <SequencePoints>
                <SequencePoint vc="1" uspid="101" ordinal="0" offset="0" sl="240" sc="49" el="240" ec="61" bec="0" bev="0" fileid="1" />
              </SequencePoints>
              <BranchPoints />
              <MethodPoint xsi:type="SequencePoint" vc="1" uspid="101" ordinal="0" offset="0" sl="240" sc="49" el="240" ec="61" bec="0" bev="0" fileid="1" />
            </Method>
            <Method visited="true" cyclomaticComplexity="1" nPathComplexity="0" sequenceCoverage="100" branchCoverage="100" crapScore="1" isConstructor="false" isStatic="false" isGetter="true" isSetter="false">
              <Summary numSequencePoints="1" visitedSequencePoints="1" numBranchPoints="1" visitedBranchPoints="1" sequenceCoverage="100" branchCoverage="100" maxCyclomaticComplexity="1" minCyclomaticComplexity="1" maxCrapScore="1" minCrapScore="1" visitedClasses="0" numClasses="0" visitedMethods="1" numMethods="1" />
              <MetadataToken>100663447</MetadataToken>
              <Name>System.Boolean NUnit.VisualStudio.TestAdapter.AdapterSettings::get_DumpXmlTestResults()</Name>
              <FileRef uid="1" />
              <SequencePoints>
                <SequencePoint vc="1" uspid="102" ordinal="0" offset="0" sl="242" sc="42" el="242" ec="46" bec="0" bev="0" fileid="1" />
              </SequencePoints>
              <BranchPoints />
              <MethodPoint xsi:type="SequencePoint" vc="1" uspid="102" ordinal="0" offset="0" sl="242" sc="42" el="242" ec="46" bec="0" bev="0" fileid="1" />
            </Method>
            <Method visited="true" cyclomaticComplexity="1" nPathComplexity="0" sequenceCoverage="100" branchCoverage="100" crapScore="1" isConstructor="false" isStatic="false" isGetter="false" isSetter="true">
              <Summary numSequencePoints="1" visitedSequencePoints="1" numBranchPoints="1" visitedBranchPoints="1" sequenceCoverage="100" branchCoverage="100" maxCyclomaticComplexity="1" minCyclomaticComplexity="1" maxCrapScore="1" minCrapScore="1" visitedClasses="0" numClasses="0" visitedMethods="1" numMethods="1" />
              <MetadataToken>100663448</MetadataToken>
              <Name>System.Void NUnit.VisualStudio.TestAdapter.AdapterSettings::set_DumpXmlTestResults(System.Boolean)</Name>
              <FileRef uid="1" />
              <SequencePoints>
                <SequencePoint vc="1" uspid="103" ordinal="0" offset="0" sl="242" sc="47" el="242" ec="59" bec="0" bev="0" fileid="1" />
              </SequencePoints>
              <BranchPoints />
              <MethodPoint xsi:type="SequencePoint" vc="1" uspid="103" ordinal="0" offset="0" sl="242" sc="47" el="242" ec="59" bec="0" bev="0" fileid="1" />
            </Method>
            <Method visited="true" cyclomaticComplexity="1" nPathComplexity="0" sequenceCoverage="100" branchCoverage="100" crapScore="1" isConstructor="false" isStatic="false" isGetter="true" isSetter="false">
              <Summary numSequencePoints="1" visitedSequencePoints="1" numBranchPoints="1" visitedBranchPoints="1" sequenceCoverage="100" branchCoverage="100" maxCyclomaticComplexity="1" minCyclomaticComplexity="1" maxCrapScore="1" minCrapScore="1" visitedClasses="0" numClasses="0" visitedMethods="1" numMethods="1" />
              <MetadataToken>100663449</MetadataToken>
              <Name>System.Boolean NUnit.VisualStudio.TestAdapter.AdapterSettings::get_FreakMode()</Name>
              <FileRef uid="1" />
              <SequencePoints>
                <SequencePoint vc="9" uspid="104" ordinal="0" offset="0" sl="244" sc="33" el="244" ec="37" bec="0" bev="0" fileid="1" />
              </SequencePoints>
              <BranchPoints />
              <MethodPoint xsi:type="SequencePoint" vc="9" uspid="104" ordinal="0" offset="0" sl="244" sc="33" el="244" ec="37" bec="0" bev="0" fileid="1" />
            </Method>
            <Method visited="true" cyclomaticComplexity="1" nPathComplexity="0" sequenceCoverage="100" branchCoverage="100" crapScore="1" isConstructor="false" isStatic="false" isGetter="false" isSetter="true">
              <Summary numSequencePoints="1" visitedSequencePoints="1" numBranchPoints="1" visitedBranchPoints="1" sequenceCoverage="100" branchCoverage="100" maxCyclomaticComplexity="1" minCyclomaticComplexity="1" maxCrapScore="1" minCrapScore="1" visitedClasses="0" numClasses="0" visitedMethods="1" numMethods="1" />
              <MetadataToken>100663450</MetadataToken>
              <Name>System.Void NUnit.VisualStudio.TestAdapter.AdapterSettings::set_FreakMode(System.Boolean)</Name>
              <FileRef uid="1" />
              <SequencePoints>
                <SequencePoint vc="1" uspid="105" ordinal="0" offset="0" sl="244" sc="38" el="244" ec="50" bec="0" bev="0" fileid="1" />
              </SequencePoints>
              <BranchPoints />
              <MethodPoint xsi:type="SequencePoint" vc="1" uspid="105" ordinal="0" offset="0" sl="244" sc="38" el="244" ec="50" bec="0" bev="0" fileid="1" />
            </Method>
            <Method visited="true" cyclomaticComplexity="1" nPathComplexity="0" sequenceCoverage="100" branchCoverage="100" crapScore="1" isConstructor="true" isStatic="false" isGetter="false" isSetter="false">
              <Summary numSequencePoints="4" visitedSequencePoints="4" numBranchPoints="1" visitedBranchPoints="1" sequenceCoverage="100" branchCoverage="100" maxCyclomaticComplexity="1" minCyclomaticComplexity="1" maxCrapScore="1" minCrapScore="1" visitedClasses="0" numClasses="0" visitedMethods="1" numMethods="1" />
              <MetadataToken>100663363</MetadataToken>
              <Name>System.Void NUnit.VisualStudio.TestAdapter.AdapterSettings::.ctor(NUnit.VisualStudio.TestAdapter.TestLogger)</Name>
              <FileRef uid="1" />
              <SequencePoints>
                <SequencePoint vc="1" uspid="106" ordinal="0" offset="0" sl="234" sc="63" el="234" ec="66" bec="0" bev="0" fileid="1" />
                <SequencePoint vc="1" uspid="107" ordinal="1" offset="8" sl="130" sc="9" el="130" ec="50" bec="0" bev="0" fileid="1" />
                <SequencePoint vc="1" uspid="108" ordinal="2" offset="14" sl="132" sc="13" el="132" ec="30" bec="0" bev="0" fileid="1" />
                <SequencePoint vc="1" uspid="109" ordinal="3" offset="21" sl="133" sc="9" el="133" ec="10" bec="0" bev="0" fileid="1" />
              </SequencePoints>
              <BranchPoints />
              <MethodPoint xsi:type="SequencePoint" vc="1" uspid="106" ordinal="0" offset="0" sl="234" sc="63" el="234" ec="66" bec="0" bev="0" fileid="1" />
            </Method>
            <Method visited="true" cyclomaticComplexity="4" nPathComplexity="4" sequenceCoverage="75" branchCoverage="60" crapScore="4.25" isConstructor="false" isStatic="false" isGetter="false" isSetter="false">
              <Summary numSequencePoints="4" visitedSequencePoints="3" numBranchPoints="5" visitedBranchPoints="3" sequenceCoverage="75" branchCoverage="60" maxCyclomaticComplexity="4" minCyclomaticComplexity="4" maxCrapScore="4.25" minCrapScore="4.25" visitedClasses="0" numClasses="0" visitedMethods="1" numMethods="1" />
              <MetadataToken>100663451</MetadataToken>
              <Name>System.Void NUnit.VisualStudio.TestAdapter.AdapterSettings::Load(Microsoft.VisualStudio.TestPlatform.ObjectModel.Adapter.IDiscoveryContext)</Name>
              <FileRef uid="1" />
              <SequencePoints>
                <SequencePoint vc="1" uspid="110" ordinal="0" offset="0" sl="256" sc="13" el="256" ec="33" bec="2" bev="1" fileid="1" />
                <SequencePoint vc="0" uspid="111" ordinal="1" offset="3" sl="257" sc="17" el="257" ec="99" bec="0" bev="0" fileid="1" />
                <SequencePoint vc="1" uspid="112" ordinal="2" offset="19" sl="259" sc="13" el="259" ec="52" bec="2" bev="1" fileid="1" />
                <SequencePoint vc="1" uspid="113" ordinal="3" offset="43" sl="260" sc="9" el="260" ec="10" bec="0" bev="0" fileid="1" />
              </SequencePoints>
              <BranchPoints>
                <BranchPoint vc="0" uspid="114" ordinal="0" offset="1" sl="256" path="0" offsetend="3" fileid="1" />
                <BranchPoint vc="1" uspid="115" ordinal="1" offset="1" sl="256" path="1" offsetend="19" fileid="1" />
                <BranchPoint vc="0" uspid="116" ordinal="2" offset="27" sl="259" path="0" offsetend="29" fileid="1" />
                <BranchPoint vc="1" uspid="117" ordinal="3" offset="27" sl="259" path="1" offsetend="33" fileid="1" />
              </BranchPoints>
              <MethodPoint xsi:type="SequencePoint" vc="1" uspid="110" ordinal="0" offset="0" sl="256" sc="13" el="256" ec="33" bec="2" bev="1" fileid="1" />
            </Method>
            <Method visited="true" cyclomaticComplexity="14" nPathComplexity="1024" sequenceCoverage="88.89" branchCoverage="38.10" crapScore="14.27" isConstructor="false" isStatic="false" isGetter="false" isSetter="false">
              <Summary numSequencePoints="63" visitedSequencePoints="56" numBranchPoints="21" visitedBranchPoints="8" sequenceCoverage="88.89" branchCoverage="38.10" maxCyclomaticComplexity="14" minCyclomaticComplexity="14" maxCrapScore="14.27" minCrapScore="14.27" visitedClasses="0" numClasses="0" visitedMethods="1" numMethods="1" />
              <MetadataToken>100663452</MetadataToken>
              <Name>System.Void NUnit.VisualStudio.TestAdapter.AdapterSettings::Load(System.String)</Name>
              <FileRef uid="1" />
              <SequencePoints>
                <SequencePoint vc="1" uspid="118" ordinal="0" offset="8" sl="264" sc="13" el="264" ec="51" bec="2" bev="1" fileid="1" />
                <SequencePoint vc="0" uspid="119" ordinal="1" offset="16" sl="265" sc="17" el="265" ec="49" bec="0" bev="0" fileid="1" />
                <SequencePoint vc="1" uspid="120" ordinal="2" offset="23" sl="269" sc="13" el="269" ec="41" bec="0" bev="0" fileid="1" />
                <SequencePoint vc="1" uspid="121" ordinal="3" offset="35" sl="270" sc="13" el="270" ec="38" bec="0" bev="0" fileid="1" />
                <SequencePoint vc="1" uspid="122" ordinal="4" offset="47" sl="272" sc="13" el="272" ec="71" bec="0" bev="0" fileid="1" />
                <SequencePoint vc="1" uspid="123" ordinal="5" offset="64" sl="273" sc="13" el="273" ec="76" bec="0" bev="0" fileid="1" />
                <SequencePoint vc="1" uspid="124" ordinal="6" offset="83" sl="274" sc="13" el="274" ec="43" bec="0" bev="0" fileid="1" />
                <SequencePoint vc="1" uspid="125" ordinal="7" offset="100" sl="276" sc="13" el="276" ec="89" bec="0" bev="0" fileid="1" />
                <SequencePoint vc="1" uspid="126" ordinal="8" offset="117" sl="277" sc="13" el="277" ec="88" bec="0" bev="0" fileid="1" />
                <SequencePoint vc="1" uspid="127" ordinal="9" offset="136" sl="278" sc="13" el="278" ec="96" bec="0" bev="0" fileid="1" />
                <SequencePoint vc="1" uspid="128" ordinal="10" offset="159" sl="279" sc="13" el="279" ec="92" bec="0" bev="0" fileid="1" />
                <SequencePoint vc="1" uspid="129" ordinal="11" offset="182" sl="280" sc="13" el="280" ec="108" bec="0" bev="0" fileid="1" />
                <SequencePoint vc="1" uspid="130" ordinal="12" offset="205" sl="281" sc="13" el="281" ec="96" bec="0" bev="0" fileid="1" />
                <SequencePoint vc="1" uspid="131" ordinal="13" offset="228" sl="282" sc="13" el="282" ec="117" bec="0" bev="0" fileid="1" />
                <SequencePoint vc="1" uspid="132" ordinal="14" offset="247" sl="283" sc="13" el="283" ec="102" bec="0" bev="0" fileid="1" />
                <SequencePoint vc="1" uspid="133" ordinal="15" offset="266" sl="284" sc="13" el="284" ec="114" bec="0" bev="0" fileid="1" />
                <SequencePoint vc="1" uspid="134" ordinal="16" offset="285" sl="285" sc="13" el="285" ec="90" bec="0" bev="0" fileid="1" />
                <SequencePoint vc="1" uspid="135" ordinal="17" offset="304" sl="286" sc="13" el="287" ec="103" bec="0" bev="0" fileid="1" />
                <SequencePoint vc="1" uspid="136" ordinal="18" offset="323" sl="289" sc="13" el="289" ec="63" bec="0" bev="0" fileid="1" />
                <SequencePoint vc="1" uspid="137" ordinal="19" offset="334" sl="290" sc="13" el="290" ec="36" bec="0" bev="0" fileid="1" />
                <SequencePoint vc="1" uspid="138" ordinal="20" offset="342" sl="293" sc="13" el="294" ec="45" bec="0" bev="0" fileid="1" />
                <SequencePoint vc="1" uspid="139" ordinal="21" offset="414" sl="295" sc="13" el="295" ec="83" bec="0" bev="0" fileid="1" />
                <SequencePoint vc="1" uspid="140" ordinal="22" offset="437" sl="296" sc="13" el="296" ec="67" bec="0" bev="0" fileid="1" />
                <SequencePoint vc="1" uspid="141" ordinal="23" offset="460" sl="297" sc="13" el="297" ec="86" bec="0" bev="0" fileid="1" />
                <SequencePoint vc="1" uspid="142" ordinal="24" offset="479" sl="298" sc="13" el="298" ec="97" bec="0" bev="0" fileid="1" />
                <SequencePoint vc="1" uspid="143" ordinal="25" offset="498" sl="299" sc="13" el="299" ec="93" bec="0" bev="0" fileid="1" />
                <SequencePoint vc="1" uspid="144" ordinal="26" offset="517" sl="300" sc="13" el="300" ec="107" bec="0" bev="0" fileid="1" />
                <SequencePoint vc="1" uspid="145" ordinal="27" offset="536" sl="301" sc="13" el="301" ec="73" bec="0" bev="0" fileid="1" />
                <SequencePoint vc="1" uspid="146" ordinal="28" offset="559" sl="302" sc="13" el="302" ec="85" bec="0" bev="0" fileid="1" />
                <SequencePoint vc="1" uspid="147" ordinal="29" offset="582" sl="303" sc="13" el="303" ec="83" bec="0" bev="0" fileid="1" />
                <SequencePoint vc="1" uspid="148" ordinal="30" offset="605" sl="304" sc="13" el="304" ec="83" bec="0" bev="0" fileid="1" />
                <SequencePoint vc="1" uspid="149" ordinal="31" offset="624" sl="305" sc="13" el="305" ec="55" bec="0" bev="0" fileid="1" />
                <SequencePoint vc="1" uspid="150" ordinal="32" offset="645" sl="306" sc="13" el="306" ec="38" bec="2" bev="1" fileid="1" />
                <SequencePoint vc="1" uspid="151" ordinal="33" offset="653" sl="307" sc="17" el="307" ec="50" bec="0" bev="0" fileid="1" />
                <SequencePoint vc="1" uspid="152" ordinal="34" offset="674" sl="308" sc="13" el="308" ec="101" bec="0" bev="0" fileid="1" />
                <SequencePoint vc="1" uspid="153" ordinal="35" offset="697" sl="309" sc="13" el="309" ec="107" bec="0" bev="0" fileid="1" />
                <SequencePoint vc="1" uspid="154" ordinal="36" offset="716" sl="310" sc="13" el="310" ec="127" bec="0" bev="0" fileid="1" />
                <SequencePoint vc="1" uspid="155" ordinal="37" offset="735" sl="311" sc="13" el="311" ec="109" bec="0" bev="0" fileid="1" />
                <SequencePoint vc="1" uspid="156" ordinal="38" offset="754" sl="312" sc="13" el="312" ec="78" bec="0" bev="0" fileid="1" />
                <SequencePoint vc="1" uspid="157" ordinal="39" offset="773" sl="313" sc="13" el="313" ec="85" bec="0" bev="0" fileid="1" />
                <SequencePoint vc="1" uspid="158" ordinal="40" offset="792" sl="316" sc="13" el="316" ec="104" bec="0" bev="0" fileid="1" />
                <SequencePoint vc="1" uspid="159" ordinal="41" offset="811" sl="320" sc="13" el="320" ec="103" bec="0" bev="0" fileid="1" />
                <SequencePoint vc="1" uspid="160" ordinal="42" offset="830" sl="321" sc="13" el="321" ec="99" bec="0" bev="0" fileid="1" />
                <SequencePoint vc="1" uspid="161" ordinal="43" offset="849" sl="322" sc="13" el="322" ec="81" bec="0" bev="0" fileid="1" />
                <SequencePoint vc="1" uspid="162" ordinal="44" offset="868" sl="326" sc="13" el="326" ec="89" bec="0" bev="0" fileid="1" />
                <SequencePoint vc="1" uspid="163" ordinal="45" offset="900" sl="327" sc="13" el="327" ec="110" bec="2" bev="1" fileid="1" />
                <SequencePoint vc="1" uspid="164" ordinal="46" offset="946" sl="333" sc="13" el="333" ec="81" bec="0" bev="0" fileid="1" />
                <SequencePoint vc="1" uspid="165" ordinal="47" offset="965" sl="334" sc="13" el="334" ec="97" bec="0" bev="0" fileid="1" />
                <SequencePoint vc="1" uspid="166" ordinal="48" offset="997" sl="335" sc="13" el="335" ec="108" bec="0" bev="0" fileid="1" />
                <SequencePoint vc="1" uspid="167" ordinal="49" offset="1035" sl="336" sc="13" el="336" ec="115" bec="0" bev="0" fileid="1" />
                <SequencePoint vc="1" uspid="168" ordinal="50" offset="1054" sl="337" sc="13" el="338" ec="106" bec="0" bev="0" fileid="1" />
                <SequencePoint vc="1" uspid="169" ordinal="51" offset="1071" sl="339" sc="13" el="340" ec="115" bec="4" bev="1" fileid="1" />
                <SequencePoint vc="1" uspid="170" ordinal="52" offset="1109" sl="345" sc="13" el="347" ec="112" bec="2" bev="1" fileid="1" />
                <SequencePoint vc="1" uspid="171" ordinal="53" offset="1131" sl="351" sc="13" el="351" ec="85" bec="2" bev="1" fileid="1" />
                <SequencePoint vc="0" uspid="172" ordinal="54" offset="1142" sl="353" sc="17" el="353" ec="41" bec="0" bev="0" fileid="1" />
                <SequencePoint vc="0" uspid="173" ordinal="55" offset="1149" sl="354" sc="17" el="354" ec="42" bec="0" bev="0" fileid="1" />
                <SequencePoint vc="0" uspid="174" ordinal="56" offset="1156" sl="355" sc="17" el="355" ec="36" bec="2" bev="0" fileid="1" />
                <SequencePoint vc="0" uspid="175" ordinal="57" offset="1165" sl="357" sc="21" el="357" ec="56" bec="2" bev="0" fileid="1" />
                <SequencePoint vc="0" uspid="176" ordinal="58" offset="1173" sl="359" sc="25" el="360" ec="239" bec="0" bev="0" fileid="1" />
                <SequencePoint vc="1" uspid="177" ordinal="59" offset="1189" sl="366" sc="13" el="366" ec="34" bec="2" bev="1" fileid="1" />
                <SequencePoint vc="0" uspid="178" ordinal="60" offset="1197" sl="368" sc="17" el="368" ec="38" bec="0" bev="0" fileid="1" />
                <SequencePoint vc="1" uspid="179" ordinal="61" offset="1208" sl="372" sc="13" el="372" ec="41" bec="0" bev="0" fileid="1" />
                <SequencePoint vc="1" uspid="180" ordinal="62" offset="1214" sl="407" sc="9" el="407" ec="10" bec="0" bev="0" fileid="1" />
              </SequencePoints>
              <BranchPoints>
                <BranchPoint vc="0" uspid="181" ordinal="0" offset="14" sl="264" path="0" offsetend="16" fileid="1" />
                <BranchPoint vc="1" uspid="182" ordinal="1" offset="14" sl="264" path="1" offsetend="23" fileid="1" />
                <BranchPoint vc="1" uspid="183" ordinal="2" offset="651" sl="306" path="0" offsetend="653" fileid="1" />
                <BranchPoint vc="0" uspid="184" ordinal="3" offset="651" sl="306" path="1" offsetend="674" fileid="1" />
                <BranchPoint vc="1" uspid="185" ordinal="4" offset="928" sl="327" path="0" offsetend="930" fileid="1" />
                <BranchPoint vc="0" uspid="186" ordinal="5" offset="928" sl="327" path="1" offsetend="935" fileid="1" />
                <BranchPoint vc="0" uspid="187" ordinal="6" offset="1073" sl="339" path="0" offsetend="1075" fileid="1" />
                <BranchPoint vc="1" uspid="188" ordinal="7" offset="1073" sl="339" path="1" offsetend="1103" fileid="1" />
                <BranchPoint vc="0" uspid="189" ordinal="8" offset="1087" sl="339" path="0" offsetend="1089" fileid="1" />
                <BranchPoint vc="0" uspid="190" ordinal="9" offset="1087" sl="339" path="1" offsetend="1093" fileid="1" />
                <BranchPoint vc="1" uspid="191" ordinal="10" offset="1110" sl="345" path="0" offsetend="1112" fileid="1" />
                <BranchPoint vc="0" uspid="192" ordinal="11" offset="1110" sl="345" path="1" offsetend="1115" fileid="1" />
                <BranchPoint vc="0" uspid="193" ordinal="12" offset="1140" sl="351" path="0" offsetend="1142" fileid="1" />
                <BranchPoint vc="1" uspid="194" ordinal="13" offset="1140" sl="351" path="1" offsetend="1189" fileid="1" />
                <BranchPoint vc="0" uspid="195" ordinal="14" offset="1163" sl="355" path="0" offsetend="1165" fileid="1" />
                <BranchPoint vc="0" uspid="196" ordinal="15" offset="1163" sl="355" path="1" offsetend="1189" fileid="1" />
                <BranchPoint vc="0" uspid="197" ordinal="16" offset="1171" sl="357" path="0" offsetend="1173" fileid="1" />
                <BranchPoint vc="0" uspid="198" ordinal="17" offset="1171" sl="357" path="1" offsetend="1189" fileid="1" />
                <BranchPoint vc="0" uspid="199" ordinal="18" offset="1195" sl="366" path="0" offsetend="1197" fileid="1" />
                <BranchPoint vc="1" uspid="200" ordinal="19" offset="1195" sl="366" path="1" offsetend="1208" fileid="1" />
              </BranchPoints>
              <MethodPoint vc="1" uspid="201" ordinal="0" offset="0" />
            </Method>
            <Method visited="true" cyclomaticComplexity="3" nPathComplexity="4" sequenceCoverage="28.57" branchCoverage="40" crapScore="6.28" isConstructor="false" isStatic="false" isGetter="false" isSetter="false">
              <Summary numSequencePoints="7" visitedSequencePoints="2" numBranchPoints="5" visitedBranchPoints="2" sequenceCoverage="28.57" branchCoverage="40" maxCyclomaticComplexity="3" minCyclomaticComplexity="3" maxCrapScore="6.28" minCrapScore="6.28" visitedClasses="0" numClasses="0" visitedMethods="1" numMethods="1" />
              <MetadataToken>100663453</MetadataToken>
              <Name>System.Void NUnit.VisualStudio.TestAdapter.AdapterSettings::MapTestCategory(System.String)</Name>
              <FileRef uid="1" />
              <SequencePoints>
                <SequencePoint vc="1" uspid="202" ordinal="0" offset="0" sl="411" sc="13" el="411" ec="44" bec="2" bev="1" fileid="1" />
                <SequencePoint vc="1" uspid="203" ordinal="1" offset="3" sl="412" sc="17" el="412" ec="24" bec="0" bev="0" fileid="1" />
                <SequencePoint vc="0" uspid="204" ordinal="2" offset="4" sl="413" sc="13" el="413" ec="95" bec="0" bev="0" fileid="1" />
                <SequencePoint vc="0" uspid="205" ordinal="3" offset="12" sl="414" sc="13" el="414" ec="20" bec="2" bev="0" fileid="1" />
                <SequencePoint vc="0" uspid="206" ordinal="4" offset="14" sl="415" sc="17" el="415" ec="45" bec="0" bev="0" fileid="1" />
                <SequencePoint vc="0" uspid="207" ordinal="5" offset="22" sl="417" sc="17" el="417" ec="131" bec="0" bev="0" fileid="1" />
                <SequencePoint vc="0" uspid="208" ordinal="6" offset="49" sl="418" sc="9" el="418" ec="10" bec="0" bev="0" fileid="1" />
              </SequencePoints>
              <BranchPoints>
                <BranchPoint vc="1" uspid="209" ordinal="0" offset="1" sl="411" path="0" offsetend="3" fileid="1" />
                <BranchPoint vc="0" uspid="210" ordinal="1" offset="1" sl="411" path="1" offsetend="4" fileid="1" />
                <BranchPoint vc="0" uspid="211" ordinal="2" offset="12" sl="414" path="0" offsetend="14" fileid="1" />
                <BranchPoint vc="0" uspid="212" ordinal="3" offset="12" sl="414" path="1" offsetend="22" fileid="1" />
              </BranchPoints>
              <MethodPoint xsi:type="SequencePoint" vc="1" uspid="202" ordinal="0" offset="0" sl="411" sc="13" el="411" ec="44" bec="2" bev="1" fileid="1" />
            </Method>
            <Method visited="true" cyclomaticComplexity="3" nPathComplexity="4" sequenceCoverage="28.57" branchCoverage="40" crapScore="6.28" isConstructor="false" isStatic="false" isGetter="false" isSetter="false">
              <Summary numSequencePoints="7" visitedSequencePoints="2" numBranchPoints="5" visitedBranchPoints="2" sequenceCoverage="28.57" branchCoverage="40" maxCyclomaticComplexity="3" minCyclomaticComplexity="3" maxCrapScore="6.28" minCrapScore="6.28" visitedClasses="0" numClasses="0" visitedMethods="1" numMethods="1" />
              <MetadataToken>100663454</MetadataToken>
              <Name>System.Void NUnit.VisualStudio.TestAdapter.AdapterSettings::MapDisplayName(System.String)</Name>
              <FileRef uid="1" />
              <SequencePoints>
                <SequencePoint vc="1" uspid="213" ordinal="0" offset="0" sl="422" sc="13" el="422" ec="44" bec="2" bev="1" fileid="1" />
                <SequencePoint vc="1" uspid="214" ordinal="1" offset="3" sl="423" sc="17" el="423" ec="24" bec="0" bev="0" fileid="1" />
                <SequencePoint vc="0" uspid="215" ordinal="2" offset="4" sl="424" sc="13" el="424" ec="95" bec="0" bev="0" fileid="1" />
                <SequencePoint vc="0" uspid="216" ordinal="3" offset="12" sl="425" sc="13" el="425" ec="20" bec="2" bev="0" fileid="1" />
                <SequencePoint vc="0" uspid="217" ordinal="4" offset="14" sl="426" sc="17" el="426" ec="38" bec="0" bev="0" fileid="1" />
                <SequencePoint vc="0" uspid="218" ordinal="5" offset="22" sl="428" sc="17" el="428" ec="145" bec="0" bev="0" fileid="1" />
                <SequencePoint vc="0" uspid="219" ordinal="6" offset="49" sl="429" sc="9" el="429" ec="10" bec="0" bev="0" fileid="1" />
              </SequencePoints>
              <BranchPoints>
                <BranchPoint vc="1" uspid="220" ordinal="0" offset="1" sl="422" path="0" offsetend="3" fileid="1" />
                <BranchPoint vc="0" uspid="221" ordinal="1" offset="1" sl="422" path="1" offsetend="4" fileid="1" />
                <BranchPoint vc="0" uspid="222" ordinal="2" offset="12" sl="425" path="0" offsetend="14" fileid="1" />
                <BranchPoint vc="0" uspid="223" ordinal="3" offset="12" sl="425" path="1" offsetend="22" fileid="1" />
              </BranchPoints>
              <MethodPoint xsi:type="SequencePoint" vc="1" uspid="213" ordinal="0" offset="0" sl="422" sc="13" el="422" ec="44" bec="2" bev="1" fileid="1" />
            </Method>
            <Method visited="false" cyclomaticComplexity="1" nPathComplexity="0" sequenceCoverage="0" branchCoverage="0" crapScore="2" isConstructor="false" isStatic="false" isGetter="false" isSetter="false">
              <Summary numSequencePoints="7" visitedSequencePoints="0" numBranchPoints="1" visitedBranchPoints="0" sequenceCoverage="0" branchCoverage="0" maxCyclomaticComplexity="1" minCyclomaticComplexity="1" maxCrapScore="2" minCrapScore="2" visitedClasses="0" numClasses="0" visitedMethods="0" numMethods="1" />
              <MetadataToken>100663455</MetadataToken>
              <Name>System.Void NUnit.VisualStudio.TestAdapter.AdapterSettings::SaveRandomSeed(System.String)</Name>
              <FileRef uid="1" />
              <SequencePoints>
                <SequencePoint vc="0" uspid="224" ordinal="0" offset="0" sl="436" sc="17" el="436" ec="68" bec="0" bev="0" fileid="1" />
                <SequencePoint vc="0" uspid="225" ordinal="1" offset="11" sl="437" sc="17" el="437" ec="70" bec="0" bev="0" fileid="1" />
                <SequencePoint vc="0" uspid="226" ordinal="2" offset="38" sl="438" sc="13" el="438" ec="14" bec="0" bev="0" fileid="1" />
                <SequencePoint vc="0" uspid="227" ordinal="3" offset="40" sl="439" sc="13" el="439" ec="33" bec="0" bev="0" fileid="1" />
                <SequencePoint vc="0" uspid="228" ordinal="4" offset="41" sl="441" sc="17" el="441" ec="68" bec="0" bev="0" fileid="1" />
                <SequencePoint vc="0" uspid="229" ordinal="5" offset="58" sl="442" sc="13" el="442" ec="14" bec="0" bev="0" fileid="1" />
                <SequencePoint vc="0" uspid="230" ordinal="6" offset="60" sl="443" sc="9" el="443" ec="10" bec="0" bev="0" fileid="1" />
              </SequencePoints>
              <BranchPoints />
              <MethodPoint xsi:type="SequencePoint" vc="0" uspid="224" ordinal="0" offset="0" sl="436" sc="17" el="436" ec="68" bec="0" bev="0" fileid="1" />
            </Method>
            <Method visited="true" cyclomaticComplexity="2" nPathComplexity="2" sequenceCoverage="30" branchCoverage="66.67" crapScore="3.37" isConstructor="false" isStatic="false" isGetter="false" isSetter="false">
              <Summary numSequencePoints="10" visitedSequencePoints="3" numBranchPoints="3" visitedBranchPoints="2" sequenceCoverage="30" branchCoverage="66.67" maxCyclomaticComplexity="2" minCyclomaticComplexity="2" maxCrapScore="3.37" minCrapScore="3.37" visitedClasses="0" numClasses="0" visitedMethods="1" numMethods="1" />
              <MetadataToken>100663456</MetadataToken>
              <Name>System.Void NUnit.VisualStudio.TestAdapter.AdapterSettings::RestoreRandomSeed(System.String)</Name>
              <FileRef uid="1" />
              <SequencePoints>
                <SequencePoint vc="1" uspid="231" ordinal="0" offset="0" sl="447" sc="13" el="447" ec="68" bec="0" bev="0" fileid="1" />
                <SequencePoint vc="1" uspid="232" ordinal="1" offset="12" sl="448" sc="13" el="448" ec="40" bec="2" bev="1" fileid="1" />
                <SequencePoint vc="1" uspid="233" ordinal="2" offset="20" sl="449" sc="17" el="449" ec="24" bec="0" bev="0" fileid="1" />
                <SequencePoint vc="0" uspid="234" ordinal="3" offset="22" sl="452" sc="17" el="452" ec="56" bec="0" bev="0" fileid="1" />
                <SequencePoint vc="0" uspid="235" ordinal="4" offset="29" sl="453" sc="17" el="453" ec="47" bec="0" bev="0" fileid="1" />
                <SequencePoint vc="0" uspid="236" ordinal="5" offset="46" sl="454" sc="13" el="454" ec="14" bec="0" bev="0" fileid="1" />
                <SequencePoint vc="0" uspid="237" ordinal="6" offset="48" sl="455" sc="13" el="455" ec="33" bec="0" bev="0" fileid="1" />
                <SequencePoint vc="0" uspid="238" ordinal="7" offset="49" sl="457" sc="17" el="457" ec="71" bec="0" bev="0" fileid="1" />
                <SequencePoint vc="0" uspid="239" ordinal="8" offset="66" sl="458" sc="13" el="458" ec="14" bec="0" bev="0" fileid="1" />
                <SequencePoint vc="0" uspid="240" ordinal="9" offset="68" sl="459" sc="9" el="459" ec="10" bec="0" bev="0" fileid="1" />
              </SequencePoints>
              <BranchPoints>
                <BranchPoint vc="1" uspid="241" ordinal="0" offset="18" sl="448" path="0" offsetend="20" fileid="1" />
                <BranchPoint vc="0" uspid="242" ordinal="1" offset="18" sl="448" path="1" offsetend="21" fileid="1" />
              </BranchPoints>
              <MethodPoint xsi:type="SequencePoint" vc="1" uspid="231" ordinal="0" offset="0" sl="447" sc="13" el="447" ec="68" bec="0" bev="0" fileid="1" />
            </Method>
            <Method visited="true" cyclomaticComplexity="6" nPathComplexity="32" sequenceCoverage="37.5" branchCoverage="45.45" crapScore="14.79" isConstructor="false" isStatic="false" isGetter="false" isSetter="false">
              <Summary numSequencePoints="8" visitedSequencePoints="3" numBranchPoints="11" visitedBranchPoints="5" sequenceCoverage="37.5" branchCoverage="45.45" maxCyclomaticComplexity="6" minCyclomaticComplexity="6" maxCrapScore="14.79" minCrapScore="14.79" visitedClasses="0" numClasses="0" visitedMethods="1" numMethods="1" />
              <MetadataToken>100663457</MetadataToken>
              <Name>System.Void NUnit.VisualStudio.TestAdapter.AdapterSettings::UpdateNumberOfTestWorkers()</Name>
              <FileRef uid="1" />
              <SequencePoints>
                <SequencePoint vc="1" uspid="243" ordinal="0" offset="0" sl="468" sc="13" el="468" ec="67" bec="3" bev="1" fileid="1" />
                <SequencePoint vc="0" uspid="244" ordinal="1" offset="17" sl="470" sc="17" el="470" ec="41" bec="0" bev="0" fileid="1" />
                <SequencePoint vc="0" uspid="245" ordinal="2" offset="24" sl="471" sc="13" el="471" ec="14" bec="0" bev="0" fileid="1" />
                <SequencePoint vc="1" uspid="246" ordinal="3" offset="25" sl="472" sc="18" el="472" ec="72" bec="3" bev="1" fileid="1" />
                <SequencePoint vc="0" uspid="247" ordinal="4" offset="42" sl="474" sc="17" el="474" ec="43" bec="2" bev="0" fileid="1" />
                <SequencePoint vc="0" uspid="248" ordinal="5" offset="56" sl="476" sc="21" el="477" ec="177" bec="0" bev="0" fileid="1" />
                <SequencePoint vc="0" uspid="249" ordinal="6" offset="99" sl="479" sc="17" el="479" ec="41" bec="0" bev="0" fileid="1" />
                <SequencePoint vc="1" uspid="250" ordinal="7" offset="106" sl="481" sc="9" el="481" ec="10" bec="0" bev="0" fileid="1" />
              </SequencePoints>
              <BranchPoints>
                <BranchPoint vc="0" uspid="251" ordinal="0" offset="6" sl="468" path="0" offsetend="8" fileid="1" />
                <BranchPoint vc="1" uspid="252" ordinal="1" offset="6" sl="468" path="1" offsetend="25" fileid="1" />
                <BranchPoint vc="0" uspid="253" ordinal="2" offset="15" sl="468" path="0" offsetend="17" fileid="1" />
                <BranchPoint vc="1" uspid="254" ordinal="3" offset="15" sl="468" path="1" offsetend="25" fileid="1" />
                <BranchPoint vc="0" uspid="255" ordinal="4" offset="31" sl="472" path="0" offsetend="33" fileid="1" />
                <BranchPoint vc="1" uspid="256" ordinal="5" offset="31" sl="472" path="1" offsetend="106" fileid="1" />
                <BranchPoint vc="0" uspid="257" ordinal="6" offset="40" sl="472" path="0" offsetend="42" fileid="1" />
                <BranchPoint vc="1" uspid="258" ordinal="7" offset="40" sl="472" path="1" offsetend="106" fileid="1" />
                <BranchPoint vc="0" uspid="259" ordinal="8" offset="54" sl="474" path="0" offsetend="56" fileid="1" />
                <BranchPoint vc="0" uspid="260" ordinal="9" offset="54" sl="474" path="1" offsetend="99" fileid="1" />
              </BranchPoints>
              <MethodPoint xsi:type="SequencePoint" vc="1" uspid="243" ordinal="0" offset="0" sl="468" sc="13" el="468" ec="67" bec="3" bev="1" fileid="1" />
            </Method>
            <Method visited="true" cyclomaticComplexity="1" nPathComplexity="0" sequenceCoverage="100" branchCoverage="100" crapScore="1" isConstructor="false" isStatic="false" isGetter="false" isSetter="false">
              <Summary numSequencePoints="1" visitedSequencePoints="1" numBranchPoints="1" visitedBranchPoints="1" sequenceCoverage="100" branchCoverage="100" maxCyclomaticComplexity="1" minCyclomaticComplexity="1" maxCrapScore="1" minCrapScore="1" visitedClasses="0" numClasses="0" visitedMethods="1" numMethods="1" />
              <MetadataToken>100663458</MetadataToken>
              <Name>System.String NUnit.VisualStudio.TestAdapter.AdapterSettings::GetInnerTextWithLog(System.Xml.XmlNode,System.String,System.String[])</Name>
              <FileRef uid="1" />
              <SequencePoints>
                <SequencePoint vc="11" uspid="261" ordinal="0" offset="0" sl="485" sc="13" el="485" ec="70" bec="0" bev="0" fileid="1" />
              </SequencePoints>
              <BranchPoints />
              <MethodPoint xsi:type="SequencePoint" vc="11" uspid="261" ordinal="0" offset="0" sl="485" sc="13" el="485" ec="70" bec="0" bev="0" fileid="1" />
            </Method>
            <Method visited="true" cyclomaticComplexity="9" nPathComplexity="64" sequenceCoverage="57.14" branchCoverage="69.23" crapScore="15.38" isConstructor="false" isStatic="false" isGetter="false" isSetter="false">
              <Summary numSequencePoints="14" visitedSequencePoints="8" numBranchPoints="13" visitedBranchPoints="9" sequenceCoverage="57.14" branchCoverage="69.23" maxCyclomaticComplexity="9" minCyclomaticComplexity="9" maxCrapScore="15.38" minCrapScore="15.38" visitedClasses="0" numClasses="0" visitedMethods="1" numMethods="1" />
              <MetadataToken>100663459</MetadataToken>
              <Name>System.String NUnit.VisualStudio.TestAdapter.AdapterSettings::GetInnerText(System.Xml.XmlNode,System.String,System.Boolean,System.String[])</Name>
              <FileRef uid="1" />
              <SequencePoints>
                <SequencePoint vc="38" uspid="262" ordinal="0" offset="0" sl="491" sc="13" el="491" ec="31" bec="0" bev="0" fileid="1" />
                <SequencePoint vc="38" uspid="263" ordinal="1" offset="2" sl="492" sc="13" el="492" ec="65" bec="2" bev="2" fileid="1" />
                <SequencePoint vc="38" uspid="264" ordinal="2" offset="16" sl="493" sc="13" el="493" ec="36" bec="2" bev="2" fileid="1" />
                <SequencePoint vc="5" uspid="265" ordinal="3" offset="19" sl="495" sc="17" el="495" ec="44" bec="0" bev="0" fileid="1" />
                <SequencePoint vc="5" uspid="266" ordinal="4" offset="26" sl="497" sc="17" el="497" ec="67" bec="3" bev="2" fileid="1" />
                <SequencePoint vc="0" uspid="267" ordinal="5" offset="35" sl="499" sc="46" el="499" ec="57" bec="0" bev="0" fileid="1" />
                <SequencePoint vc="0" uspid="268" ordinal="6" offset="42" sl="499" sc="30" el="499" ec="42" bec="0" bev="0" fileid="1" />
                <SequencePoint vc="0" uspid="269" ordinal="7" offset="47" sl="501" sc="25" el="501" ec="97" bec="2" bev="0" fileid="1" />
                <SequencePoint vc="0" uspid="270" ordinal="8" offset="58" sl="502" sc="29" el="502" ec="42" bec="0" bev="0" fileid="1" />
                <SequencePoint vc="0" uspid="271" ordinal="9" offset="65" sl="499" sc="43" el="499" ec="45" bec="0" bev="0" fileid="1" />
                <SequencePoint vc="0" uspid="272" ordinal="10" offset="71" sl="505" sc="21" el="505" ec="101" bec="0" bev="0" fileid="1" />
                <SequencePoint vc="38" uspid="273" ordinal="11" offset="120" sl="508" sc="13" el="508" ec="21" bec="2" bev="2" fileid="1" />
                <SequencePoint vc="12" uspid="274" ordinal="12" offset="123" sl="509" sc="17" el="509" ec="33" bec="0" bev="0" fileid="1" />
                <SequencePoint vc="38" uspid="275" ordinal="13" offset="131" sl="511" sc="13" el="511" ec="24" bec="0" bev="0" fileid="1" />
              </SequencePoints>
              <BranchPoints>
                <BranchPoint vc="28" uspid="276" ordinal="0" offset="3" sl="492" path="0" offsetend="5" fileid="1" />
                <BranchPoint vc="10" uspid="277" ordinal="1" offset="3" sl="492" path="1" offsetend="8" fileid="1" />
                <BranchPoint vc="5" uspid="278" ordinal="2" offset="17" sl="493" path="0" offsetend="19" fileid="1" />
                <BranchPoint vc="33" uspid="279" ordinal="3" offset="17" sl="493" path="1" offsetend="120" fileid="1" />
                <BranchPoint vc="5" uspid="280" ordinal="4" offset="28" sl="497" path="0" offsetend="30" fileid="1" />
                <BranchPoint vc="0" uspid="281" ordinal="5" offset="28" sl="497" path="1" offsetend="120" fileid="1" />
                <BranchPoint vc="0" uspid="282" ordinal="6" offset="33" sl="497" path="0" offsetend="35" fileid="1" />
                <BranchPoint vc="5" uspid="283" ordinal="7" offset="33" sl="497" path="1" offsetend="120" fileid="1" />
                <BranchPoint vc="0" uspid="284" ordinal="8" offset="56" sl="501" path="0" offsetend="58" fileid="1" />
                <BranchPoint vc="0" uspid="285" ordinal="9" offset="56" sl="501" path="1" offsetend="61" fileid="1" />
                <BranchPoint vc="12" uspid="288" ordinal="12" offset="121" sl="508" path="0" offsetend="123" fileid="1" />
                <BranchPoint vc="26" uspid="289" ordinal="13" offset="121" sl="508" path="1" offsetend="131" fileid="1" />
              </BranchPoints>
              <MethodPoint xsi:type="SequencePoint" vc="38" uspid="262" ordinal="0" offset="0" sl="491" sc="13" el="491" ec="31" bec="0" bev="0" fileid="1" />
            </Method>
            <Method visited="true" cyclomaticComplexity="2" nPathComplexity="2" sequenceCoverage="83.33" branchCoverage="66.67" crapScore="2.02" isConstructor="false" isStatic="false" isGetter="false" isSetter="false">
              <Summary numSequencePoints="6" visitedSequencePoints="5" numBranchPoints="3" visitedBranchPoints="2" sequenceCoverage="83.33" branchCoverage="66.67" maxCyclomaticComplexity="2" minCyclomaticComplexity="2" maxCrapScore="2.02" minCrapScore="2.02" visitedClasses="0" numClasses="0" visitedMethods="1" numMethods="1" />
              <MetadataToken>100663460</MetadataToken>
              <Name>System.Int32 NUnit.VisualStudio.TestAdapter.AdapterSettings::GetInnerTextAsInt(System.Xml.XmlNode,System.String,System.Int32)</Name>
              <FileRef uid="1" />
              <SequencePoints>
                <SequencePoint vc="5" uspid="290" ordinal="0" offset="0" sl="516" sc="13" el="516" ec="75" bec="0" bev="0" fileid="1" />
                <SequencePoint vc="5" uspid="291" ordinal="1" offset="10" sl="517" sc="13" el="517" ec="36" bec="0" bev="0" fileid="1" />
                <SequencePoint vc="5" uspid="292" ordinal="2" offset="12" sl="518" sc="13" el="518" ec="30" bec="2" bev="1" fileid="1" />
                <SequencePoint vc="0" uspid="293" ordinal="3" offset="21" sl="519" sc="17" el="519" ec="34" bec="0" bev="0" fileid="1" />
                <SequencePoint vc="5" uspid="294" ordinal="4" offset="29" sl="520" sc="13" el="520" ec="29" bec="0" bev="0" fileid="1" />
                <SequencePoint vc="5" uspid="295" ordinal="5" offset="37" sl="521" sc="13" el="521" ec="24" bec="0" bev="0" fileid="1" />
              </SequencePoints>
              <BranchPoints>
                <BranchPoint vc="0" uspid="296" ordinal="0" offset="19" sl="518" path="0" offsetend="21" fileid="1" />
                <BranchPoint vc="5" uspid="297" ordinal="1" offset="19" sl="518" path="1" offsetend="29" fileid="1" />
              </BranchPoints>
              <MethodPoint xsi:type="SequencePoint" vc="5" uspid="290" ordinal="0" offset="0" sl="516" sc="13" el="516" ec="75" bec="0" bev="0" fileid="1" />
            </Method>
            <Method visited="true" cyclomaticComplexity="3" nPathComplexity="4" sequenceCoverage="85.71" branchCoverage="80" crapScore="3.03" isConstructor="false" isStatic="false" isGetter="false" isSetter="false">
              <Summary numSequencePoints="7" visitedSequencePoints="6" numBranchPoints="5" visitedBranchPoints="4" sequenceCoverage="85.71" branchCoverage="80" maxCyclomaticComplexity="3" minCyclomaticComplexity="3" maxCrapScore="3.03" minCrapScore="3.03" visitedClasses="0" numClasses="0" visitedMethods="1" numMethods="1" />
              <MetadataToken>100663461</MetadataToken>
              <Name>System.Nullable`1&lt;System.Int32&gt; NUnit.VisualStudio.TestAdapter.AdapterSettings::GetInnerTextAsNullableInt(System.Xml.XmlNode,System.String,System.Boolean)</Name>
              <FileRef uid="1" />
              <SequencePoints>
                <SequencePoint vc="6" uspid="298" ordinal="0" offset="0" sl="526" sc="13" el="526" ec="63" bec="0" bev="0" fileid="1" />
                <SequencePoint vc="6" uspid="299" ordinal="1" offset="15" sl="527" sc="13" el="527" ec="29" bec="0" bev="0" fileid="1" />
                <SequencePoint vc="6" uspid="300" ordinal="2" offset="23" sl="528" sc="13" el="528" ec="45" bec="2" bev="1" fileid="1" />
                <SequencePoint vc="0" uspid="301" ordinal="3" offset="31" sl="529" sc="17" el="529" ec="39" bec="0" bev="0" fileid="1" />
                <SequencePoint vc="6" uspid="302" ordinal="4" offset="44" sl="530" sc="13" el="530" ec="21" bec="2" bev="2" fileid="1" />
                <SequencePoint vc="1" uspid="303" ordinal="5" offset="47" sl="531" sc="17" el="531" ec="33" bec="0" bev="0" fileid="1" />
                <SequencePoint vc="6" uspid="304" ordinal="6" offset="55" sl="532" sc="13" el="532" ec="24" bec="0" bev="0" fileid="1" />
              </SequencePoints>
              <BranchPoints>
                <BranchPoint vc="0" uspid="305" ordinal="0" offset="29" sl="528" path="0" offsetend="31" fileid="1" />
                <BranchPoint vc="6" uspid="306" ordinal="1" offset="29" sl="528" path="1" offsetend="44" fileid="1" />
                <BranchPoint vc="1" uspid="307" ordinal="2" offset="45" sl="530" path="0" offsetend="47" fileid="1" />
                <BranchPoint vc="5" uspid="308" ordinal="3" offset="45" sl="530" path="1" offsetend="55" fileid="1" />
              </BranchPoints>
              <MethodPoint xsi:type="SequencePoint" vc="6" uspid="298" ordinal="0" offset="0" sl="526" sc="13" el="526" ec="63" bec="0" bev="0" fileid="1" />
            </Method>
            <Method visited="true" cyclomaticComplexity="2" nPathComplexity="2" sequenceCoverage="100" branchCoverage="100" crapScore="2" isConstructor="false" isStatic="false" isGetter="false" isSetter="false">
              <Summary numSequencePoints="6" visitedSequencePoints="6" numBranchPoints="3" visitedBranchPoints="3" sequenceCoverage="100" branchCoverage="100" maxCyclomaticComplexity="2" minCyclomaticComplexity="2" maxCrapScore="2" minCrapScore="2" visitedClasses="0" numClasses="0" visitedMethods="1" numMethods="1" />
              <MetadataToken>100663462</MetadataToken>
              <Name>System.Boolean NUnit.VisualStudio.TestAdapter.AdapterSettings::GetInnerTextAsBool(System.Xml.XmlNode,System.String,System.Boolean)</Name>
              <FileRef uid="1" />
              <SequencePoints>
                <SequencePoint vc="17" uspid="309" ordinal="0" offset="0" sl="537" sc="13" el="537" ec="65" bec="0" bev="0" fileid="1" />
                <SequencePoint vc="17" uspid="310" ordinal="1" offset="15" sl="538" sc="13" el="538" ec="37" bec="0" bev="0" fileid="1" />
                <SequencePoint vc="17" uspid="311" ordinal="2" offset="17" sl="539" sc="13" el="539" ec="45" bec="2" bev="2" fileid="1" />
                <SequencePoint vc="2" uspid="312" ordinal="3" offset="25" sl="540" sc="17" el="540" ec="40" bec="0" bev="0" fileid="1" />
                <SequencePoint vc="17" uspid="313" ordinal="4" offset="32" sl="541" sc="13" el="541" ec="29" bec="0" bev="0" fileid="1" />
                <SequencePoint vc="17" uspid="314" ordinal="5" offset="40" sl="542" sc="13" el="542" ec="24" bec="0" bev="0" fileid="1" />
              </SequencePoints>
              <BranchPoints>
                <BranchPoint vc="2" uspid="315" ordinal="0" offset="23" sl="539" path="0" offsetend="25" fileid="1" />
                <BranchPoint vc="15" uspid="316" ordinal="1" offset="23" sl="539" path="1" offsetend="32" fileid="1" />
              </BranchPoints>
              <MethodPoint xsi:type="SequencePoint" vc="17" uspid="309" ordinal="0" offset="0" sl="537" sc="13" el="537" ec="65" bec="0" bev="0" fileid="1" />
            </Method>
            <Method visited="true" cyclomaticComplexity="2" nPathComplexity="2" sequenceCoverage="66.67" branchCoverage="66.67" crapScore="2.15" isConstructor="false" isStatic="false" isGetter="false" isSetter="false">
              <Summary numSequencePoints="3" visitedSequencePoints="2" numBranchPoints="3" visitedBranchPoints="2" sequenceCoverage="66.67" branchCoverage="66.67" maxCyclomaticComplexity="2" minCyclomaticComplexity="2" maxCrapScore="2.15" minCrapScore="2.15" visitedClasses="0" numClasses="0" visitedMethods="1" numMethods="1" />
              <MetadataToken>100663463</MetadataToken>
              <Name>System.Void NUnit.VisualStudio.TestAdapter.AdapterSettings::Log(System.String,T)</Name>
              <FileRef uid="1" />
              <SequencePoints>
                <SequencePoint vc="35" uspid="317" ordinal="0" offset="0" sl="547" sc="13" el="547" ec="32" bec="2" bev="1" fileid="1" />
                <SequencePoint vc="0" uspid="318" ordinal="1" offset="9" sl="549" sc="17" el="549" ec="59" bec="0" bev="0" fileid="1" />
                <SequencePoint vc="35" uspid="319" ordinal="2" offset="37" sl="551" sc="9" el="551" ec="10" bec="0" bev="0" fileid="1" />
              </SequencePoints>
              <BranchPoints>
                <BranchPoint vc="0" uspid="320" ordinal="0" offset="7" sl="547" path="0" offsetend="9" fileid="1" />
                <BranchPoint vc="35" uspid="321" ordinal="1" offset="7" sl="547" path="1" offsetend="37" fileid="1" />
              </BranchPoints>
              <MethodPoint xsi:type="SequencePoint" vc="35" uspid="317" ordinal="0" offset="0" sl="547" sc="13" el="547" ec="32" bec="2" bev="1" fileid="1" />
            </Method>
            <Method visited="true" cyclomaticComplexity="3" nPathComplexity="4" sequenceCoverage="28.57" branchCoverage="40" crapScore="6.28" isConstructor="false" isStatic="false" isGetter="false" isSetter="false">
              <Summary numSequencePoints="7" visitedSequencePoints="2" numBranchPoints="5" visitedBranchPoints="2" sequenceCoverage="28.57" branchCoverage="40" maxCyclomaticComplexity="3" minCyclomaticComplexity="3" maxCrapScore="6.28" minCrapScore="6.28" visitedClasses="0" numClasses="0" visitedMethods="1" numMethods="1" />
              <MetadataToken>100663464</MetadataToken>
              <Name>Microsoft.VisualStudio.TestPlatform.ObjectModel.TestOutcome NUnit.VisualStudio.TestAdapter.AdapterSettings::MapWarningOutcome(System.String)</Name>
              <FileRef uid="1" />
              <SequencePoints>
                <SequencePoint vc="1" uspid="322" ordinal="0" offset="0" sl="555" sc="13" el="555" ec="33" bec="2" bev="1" fileid="1" />
                <SequencePoint vc="1" uspid="323" ordinal="1" offset="3" sl="556" sc="17" el="556" ec="44" bec="0" bev="0" fileid="1" />
                <SequencePoint vc="0" uspid="324" ordinal="2" offset="5" sl="558" sc="13" el="558" ec="83" bec="0" bev="0" fileid="1" />
                <SequencePoint vc="0" uspid="325" ordinal="3" offset="13" sl="560" sc="13" el="560" ec="21" bec="2" bev="0" fileid="1" />
                <SequencePoint vc="0" uspid="326" ordinal="4" offset="15" sl="562" sc="17" el="563" ec="116" bec="0" bev="0" fileid="1" />
                <SequencePoint vc="0" uspid="327" ordinal="5" offset="42" sl="564" sc="17" el="564" ec="44" bec="0" bev="0" fileid="1" />
                <SequencePoint vc="0" uspid="328" ordinal="6" offset="44" sl="566" sc="13" el="566" ec="32" bec="0" bev="0" fileid="1" />
              </SequencePoints>
              <BranchPoints>
                <BranchPoint vc="1" uspid="329" ordinal="0" offset="1" sl="555" path="0" offsetend="3" fileid="1" />
                <BranchPoint vc="0" uspid="330" ordinal="1" offset="1" sl="555" path="1" offsetend="5" fileid="1" />
                <BranchPoint vc="0" uspid="331" ordinal="2" offset="13" sl="560" path="0" offsetend="15" fileid="1" />
                <BranchPoint vc="0" uspid="332" ordinal="3" offset="13" sl="560" path="1" offsetend="44" fileid="1" />
              </BranchPoints>
              <MethodPoint xsi:type="SequencePoint" vc="1" uspid="322" ordinal="0" offset="0" sl="555" sc="13" el="555" ec="33" bec="2" bev="1" fileid="1" />
            </Method>
            <Method visited="false" cyclomaticComplexity="3" nPathComplexity="4" sequenceCoverage="0" branchCoverage="0" crapScore="12" isConstructor="false" isStatic="false" isGetter="false" isSetter="false">
              <Summary numSequencePoints="9" visitedSequencePoints="0" numBranchPoints="5" visitedBranchPoints="0" sequenceCoverage="0" branchCoverage="0" maxCyclomaticComplexity="3" minCyclomaticComplexity="3" maxCrapScore="12" minCrapScore="12" visitedClasses="0" numClasses="0" visitedMethods="0" numMethods="1" />
              <MetadataToken>100663465</MetadataToken>
              <Name>System.String NUnit.VisualStudio.TestAdapter.AdapterSettings::&lt;Load&gt;g__ValidatedPath|178_0(System.String,System.String,NUnit.VisualStudio.TestAdapter.AdapterSettings/&lt;&gt;c__DisplayClass178_0&amp;)</Name>
              <FileRef uid="1" />
              <SequencePoints>
                <SequencePoint vc="0" uspid="333" ordinal="0" offset="0" sl="379" sc="21" el="379" ec="61" bec="2" bev="0" fileid="1" />
                <SequencePoint vc="0" uspid="334" ordinal="1" offset="13" sl="381" sc="25" el="381" ec="55" bec="0" bev="0" fileid="1" />
                <SequencePoint vc="0" uspid="335" ordinal="2" offset="22" sl="384" sc="21" el="384" ec="49" bec="2" bev="0" fileid="1" />
                <SequencePoint vc="0" uspid="336" ordinal="3" offset="30" sl="386" sc="25" el="386" ec="55" bec="0" bev="0" fileid="1" />
                <SequencePoint vc="0" uspid="337" ordinal="4" offset="39" sl="388" sc="21" el="388" ec="80" bec="0" bev="0" fileid="1" />
                <SequencePoint vc="0" uspid="338" ordinal="5" offset="59" sl="390" sc="17" el="390" ec="34" bec="0" bev="0" fileid="1" />
                <SequencePoint vc="0" uspid="339" ordinal="6" offset="60" sl="392" sc="21" el="392" ec="77" bec="0" bev="0" fileid="1" />
                <SequencePoint vc="0" uspid="340" ordinal="7" offset="88" sl="393" sc="21" el="393" ec="27" bec="0" bev="0" fileid="1" />
                <SequencePoint vc="0" uspid="341" ordinal="8" offset="90" sl="395" sc="13" el="395" ec="14" bec="0" bev="0" fileid="1" />
              </SequencePoints>
              <BranchPoints>
                <BranchPoint vc="0" uspid="342" ordinal="0" offset="11" sl="379" path="0" offsetend="13" fileid="1" />
                <BranchPoint vc="0" uspid="343" ordinal="1" offset="11" sl="379" path="1" offsetend="22" fileid="1" />
                <BranchPoint vc="0" uspid="344" ordinal="2" offset="28" sl="384" path="0" offsetend="30" fileid="1" />
                <BranchPoint vc="0" uspid="345" ordinal="3" offset="28" sl="384" path="1" offsetend="39" fileid="1" />
              </BranchPoints>
              <MethodPoint xsi:type="SequencePoint" vc="0" uspid="333" ordinal="0" offset="0" sl="379" sc="21" el="379" ec="61" bec="2" bev="0" fileid="1" />
            </Method>
            <Method visited="true" cyclomaticComplexity="5" nPathComplexity="4" sequenceCoverage="37.5" branchCoverage="20" crapScore="11.10" isConstructor="false" isStatic="false" isGetter="false" isSetter="false">
              <Summary numSequencePoints="8" visitedSequencePoints="3" numBranchPoints="5" visitedBranchPoints="1" sequenceCoverage="37.5" branchCoverage="20" maxCyclomaticComplexity="5" minCyclomaticComplexity="5" maxCrapScore="11.10" minCrapScore="11.10" visitedClasses="0" numClasses="0" visitedMethods="1" numMethods="1" />
              <MetadataToken>100663466</MetadataToken>
              <Name>System.Void NUnit.VisualStudio.TestAdapter.AdapterSettings::&lt;Load&gt;g__UpdateTestProperties|178_1(NUnit.VisualStudio.TestAdapter.AdapterSettings/&lt;&gt;c__DisplayClass178_0&amp;)</Name>
              <FileRef uid="1" />
              <SequencePoints>
                <SequencePoint vc="1" uspid="346" ordinal="0" offset="0" sl="399" sc="42" el="399" ec="100" bec="0" bev="0" fileid="1" />
                <SequencePoint vc="0" uspid="347" ordinal="1" offset="24" sl="399" sc="26" el="399" ec="38" bec="0" bev="0" fileid="1" />
                <SequencePoint vc="0" uspid="348" ordinal="2" offset="35" sl="401" sc="21" el="401" ec="57" bec="0" bev="0" fileid="1" />
                <SequencePoint vc="0" uspid="349" ordinal="3" offset="47" sl="402" sc="21" el="402" ec="60" bec="0" bev="0" fileid="1" />
                <SequencePoint vc="0" uspid="350" ordinal="4" offset="58" sl="403" sc="21" el="403" ec="54" bec="3" bev="0" fileid="1" />
                <SequencePoint vc="0" uspid="351" ordinal="5" offset="64" sl="404" sc="25" el="404" ec="56" bec="0" bev="0" fileid="1" />
                <SequencePoint vc="1" uspid="352" ordinal="6" offset="77" sl="399" sc="39" el="399" ec="41" bec="0" bev="0" fileid="1" />
                <SequencePoint vc="1" uspid="353" ordinal="7" offset="104" sl="406" sc="13" el="406" ec="14" bec="0" bev="0" fileid="1" />
              </SequencePoints>
              <BranchPoints>
                <BranchPoint vc="0" uspid="354" ordinal="0" offset="59" sl="403" path="0" offsetend="61" fileid="1" />
                <BranchPoint vc="0" uspid="355" ordinal="1" offset="59" sl="403" path="1" offsetend="77" fileid="1" />
                <BranchPoint vc="0" uspid="356" ordinal="2" offset="62" sl="403" path="0" offsetend="64" fileid="1" />
                <BranchPoint vc="0" uspid="357" ordinal="3" offset="62" sl="403" path="1" offsetend="77" fileid="1" />
              </BranchPoints>
              <MethodPoint xsi:type="SequencePoint" vc="1" uspid="346" ordinal="0" offset="0" sl="399" sc="42" el="399" ec="100" bec="0" bev="0" fileid="1" />
            </Method>
          </Methods>
        </Class>
        <Class>
          <Summary numSequencePoints="50" visitedSequencePoints="30" numBranchPoints="42" visitedBranchPoints="19" sequenceCoverage="60" branchCoverage="45.24" maxCyclomaticComplexity="9" minCyclomaticComplexity="1" maxCrapScore="20.64" minCrapScore="1" visitedClasses="1" numClasses="1" visitedMethods="9" numMethods="10" />
          <FullName>NUnit.VisualStudio.TestAdapter.CategoryList</FullName>
          <Methods>
            <Method visited="true" cyclomaticComplexity="1" nPathComplexity="0" sequenceCoverage="100" branchCoverage="100" crapScore="1" isConstructor="false" isStatic="false" isGetter="true" isSetter="false">
              <Summary numSequencePoints="1" visitedSequencePoints="1" numBranchPoints="1" visitedBranchPoints="1" sequenceCoverage="100" branchCoverage="100" maxCyclomaticComplexity="1" minCyclomaticComplexity="1" maxCrapScore="1" minCrapScore="1" visitedClasses="0" numClasses="0" visitedMethods="1" numMethods="1" />
              <MetadataToken>100663469</MetadataToken>
              <Name>System.Int32 NUnit.VisualStudio.TestAdapter.CategoryList::get_LastNodeListCount()</Name>
              <FileRef uid="2" />
              <SequencePoints>
                <SequencePoint vc="13" uspid="360" ordinal="0" offset="0" sl="75" sc="40" el="75" ec="44" bec="0" bev="0" fileid="2" />
              </SequencePoints>
              <BranchPoints />
              <MethodPoint xsi:type="SequencePoint" vc="13" uspid="360" ordinal="0" offset="0" sl="75" sc="40" el="75" ec="44" bec="0" bev="0" fileid="2" />
            </Method>
            <Method visited="true" cyclomaticComplexity="1" nPathComplexity="0" sequenceCoverage="100" branchCoverage="100" crapScore="1" isConstructor="false" isStatic="false" isGetter="false" isSetter="true">
              <Summary numSequencePoints="1" visitedSequencePoints="1" numBranchPoints="1" visitedBranchPoints="1" sequenceCoverage="100" branchCoverage="100" maxCyclomaticComplexity="1" minCyclomaticComplexity="1" maxCrapScore="1" minCrapScore="1" visitedClasses="0" numClasses="0" visitedMethods="1" numMethods="1" />
              <MetadataToken>100663470</MetadataToken>
              <Name>System.Void NUnit.VisualStudio.TestAdapter.CategoryList::set_LastNodeListCount(System.Int32)</Name>
              <FileRef uid="2" />
              <SequencePoints>
                <SequencePoint vc="22" uspid="361" ordinal="0" offset="0" sl="75" sc="45" el="75" ec="57" bec="0" bev="0" fileid="2" />
              </SequencePoints>
              <BranchPoints />
              <MethodPoint xsi:type="SequencePoint" vc="22" uspid="361" ordinal="0" offset="0" sl="75" sc="45" el="75" ec="57" bec="0" bev="0" fileid="2" />
            </Method>
            <Method visited="true" cyclomaticComplexity="1" nPathComplexity="0" sequenceCoverage="100" branchCoverage="100" crapScore="1" isConstructor="true" isStatic="false" isGetter="false" isSetter="false">
              <Summary numSequencePoints="7" visitedSequencePoints="7" numBranchPoints="1" visitedBranchPoints="1" sequenceCoverage="100" branchCoverage="100" maxCyclomaticComplexity="1" minCyclomaticComplexity="1" maxCrapScore="1" minCrapScore="1" visitedClasses="0" numClasses="0" visitedMethods="1" numMethods="1" />
              <MetadataToken>100663467</MetadataToken>
              <Name>System.Void NUnit.VisualStudio.TestAdapter.CategoryList::.ctor(Microsoft.VisualStudio.TestPlatform.ObjectModel.TestCase,NUnit.VisualStudio.TestAdapter.IAdapterSettings)</Name>
              <FileRef uid="2" />
              <SequencePoints>
                <SequencePoint vc="9" uspid="362" ordinal="0" offset="0" sl="57" sc="9" el="57" ec="113" bec="0" bev="0" fileid="2" />
                <SequencePoint vc="9" uspid="363" ordinal="1" offset="21" sl="59" sc="9" el="59" ec="73" bec="0" bev="0" fileid="2" />
                <SequencePoint vc="9" uspid="364" ordinal="2" offset="32" sl="122" sc="9" el="123" ec="212" bec="0" bev="0" fileid="2" />
                <SequencePoint vc="9" uspid="365" ordinal="3" offset="197" sl="63" sc="9" el="63" ec="81" bec="0" bev="0" fileid="2" />
                <SequencePoint vc="9" uspid="366" ordinal="4" offset="203" sl="65" sc="13" el="65" ec="40" bec="0" bev="0" fileid="2" />
                <SequencePoint vc="9" uspid="367" ordinal="5" offset="210" sl="66" sc="13" el="66" ec="38" bec="0" bev="0" fileid="2" />
                <SequencePoint vc="9" uspid="368" ordinal="6" offset="217" sl="68" sc="9" el="68" ec="10" bec="0" bev="0" fileid="2" />
              </SequencePoints>
              <BranchPoints />
              <MethodPoint xsi:type="SequencePoint" vc="9" uspid="362" ordinal="0" offset="0" sl="57" sc="9" el="57" ec="113" bec="0" bev="0" fileid="2" />
            </Method>
            <Method visited="true" cyclomaticComplexity="1" nPathComplexity="0" sequenceCoverage="100" branchCoverage="100" crapScore="1" isConstructor="false" isStatic="false" isGetter="false" isSetter="false">
              <Summary numSequencePoints="2" visitedSequencePoints="2" numBranchPoints="1" visitedBranchPoints="1" sequenceCoverage="100" branchCoverage="100" maxCyclomaticComplexity="1" minCyclomaticComplexity="1" maxCrapScore="1" minCrapScore="1" visitedClasses="0" numClasses="0" visitedMethods="1" numMethods="1" />
              <MetadataToken>100663468</MetadataToken>
              <Name>System.Void NUnit.VisualStudio.TestAdapter.CategoryList::AddRange(System.Collections.Generic.IEnumerable`1&lt;System.String&gt;)</Name>
              <FileRef uid="2" />
              <SequencePoints>
                <SequencePoint vc="22" uspid="369" ordinal="0" offset="0" sl="72" sc="13" el="72" ec="47" bec="0" bev="0" fileid="2" />
                <SequencePoint vc="22" uspid="370" ordinal="1" offset="12" sl="73" sc="9" el="73" ec="10" bec="0" bev="0" fileid="2" />
              </SequencePoints>
              <BranchPoints />
              <MethodPoint xsi:type="SequencePoint" vc="22" uspid="369" ordinal="0" offset="0" sl="72" sc="13" el="72" ec="47" bec="0" bev="0" fileid="2" />
            </Method>
            <Method visited="true" cyclomaticComplexity="9" nPathComplexity="128" sequenceCoverage="47.62" branchCoverage="26.67" crapScore="20.64" isConstructor="false" isStatic="false" isGetter="false" isSetter="false">
              <Summary numSequencePoints="21" visitedSequencePoints="10" numBranchPoints="15" visitedBranchPoints="4" sequenceCoverage="47.62" branchCoverage="26.67" maxCyclomaticComplexity="9" minCyclomaticComplexity="9" maxCrapScore="20.64" minCrapScore="20.64" visitedClasses="0" numClasses="0" visitedMethods="1" numMethods="1" />
              <MetadataToken>100663471</MetadataToken>
              <Name>System.Collections.Generic.IEnumerable`1&lt;System.String&gt; NUnit.VisualStudio.TestAdapter.CategoryList::ProcessTestCaseProperties(NUnit.VisualStudio.TestAdapter.NUnitEngine.INUnitTestCase,System.Boolean,System.String,System.Collections.Generic.IDictionary`2&lt;System.String,NUnit.VisualStudio.TestAdapter.TraitsFeature/CachedTestCaseInfo&gt;)</Name>
              <FileRef uid="2" />
              <SequencePoints>
                <SequencePoint vc="22" uspid="371" ordinal="0" offset="0" sl="80" sc="13" el="80" ec="48" bec="0" bev="0" fileid="2" />
                <SequencePoint vc="22" uspid="372" ordinal="1" offset="7" sl="81" sc="13" el="81" ec="48" bec="0" bev="0" fileid="2" />
                <SequencePoint vc="22" uspid="373" ordinal="2" offset="19" sl="82" sc="42" el="82" ec="50" bec="0" bev="0" fileid="2" />
                <SequencePoint vc="18" uspid="374" ordinal="3" offset="28" sl="82" sc="22" el="82" ec="38" bec="0" bev="0" fileid="2" />
                <SequencePoint vc="18" uspid="375" ordinal="4" offset="36" sl="84" sc="17" el="84" ec="32" bec="2" bev="1" fileid="2" />
                <SequencePoint vc="18" uspid="376" ordinal="5" offset="39" sl="85" sc="21" el="85" ec="70" bec="0" bev="0" fileid="2" />
                <SequencePoint vc="18" uspid="377" ordinal="6" offset="49" sl="86" sc="17" el="86" ec="54" bec="2" bev="1" fileid="2" />
                <SequencePoint vc="0" uspid="378" ordinal="7" offset="58" sl="88" sc="17" el="88" ec="65" bec="2" bev="0" fileid="2" />
                <SequencePoint vc="0" uspid="379" ordinal="8" offset="76" sl="90" sc="21" el="90" ec="91" bec="0" bev="0" fileid="2" />
                <SequencePoint vc="0" uspid="380" ordinal="9" offset="109" sl="91" sc="17" el="91" ec="18" bec="0" bev="0" fileid="2" />
                <SequencePoint vc="0" uspid="381" ordinal="10" offset="111" sl="94" sc="21" el="94" ec="58" bec="0" bev="0" fileid="2" />
                <SequencePoint vc="40" uspid="382" ordinal="11" offset="128" sl="82" sc="39" el="82" ec="41" bec="0" bev="0" fileid="2" />
                <SequencePoint vc="22" uspid="383" ordinal="12" offset="153" sl="98" sc="13" el="98" ec="71" bec="2" bev="1" fileid="2" />
                <SequencePoint vc="22" uspid="384" ordinal="13" offset="162" sl="99" sc="17" el="99" ec="37" bec="0" bev="0" fileid="2" />
                <SequencePoint vc="0" uspid="385" ordinal="14" offset="169" sl="101" sc="13" el="101" ec="79" bec="4" bev="0" fileid="2" />
                <SequencePoint vc="0" uspid="386" ordinal="15" offset="218" sl="102" sc="17" el="102" ec="87" bec="0" bev="0" fileid="2" />
                <SequencePoint vc="0" uspid="387" ordinal="16" offset="249" sl="105" sc="13" el="105" ec="68" bec="0" bev="0" fileid="2" />
                <SequencePoint vc="0" uspid="388" ordinal="17" offset="266" sl="107" sc="13" el="107" ec="28" bec="2" bev="0" fileid="2" />
                <SequencePoint vc="0" uspid="389" ordinal="18" offset="269" sl="110" sc="17" el="110" ec="67" bec="0" bev="0" fileid="2" />
                <SequencePoint vc="0" uspid="390" ordinal="19" offset="284" sl="113" sc="17" el="113" ec="65" bec="0" bev="0" fileid="2" />
                <SequencePoint vc="0" uspid="391" ordinal="20" offset="298" sl="116" sc="13" el="116" ec="33" bec="0" bev="0" fileid="2" />
              </SequencePoints>
              <BranchPoints>
                <BranchPoint vc="18" uspid="392" ordinal="0" offset="37" sl="84" path="0" offsetend="39" fileid="2" />
                <BranchPoint vc="0" uspid="393" ordinal="1" offset="37" sl="84" path="1" offsetend="49" fileid="2" />
                <BranchPoint vc="0" uspid="394" ordinal="2" offset="56" sl="86" path="0" offsetend="58" fileid="2" />
                <BranchPoint vc="18" uspid="395" ordinal="3" offset="56" sl="86" path="1" offsetend="128" fileid="2" />
                <BranchPoint vc="0" uspid="396" ordinal="4" offset="74" sl="88" path="0" offsetend="76" fileid="2" />
                <BranchPoint vc="0" uspid="397" ordinal="5" offset="74" sl="88" path="1" offsetend="111" fileid="2" />
                <BranchPoint vc="22" uspid="400" ordinal="8" offset="160" sl="98" path="0" offsetend="162" fileid="2" />
                <BranchPoint vc="0" uspid="401" ordinal="9" offset="160" sl="98" path="1" offsetend="169" fileid="2" />
                <BranchPoint vc="0" uspid="402" ordinal="10" offset="186" sl="101" path="0" offsetend="188" fileid="2" />
                <BranchPoint vc="0" uspid="403" ordinal="11" offset="186" sl="101" path="1" offsetend="211" fileid="2" />
                <BranchPoint vc="0" uspid="404" ordinal="12" offset="216" sl="101" path="0" offsetend="218" fileid="2" />
                <BranchPoint vc="0" uspid="405" ordinal="13" offset="216" sl="101" path="1" offsetend="249" fileid="2" />
                <BranchPoint vc="0" uspid="406" ordinal="14" offset="267" sl="107" path="0" offsetend="269" fileid="2" />
                <BranchPoint vc="0" uspid="407" ordinal="15" offset="267" sl="107" path="1" offsetend="298" fileid="2" />
              </BranchPoints>
              <MethodPoint xsi:type="SequencePoint" vc="22" uspid="371" ordinal="0" offset="0" sl="80" sc="13" el="80" ec="48" bec="0" bev="0" fileid="2" />
            </Method>
            <Method visited="true" cyclomaticComplexity="6" nPathComplexity="32" sequenceCoverage="60" branchCoverage="54.55" crapScore="8.30" isConstructor="false" isStatic="false" isGetter="false" isSetter="false">
              <Summary numSequencePoints="5" visitedSequencePoints="3" numBranchPoints="11" visitedBranchPoints="6" sequenceCoverage="60" branchCoverage="54.55" maxCyclomaticComplexity="6" minCyclomaticComplexity="6" maxCrapScore="8.30" minCrapScore="8.30" visitedClasses="0" numClasses="0" visitedMethods="1" numMethods="1" />
              <MetadataToken>100663472</MetadataToken>
              <Name>System.Boolean NUnit.VisualStudio.TestAdapter.CategoryList::IsInternalProperty(NUnit.VisualStudio.TestAdapter.NUnitEngine.NUnitProperty)</Name>
              <FileRef uid="2" />
              <SequencePoints>
                <SequencePoint vc="36" uspid="408" ordinal="0" offset="0" sl="128" sc="13" el="128" ec="52" bec="2" bev="1" fileid="2" />
                <SequencePoint vc="0" uspid="409" ordinal="1" offset="18" sl="132" sc="17" el="132" ec="30" bec="0" bev="0" fileid="2" />
                <SequencePoint vc="36" uspid="410" ordinal="2" offset="20" sl="136" sc="13" el="137" ec="95" bec="3" bev="2" fileid="2" />
                <SequencePoint vc="0" uspid="411" ordinal="3" offset="57" sl="138" sc="17" el="138" ec="29" bec="0" bev="0" fileid="2" />
                <SequencePoint vc="36" uspid="412" ordinal="4" offset="59" sl="139" sc="13" el="139" ec="123" bec="3" bev="2" fileid="2" />
              </SequencePoints>
              <BranchPoints>
                <BranchPoint vc="0" uspid="413" ordinal="0" offset="16" sl="128" path="0" offsetend="18" fileid="2" />
                <BranchPoint vc="36" uspid="414" ordinal="1" offset="16" sl="128" path="1" offsetend="20" fileid="2" />
                <BranchPoint vc="36" uspid="415" ordinal="2" offset="31" sl="136" path="0" offsetend="33" fileid="2" />
                <BranchPoint vc="0" uspid="416" ordinal="3" offset="31" sl="136" path="1" offsetend="59" fileid="2" />
                <BranchPoint vc="0" uspid="417" ordinal="4" offset="55" sl="136" path="0" offsetend="57" fileid="2" />
                <BranchPoint vc="36" uspid="418" ordinal="5" offset="55" sl="136" path="1" offsetend="59" fileid="2" />
                <BranchPoint vc="36" uspid="419" ordinal="6" offset="70" sl="139" path="0" offsetend="72" fileid="2" />
                <BranchPoint vc="0" uspid="420" ordinal="7" offset="70" sl="139" path="1" offsetend="100" fileid="2" />
                <BranchPoint vc="0" uspid="421" ordinal="8" offset="86" sl="139" path="0" offsetend="88" fileid="2" />
                <BranchPoint vc="36" uspid="422" ordinal="9" offset="86" sl="139" path="1" offsetend="100" fileid="2" />
              </BranchPoints>
              <MethodPoint xsi:type="SequencePoint" vc="36" uspid="408" ordinal="0" offset="0" sl="128" sc="13" el="128" ec="52" bec="2" bev="1" fileid="2" />
            </Method>
            <Method visited="true" cyclomaticComplexity="2" nPathComplexity="2" sequenceCoverage="40" branchCoverage="66.67" crapScore="2.86" isConstructor="false" isStatic="false" isGetter="false" isSetter="false">
              <Summary numSequencePoints="5" visitedSequencePoints="2" numBranchPoints="3" visitedBranchPoints="2" sequenceCoverage="40" branchCoverage="66.67" maxCyclomaticComplexity="2" minCyclomaticComplexity="2" maxCrapScore="2.86" minCrapScore="2.86" visitedClasses="0" numClasses="0" visitedMethods="1" numMethods="1" />
              <MetadataToken>100663473</MetadataToken>
              <Name>System.Void NUnit.VisualStudio.TestAdapter.CategoryList::AddTraitsToCache(System.Collections.Generic.IDictionary`2&lt;System.String,NUnit.VisualStudio.TestAdapter.TraitsFeature/CachedTestCaseInfo&gt;,System.String,NUnit.VisualStudio.TestAdapter.NUnitEngine.NUnitProperty)</Name>
              <FileRef uid="2" />
              <SequencePoints>
                <SequencePoint vc="18" uspid="423" ordinal="0" offset="0" sl="144" sc="13" el="144" ec="46" bec="2" bev="1" fileid="2" />
                <SequencePoint vc="18" uspid="424" ordinal="1" offset="9" sl="144" sc="47" el="144" ec="54" bec="0" bev="0" fileid="2" />
                <SequencePoint vc="0" uspid="425" ordinal="2" offset="10" sl="146" sc="13" el="146" ec="56" bec="0" bev="0" fileid="2" />
                <SequencePoint vc="0" uspid="426" ordinal="3" offset="17" sl="147" sc="13" el="147" ec="71" bec="0" bev="0" fileid="2" />
                <SequencePoint vc="0" uspid="427" ordinal="4" offset="44" sl="148" sc="9" el="148" ec="10" bec="0" bev="0" fileid="2" />
              </SequencePoints>
              <BranchPoints>
                <BranchPoint vc="18" uspid="428" ordinal="0" offset="7" sl="144" path="0" offsetend="9" fileid="2" />
                <BranchPoint vc="0" uspid="429" ordinal="1" offset="7" sl="144" path="1" offsetend="10" fileid="2" />
              </BranchPoints>
              <MethodPoint xsi:type="SequencePoint" vc="18" uspid="423" ordinal="0" offset="0" sl="144" sc="13" el="144" ec="46" bec="2" bev="1" fileid="2" />
            </Method>
            <Method visited="false" cyclomaticComplexity="2" nPathComplexity="2" sequenceCoverage="0" branchCoverage="0" crapScore="6" isConstructor="false" isStatic="true" isGetter="false" isSetter="false">
              <Summary numSequencePoints="3" visitedSequencePoints="0" numBranchPoints="3" visitedBranchPoints="0" sequenceCoverage="0" branchCoverage="0" maxCyclomaticComplexity="2" minCyclomaticComplexity="2" maxCrapScore="6" minCrapScore="6" visitedClasses="0" numClasses="0" visitedMethods="0" numMethods="1" />
              <MetadataToken>100663474</MetadataToken>
              <Name>NUnit.VisualStudio.TestAdapter.TraitsFeature/CachedTestCaseInfo NUnit.VisualStudio.TestAdapter.CategoryList::GetCachedInfo(System.Collections.Generic.IDictionary`2&lt;System.String,NUnit.VisualStudio.TestAdapter.TraitsFeature/CachedTestCaseInfo&gt;,System.String)</Name>
              <FileRef uid="2" />
              <SequencePoints>
                <SequencePoint vc="0" uspid="430" ordinal="0" offset="0" sl="152" sc="13" el="152" ec="61" bec="2" bev="0" fileid="2" />
                <SequencePoint vc="0" uspid="431" ordinal="1" offset="11" sl="153" sc="17" el="153" ec="85" bec="0" bev="0" fileid="2" />
                <SequencePoint vc="0" uspid="432" ordinal="2" offset="25" sl="154" sc="13" el="154" ec="25" bec="0" bev="0" fileid="2" />
              </SequencePoints>
              <BranchPoints>
                <BranchPoint vc="0" uspid="433" ordinal="0" offset="9" sl="152" path="0" offsetend="11" fileid="2" />
                <BranchPoint vc="0" uspid="434" ordinal="1" offset="9" sl="152" path="1" offsetend="25" fileid="2" />
              </BranchPoints>
              <MethodPoint xsi:type="SequencePoint" vc="0" uspid="430" ordinal="0" offset="0" sl="152" sc="13" el="152" ec="61" bec="2" bev="0" fileid="2" />
            </Method>
            <Method visited="true" cyclomaticComplexity="4" nPathComplexity="4" sequenceCoverage="66.67" branchCoverage="40" crapScore="4.59" isConstructor="false" isStatic="false" isGetter="false" isSetter="false">
              <Summary numSequencePoints="3" visitedSequencePoints="2" numBranchPoints="5" visitedBranchPoints="2" sequenceCoverage="66.67" branchCoverage="40" maxCyclomaticComplexity="4" minCyclomaticComplexity="4" maxCrapScore="4.59" minCrapScore="4.59" visitedClasses="0" numClasses="0" visitedMethods="1" numMethods="1" />
              <MetadataToken>100663475</MetadataToken>
              <Name>System.Void NUnit.VisualStudio.TestAdapter.CategoryList::UpdateCategoriesToVs()</Name>
              <FileRef uid="2" />
              <SequencePoints>
                <SequencePoint vc="9" uspid="435" ordinal="0" offset="0" sl="159" sc="13" el="159" ec="36" bec="2" bev="1" fileid="2" />
                <SequencePoint vc="0" uspid="436" ordinal="1" offset="13" sl="161" sc="17" el="164" ec="86" bec="2" bev="0" fileid="2" />
                <SequencePoint vc="9" uspid="437" ordinal="2" offset="66" sl="166" sc="9" el="166" ec="10" bec="0" bev="0" fileid="2" />
              </SequencePoints>
              <BranchPoints>
                <BranchPoint vc="0" uspid="438" ordinal="0" offset="11" sl="159" path="0" offsetend="13" fileid="2" />
                <BranchPoint vc="9" uspid="439" ordinal="1" offset="11" sl="159" path="1" offsetend="66" fileid="2" />
                <BranchPoint vc="0" uspid="440" ordinal="2" offset="30" sl="161" path="0" offsetend="32" fileid="2" />
                <BranchPoint vc="0" uspid="441" ordinal="3" offset="30" sl="161" path="1" offsetend="40" fileid="2" />
              </BranchPoints>
              <MethodPoint xsi:type="SequencePoint" vc="9" uspid="435" ordinal="0" offset="0" sl="159" sc="13" el="159" ec="36" bec="2" bev="1" fileid="2" />
            </Method>
            <Method visited="true" cyclomaticComplexity="1" nPathComplexity="0" sequenceCoverage="100" branchCoverage="100" crapScore="1" isConstructor="true" isStatic="true" isGetter="false" isSetter="false">
              <Summary numSequencePoints="2" visitedSequencePoints="2" numBranchPoints="1" visitedBranchPoints="1" sequenceCoverage="100" branchCoverage="100" maxCyclomaticComplexity="1" minCyclomaticComplexity="1" maxCrapScore="1" minCrapScore="1" visitedClasses="0" numClasses="0" visitedMethods="1" numMethods="1" />
              <MetadataToken>100663476</MetadataToken>
              <Name>System.Void NUnit.VisualStudio.TestAdapter.CategoryList::.cctor()</Name>
              <FileRef uid="2" />
              <SequencePoints>
                <SequencePoint vc="1" uspid="442" ordinal="0" offset="0" sl="38" sc="9" el="41" ec="31" bec="0" bev="0" fileid="2" />
                <SequencePoint vc="1" uspid="443" ordinal="1" offset="41" sl="46" sc="9" el="48" ec="88" bec="0" bev="0" fileid="2" />
              </SequencePoints>
              <BranchPoints />
              <MethodPoint xsi:type="SequencePoint" vc="1" uspid="442" ordinal="0" offset="0" sl="38" sc="9" el="41" ec="31" bec="0" bev="0" fileid="2" />
            </Method>
          </Methods>
        </Class>
        <Class>
          <Summary numSequencePoints="1" visitedSequencePoints="0" numBranchPoints="1" visitedBranchPoints="0" sequenceCoverage="0" branchCoverage="0" maxCyclomaticComplexity="1" minCyclomaticComplexity="1" maxCrapScore="2" minCrapScore="2" visitedClasses="0" numClasses="1" visitedMethods="0" numMethods="1" />
          <FullName>NUnit.VisualStudio.TestAdapter.CategoryList/&lt;&gt;c</FullName>
          <Methods>
            <Method visited="false" cyclomaticComplexity="1" nPathComplexity="0" sequenceCoverage="0" branchCoverage="0" crapScore="2" isConstructor="true" isStatic="true" isGetter="false" isSetter="false">
              <Summary numSequencePoints="0" visitedSequencePoints="0" numBranchPoints="0" visitedBranchPoints="0" sequenceCoverage="0" branchCoverage="0" maxCyclomaticComplexity="1" minCyclomaticComplexity="1" maxCrapScore="2" minCrapScore="2" visitedClasses="0" numClasses="0" visitedMethods="0" numMethods="0" />
              <MetadataToken>100663817</MetadataToken>
              <Name>System.Void NUnit.VisualStudio.TestAdapter.CategoryList/&lt;&gt;c::.cctor()</Name>
              <SequencePoints />
              <BranchPoints />
              <MethodPoint vc="0" uspid="444" ordinal="0" offset="0" />
            </Method>
            <Method visited="false" cyclomaticComplexity="1" nPathComplexity="0" sequenceCoverage="0" branchCoverage="0" crapScore="2" isConstructor="true" isStatic="false" isGetter="false" isSetter="false">
              <Summary numSequencePoints="0" visitedSequencePoints="0" numBranchPoints="0" visitedBranchPoints="0" sequenceCoverage="0" branchCoverage="0" maxCyclomaticComplexity="1" minCyclomaticComplexity="1" maxCrapScore="2" minCrapScore="2" visitedClasses="0" numClasses="0" visitedMethods="0" numMethods="0" />
              <MetadataToken>100663818</MetadataToken>
              <Name>System.Void NUnit.VisualStudio.TestAdapter.CategoryList/&lt;&gt;c::.ctor()</Name>
              <SequencePoints />
              <BranchPoints />
              <MethodPoint vc="0" uspid="445" ordinal="0" offset="0" />
            </Method>
            <Method visited="false" cyclomaticComplexity="1" nPathComplexity="0" sequenceCoverage="0" branchCoverage="0" crapScore="2" isConstructor="false" isStatic="false" isGetter="false" isSetter="false">
              <Summary numSequencePoints="1" visitedSequencePoints="0" numBranchPoints="1" visitedBranchPoints="0" sequenceCoverage="0" branchCoverage="0" maxCyclomaticComplexity="1" minCyclomaticComplexity="1" maxCrapScore="2" minCrapScore="2" visitedClasses="0" numClasses="0" visitedMethods="0" numMethods="1" />
              <MetadataToken>100663819</MetadataToken>
              <Name>System.Boolean NUnit.VisualStudio.TestAdapter.CategoryList/&lt;&gt;c::&lt;ProcessTestCaseProperties&gt;b__19_0(Microsoft.VisualStudio.TestPlatform.ObjectModel.Trait)</Name>
              <FileRef uid="2" />
              <SequencePoints>
                <SequencePoint vc="0" uspid="446" ordinal="0" offset="0" sl="101" sc="46" el="101" ec="77" bec="0" bev="0" fileid="2" />
              </SequencePoints>
              <BranchPoints />
              <MethodPoint xsi:type="SequencePoint" vc="0" uspid="446" ordinal="0" offset="0" sl="101" sc="46" el="101" ec="77" bec="0" bev="0" fileid="2" />
            </Method>
          </Methods>
        </Class>
        <Class>
          <Summary numSequencePoints="20" visitedSequencePoints="18" numBranchPoints="12" visitedBranchPoints="10" sequenceCoverage="90" branchCoverage="83.33" maxCyclomaticComplexity="4" minCyclomaticComplexity="1" maxCrapScore="4.18" minCrapScore="1" visitedClasses="1" numClasses="1" visitedMethods="4" numMethods="4" />
          <FullName>NUnit.VisualStudio.TestAdapter.EmbeddedAssemblyResolution</FullName>
          <Methods>
            <Method visited="true" cyclomaticComplexity="4" nPathComplexity="4" sequenceCoverage="77.78" branchCoverage="60" crapScore="4.18" isConstructor="false" isStatic="true" isGetter="false" isSetter="false">
              <Summary numSequencePoints="9" visitedSequencePoints="7" numBranchPoints="5" visitedBranchPoints="3" sequenceCoverage="77.78" branchCoverage="60" maxCyclomaticComplexity="4" minCyclomaticComplexity="4" maxCrapScore="4.18" minCrapScore="4.18" visitedClasses="0" numClasses="0" visitedMethods="1" numMethods="1" />
              <MetadataToken>100663477</MetadataToken>
              <Name>System.Void NUnit.VisualStudio.TestAdapter.EmbeddedAssemblyResolution::EnsureInitialized()</Name>
              <FileRef uid="4" />
              <SequencePoints>
                <SequencePoint vc="1" uspid="447" ordinal="0" offset="0" sl="40" sc="13" el="40" ec="31" bec="2" bev="1" fileid="4" />
                <SequencePoint vc="0" uspid="448" ordinal="1" offset="7" sl="40" sc="32" el="40" ec="39" bec="0" bev="0" fileid="4" />
                <SequencePoint vc="1" uspid="449" ordinal="2" offset="8" sl="42" sc="13" el="42" ec="27" bec="0" bev="0" fileid="4" />
                <SequencePoint vc="1" uspid="450" ordinal="3" offset="24" sl="44" sc="17" el="44" ec="35" bec="2" bev="1" fileid="4" />
                <SequencePoint vc="0" uspid="451" ordinal="4" offset="31" sl="44" sc="36" el="44" ec="43" bec="0" bev="0" fileid="4" />
                <SequencePoint vc="1" uspid="452" ordinal="5" offset="33" sl="49" sc="17" el="49" ec="76" bec="0" bev="0" fileid="4" />
                <SequencePoint vc="1" uspid="453" ordinal="6" offset="55" sl="52" sc="17" el="52" ec="38" bec="0" bev="0" fileid="4" />
                <SequencePoint vc="1" uspid="454" ordinal="7" offset="61" sl="53" sc="13" el="53" ec="14" bec="0" bev="0" fileid="4" />
                <SequencePoint vc="1" uspid="455" ordinal="8" offset="73" sl="54" sc="9" el="54" ec="10" bec="0" bev="0" fileid="4" />
              </SequencePoints>
              <BranchPoints>
                <BranchPoint vc="0" uspid="456" ordinal="0" offset="5" sl="40" path="0" offsetend="7" fileid="4" />
                <BranchPoint vc="1" uspid="457" ordinal="1" offset="5" sl="40" path="1" offsetend="8" fileid="4" />
                <BranchPoint vc="0" uspid="458" ordinal="2" offset="29" sl="44" path="0" offsetend="31" fileid="4" />
                <BranchPoint vc="1" uspid="459" ordinal="3" offset="29" sl="44" path="1" offsetend="33" fileid="4" />
              </BranchPoints>
              <MethodPoint xsi:type="SequencePoint" vc="1" uspid="447" ordinal="0" offset="0" sl="40" sc="13" el="40" ec="31" bec="2" bev="1" fileid="4" />
            </Method>
            <Method visited="true" cyclomaticComplexity="3" nPathComplexity="2" sequenceCoverage="100" branchCoverage="100" crapScore="3" isConstructor="false" isStatic="true" isGetter="false" isSetter="false">
              <Summary numSequencePoints="5" visitedSequencePoints="5" numBranchPoints="3" visitedBranchPoints="3" sequenceCoverage="100" branchCoverage="100" maxCyclomaticComplexity="3" minCyclomaticComplexity="3" maxCrapScore="3" minCrapScore="3" visitedClasses="0" numClasses="0" visitedMethods="1" numMethods="1" />
              <MetadataToken>100663478</MetadataToken>
              <Name>System.Reflection.Assembly NUnit.VisualStudio.TestAdapter.EmbeddedAssemblyResolution::Default_Resolving(System.Runtime.Loader.AssemblyLoadContext,System.Reflection.AssemblyName)</Name>
              <FileRef uid="4" />
              <SequencePoints>
                <SequencePoint vc="5" uspid="460" ordinal="0" offset="0" sl="67" sc="20" el="67" ec="67" bec="0" bev="0" fileid="4" />
                <SequencePoint vc="5" uspid="461" ordinal="1" offset="7" sl="69" sc="17" el="69" ec="36" bec="2" bev="2" fileid="4" />
                <SequencePoint vc="4" uspid="462" ordinal="2" offset="10" sl="69" sc="37" el="69" ec="49" bec="0" bev="0" fileid="4" />
                <SequencePoint vc="1" uspid="463" ordinal="3" offset="14" sl="70" sc="17" el="70" ec="55" bec="0" bev="0" fileid="4" />
                <SequencePoint vc="5" uspid="464" ordinal="4" offset="34" sl="72" sc="9" el="72" ec="10" bec="0" bev="0" fileid="4" />
              </SequencePoints>
              <BranchPoints>
                <BranchPoint vc="4" uspid="465" ordinal="0" offset="8" sl="69" path="0" offsetend="10" fileid="4" />
                <BranchPoint vc="1" uspid="466" ordinal="1" offset="8" sl="69" path="1" offsetend="14" fileid="4" />
              </BranchPoints>
              <MethodPoint xsi:type="SequencePoint" vc="5" uspid="460" ordinal="0" offset="0" sl="67" sc="20" el="67" ec="67" bec="0" bev="0" fileid="4" />
            </Method>
            <Method visited="true" cyclomaticComplexity="2" nPathComplexity="2" sequenceCoverage="100" branchCoverage="100" crapScore="2" isConstructor="false" isStatic="true" isGetter="false" isSetter="false">
              <Summary numSequencePoints="4" visitedSequencePoints="4" numBranchPoints="3" visitedBranchPoints="3" sequenceCoverage="100" branchCoverage="100" maxCyclomaticComplexity="2" minCyclomaticComplexity="2" maxCrapScore="2" minCrapScore="2" visitedClasses="0" numClasses="0" visitedMethods="1" numMethods="1" />
              <MetadataToken>100663479</MetadataToken>
              <Name>System.IO.Stream NUnit.VisualStudio.TestAdapter.EmbeddedAssemblyResolution::TryGetResourceAssemblyStream(System.Reflection.AssemblyName)</Name>
              <FileRef uid="4" />
              <SequencePoints>
                <SequencePoint vc="5" uspid="467" ordinal="0" offset="13" sl="82" sc="13" el="83" ec="85" bec="0" bev="0" fileid="4" />
                <SequencePoint vc="5" uspid="468" ordinal="1" offset="36" sl="85" sc="13" el="85" ec="38" bec="2" bev="2" fileid="4" />
                <SequencePoint vc="4" uspid="469" ordinal="2" offset="39" sl="85" sc="39" el="85" ec="51" bec="0" bev="0" fileid="4" />
                <SequencePoint vc="1" uspid="470" ordinal="3" offset="41" sl="87" sc="13" el="91" ec="93" bec="0" bev="0" fileid="4" />
              </SequencePoints>
              <BranchPoints>
                <BranchPoint vc="4" uspid="471" ordinal="0" offset="37" sl="85" path="0" offsetend="39" fileid="4" />
                <BranchPoint vc="1" uspid="472" ordinal="1" offset="37" sl="85" path="1" offsetend="41" fileid="4" />
              </BranchPoints>
              <MethodPoint vc="5" uspid="473" ordinal="0" offset="0" />
            </Method>
            <Method visited="true" cyclomaticComplexity="1" nPathComplexity="0" sequenceCoverage="100" branchCoverage="100" crapScore="1" isConstructor="true" isStatic="true" isGetter="false" isSetter="false">
              <Summary numSequencePoints="2" visitedSequencePoints="2" numBranchPoints="1" visitedBranchPoints="1" sequenceCoverage="100" branchCoverage="100" maxCyclomaticComplexity="1" minCyclomaticComplexity="1" maxCrapScore="1" minCrapScore="1" visitedClasses="0" numClasses="0" visitedMethods="1" numMethods="1" />
              <MetadataToken>100663480</MetadataToken>
              <Name>System.Void NUnit.VisualStudio.TestAdapter.EmbeddedAssemblyResolution::.cctor()</Name>
              <FileRef uid="4" />
              <SequencePoints>
                <SequencePoint vc="1" uspid="474" ordinal="0" offset="0" sl="35" sc="9" el="35" ec="63" bec="0" bev="0" fileid="4" />
                <SequencePoint vc="1" uspid="475" ordinal="1" offset="10" sl="75" sc="9" el="78" ec="11" bec="0" bev="0" fileid="4" />
              </SequencePoints>
              <BranchPoints />
              <MethodPoint xsi:type="SequencePoint" vc="1" uspid="474" ordinal="0" offset="0" sl="35" sc="9" el="35" ec="63" bec="0" bev="0" fileid="4" />
            </Method>
          </Methods>
        </Class>
        <Class>
          <Summary numSequencePoints="1" visitedSequencePoints="1" numBranchPoints="1" visitedBranchPoints="1" sequenceCoverage="100" branchCoverage="100" maxCyclomaticComplexity="1" minCyclomaticComplexity="1" maxCrapScore="2" minCrapScore="1" visitedClasses="1" numClasses="1" visitedMethods="1" numMethods="1" />
          <FullName>NUnit.VisualStudio.TestAdapter.EmbeddedAssemblyResolution/&lt;&gt;c__DisplayClass5_0</FullName>
          <Methods>
            <Method visited="false" cyclomaticComplexity="1" nPathComplexity="0" sequenceCoverage="0" branchCoverage="0" crapScore="2" isConstructor="true" isStatic="false" isGetter="false" isSetter="false">
              <Summary numSequencePoints="0" visitedSequencePoints="0" numBranchPoints="0" visitedBranchPoints="0" sequenceCoverage="0" branchCoverage="0" maxCyclomaticComplexity="1" minCyclomaticComplexity="1" maxCrapScore="2" minCrapScore="2" visitedClasses="0" numClasses="0" visitedMethods="0" numMethods="0" />
              <MetadataToken>100663820</MetadataToken>
              <Name>System.Void NUnit.VisualStudio.TestAdapter.EmbeddedAssemblyResolution/&lt;&gt;c__DisplayClass5_0::.ctor()</Name>
              <SequencePoints />
              <BranchPoints />
              <MethodPoint vc="0" uspid="476" ordinal="0" offset="0" />
            </Method>
            <Method visited="true" cyclomaticComplexity="1" nPathComplexity="0" sequenceCoverage="100" branchCoverage="100" crapScore="1" isConstructor="false" isStatic="false" isGetter="false" isSetter="false">
              <Summary numSequencePoints="1" visitedSequencePoints="1" numBranchPoints="1" visitedBranchPoints="1" sequenceCoverage="100" branchCoverage="100" maxCyclomaticComplexity="1" minCyclomaticComplexity="1" maxCrapScore="1" minCrapScore="1" visitedClasses="0" numClasses="0" visitedMethods="1" numMethods="1" />
              <MetadataToken>100663821</MetadataToken>
              <Name>System.Boolean NUnit.VisualStudio.TestAdapter.EmbeddedAssemblyResolution/&lt;&gt;c__DisplayClass5_0::&lt;TryGetResourceAssemblyStream&gt;b__0(System.String)</Name>
              <FileRef uid="4" />
              <SequencePoints>
                <SequencePoint vc="5" uspid="477" ordinal="0" offset="0" sl="83" sc="17" el="83" ec="83" bec="0" bev="0" fileid="4" />
              </SequencePoints>
              <BranchPoints />
              <MethodPoint xsi:type="SequencePoint" vc="5" uspid="477" ordinal="0" offset="0" sl="83" sc="17" el="83" ec="83" bec="0" bev="0" fileid="4" />
            </Method>
          </Methods>
        </Class>
        <Class>
          <Summary numSequencePoints="8" visitedSequencePoints="0" numBranchPoints="5" visitedBranchPoints="0" sequenceCoverage="0" branchCoverage="0" maxCyclomaticComplexity="1" minCyclomaticComplexity="1" maxCrapScore="2" minCrapScore="2" visitedClasses="0" numClasses="1" visitedMethods="0" numMethods="5" />
          <FullName>NUnit.VisualStudio.TestAdapter.NavigationData</FullName>
          <Methods>
            <Method visited="false" cyclomaticComplexity="1" nPathComplexity="0" sequenceCoverage="0" branchCoverage="0" crapScore="2" isConstructor="false" isStatic="false" isGetter="true" isSetter="false">
              <Summary numSequencePoints="1" visitedSequencePoints="0" numBranchPoints="1" visitedBranchPoints="0" sequenceCoverage="0" branchCoverage="0" maxCyclomaticComplexity="1" minCyclomaticComplexity="1" maxCrapScore="2" minCrapScore="2" visitedClasses="0" numClasses="0" visitedMethods="0" numMethods="1" />
              <MetadataToken>100663482</MetadataToken>
              <Name>System.String NUnit.VisualStudio.TestAdapter.NavigationData::get_FilePath()</Name>
              <FileRef uid="6" />
              <SequencePoints>
                <SequencePoint vc="0" uspid="478" ordinal="0" offset="0" sl="36" sc="34" el="36" ec="38" bec="0" bev="0" fileid="6" />
              </SequencePoints>
              <BranchPoints />
              <MethodPoint xsi:type="SequencePoint" vc="0" uspid="478" ordinal="0" offset="0" sl="36" sc="34" el="36" ec="38" bec="0" bev="0" fileid="6" />
            </Method>
            <Method visited="false" cyclomaticComplexity="1" nPathComplexity="0" sequenceCoverage="0" branchCoverage="0" crapScore="2" isConstructor="false" isStatic="false" isGetter="true" isSetter="false">
              <Summary numSequencePoints="1" visitedSequencePoints="0" numBranchPoints="1" visitedBranchPoints="0" sequenceCoverage="0" branchCoverage="0" maxCyclomaticComplexity="1" minCyclomaticComplexity="1" maxCrapScore="2" minCrapScore="2" visitedClasses="0" numClasses="0" visitedMethods="0" numMethods="1" />
              <MetadataToken>100663483</MetadataToken>
              <Name>System.Int32 NUnit.VisualStudio.TestAdapter.NavigationData::get_LineNumber()</Name>
              <FileRef uid="6" />
              <SequencePoints>
                <SequencePoint vc="0" uspid="479" ordinal="0" offset="0" sl="38" sc="33" el="38" ec="37" bec="0" bev="0" fileid="6" />
              </SequencePoints>
              <BranchPoints />
              <MethodPoint xsi:type="SequencePoint" vc="0" uspid="479" ordinal="0" offset="0" sl="38" sc="33" el="38" ec="37" bec="0" bev="0" fileid="6" />
            </Method>
            <Method visited="false" cyclomaticComplexity="1" nPathComplexity="0" sequenceCoverage="0" branchCoverage="0" crapScore="2" isConstructor="false" isStatic="false" isGetter="true" isSetter="false">
              <Summary numSequencePoints="1" visitedSequencePoints="0" numBranchPoints="1" visitedBranchPoints="0" sequenceCoverage="0" branchCoverage="0" maxCyclomaticComplexity="1" minCyclomaticComplexity="1" maxCrapScore="2" minCrapScore="2" visitedClasses="0" numClasses="0" visitedMethods="0" numMethods="1" />
              <MetadataToken>100663484</MetadataToken>
              <Name>System.Boolean NUnit.VisualStudio.TestAdapter.NavigationData::get_IsValid()</Name>
              <FileRef uid="6" />
              <SequencePoints>
                <SequencePoint vc="0" uspid="480" ordinal="0" offset="0" sl="40" sc="32" el="40" ec="63" bec="0" bev="0" fileid="6" />
              </SequencePoints>
              <BranchPoints />
              <MethodPoint xsi:type="SequencePoint" vc="0" uspid="480" ordinal="0" offset="0" sl="40" sc="32" el="40" ec="63" bec="0" bev="0" fileid="6" />
            </Method>
            <Method visited="false" cyclomaticComplexity="1" nPathComplexity="0" sequenceCoverage="0" branchCoverage="0" crapScore="2" isConstructor="true" isStatic="false" isGetter="false" isSetter="false">
              <Summary numSequencePoints="4" visitedSequencePoints="0" numBranchPoints="1" visitedBranchPoints="0" sequenceCoverage="0" branchCoverage="0" maxCyclomaticComplexity="1" minCyclomaticComplexity="1" maxCrapScore="2" minCrapScore="2" visitedClasses="0" numClasses="0" visitedMethods="0" numMethods="1" />
              <MetadataToken>100663481</MetadataToken>
              <Name>System.Void NUnit.VisualStudio.TestAdapter.NavigationData::.ctor(System.String,System.Int32)</Name>
              <FileRef uid="6" />
              <SequencePoints>
                <SequencePoint vc="0" uspid="481" ordinal="0" offset="0" sl="30" sc="9" el="30" ec="63" bec="0" bev="0" fileid="6" />
                <SequencePoint vc="0" uspid="482" ordinal="1" offset="6" sl="32" sc="13" el="32" ec="33" bec="0" bev="0" fileid="6" />
                <SequencePoint vc="0" uspid="483" ordinal="2" offset="13" sl="33" sc="13" el="33" ec="37" bec="0" bev="0" fileid="6" />
                <SequencePoint vc="0" uspid="484" ordinal="3" offset="20" sl="34" sc="9" el="34" ec="10" bec="0" bev="0" fileid="6" />
              </SequencePoints>
              <BranchPoints />
              <MethodPoint xsi:type="SequencePoint" vc="0" uspid="481" ordinal="0" offset="0" sl="30" sc="9" el="30" ec="63" bec="0" bev="0" fileid="6" />
            </Method>
            <Method visited="false" cyclomaticComplexity="1" nPathComplexity="0" sequenceCoverage="0" branchCoverage="0" crapScore="2" isConstructor="true" isStatic="true" isGetter="false" isSetter="false">
              <Summary numSequencePoints="1" visitedSequencePoints="0" numBranchPoints="1" visitedBranchPoints="0" sequenceCoverage="0" branchCoverage="0" maxCyclomaticComplexity="1" minCyclomaticComplexity="1" maxCrapScore="2" minCrapScore="2" visitedClasses="0" numClasses="0" visitedMethods="0" numMethods="1" />
              <MetadataToken>100663485</MetadataToken>
              <Name>System.Void NUnit.VisualStudio.TestAdapter.NavigationData::.cctor()</Name>
              <FileRef uid="6" />
              <SequencePoints>
                <SequencePoint vc="0" uspid="485" ordinal="0" offset="0" sl="28" sc="9" el="28" ec="85" bec="0" bev="0" fileid="6" />
              </SequencePoints>
              <BranchPoints />
              <MethodPoint xsi:type="SequencePoint" vc="0" uspid="485" ordinal="0" offset="0" sl="28" sc="9" el="28" ec="85" bec="0" bev="0" fileid="6" />
            </Method>
          </Methods>
        </Class>
        <Class>
          <Summary numSequencePoints="36" visitedSequencePoints="0" numBranchPoints="33" visitedBranchPoints="0" sequenceCoverage="0" branchCoverage="0" maxCyclomaticComplexity="7" minCyclomaticComplexity="1" maxCrapScore="56" minCrapScore="2" visitedClasses="0" numClasses="1" visitedMethods="0" numMethods="7" />
          <FullName>NUnit.VisualStudio.TestAdapter.NavigationDataProvider</FullName>
          <Methods>
            <Method visited="false" cyclomaticComplexity="1" nPathComplexity="0" sequenceCoverage="0" branchCoverage="0" crapScore="2" isConstructor="true" isStatic="false" isGetter="false" isSetter="false">
              <Summary numSequencePoints="2" visitedSequencePoints="0" numBranchPoints="1" visitedBranchPoints="0" sequenceCoverage="0" branchCoverage="0" maxCyclomaticComplexity="1" minCyclomaticComplexity="1" maxCrapScore="2" minCrapScore="2" visitedClasses="0" numClasses="0" visitedMethods="0" numMethods="1" />
              <MetadataToken>100663486</MetadataToken>
              <Name>System.Void NUnit.VisualStudio.TestAdapter.NavigationDataProvider::.ctor(System.String,NUnit.VisualStudio.TestAdapter.ITestLogger)</Name>
              <FileRef uid="7" />
              <SequencePoints>
                <SequencePoint vc="0" uspid="486" ordinal="0" offset="0" sl="42" sc="15" el="42" ec="81" bec="0" bev="0" fileid="7" />
                <SequencePoint vc="0" uspid="487" ordinal="1" offset="13" sl="47" sc="9" el="47" ec="10" bec="0" bev="0" fileid="7" />
              </SequencePoints>
              <BranchPoints />
              <MethodPoint xsi:type="SequencePoint" vc="0" uspid="486" ordinal="0" offset="0" sl="42" sc="15" el="42" ec="81" bec="0" bev="0" fileid="7" />
            </Method>
            <Method visited="false" cyclomaticComplexity="4" nPathComplexity="8" sequenceCoverage="0" branchCoverage="0" crapScore="20" isConstructor="true" isStatic="false" isGetter="false" isSetter="false">
              <Summary numSequencePoints="8" visitedSequencePoints="0" numBranchPoints="7" visitedBranchPoints="0" sequenceCoverage="0" branchCoverage="0" maxCyclomaticComplexity="4" minCyclomaticComplexity="4" maxCrapScore="20" minCrapScore="20" visitedClasses="0" numClasses="0" visitedMethods="0" numMethods="1" />
              <MetadataToken>100663487</MetadataToken>
              <Name>System.Void NUnit.VisualStudio.TestAdapter.NavigationDataProvider::.ctor(System.String,NUnit.VisualStudio.TestAdapter.ITestLogger,NUnit.VisualStudio.TestAdapter.Metadata.IMetadataProvider)</Name>
              <FileRef uid="7" />
              <SequencePoints>
                <SequencePoint vc="0" uspid="488" ordinal="0" offset="0" sl="37" sc="9" el="37" ec="152" bec="0" bev="0" fileid="7" />
                <SequencePoint vc="0" uspid="489" ordinal="1" offset="16" sl="58" sc="9" el="58" ec="117" bec="0" bev="0" fileid="7" />
                <SequencePoint vc="0" uspid="490" ordinal="2" offset="22" sl="60" sc="13" el="60" ec="52" bec="2" bev="0" fileid="7" />
                <SequencePoint vc="0" uspid="491" ordinal="3" offset="30" sl="61" sc="17" el="61" ec="103" bec="0" bev="0" fileid="7" />
                <SequencePoint vc="0" uspid="492" ordinal="4" offset="46" sl="63" sc="13" el="63" ec="42" bec="0" bev="0" fileid="7" />
                <SequencePoint vc="0" uspid="493" ordinal="5" offset="53" sl="64" sc="13" el="64" ec="111" bec="2" bev="0" fileid="7" />
                <SequencePoint vc="0" uspid="494" ordinal="6" offset="75" sl="65" sc="13" el="65" ec="81" bec="2" bev="0" fileid="7" />
                <SequencePoint vc="0" uspid="495" ordinal="7" offset="97" sl="66" sc="9" el="66" ec="10" bec="0" bev="0" fileid="7" />
              </SequencePoints>
              <BranchPoints>
                <BranchPoint vc="0" uspid="496" ordinal="0" offset="28" sl="60" path="0" offsetend="30" fileid="7" />
                <BranchPoint vc="0" uspid="497" ordinal="1" offset="28" sl="60" path="1" offsetend="46" fileid="7" />
                <BranchPoint vc="0" uspid="498" ordinal="2" offset="56" sl="64" path="0" offsetend="58" fileid="7" />
                <BranchPoint vc="0" uspid="499" ordinal="3" offset="56" sl="64" path="1" offsetend="70" fileid="7" />
                <BranchPoint vc="0" uspid="500" ordinal="4" offset="78" sl="65" path="0" offsetend="80" fileid="7" />
                <BranchPoint vc="0" uspid="501" ordinal="5" offset="78" sl="65" path="1" offsetend="92" fileid="7" />
              </BranchPoints>
              <MethodPoint xsi:type="SequencePoint" vc="0" uspid="488" ordinal="0" offset="0" sl="37" sc="9" el="37" ec="152" bec="0" bev="0" fileid="7" />
            </Method>
            <Method visited="false" cyclomaticComplexity="3" nPathComplexity="2" sequenceCoverage="0" branchCoverage="0" crapScore="12" isConstructor="false" isStatic="false" isGetter="false" isSetter="false">
              <Summary numSequencePoints="6" visitedSequencePoints="0" numBranchPoints="3" visitedBranchPoints="0" sequenceCoverage="0" branchCoverage="0" maxCyclomaticComplexity="3" minCyclomaticComplexity="3" maxCrapScore="12" minCrapScore="12" visitedClasses="0" numClasses="0" visitedMethods="0" numMethods="1" />
              <MetadataToken>100663488</MetadataToken>
              <Name>System.Void NUnit.VisualStudio.TestAdapter.NavigationDataProvider::Dispose()</Name>
              <FileRef uid="7" />
              <SequencePoints>
                <SequencePoint vc="0" uspid="502" ordinal="0" offset="0" sl="70" sc="13" el="70" ec="41" bec="0" bev="0" fileid="7" />
                <SequencePoint vc="0" uspid="503" ordinal="1" offset="11" sl="72" sc="37" el="72" ec="67" bec="0" bev="0" fileid="7" />
                <SequencePoint vc="0" uspid="504" ordinal="2" offset="30" sl="72" sc="22" el="72" ec="33" bec="0" bev="0" fileid="7" />
                <SequencePoint vc="0" uspid="505" ordinal="3" offset="37" sl="73" sc="17" el="73" ec="36" bec="2" bev="0" fileid="7" />
                <SequencePoint vc="0" uspid="506" ordinal="4" offset="48" sl="72" sc="34" el="72" ec="36" bec="0" bev="0" fileid="7" />
                <SequencePoint vc="0" uspid="507" ordinal="5" offset="73" sl="74" sc="9" el="74" ec="10" bec="0" bev="0" fileid="7" />
              </SequencePoints>
              <BranchPoints>
                <BranchPoint vc="0" uspid="508" ordinal="0" offset="38" sl="73" path="0" offsetend="40" fileid="7" />
                <BranchPoint vc="0" uspid="509" ordinal="1" offset="38" sl="73" path="1" offsetend="43" fileid="7" />
              </BranchPoints>
              <MethodPoint xsi:type="SequencePoint" vc="0" uspid="502" ordinal="0" offset="0" sl="70" sc="13" el="70" ec="41" bec="0" bev="0" fileid="7" />
            </Method>
            <Method visited="false" cyclomaticComplexity="4" nPathComplexity="8" sequenceCoverage="0" branchCoverage="0" crapScore="20" isConstructor="false" isStatic="false" isGetter="false" isSetter="false">
              <Summary numSequencePoints="1" visitedSequencePoints="0" numBranchPoints="7" visitedBranchPoints="0" sequenceCoverage="0" branchCoverage="0" maxCyclomaticComplexity="4" minCyclomaticComplexity="4" maxCrapScore="20" minCrapScore="20" visitedClasses="0" numClasses="0" visitedMethods="0" numMethods="1" />
              <MetadataToken>100663489</MetadataToken>
              <Name>NUnit.VisualStudio.TestAdapter.NavigationData NUnit.VisualStudio.TestAdapter.NavigationDataProvider::GetNavigationData(System.String,System.String)</Name>
              <FileRef uid="7" />
              <SequencePoints>
                <SequencePoint vc="0" uspid="512" ordinal="0" offset="0" sl="78" sc="13" el="81" ec="43" bec="4" bev="0" fileid="7" />
              </SequencePoints>
              <BranchPoints>
                <BranchPoint vc="0" uspid="513" ordinal="0" offset="15" sl="78" path="0" offsetend="17" fileid="7" />
                <BranchPoint vc="0" uspid="514" ordinal="1" offset="15" sl="78" path="1" offsetend="101" fileid="7" />
                <BranchPoint vc="0" uspid="515" ordinal="2" offset="56" sl="78" path="0" offsetend="58" fileid="7" />
                <BranchPoint vc="0" uspid="516" ordinal="3" offset="56" sl="78" path="1" offsetend="101" fileid="7" />
                <BranchPoint vc="0" uspid="517" ordinal="4" offset="93" sl="78" path="0" offsetend="95" fileid="7" />
                <BranchPoint vc="0" uspid="518" ordinal="5" offset="93" sl="78" path="1" offsetend="101" fileid="7" />
              </BranchPoints>
              <MethodPoint xsi:type="SequencePoint" vc="0" uspid="512" ordinal="0" offset="0" sl="78" sc="13" el="81" ec="43" bec="4" bev="0" fileid="7" />
            </Method>
            <Method visited="false" cyclomaticComplexity="2" nPathComplexity="2" sequenceCoverage="0" branchCoverage="0" crapScore="6" isConstructor="false" isStatic="false" isGetter="false" isSetter="false">
              <Summary numSequencePoints="9" visitedSequencePoints="0" numBranchPoints="3" visitedBranchPoints="0" sequenceCoverage="0" branchCoverage="0" maxCyclomaticComplexity="2" minCyclomaticComplexity="2" maxCrapScore="6" minCrapScore="6" visitedClasses="0" numClasses="0" visitedMethods="0" numMethods="1" />
              <MetadataToken>100663490</MetadataToken>
              <Name>System.Nullable`1&lt;NUnit.VisualStudio.TestAdapter.Metadata.TypeInfo&gt; NUnit.VisualStudio.TestAdapter.NavigationDataProvider::DoWithBreaker(System.Func`4&lt;System.String,System.String,System.String,System.Nullable`1&lt;NUnit.VisualStudio.TestAdapter.Metadata.TypeInfo&gt;&gt;,System.String,System.String)</Name>
              <FileRef uid="7" />
              <SequencePoints>
                <SequencePoint vc="0" uspid="519" ordinal="0" offset="0" sl="86" sc="13" el="86" ec="40" bec="2" bev="0" fileid="7" />
                <SequencePoint vc="0" uspid="520" ordinal="1" offset="8" sl="87" sc="17" el="87" ec="29" bec="0" bev="0" fileid="7" />
                <SequencePoint vc="0" uspid="521" ordinal="2" offset="19" sl="90" sc="17" el="90" ec="84" bec="0" bev="0" fileid="7" />
                <SequencePoint vc="0" uspid="522" ordinal="3" offset="36" sl="92" sc="13" el="92" ec="33" bec="0" bev="0" fileid="7" />
                <SequencePoint vc="0" uspid="523" ordinal="4" offset="37" sl="94" sc="17" el="94" ec="47" bec="0" bev="0" fileid="7" />
                <SequencePoint vc="0" uspid="524" ordinal="5" offset="44" sl="95" sc="17" el="95" ec="99" bec="0" bev="0" fileid="7" />
                <SequencePoint vc="0" uspid="525" ordinal="6" offset="77" sl="96" sc="13" el="96" ec="14" bec="0" bev="0" fileid="7" />
                <SequencePoint vc="0" uspid="526" ordinal="7" offset="79" sl="97" sc="13" el="97" ec="25" bec="0" bev="0" fileid="7" />
                <SequencePoint vc="0" uspid="527" ordinal="8" offset="89" sl="98" sc="9" el="98" ec="10" bec="0" bev="0" fileid="7" />
              </SequencePoints>
              <BranchPoints>
                <BranchPoint vc="0" uspid="528" ordinal="0" offset="6" sl="86" path="0" offsetend="8" fileid="7" />
                <BranchPoint vc="0" uspid="529" ordinal="1" offset="6" sl="86" path="1" offsetend="18" fileid="7" />
              </BranchPoints>
              <MethodPoint xsi:type="SequencePoint" vc="0" uspid="519" ordinal="0" offset="0" sl="86" sc="13" el="86" ec="40" bec="2" bev="0" fileid="7" />
            </Method>
            <Method visited="false" cyclomaticComplexity="7" nPathComplexity="16" sequenceCoverage="0" branchCoverage="0" crapScore="56" isConstructor="false" isStatic="false" isGetter="false" isSetter="false">
              <Summary numSequencePoints="9" visitedSequencePoints="0" numBranchPoints="9" visitedBranchPoints="0" sequenceCoverage="0" branchCoverage="0" maxCyclomaticComplexity="7" minCyclomaticComplexity="7" maxCrapScore="56" minCrapScore="56" visitedClasses="0" numClasses="0" visitedMethods="0" numMethods="1" />
              <MetadataToken>100663491</MetadataToken>
              <Name>NUnit.VisualStudio.TestAdapter.NavigationData NUnit.VisualStudio.TestAdapter.NavigationDataProvider::TryGetSessionData(System.String,System.String,System.String)</Name>
              <FileRef uid="7" />
              <SequencePoints>
                <SequencePoint vc="0" uspid="530" ordinal="0" offset="0" sl="102" sc="13" el="102" ec="85" bec="2" bev="0" fileid="7" />
                <SequencePoint vc="0" uspid="531" ordinal="1" offset="16" sl="106" sc="21" el="106" ec="60" bec="0" bev="0" fileid="7" />
                <SequencePoint vc="0" uspid="532" ordinal="2" offset="23" sl="107" sc="17" el="107" ec="18" bec="0" bev="0" fileid="7" />
                <SequencePoint vc="0" uspid="533" ordinal="3" offset="25" sl="110" sc="17" el="110" ec="22" bec="0" bev="0" fileid="7" />
                <SequencePoint vc="0" uspid="534" ordinal="4" offset="26" sl="112" sc="21" el="112" ec="36" bec="0" bev="0" fileid="7" />
                <SequencePoint vc="0" uspid="535" ordinal="5" offset="28" sl="113" sc="17" el="113" ec="18" bec="0" bev="0" fileid="7" />
                <SequencePoint vc="0" uspid="536" ordinal="6" offset="30" sl="114" sc="17" el="114" ec="68" bec="0" bev="0" fileid="7" />
                <SequencePoint vc="0" uspid="537" ordinal="7" offset="43" sl="117" sc="13" el="117" ec="82" bec="2" bev="0" fileid="7" />
                <SequencePoint vc="0" uspid="538" ordinal="8" offset="58" sl="119" sc="13" el="120" ec="71" bec="4" bev="0" fileid="7" />
              </SequencePoints>
              <BranchPoints>
                <BranchPoint vc="0" uspid="539" ordinal="0" offset="14" sl="102" path="0" offsetend="16" fileid="7" />
                <BranchPoint vc="0" uspid="540" ordinal="1" offset="14" sl="102" path="1" offsetend="43" fileid="7" />
                <BranchPoint vc="0" uspid="541" ordinal="2" offset="44" sl="117" path="0" offsetend="46" fileid="7" />
                <BranchPoint vc="0" uspid="542" ordinal="3" offset="44" sl="117" path="1" offsetend="49" fileid="7" />
                <BranchPoint vc="0" uspid="543" ordinal="4" offset="59" sl="119" path="0" offsetend="61" fileid="7" />
                <BranchPoint vc="0" uspid="544" ordinal="5" offset="59" sl="119" path="1" offsetend="64" fileid="7" />
                <BranchPoint vc="0" uspid="545" ordinal="6" offset="75" sl="119" path="0" offsetend="77" fileid="7" />
                <BranchPoint vc="0" uspid="546" ordinal="7" offset="75" sl="119" path="1" offsetend="95" fileid="7" />
              </BranchPoints>
              <MethodPoint xsi:type="SequencePoint" vc="0" uspid="530" ordinal="0" offset="0" sl="102" sc="13" el="102" ec="85" bec="2" bev="0" fileid="7" />
            </Method>
            <Method visited="false" cyclomaticComplexity="2" nPathComplexity="2" sequenceCoverage="0" branchCoverage="0" crapScore="6" isConstructor="false" isStatic="false" isGetter="false" isSetter="false">
              <Summary numSequencePoints="1" visitedSequencePoints="0" numBranchPoints="3" visitedBranchPoints="0" sequenceCoverage="0" branchCoverage="0" maxCyclomaticComplexity="2" minCyclomaticComplexity="2" maxCrapScore="6" minCrapScore="6" visitedClasses="0" numClasses="0" visitedMethods="0" numMethods="1" />
              <MetadataToken>100663492</MetadataToken>
              <Name>NUnit.VisualStudio.TestAdapter.NavigationData NUnit.VisualStudio.TestAdapter.NavigationDataProvider::TryGetSessionData(System.Nullable`1&lt;NUnit.VisualStudio.TestAdapter.Metadata.TypeInfo&gt;,System.String)</Name>
              <FileRef uid="7" />
              <SequencePoints>
                <SequencePoint vc="0" uspid="547" ordinal="0" offset="0" sl="125" sc="13" el="126" ec="111" bec="2" bev="0" fileid="7" />
              </SequencePoints>
              <BranchPoints>
                <BranchPoint vc="0" uspid="548" ordinal="0" offset="7" sl="125" path="0" offsetend="9" fileid="7" />
                <BranchPoint vc="0" uspid="549" ordinal="1" offset="7" sl="125" path="1" offsetend="47" fileid="7" />
              </BranchPoints>
              <MethodPoint xsi:type="SequencePoint" vc="0" uspid="547" ordinal="0" offset="0" sl="125" sc="13" el="126" ec="111" bec="2" bev="0" fileid="7" />
            </Method>
          </Methods>
        </Class>
        <Class>
          <Summary numSequencePoints="76" visitedSequencePoints="0" numBranchPoints="31" visitedBranchPoints="0" sequenceCoverage="0" branchCoverage="0" maxCyclomaticComplexity="18" minCyclomaticComplexity="1" maxCrapScore="342" minCrapScore="2" visitedClasses="0" numClasses="1" visitedMethods="0" numMethods="3" />
          <FullName>NUnit.VisualStudio.TestAdapter.NUnit3TestDiscoverer</FullName>
          <Methods>
            <Method visited="false" cyclomaticComplexity="1" nPathComplexity="0" sequenceCoverage="0" branchCoverage="0" crapScore="2" isConstructor="true" isStatic="false" isGetter="false" isSetter="false">
              <Summary numSequencePoints="3" visitedSequencePoints="0" numBranchPoints="1" visitedBranchPoints="0" sequenceCoverage="0" branchCoverage="0" maxCyclomaticComplexity="1" minCyclomaticComplexity="1" maxCrapScore="2" minCrapScore="2" visitedClasses="0" numClasses="0" visitedMethods="0" numMethods="1" />
              <MetadataToken>100663493</MetadataToken>
              <Name>System.Void NUnit.VisualStudio.TestAdapter.NUnit3TestDiscoverer::.ctor()</Name>
              <FileRef uid="8" />
              <SequencePoints>
                <SequencePoint vc="0" uspid="550" ordinal="0" offset="0" sl="53" sc="9" el="53" ec="38" bec="0" bev="0" fileid="8" />
                <SequencePoint vc="0" uspid="551" ordinal="1" offset="6" sl="55" sc="13" el="55" ec="60" bec="0" bev="0" fileid="8" />
                <SequencePoint vc="0" uspid="552" ordinal="2" offset="11" sl="56" sc="9" el="56" ec="10" bec="0" bev="0" fileid="8" />
              </SequencePoints>
              <BranchPoints />
              <MethodPoint xsi:type="SequencePoint" vc="0" uspid="550" ordinal="0" offset="0" sl="53" sc="9" el="53" ec="38" bec="0" bev="0" fileid="8" />
            </Method>
            <Method visited="false" cyclomaticComplexity="18" nPathComplexity="16384" sequenceCoverage="0" branchCoverage="0" crapScore="342" isConstructor="false" isStatic="false" isGetter="false" isSetter="false">
              <Summary numSequencePoints="61" visitedSequencePoints="0" numBranchPoints="29" visitedBranchPoints="0" sequenceCoverage="0" branchCoverage="0" maxCyclomaticComplexity="18" minCyclomaticComplexity="18" maxCrapScore="342" minCrapScore="342" visitedClasses="0" numClasses="0" visitedMethods="0" numMethods="1" />
              <MetadataToken>100663494</MetadataToken>
              <Name>System.Void NUnit.VisualStudio.TestAdapter.NUnit3TestDiscoverer::DiscoverTests(System.Collections.Generic.IEnumerable`1&lt;System.String&gt;,Microsoft.VisualStudio.TestPlatform.ObjectModel.Adapter.IDiscoveryContext,Microsoft.VisualStudio.TestPlatform.ObjectModel.Logging.IMessageLogger,Microsoft.VisualStudio.TestPlatform.ObjectModel.Adapter.ITestCaseDiscoverySink)</Name>
              <FileRef uid="8" />
              <SequencePoints>
                <SequencePoint vc="0" uspid="553" ordinal="0" offset="0" sl="68" sc="13" el="68" ec="57" bec="0" bev="0" fileid="8" />
                <SequencePoint vc="0" uspid="554" ordinal="1" offset="8" sl="69" sc="13" el="69" ec="86" bec="0" bev="0" fileid="8" />
                <SequencePoint vc="0" uspid="555" ordinal="2" offset="40" sl="72" sc="13" el="72" ec="41" bec="0" bev="0" fileid="8" />
                <SequencePoint vc="0" uspid="556" ordinal="3" offset="45" sl="74" sc="13" el="74" ec="79" bec="3" bev="0" fileid="8" />
                <SequencePoint vc="0" uspid="557" ordinal="4" offset="67" sl="76" sc="17" el="76" ec="144" bec="0" bev="0" fileid="8" />
                <SequencePoint vc="0" uspid="558" ordinal="5" offset="83" sl="77" sc="17" el="77" ec="26" bec="0" bev="0" fileid="8" />
                <SequencePoint vc="0" uspid="559" ordinal="6" offset="89" sl="78" sc="17" el="78" ec="24" bec="0" bev="0" fileid="8" />
                <SequencePoint vc="0" uspid="560" ordinal="7" offset="90" sl="81" sc="47" el="81" ec="54" bec="0" bev="0" fileid="8" />
                <SequencePoint vc="0" uspid="561" ordinal="8" offset="102" sl="81" sc="22" el="81" ec="43" bec="0" bev="0" fileid="8" />
                <SequencePoint vc="0" uspid="562" ordinal="9" offset="109" sl="83" sc="17" el="83" ec="160" bec="2" bev="0" fileid="8" />
                <SequencePoint vc="0" uspid="563" ordinal="10" offset="132" sl="84" sc="17" el="84" ec="63" bec="0" bev="0" fileid="8" />
                <SequencePoint vc="0" uspid="564" ordinal="11" offset="154" sl="85" sc="17" el="85" ec="51" bec="2" bev="0" fileid="8" />
                <SequencePoint vc="0" uspid="565" ordinal="12" offset="167" sl="87" sc="21" el="87" ec="63" bec="0" bev="0" fileid="8" />
                <SequencePoint vc="0" uspid="566" ordinal="13" offset="181" sl="92" sc="21" el="92" ec="79" bec="0" bev="0" fileid="8" />
                <SequencePoint vc="0" uspid="567" ordinal="14" offset="190" sl="93" sc="21" el="93" ec="62" bec="0" bev="0" fileid="8" />
                <SequencePoint vc="0" uspid="568" ordinal="15" offset="202" sl="94" sc="21" el="94" ec="64" bec="0" bev="0" fileid="8" />
                <SequencePoint vc="0" uspid="569" ordinal="16" offset="215" sl="95" sc="21" el="95" ec="60" bec="2" bev="0" fileid="8" />
                <SequencePoint vc="0" uspid="570" ordinal="17" offset="239" sl="97" sc="21" el="97" ec="44" bec="2" bev="0" fileid="8" />
                <SequencePoint vc="0" uspid="571" ordinal="18" offset="248" sl="100" sc="32" el="100" ec="108" bec="0" bev="0" fileid="8" />
                <SequencePoint vc="0" uspid="572" ordinal="19" offset="268" sl="102" sc="29" el="102" ec="93" bec="0" bev="0" fileid="8" />
                <SequencePoint vc="0" uspid="573" ordinal="20" offset="282" sl="103" sc="25" el="103" ec="26" bec="0" bev="0" fileid="8" />
                <SequencePoint vc="0" uspid="574" ordinal="21" offset="296" sl="105" sc="25" el="105" ec="73" bec="0" bev="0" fileid="8" />
                <SequencePoint vc="0" uspid="575" ordinal="22" offset="324" sl="109" sc="25" el="109" ec="72" bec="3" bev="0" fileid="8" />
                <SequencePoint vc="0" uspid="576" ordinal="23" offset="342" sl="110" sc="29" el="110" ec="96" bec="0" bev="0" fileid="8" />
                <SequencePoint vc="0" uspid="577" ordinal="24" offset="359" sl="111" sc="21" el="111" ec="22" bec="0" bev="0" fileid="8" />
                <SequencePoint vc="0" uspid="578" ordinal="25" offset="361" sl="114" sc="25" el="114" ec="53" bec="2" bev="0" fileid="8" />
                <SequencePoint vc="0" uspid="579" ordinal="26" offset="370" sl="116" sc="29" el="116" ec="56" bec="2" bev="0" fileid="8" />
                <SequencePoint vc="0" uspid="580" ordinal="27" offset="384" sl="117" sc="33" el="117" ec="105" bec="0" bev="0" fileid="8" />
                <SequencePoint vc="0" uspid="581" ordinal="28" offset="406" sl="118" sc="25" el="118" ec="26" bec="0" bev="0" fileid="8" />
                <SequencePoint vc="0" uspid="582" ordinal="29" offset="408" sl="121" sc="29" el="121" ec="84" bec="0" bev="0" fileid="8" />
                <SequencePoint vc="0" uspid="583" ordinal="30" offset="430" sl="124" sc="17" el="124" ec="18" bec="0" bev="0" fileid="8" />
                <SequencePoint vc="0" uspid="584" ordinal="31" offset="435" sl="125" sc="17" el="125" ec="47" bec="0" bev="0" fileid="8" />
                <SequencePoint vc="0" uspid="585" ordinal="32" offset="437" sl="127" sc="21" el="127" ec="69" bec="2" bev="0" fileid="8" />
                <SequencePoint vc="0" uspid="586" ordinal="33" offset="451" sl="130" sc="25" el="130" ec="86" bec="0" bev="0" fileid="8" />
                <SequencePoint vc="0" uspid="587" ordinal="34" offset="473" sl="131" sc="21" el="131" ec="22" bec="0" bev="0" fileid="8" />
                <SequencePoint vc="0" uspid="588" ordinal="35" offset="475" sl="134" sc="25" el="134" ec="103" bec="0" bev="0" fileid="8" />
                <SequencePoint vc="0" uspid="589" ordinal="36" offset="499" sl="136" sc="17" el="136" ec="18" bec="0" bev="0" fileid="8" />
                <SequencePoint vc="0" uspid="590" ordinal="37" offset="504" sl="137" sc="17" el="137" ec="48" bec="0" bev="0" fileid="8" />
                <SequencePoint vc="0" uspid="591" ordinal="38" offset="505" sl="140" sc="21" el="140" ec="82" bec="0" bev="0" fileid="8" />
                <SequencePoint vc="0" uspid="592" ordinal="39" offset="527" sl="141" sc="17" el="141" ec="18" bec="0" bev="0" fileid="8" />
                <SequencePoint vc="0" uspid="593" ordinal="40" offset="532" sl="142" sc="17" el="142" ec="49" bec="0" bev="0" fileid="8" />
                <SequencePoint vc="0" uspid="594" ordinal="41" offset="534" sl="146" sc="21" el="146" ec="156" bec="0" bev="0" fileid="8" />
                <SequencePoint vc="0" uspid="595" ordinal="42" offset="594" sl="147" sc="17" el="147" ec="18" bec="0" bev="0" fileid="8" />
                <SequencePoint vc="0" uspid="596" ordinal="43" offset="599" sl="148" sc="17" el="148" ec="45" bec="0" bev="0" fileid="8" />
                <SequencePoint vc="0" uspid="597" ordinal="44" offset="601" sl="151" sc="21" el="151" ec="192" bec="0" bev="0" fileid="8" />
                <SequencePoint vc="0" uspid="598" ordinal="45" offset="661" sl="152" sc="17" el="152" ec="18" bec="0" bev="0" fileid="8" />
                <SequencePoint vc="0" uspid="599" ordinal="46" offset="666" sl="153" sc="17" el="153" ec="45" bec="0" bev="0" fileid="8" />
                <SequencePoint vc="0" uspid="600" ordinal="47" offset="668" sl="155" sc="21" el="155" ec="82" bec="2" bev="0" fileid="8" />
                <SequencePoint vc="0" uspid="601" ordinal="48" offset="687" sl="156" sc="25" el="156" ec="80" bec="0" bev="0" fileid="8" />
                <SequencePoint vc="0" uspid="602" ordinal="49" offset="705" sl="158" sc="25" el="158" ec="104" bec="0" bev="0" fileid="8" />
                <SequencePoint vc="0" uspid="603" ordinal="50" offset="729" sl="159" sc="17" el="159" ec="18" bec="0" bev="0" fileid="8" />
                <SequencePoint vc="0" uspid="604" ordinal="51" offset="731" sl="160" sc="17" el="160" ec="37" bec="0" bev="0" fileid="8" />
                <SequencePoint vc="0" uspid="605" ordinal="52" offset="733" sl="162" sc="21" el="162" ec="100" bec="0" bev="0" fileid="8" />
                <SequencePoint vc="0" uspid="606" ordinal="53" offset="757" sl="163" sc="17" el="163" ec="18" bec="0" bev="0" fileid="8" />
                <SequencePoint vc="0" uspid="607" ordinal="54" offset="759" sl="166" sc="21" el="166" ec="47" bec="2" bev="0" fileid="8" />
                <SequencePoint vc="0" uspid="608" ordinal="55" offset="776" sl="167" sc="21" el="167" ec="55" bec="2" bev="0" fileid="8" />
                <SequencePoint vc="0" uspid="609" ordinal="56" offset="793" sl="168" sc="17" el="168" ec="18" bec="0" bev="0" fileid="8" />
                <SequencePoint vc="0" uspid="610" ordinal="57" offset="794" sl="81" sc="44" el="81" ec="46" bec="0" bev="0" fileid="8" />
                <SequencePoint vc="0" uspid="611" ordinal="58" offset="817" sl="171" sc="13" el="171" ec="86" bec="0" bev="0" fileid="8" />
                <SequencePoint vc="0" uspid="612" ordinal="59" offset="849" sl="173" sc="13" el="173" ec="22" bec="0" bev="0" fileid="8" />
                <SequencePoint vc="0" uspid="613" ordinal="60" offset="855" sl="174" sc="9" el="174" ec="10" bec="0" bev="0" fileid="8" />
              </SequencePoints>
              <BranchPoints>
                <BranchPoint vc="0" uspid="614" ordinal="0" offset="56" sl="74" path="0" offsetend="58" fileid="8" />
                <BranchPoint vc="0" uspid="615" ordinal="1" offset="56" sl="74" path="1" offsetend="90" fileid="8" />
                <BranchPoint vc="0" uspid="616" ordinal="2" offset="65" sl="74" path="0" offsetend="67" fileid="8" />
                <BranchPoint vc="0" uspid="617" ordinal="3" offset="65" sl="74" path="1" offsetend="90" fileid="8" />
                <BranchPoint vc="0" uspid="618" ordinal="4" offset="115" sl="83" path="0" offsetend="117" fileid="8" />
                <BranchPoint vc="0" uspid="619" ordinal="5" offset="115" sl="83" path="1" offsetend="130" fileid="8" />
                <BranchPoint vc="0" uspid="620" ordinal="6" offset="165" sl="85" path="0" offsetend="167" fileid="8" />
                <BranchPoint vc="0" uspid="621" ordinal="7" offset="165" sl="85" path="1" offsetend="180" fileid="8" />
                <BranchPoint vc="0" uspid="622" ordinal="8" offset="222" sl="95" path="0" offsetend="224" fileid="8" />
                <BranchPoint vc="0" uspid="623" ordinal="9" offset="222" sl="95" path="1" offsetend="227" fileid="8" />
                <BranchPoint vc="0" uspid="624" ordinal="10" offset="246" sl="97" path="0" offsetend="248" fileid="8" />
                <BranchPoint vc="0" uspid="625" ordinal="11" offset="246" sl="97" path="1" offsetend="361" fileid="8" />
                <BranchPoint vc="0" uspid="626" ordinal="12" offset="327" sl="109" path="0" offsetend="329" fileid="8" />
                <BranchPoint vc="0" uspid="627" ordinal="13" offset="327" sl="109" path="1" offsetend="430" fileid="8" />
                <BranchPoint vc="0" uspid="628" ordinal="14" offset="340" sl="109" path="0" offsetend="342" fileid="8" />
                <BranchPoint vc="0" uspid="629" ordinal="15" offset="340" sl="109" path="1" offsetend="430" fileid="8" />
                <BranchPoint vc="0" uspid="630" ordinal="16" offset="368" sl="114" path="0" offsetend="370" fileid="8" />
                <BranchPoint vc="0" uspid="631" ordinal="17" offset="368" sl="114" path="1" offsetend="408" fileid="8" />
                <BranchPoint vc="0" uspid="632" ordinal="18" offset="382" sl="116" path="0" offsetend="384" fileid="8" />
                <BranchPoint vc="0" uspid="633" ordinal="19" offset="382" sl="116" path="1" offsetend="430" fileid="8" />
                <BranchPoint vc="0" uspid="634" ordinal="20" offset="449" sl="127" path="0" offsetend="451" fileid="8" />
                <BranchPoint vc="0" uspid="635" ordinal="21" offset="449" sl="127" path="1" offsetend="475" fileid="8" />
                <BranchPoint vc="0" uspid="636" ordinal="22" offset="685" sl="155" path="0" offsetend="687" fileid="8" />
                <BranchPoint vc="0" uspid="637" ordinal="23" offset="685" sl="155" path="1" offsetend="705" fileid="8" />
                <BranchPoint vc="0" uspid="638" ordinal="24" offset="766" sl="166" path="0" offsetend="768" fileid="8" />
                <BranchPoint vc="0" uspid="639" ordinal="25" offset="766" sl="166" path="1" offsetend="771" fileid="8" />
                <BranchPoint vc="0" uspid="640" ordinal="26" offset="783" sl="167" path="0" offsetend="785" fileid="8" />
                <BranchPoint vc="0" uspid="641" ordinal="27" offset="783" sl="167" path="1" offsetend="788" fileid="8" />
              </BranchPoints>
              <MethodPoint xsi:type="SequencePoint" vc="0" uspid="553" ordinal="0" offset="0" sl="68" sc="13" el="68" ec="57" bec="0" bev="0" fileid="8" />
            </Method>
            <Method visited="false" cyclomaticComplexity="3" nPathComplexity="0" sequenceCoverage="0" branchCoverage="0" crapScore="12" isConstructor="false" isStatic="false" isGetter="false" isSetter="false">
              <Summary numSequencePoints="12" visitedSequencePoints="0" numBranchPoints="1" visitedBranchPoints="0" sequenceCoverage="0" branchCoverage="0" maxCyclomaticComplexity="3" minCyclomaticComplexity="3" maxCrapScore="12" minCrapScore="12" visitedClasses="0" numClasses="0" visitedMethods="0" numMethods="1" />
              <MetadataToken>100663495</MetadataToken>
              <Name>System.Int32 NUnit.VisualStudio.TestAdapter.NUnit3TestDiscoverer::ProcessTestCases(NUnit.VisualStudio.TestAdapter.NUnitEngine.NUnitResults,Microsoft.VisualStudio.TestPlatform.ObjectModel.Adapter.ITestCaseDiscoverySink,NUnit.VisualStudio.TestAdapter.TestConverter)</Name>
              <FileRef uid="8" />
              <SequencePoints>
                <SequencePoint vc="0" uspid="644" ordinal="0" offset="0" sl="182" sc="13" el="182" ec="27" bec="0" bev="0" fileid="8" />
                <SequencePoint vc="0" uspid="645" ordinal="1" offset="2" sl="183" sc="42" el="183" ec="61" bec="0" bev="0" fileid="8" />
                <SequencePoint vc="0" uspid="646" ordinal="2" offset="16" sl="183" sc="22" el="183" ec="38" bec="0" bev="0" fileid="8" />
                <SequencePoint vc="0" uspid="647" ordinal="3" offset="28" sl="191" sc="21" el="191" ec="95" bec="0" bev="0" fileid="8" />
                <SequencePoint vc="0" uspid="648" ordinal="4" offset="41" sl="192" sc="21" el="192" ec="58" bec="0" bev="0" fileid="8" />
                <SequencePoint vc="0" uspid="649" ordinal="5" offset="48" sl="193" sc="21" el="193" ec="32" bec="0" bev="0" fileid="8" />
                <SequencePoint vc="0" uspid="650" ordinal="6" offset="52" sl="194" sc="17" el="194" ec="18" bec="0" bev="0" fileid="8" />
                <SequencePoint vc="0" uspid="651" ordinal="7" offset="54" sl="195" sc="17" el="195" ec="37" bec="0" bev="0" fileid="8" />
                <SequencePoint vc="0" uspid="652" ordinal="8" offset="56" sl="197" sc="21" el="197" ec="102" bec="0" bev="0" fileid="8" />
                <SequencePoint vc="0" uspid="653" ordinal="9" offset="90" sl="198" sc="17" el="198" ec="18" bec="0" bev="0" fileid="8" />
                <SequencePoint vc="0" uspid="654" ordinal="10" offset="92" sl="183" sc="39" el="183" ec="41" bec="0" bev="0" fileid="8" />
                <SequencePoint vc="0" uspid="655" ordinal="11" offset="122" sl="201" sc="13" el="201" ec="26" bec="0" bev="0" fileid="8" />
              </SequencePoints>
              <BranchPoints />
              <MethodPoint xsi:type="SequencePoint" vc="0" uspid="644" ordinal="0" offset="0" sl="182" sc="13" el="182" ec="27" bec="0" bev="0" fileid="8" />
            </Method>
          </Methods>
        </Class>
        <Class>
          <Summary numSequencePoints="154" visitedSequencePoints="72" numBranchPoints="92" visitedBranchPoints="35" sequenceCoverage="46.75" branchCoverage="38.04" maxCyclomaticComplexity="21" minCyclomaticComplexity="1" maxCrapScore="72" minCrapScore="1" visitedClasses="1" numClasses="1" visitedMethods="13" numMethods="20" />
          <FullName>NUnit.VisualStudio.TestAdapter.NUnit3TestExecutor</FullName>
          <Methods>
            <Method visited="false" cyclomaticComplexity="1" nPathComplexity="0" sequenceCoverage="0" branchCoverage="0" crapScore="2" isConstructor="false" isStatic="false" isGetter="true" isSetter="false">
              <Summary numSequencePoints="1" visitedSequencePoints="0" numBranchPoints="1" visitedBranchPoints="0" sequenceCoverage="0" branchCoverage="0" maxCyclomaticComplexity="1" minCyclomaticComplexity="1" maxCrapScore="2" minCrapScore="2" visitedClasses="0" numClasses="0" visitedMethods="0" numMethods="1" />
              <MetadataToken>100663500</MetadataToken>
              <Name>Microsoft.VisualStudio.TestPlatform.ObjectModel.Adapter.IRunContext NUnit.VisualStudio.TestAdapter.NUnit3TestExecutor::get_RunContext()</Name>
              <FileRef uid="9" />
              <SequencePoints>
                <SequencePoint vc="0" uspid="658" ordinal="0" offset="0" sl="61" sc="41" el="61" ec="45" bec="0" bev="0" fileid="9" />
              </SequencePoints>
              <BranchPoints />
              <MethodPoint xsi:type="SequencePoint" vc="0" uspid="658" ordinal="0" offset="0" sl="61" sc="41" el="61" ec="45" bec="0" bev="0" fileid="9" />
            </Method>
            <Method visited="true" cyclomaticComplexity="1" nPathComplexity="0" sequenceCoverage="100" branchCoverage="100" crapScore="1" isConstructor="false" isStatic="false" isGetter="false" isSetter="true">
              <Summary numSequencePoints="1" visitedSequencePoints="1" numBranchPoints="1" visitedBranchPoints="1" sequenceCoverage="100" branchCoverage="100" maxCyclomaticComplexity="1" minCyclomaticComplexity="1" maxCrapScore="1" minCrapScore="1" visitedClasses="0" numClasses="0" visitedMethods="1" numMethods="1" />
              <MetadataToken>100663501</MetadataToken>
              <Name>System.Void NUnit.VisualStudio.TestAdapter.NUnit3TestExecutor::set_RunContext(Microsoft.VisualStudio.TestPlatform.ObjectModel.Adapter.IRunContext)</Name>
              <FileRef uid="9" />
              <SequencePoints>
                <SequencePoint vc="1" uspid="659" ordinal="0" offset="0" sl="61" sc="46" el="61" ec="58" bec="0" bev="0" fileid="9" />
              </SequencePoints>
              <BranchPoints />
              <MethodPoint xsi:type="SequencePoint" vc="1" uspid="659" ordinal="0" offset="0" sl="61" sc="46" el="61" ec="58" bec="0" bev="0" fileid="9" />
            </Method>
            <Method visited="true" cyclomaticComplexity="1" nPathComplexity="0" sequenceCoverage="100" branchCoverage="100" crapScore="1" isConstructor="false" isStatic="false" isGetter="true" isSetter="false">
              <Summary numSequencePoints="1" visitedSequencePoints="1" numBranchPoints="1" visitedBranchPoints="1" sequenceCoverage="100" branchCoverage="100" maxCyclomaticComplexity="1" minCyclomaticComplexity="1" maxCrapScore="1" minCrapScore="1" visitedClasses="0" numClasses="0" visitedMethods="1" numMethods="1" />
              <MetadataToken>100663502</MetadataToken>
              <Name>Microsoft.VisualStudio.TestPlatform.ObjectModel.Adapter.IFrameworkHandle NUnit.VisualStudio.TestAdapter.NUnit3TestExecutor::get_FrameworkHandle()</Name>
              <FileRef uid="9" />
              <SequencePoints>
                <SequencePoint vc="1" uspid="660" ordinal="0" offset="0" sl="62" sc="51" el="62" ec="55" bec="0" bev="0" fileid="9" />
              </SequencePoints>
              <BranchPoints />
              <MethodPoint xsi:type="SequencePoint" vc="1" uspid="660" ordinal="0" offset="0" sl="62" sc="51" el="62" ec="55" bec="0" bev="0" fileid="9" />
            </Method>
            <Method visited="true" cyclomaticComplexity="1" nPathComplexity="0" sequenceCoverage="100" branchCoverage="100" crapScore="1" isConstructor="false" isStatic="false" isGetter="false" isSetter="true">
              <Summary numSequencePoints="1" visitedSequencePoints="1" numBranchPoints="1" visitedBranchPoints="1" sequenceCoverage="100" branchCoverage="100" maxCyclomaticComplexity="1" minCyclomaticComplexity="1" maxCrapScore="1" minCrapScore="1" visitedClasses="0" numClasses="0" visitedMethods="1" numMethods="1" />
              <MetadataToken>100663503</MetadataToken>
              <Name>System.Void NUnit.VisualStudio.TestAdapter.NUnit3TestExecutor::set_FrameworkHandle(Microsoft.VisualStudio.TestPlatform.ObjectModel.Adapter.IFrameworkHandle)</Name>
              <FileRef uid="9" />
              <SequencePoints>
                <SequencePoint vc="1" uspid="661" ordinal="0" offset="0" sl="62" sc="56" el="62" ec="68" bec="0" bev="0" fileid="9" />
              </SequencePoints>
              <BranchPoints />
              <MethodPoint xsi:type="SequencePoint" vc="1" uspid="661" ordinal="0" offset="0" sl="62" sc="56" el="62" ec="68" bec="0" bev="0" fileid="9" />
            </Method>
            <Method visited="true" cyclomaticComplexity="1" nPathComplexity="0" sequenceCoverage="100" branchCoverage="100" crapScore="1" isConstructor="false" isStatic="false" isGetter="true" isSetter="false">
              <Summary numSequencePoints="1" visitedSequencePoints="1" numBranchPoints="1" visitedBranchPoints="1" sequenceCoverage="100" branchCoverage="100" maxCyclomaticComplexity="1" minCyclomaticComplexity="1" maxCrapScore="1" minCrapScore="1" visitedClasses="0" numClasses="0" visitedMethods="1" numMethods="1" />
              <MetadataToken>100663504</MetadataToken>
              <Name>NUnit.VisualStudio.TestAdapter.TfsTestFilter NUnit.VisualStudio.TestAdapter.NUnit3TestExecutor::get_TfsFilter()</Name>
              <FileRef uid="9" />
              <SequencePoints>
                <SequencePoint vc="3" uspid="662" ordinal="0" offset="0" sl="63" sc="43" el="63" ec="47" bec="0" bev="0" fileid="9" />
              </SequencePoints>
              <BranchPoints />
              <MethodPoint xsi:type="SequencePoint" vc="3" uspid="662" ordinal="0" offset="0" sl="63" sc="43" el="63" ec="47" bec="0" bev="0" fileid="9" />
            </Method>
            <Method visited="true" cyclomaticComplexity="1" nPathComplexity="0" sequenceCoverage="100" branchCoverage="100" crapScore="1" isConstructor="false" isStatic="false" isGetter="false" isSetter="true">
              <Summary numSequencePoints="1" visitedSequencePoints="1" numBranchPoints="1" visitedBranchPoints="1" sequenceCoverage="100" branchCoverage="100" maxCyclomaticComplexity="1" minCyclomaticComplexity="1" maxCrapScore="1" minCrapScore="1" visitedClasses="0" numClasses="0" visitedMethods="1" numMethods="1" />
              <MetadataToken>100663505</MetadataToken>
              <Name>System.Void NUnit.VisualStudio.TestAdapter.NUnit3TestExecutor::set_TfsFilter(NUnit.VisualStudio.TestAdapter.TfsTestFilter)</Name>
              <FileRef uid="9" />
              <SequencePoints>
                <SequencePoint vc="1" uspid="663" ordinal="0" offset="0" sl="63" sc="48" el="63" ec="52" bec="0" bev="0" fileid="9" />
              </SequencePoints>
              <BranchPoints />
              <MethodPoint xsi:type="SequencePoint" vc="1" uspid="663" ordinal="0" offset="0" sl="63" sc="48" el="63" ec="52" bec="0" bev="0" fileid="9" />
            </Method>
            <Method visited="false" cyclomaticComplexity="1" nPathComplexity="0" sequenceCoverage="0" branchCoverage="0" crapScore="2" isConstructor="false" isStatic="false" isGetter="true" isSetter="false">
              <Summary numSequencePoints="1" visitedSequencePoints="0" numBranchPoints="1" visitedBranchPoints="0" sequenceCoverage="0" branchCoverage="0" maxCyclomaticComplexity="1" minCyclomaticComplexity="1" maxCrapScore="2" minCrapScore="2" visitedClasses="0" numClasses="0" visitedMethods="0" numMethods="1" />
              <MetadataToken>100663506</MetadataToken>
              <Name>System.String NUnit.VisualStudio.TestAdapter.NUnit3TestExecutor::get_TestOutputXmlFolder()</Name>
              <FileRef uid="9" />
              <SequencePoints>
                <SequencePoint vc="0" uspid="664" ordinal="0" offset="0" sl="65" sc="45" el="65" ec="49" bec="0" bev="0" fileid="9" />
              </SequencePoints>
              <BranchPoints />
              <MethodPoint xsi:type="SequencePoint" vc="0" uspid="664" ordinal="0" offset="0" sl="65" sc="45" el="65" ec="49" bec="0" bev="0" fileid="9" />
            </Method>
            <Method visited="false" cyclomaticComplexity="1" nPathComplexity="0" sequenceCoverage="0" branchCoverage="0" crapScore="2" isConstructor="false" isStatic="false" isGetter="false" isSetter="true">
              <Summary numSequencePoints="1" visitedSequencePoints="0" numBranchPoints="1" visitedBranchPoints="0" sequenceCoverage="0" branchCoverage="0" maxCyclomaticComplexity="1" minCyclomaticComplexity="1" maxCrapScore="2" minCrapScore="2" visitedClasses="0" numClasses="0" visitedMethods="0" numMethods="1" />
              <MetadataToken>100663507</MetadataToken>
              <Name>System.Void NUnit.VisualStudio.TestAdapter.NUnit3TestExecutor::set_TestOutputXmlFolder(System.String)</Name>
              <FileRef uid="9" />
              <SequencePoints>
                <SequencePoint vc="0" uspid="665" ordinal="0" offset="0" sl="65" sc="50" el="65" ec="54" bec="0" bev="0" fileid="9" />
              </SequencePoints>
              <BranchPoints />
              <MethodPoint xsi:type="SequencePoint" vc="0" uspid="665" ordinal="0" offset="0" sl="65" sc="50" el="65" ec="54" bec="0" bev="0" fileid="9" />
            </Method>
            <Method visited="true" cyclomaticComplexity="1" nPathComplexity="0" sequenceCoverage="100" branchCoverage="100" crapScore="1" isConstructor="false" isStatic="false" isGetter="true" isSetter="false">
              <Summary numSequencePoints="1" visitedSequencePoints="1" numBranchPoints="1" visitedBranchPoints="1" sequenceCoverage="100" branchCoverage="100" maxCyclomaticComplexity="1" minCyclomaticComplexity="1" maxCrapScore="1" minCrapScore="1" visitedClasses="0" numClasses="0" visitedMethods="1" numMethods="1" />
              <MetadataToken>100663518</MetadataToken>
              <Name>NUnit.VisualStudio.TestAdapter.Dump.IDumpXml NUnit.VisualStudio.TestAdapter.NUnit3TestExecutor::get_Dump()</Name>
              <FileRef uid="9" />
              <SequencePoints>
                <SequencePoint vc="1" uspid="666" ordinal="0" offset="0" sl="373" sc="33" el="373" ec="49" bec="0" bev="0" fileid="9" />
              </SequencePoints>
              <BranchPoints />
              <MethodPoint xsi:type="SequencePoint" vc="1" uspid="666" ordinal="0" offset="0" sl="373" sc="33" el="373" ec="49" bec="0" bev="0" fileid="9" />
            </Method>
            <Method visited="true" cyclomaticComplexity="1" nPathComplexity="0" sequenceCoverage="100" branchCoverage="100" crapScore="1" isConstructor="true" isStatic="false" isGetter="false" isSetter="false">
              <Summary numSequencePoints="4" visitedSequencePoints="4" numBranchPoints="1" visitedBranchPoints="1" sequenceCoverage="100" branchCoverage="100" maxCyclomaticComplexity="1" minCyclomaticComplexity="1" maxCrapScore="1" minCrapScore="1" visitedClasses="0" numClasses="0" visitedMethods="1" numMethods="1" />
              <MetadataToken>100663499</MetadataToken>
              <Name>System.Void NUnit.VisualStudio.TestAdapter.NUnit3TestExecutor::.ctor()</Name>
              <FileRef uid="9" />
              <SequencePoints>
                <SequencePoint vc="1" uspid="667" ordinal="0" offset="0" sl="65" sc="59" el="65" ec="61" bec="0" bev="0" fileid="9" />
                <SequencePoint vc="1" uspid="668" ordinal="1" offset="11" sl="53" sc="9" el="53" ec="36" bec="0" bev="0" fileid="9" />
                <SequencePoint vc="1" uspid="669" ordinal="2" offset="17" sl="55" sc="13" el="55" ec="60" bec="0" bev="0" fileid="9" />
                <SequencePoint vc="1" uspid="670" ordinal="3" offset="22" sl="56" sc="9" el="56" ec="10" bec="0" bev="0" fileid="9" />
              </SequencePoints>
              <BranchPoints />
              <MethodPoint xsi:type="SequencePoint" vc="1" uspid="667" ordinal="0" offset="0" sl="65" sc="59" el="65" ec="61" bec="0" bev="0" fileid="9" />
            </Method>
            <Method visited="true" cyclomaticComplexity="7" nPathComplexity="16" sequenceCoverage="63.64" branchCoverage="44.44" crapScore="9.36" isConstructor="false" isStatic="false" isGetter="false" isSetter="false">
              <Summary numSequencePoints="22" visitedSequencePoints="14" numBranchPoints="9" visitedBranchPoints="4" sequenceCoverage="63.64" branchCoverage="44.44" maxCyclomaticComplexity="7" minCyclomaticComplexity="7" maxCrapScore="9.36" minCrapScore="9.36" visitedClasses="0" numClasses="0" visitedMethods="1" numMethods="1" />
              <MetadataToken>100663508</MetadataToken>
              <Name>System.Void NUnit.VisualStudio.TestAdapter.NUnit3TestExecutor::RunTests(System.Collections.Generic.IEnumerable`1&lt;System.String&gt;,Microsoft.VisualStudio.TestPlatform.ObjectModel.Adapter.IRunContext,Microsoft.VisualStudio.TestPlatform.ObjectModel.Adapter.IFrameworkHandle)</Name>
              <FileRef uid="9" />
              <SequencePoints>
                <SequencePoint vc="1" uspid="671" ordinal="0" offset="0" sl="92" sc="13" el="92" ec="53" bec="0" bev="0" fileid="9" />
                <SequencePoint vc="1" uspid="672" ordinal="1" offset="8" sl="93" sc="13" el="93" ec="62" bec="0" bev="0" fileid="9" />
                <SequencePoint vc="1" uspid="673" ordinal="2" offset="24" sl="94" sc="13" el="94" ec="65" bec="0" bev="0" fileid="9" />
                <SequencePoint vc="1" uspid="674" ordinal="3" offset="32" sl="96" sc="13" el="96" ec="79" bec="3" bev="1" fileid="9" />
                <SequencePoint vc="0" uspid="675" ordinal="4" offset="54" sl="98" sc="17" el="98" ec="136" bec="0" bev="0" fileid="9" />
                <SequencePoint vc="0" uspid="676" ordinal="5" offset="70" sl="99" sc="17" el="99" ec="26" bec="0" bev="0" fileid="9" />
                <SequencePoint vc="0" uspid="677" ordinal="6" offset="76" sl="100" sc="17" el="100" ec="24" bec="0" bev="0" fileid="9" />
                <SequencePoint vc="1" uspid="678" ordinal="7" offset="77" sl="103" sc="45" el="103" ec="52" bec="0" bev="0" fileid="9" />
                <SequencePoint vc="1" uspid="679" ordinal="8" offset="86" sl="103" sc="22" el="103" ec="41" bec="0" bev="0" fileid="9" />
                <SequencePoint vc="1" uspid="680" ordinal="9" offset="93" sl="107" sc="21" el="107" ec="152" bec="2" bev="1" fileid="9" />
                <SequencePoint vc="1" uspid="681" ordinal="10" offset="116" sl="108" sc="21" el="108" ec="90" bec="0" bev="0" fileid="9" />
                <SequencePoint vc="1" uspid="682" ordinal="11" offset="139" sl="110" sc="21" el="110" ec="61" bec="0" bev="0" fileid="9" />
                <SequencePoint vc="1" uspid="683" ordinal="12" offset="148" sl="111" sc="17" el="111" ec="18" bec="0" bev="0" fileid="9" />
                <SequencePoint vc="0" uspid="684" ordinal="13" offset="150" sl="112" sc="17" el="112" ec="37" bec="0" bev="0" fileid="9" />
                <SequencePoint vc="0" uspid="685" ordinal="14" offset="152" sl="114" sc="21" el="114" ec="57" bec="2" bev="0" fileid="9" />
                <SequencePoint vc="0" uspid="686" ordinal="15" offset="161" sl="114" sc="60" el="114" ec="83" bec="0" bev="0" fileid="9" />
                <SequencePoint vc="0" uspid="687" ordinal="16" offset="170" sl="115" sc="21" el="115" ec="77" bec="0" bev="0" fileid="9" />
                <SequencePoint vc="0" uspid="688" ordinal="17" offset="188" sl="116" sc="17" el="116" ec="18" bec="0" bev="0" fileid="9" />
                <SequencePoint vc="2" uspid="689" ordinal="18" offset="190" sl="103" sc="42" el="103" ec="44" bec="0" bev="0" fileid="9" />
                <SequencePoint vc="1" uspid="690" ordinal="19" offset="210" sl="119" sc="13" el="119" ec="86" bec="0" bev="0" fileid="9" />
                <SequencePoint vc="1" uspid="691" ordinal="20" offset="242" sl="120" sc="13" el="120" ec="22" bec="0" bev="0" fileid="9" />
                <SequencePoint vc="1" uspid="692" ordinal="21" offset="248" sl="121" sc="9" el="121" ec="10" bec="0" bev="0" fileid="9" />
              </SequencePoints>
              <BranchPoints>
                <BranchPoint vc="0" uspid="693" ordinal="0" offset="43" sl="96" path="0" offsetend="45" fileid="9" />
                <BranchPoint vc="1" uspid="694" ordinal="1" offset="43" sl="96" path="1" offsetend="77" fileid="9" />
                <BranchPoint vc="0" uspid="695" ordinal="2" offset="52" sl="96" path="0" offsetend="54" fileid="9" />
                <BranchPoint vc="1" uspid="696" ordinal="3" offset="52" sl="96" path="1" offsetend="77" fileid="9" />
                <BranchPoint vc="0" uspid="697" ordinal="4" offset="99" sl="107" path="0" offsetend="101" fileid="9" />
                <BranchPoint vc="1" uspid="698" ordinal="5" offset="99" sl="107" path="1" offsetend="114" fileid="9" />
                <BranchPoint vc="0" uspid="699" ordinal="6" offset="159" sl="114" path="0" offsetend="161" fileid="9" />
                <BranchPoint vc="0" uspid="700" ordinal="7" offset="159" sl="114" path="1" offsetend="170" fileid="9" />
              </BranchPoints>
              <MethodPoint xsi:type="SequencePoint" vc="1" uspid="671" ordinal="0" offset="0" sl="92" sc="13" el="92" ec="53" bec="0" bev="0" fileid="9" />
            </Method>
            <Method visited="false" cyclomaticComplexity="8" nPathComplexity="32" sequenceCoverage="0" branchCoverage="0" crapScore="72" isConstructor="false" isStatic="false" isGetter="false" isSetter="false">
              <Summary numSequencePoints="25" visitedSequencePoints="0" numBranchPoints="11" visitedBranchPoints="0" sequenceCoverage="0" branchCoverage="0" maxCyclomaticComplexity="8" minCyclomaticComplexity="8" maxCrapScore="72" minCrapScore="72" visitedClasses="0" numClasses="0" visitedMethods="0" numMethods="1" />
              <MetadataToken>100663509</MetadataToken>
              <Name>System.Void NUnit.VisualStudio.TestAdapter.NUnit3TestExecutor::RunTests(System.Collections.Generic.IEnumerable`1&lt;Microsoft.VisualStudio.TestPlatform.ObjectModel.TestCase&gt;,Microsoft.VisualStudio.TestPlatform.ObjectModel.Adapter.IRunContext,Microsoft.VisualStudio.TestPlatform.ObjectModel.Adapter.IFrameworkHandle)</Name>
              <FileRef uid="9" />
              <SequencePoints>
                <SequencePoint vc="0" uspid="703" ordinal="0" offset="0" sl="135" sc="13" el="135" ec="53" bec="0" bev="0" fileid="9" />
                <SequencePoint vc="0" uspid="704" ordinal="1" offset="8" sl="136" sc="13" el="136" ec="64" bec="0" bev="0" fileid="9" />
                <SequencePoint vc="0" uspid="705" ordinal="2" offset="24" sl="137" sc="13" el="137" ec="65" bec="0" bev="0" fileid="9" />
                <SequencePoint vc="0" uspid="706" ordinal="3" offset="32" sl="140" sc="13" el="140" ec="65" bec="2" bev="0" fileid="9" />
                <SequencePoint vc="0" uspid="707" ordinal="4" offset="70" sl="141" sc="13" el="141" ec="86" bec="3" bev="0" fileid="9" />
                <SequencePoint vc="0" uspid="708" ordinal="5" offset="92" sl="143" sc="17" el="143" ec="136" bec="0" bev="0" fileid="9" />
                <SequencePoint vc="0" uspid="709" ordinal="6" offset="108" sl="144" sc="17" el="144" ec="26" bec="0" bev="0" fileid="9" />
                <SequencePoint vc="0" uspid="710" ordinal="7" offset="114" sl="145" sc="17" el="145" ec="24" bec="0" bev="0" fileid="9" />
                <SequencePoint vc="0" uspid="711" ordinal="8" offset="115" sl="148" sc="43" el="148" ec="57" bec="0" bev="0" fileid="9" />
                <SequencePoint vc="0" uspid="712" ordinal="9" offset="124" sl="148" sc="22" el="148" ec="39" bec="0" bev="0" fileid="9" />
                <SequencePoint vc="0" uspid="713" ordinal="10" offset="131" sl="152" sc="21" el="152" ec="61" bec="0" bev="0" fileid="9" />
                <SequencePoint vc="0" uspid="714" ordinal="11" offset="138" sl="153" sc="21" el="153" ec="152" bec="2" bev="0" fileid="9" />
                <SequencePoint vc="0" uspid="715" ordinal="12" offset="162" sl="155" sc="21" el="155" ec="67" bec="0" bev="0" fileid="9" />
                <SequencePoint vc="0" uspid="716" ordinal="13" offset="168" sl="156" sc="21" el="156" ec="76" bec="0" bev="0" fileid="9" />
                <SequencePoint vc="0" uspid="717" ordinal="14" offset="176" sl="158" sc="21" el="158" ec="70" bec="0" bev="0" fileid="9" />
                <SequencePoint vc="0" uspid="718" ordinal="15" offset="187" sl="159" sc="17" el="159" ec="18" bec="0" bev="0" fileid="9" />
                <SequencePoint vc="0" uspid="719" ordinal="16" offset="189" sl="160" sc="17" el="160" ec="37" bec="0" bev="0" fileid="9" />
                <SequencePoint vc="0" uspid="720" ordinal="17" offset="191" sl="162" sc="21" el="162" ec="57" bec="2" bev="0" fileid="9" />
                <SequencePoint vc="0" uspid="721" ordinal="18" offset="200" sl="162" sc="60" el="162" ec="83" bec="0" bev="0" fileid="9" />
                <SequencePoint vc="0" uspid="722" ordinal="19" offset="209" sl="163" sc="21" el="163" ec="77" bec="0" bev="0" fileid="9" />
                <SequencePoint vc="0" uspid="723" ordinal="20" offset="227" sl="164" sc="17" el="164" ec="18" bec="0" bev="0" fileid="9" />
                <SequencePoint vc="0" uspid="724" ordinal="21" offset="229" sl="148" sc="40" el="148" ec="42" bec="0" bev="0" fileid="9" />
                <SequencePoint vc="0" uspid="725" ordinal="22" offset="249" sl="167" sc="13" el="167" ec="86" bec="0" bev="0" fileid="9" />
                <SequencePoint vc="0" uspid="726" ordinal="23" offset="281" sl="168" sc="13" el="168" ec="22" bec="0" bev="0" fileid="9" />
                <SequencePoint vc="0" uspid="727" ordinal="24" offset="287" sl="169" sc="9" el="169" ec="10" bec="0" bev="0" fileid="9" />
              </SequencePoints>
              <BranchPoints>
                <BranchPoint vc="0" uspid="728" ordinal="0" offset="39" sl="140" path="0" offsetend="41" fileid="9" />
                <BranchPoint vc="0" uspid="729" ordinal="1" offset="39" sl="140" path="1" offsetend="64" fileid="9" />
                <BranchPoint vc="0" uspid="730" ordinal="2" offset="81" sl="141" path="0" offsetend="83" fileid="9" />
                <BranchPoint vc="0" uspid="731" ordinal="3" offset="81" sl="141" path="1" offsetend="115" fileid="9" />
                <BranchPoint vc="0" uspid="732" ordinal="4" offset="90" sl="141" path="0" offsetend="92" fileid="9" />
                <BranchPoint vc="0" uspid="733" ordinal="5" offset="90" sl="141" path="1" offsetend="115" fileid="9" />
                <BranchPoint vc="0" uspid="734" ordinal="6" offset="144" sl="153" path="0" offsetend="146" fileid="9" />
                <BranchPoint vc="0" uspid="735" ordinal="7" offset="144" sl="153" path="1" offsetend="159" fileid="9" />
                <BranchPoint vc="0" uspid="736" ordinal="8" offset="198" sl="162" path="0" offsetend="200" fileid="9" />
                <BranchPoint vc="0" uspid="737" ordinal="9" offset="198" sl="162" path="1" offsetend="209" fileid="9" />
              </BranchPoints>
              <MethodPoint xsi:type="SequencePoint" vc="0" uspid="703" ordinal="0" offset="0" sl="135" sc="13" el="135" ec="53" bec="0" bev="0" fileid="9" />
            </Method>
            <Method visited="false" cyclomaticComplexity="1" nPathComplexity="0" sequenceCoverage="0" branchCoverage="0" crapScore="2" isConstructor="false" isStatic="false" isGetter="false" isSetter="false">
              <Summary numSequencePoints="2" visitedSequencePoints="0" numBranchPoints="1" visitedBranchPoints="0" sequenceCoverage="0" branchCoverage="0" maxCyclomaticComplexity="1" minCyclomaticComplexity="1" maxCrapScore="2" minCrapScore="2" visitedClasses="0" numClasses="0" visitedMethods="0" numMethods="1" />
              <MetadataToken>100663510</MetadataToken>
              <Name>System.Void NUnit.VisualStudio.TestAdapter.NUnit3TestExecutor::Microsoft.VisualStudio.TestPlatform.ObjectModel.Adapter.ITestExecutor.Cancel()</Name>
              <FileRef uid="9" />
              <SequencePoints>
                <SequencePoint vc="0" uspid="740" ordinal="0" offset="0" sl="173" sc="13" el="173" ec="23" bec="0" bev="0" fileid="9" />
                <SequencePoint vc="0" uspid="741" ordinal="1" offset="6" sl="174" sc="9" el="174" ec="10" bec="0" bev="0" fileid="9" />
              </SequencePoints>
              <BranchPoints />
              <MethodPoint xsi:type="SequencePoint" vc="0" uspid="740" ordinal="0" offset="0" sl="173" sc="13" el="173" ec="23" bec="0" bev="0" fileid="9" />
            </Method>
            <Method visited="false" cyclomaticComplexity="1" nPathComplexity="0" sequenceCoverage="0" branchCoverage="0" crapScore="2" isConstructor="false" isStatic="false" isGetter="false" isSetter="false">
              <Summary numSequencePoints="1" visitedSequencePoints="0" numBranchPoints="1" visitedBranchPoints="0" sequenceCoverage="0" branchCoverage="0" maxCyclomaticComplexity="1" minCyclomaticComplexity="1" maxCrapScore="2" minCrapScore="2" visitedClasses="0" numClasses="0" visitedMethods="0" numMethods="1" />
              <MetadataToken>100663511</MetadataToken>
              <Name>System.Void NUnit.VisualStudio.TestAdapter.NUnit3TestExecutor::Dispose()</Name>
              <FileRef uid="9" />
              <SequencePoints>
                <SequencePoint vc="0" uspid="742" ordinal="0" offset="0" sl="183" sc="9" el="183" ec="10" bec="0" bev="0" fileid="9" />
              </SequencePoints>
              <BranchPoints />
              <MethodPoint xsi:type="SequencePoint" vc="0" uspid="742" ordinal="0" offset="0" sl="183" sc="9" el="183" ec="10" bec="0" bev="0" fileid="9" />
            </Method>
            <Method visited="true" cyclomaticComplexity="5" nPathComplexity="16" sequenceCoverage="86.67" branchCoverage="55.56" crapScore="5.06" isConstructor="false" isStatic="false" isGetter="false" isSetter="false">
              <Summary numSequencePoints="15" visitedSequencePoints="13" numBranchPoints="9" visitedBranchPoints="5" sequenceCoverage="86.67" branchCoverage="55.56" maxCyclomaticComplexity="5" minCyclomaticComplexity="5" maxCrapScore="5.06" minCrapScore="5.06" visitedClasses="0" numClasses="0" visitedMethods="1" numMethods="1" />
              <MetadataToken>100663512</MetadataToken>
              <Name>System.Void NUnit.VisualStudio.TestAdapter.NUnit3TestExecutor::InitializeForExecution(Microsoft.VisualStudio.TestPlatform.ObjectModel.Adapter.IRunContext,Microsoft.VisualStudio.TestPlatform.ObjectModel.Adapter.IFrameworkHandle)</Name>
              <FileRef uid="9" />
              <SequencePoints>
                <SequencePoint vc="1" uspid="743" ordinal="0" offset="0" sl="191" sc="13" el="191" ec="85" bec="0" bev="0" fileid="9" />
                <SequencePoint vc="1" uspid="744" ordinal="1" offset="32" sl="193" sc="13" el="193" ec="37" bec="0" bev="0" fileid="9" />
                <SequencePoint vc="1" uspid="745" ordinal="2" offset="39" sl="194" sc="13" el="194" ec="47" bec="0" bev="0" fileid="9" />
                <SequencePoint vc="1" uspid="746" ordinal="3" offset="46" sl="195" sc="13" el="195" ec="55" bec="0" bev="0" fileid="9" />
                <SequencePoint vc="1" uspid="747" ordinal="4" offset="58" sl="197" sc="13" el="197" ec="41" bec="0" bev="0" fileid="9" />
                <SequencePoint vc="1" uspid="748" ordinal="5" offset="63" sl="199" sc="13" el="199" ec="65" bec="0" bev="0" fileid="9" />
                <SequencePoint vc="1" uspid="749" ordinal="6" offset="98" sl="200" sc="13" el="200" ec="89" bec="0" bev="0" fileid="9" />
                <SequencePoint vc="1" uspid="750" ordinal="7" offset="138" sl="202" sc="13" el="202" ec="40" bec="0" bev="0" fileid="9" />
                <SequencePoint vc="1" uspid="751" ordinal="8" offset="140" sl="203" sc="13" el="203" ec="49" bec="2" bev="1" fileid="9" />
                <SequencePoint vc="0" uspid="752" ordinal="9" offset="153" sl="205" sc="17" el="205" ec="56" bec="0" bev="0" fileid="9" />
                <SequencePoint vc="1" uspid="753" ordinal="10" offset="163" sl="208" sc="13" el="208" ec="35" bec="2" bev="1" fileid="9" />
                <SequencePoint vc="1" uspid="754" ordinal="11" offset="176" sl="210" sc="17" el="210" ec="64" bec="3" bev="2" fileid="9" />
                <SequencePoint vc="0" uspid="755" ordinal="12" offset="187" sl="211" sc="21" el="211" ec="81" bec="0" bev="0" fileid="9" />
                <SequencePoint vc="1" uspid="756" ordinal="13" offset="194" sl="214" sc="13" el="214" ec="64" bec="0" bev="0" fileid="9" />
                <SequencePoint vc="1" uspid="757" ordinal="14" offset="222" sl="215" sc="9" el="215" ec="10" bec="0" bev="0" fileid="9" />
              </SequencePoints>
              <BranchPoints>
                <BranchPoint vc="0" uspid="758" ordinal="0" offset="151" sl="203" path="0" offsetend="153" fileid="9" />
                <BranchPoint vc="1" uspid="759" ordinal="1" offset="151" sl="203" path="1" offsetend="163" fileid="9" />
                <BranchPoint vc="1" uspid="760" ordinal="2" offset="174" sl="208" path="0" offsetend="176" fileid="9" />
                <BranchPoint vc="0" uspid="761" ordinal="3" offset="174" sl="208" path="1" offsetend="194" fileid="9" />
                <BranchPoint vc="1" uspid="762" ordinal="4" offset="177" sl="210" path="0" offsetend="179" fileid="9" />
                <BranchPoint vc="0" uspid="763" ordinal="5" offset="177" sl="210" path="1" offsetend="187" fileid="9" />
                <BranchPoint vc="0" uspid="764" ordinal="6" offset="185" sl="210" path="0" offsetend="187" fileid="9" />
                <BranchPoint vc="1" uspid="765" ordinal="7" offset="185" sl="210" path="1" offsetend="194" fileid="9" />
              </BranchPoints>
              <MethodPoint xsi:type="SequencePoint" vc="1" uspid="743" ordinal="0" offset="0" sl="191" sc="13" el="191" ec="85" bec="0" bev="0" fileid="9" />
            </Method>
            <Method visited="true" cyclomaticComplexity="21" nPathComplexity="131072" sequenceCoverage="51.79" branchCoverage="40" crapScore="70.41" isConstructor="false" isStatic="false" isGetter="false" isSetter="false">
              <Summary numSequencePoints="56" visitedSequencePoints="29" numBranchPoints="35" visitedBranchPoints="14" sequenceCoverage="51.79" branchCoverage="40" maxCyclomaticComplexity="21" minCyclomaticComplexity="21" maxCrapScore="70.41" minCrapScore="70.41" visitedClasses="0" numClasses="0" visitedMethods="1" numMethods="1" />
              <MetadataToken>100663513</MetadataToken>
              <Name>System.Void NUnit.VisualStudio.TestAdapter.NUnit3TestExecutor::RunAssembly(System.String,System.Linq.IGrouping`2&lt;System.String,Microsoft.VisualStudio.TestPlatform.ObjectModel.TestCase&gt;,NUnit.Engine.TestFilter)</Name>
              <FileRef uid="9" />
              <SequencePoints>
                <SequencePoint vc="1" uspid="766" ordinal="0" offset="0" sl="224" sc="13" el="224" ec="81" bec="2" bev="1" fileid="9" />
                <SequencePoint vc="1" uspid="767" ordinal="1" offset="20" sl="225" sc="13" el="225" ec="102" bec="3" bev="2" fileid="9" />
                <SequencePoint vc="1" uspid="768" ordinal="2" offset="44" sl="226" sc="13" el="226" ec="84" bec="0" bev="0" fileid="9" />
                <SequencePoint vc="1" uspid="769" ordinal="3" offset="68" sl="228" sc="13" el="228" ec="47" bec="2" bev="1" fileid="9" />
                <SequencePoint vc="1" uspid="770" ordinal="4" offset="81" sl="229" sc="17" el="229" ec="81" bec="0" bev="0" fileid="9" />
                <SequencePoint vc="1" uspid="771" ordinal="5" offset="98" sl="230" sc="13" el="230" ec="48" bec="0" bev="0" fileid="9" />
                <SequencePoint vc="1" uspid="772" ordinal="6" offset="106" sl="234" sc="17" el="234" ec="74" bec="0" bev="0" fileid="9" />
                <SequencePoint vc="1" uspid="773" ordinal="7" offset="115" sl="235" sc="17" el="235" ec="58" bec="0" bev="0" fileid="9" />
                <SequencePoint vc="1" uspid="774" ordinal="8" offset="127" sl="236" sc="17" el="236" ec="42" bec="0" bev="0" fileid="9" />
                <SequencePoint vc="1" uspid="775" ordinal="9" offset="133" sl="237" sc="17" el="237" ec="112" bec="2" bev="1" fileid="9" />
                <SequencePoint vc="1" uspid="776" ordinal="10" offset="166" sl="238" sc="17" el="238" ec="75" bec="0" bev="0" fileid="9" />
                <SequencePoint vc="1" uspid="777" ordinal="11" offset="179" sl="239" sc="17" el="239" ec="74" bec="2" bev="1" fileid="9" />
                <SequencePoint vc="1" uspid="778" ordinal="12" offset="202" sl="241" sc="17" el="241" ec="49" bec="2" bev="1" fileid="9" />
                <SequencePoint vc="1" uspid="779" ordinal="13" offset="213" sl="243" sc="21" el="243" ec="63" bec="0" bev="0" fileid="9" />
                <SequencePoint vc="1" uspid="780" ordinal="14" offset="220" sl="244" sc="21" el="244" ec="112" bec="0" bev="0" fileid="9" />
                <SequencePoint vc="1" uspid="781" ordinal="15" offset="243" sl="247" sc="21" el="247" ec="65" bec="3" bev="2" fileid="9" />
                <SequencePoint vc="0" uspid="782" ordinal="16" offset="264" sl="250" sc="25" el="250" ec="71" bec="0" bev="0" fileid="9" />
                <SequencePoint vc="0" uspid="783" ordinal="17" offset="270" sl="251" sc="25" el="251" ec="106" bec="0" bev="0" fileid="9" />
                <SequencePoint vc="1" uspid="784" ordinal="18" offset="285" sl="254" sc="21" el="254" ec="71" bec="2" bev="1" fileid="9" />
                <SequencePoint vc="0" uspid="785" ordinal="19" offset="293" sl="256" sc="25" el="256" ec="93" bec="0" bev="0" fileid="9" />
                <SequencePoint vc="0" uspid="786" ordinal="20" offset="309" sl="257" sc="25" el="257" ec="32" bec="0" bev="0" fileid="9" />
                <SequencePoint vc="1" uspid="787" ordinal="21" offset="314" sl="259" sc="21" el="259" ec="109" bec="2" bev="1" fileid="9" />
                <SequencePoint vc="1" uspid="788" ordinal="22" offset="347" sl="260" sc="28" el="260" ec="113" bec="0" bev="0" fileid="9" />
                <SequencePoint vc="1" uspid="789" ordinal="23" offset="368" sl="264" sc="29" el="264" ec="84" bec="0" bev="0" fileid="9" />
                <SequencePoint vc="1" uspid="790" ordinal="24" offset="384" sl="265" sc="29" el="265" ec="96" bec="0" bev="0" fileid="9" />
                <SequencePoint vc="1" uspid="791" ordinal="25" offset="399" sl="266" sc="25" el="266" ec="26" bec="0" bev="0" fileid="9" />
                <SequencePoint vc="0" uspid="792" ordinal="26" offset="401" sl="267" sc="25" el="267" ec="55" bec="0" bev="0" fileid="9" />
                <SequencePoint vc="0" uspid="793" ordinal="27" offset="402" sl="270" sc="29" el="270" ec="65" bec="0" bev="0" fileid="9" />
                <SequencePoint vc="0" uspid="794" ordinal="28" offset="418" sl="271" sc="25" el="271" ec="26" bec="0" bev="0" fileid="9" />
                <SequencePoint vc="1" uspid="795" ordinal="29" offset="420" sl="272" sc="21" el="272" ec="22" bec="0" bev="0" fileid="9" />
                <SequencePoint vc="0" uspid="796" ordinal="30" offset="434" sl="276" sc="21" el="278" ec="74" bec="2" bev="0" fileid="9" />
                <SequencePoint vc="1" uspid="797" ordinal="31" offset="477" sl="280" sc="13" el="280" ec="14" bec="0" bev="0" fileid="9" />
                <SequencePoint vc="0" uspid="798" ordinal="32" offset="482" sl="281" sc="13" el="281" ec="44" bec="0" bev="0" fileid="9" />
                <SequencePoint vc="0" uspid="799" ordinal="33" offset="483" sl="284" sc="17" el="284" ec="79" bec="0" bev="0" fileid="9" />
                <SequencePoint vc="0" uspid="800" ordinal="34" offset="505" sl="285" sc="13" el="285" ec="14" bec="0" bev="0" fileid="9" />
                <SequencePoint vc="0" uspid="801" ordinal="35" offset="510" sl="288" sc="17" el="288" ec="65" bec="2" bev="0" fileid="9" />
                <SequencePoint vc="0" uspid="802" ordinal="36" offset="522" sl="291" sc="21" el="291" ec="83" bec="0" bev="0" fileid="9" />
                <SequencePoint vc="0" uspid="803" ordinal="37" offset="544" sl="293" sc="17" el="293" ec="23" bec="0" bev="0" fileid="9" />
                <SequencePoint vc="0" uspid="804" ordinal="38" offset="546" sl="295" sc="13" el="295" ec="45" bec="0" bev="0" fileid="9" />
                <SequencePoint vc="0" uspid="805" ordinal="39" offset="548" sl="298" sc="17" el="298" ec="153" bec="0" bev="0" fileid="9" />
                <SequencePoint vc="0" uspid="806" ordinal="40" offset="608" sl="299" sc="13" el="299" ec="14" bec="0" bev="0" fileid="9" />
                <SequencePoint vc="0" uspid="807" ordinal="41" offset="613" sl="300" sc="13" el="300" ec="33" bec="0" bev="0" fileid="9" />
                <SequencePoint vc="0" uspid="808" ordinal="42" offset="615" sl="302" sc="17" el="302" ec="53" bec="2" bev="0" fileid="9" />
                <SequencePoint vc="0" uspid="809" ordinal="43" offset="624" sl="303" sc="21" el="303" ec="44" bec="0" bev="0" fileid="9" />
                <SequencePoint vc="0" uspid="810" ordinal="44" offset="633" sl="304" sc="17" el="304" ec="95" bec="0" bev="0" fileid="9" />
                <SequencePoint vc="0" uspid="811" ordinal="45" offset="657" sl="305" sc="13" el="305" ec="14" bec="0" bev="0" fileid="9" />
                <SequencePoint vc="1" uspid="812" ordinal="46" offset="659" sl="308" sc="17" el="308" ec="52" bec="2" bev="1" fileid="9" />
                <SequencePoint vc="1" uspid="813" ordinal="47" offset="677" sl="311" sc="21" el="311" ec="55" bec="2" bev="1" fileid="9" />
                <SequencePoint vc="1" uspid="814" ordinal="48" offset="694" sl="312" sc="17" el="312" ec="18" bec="0" bev="0" fileid="9" />
                <SequencePoint vc="0" uspid="815" ordinal="49" offset="696" sl="313" sc="17" el="313" ec="37" bec="0" bev="0" fileid="9" />
                <SequencePoint vc="0" uspid="816" ordinal="50" offset="698" sl="317" sc="21" el="317" ec="57" bec="2" bev="0" fileid="9" />
                <SequencePoint vc="0" uspid="817" ordinal="51" offset="707" sl="317" sc="60" el="317" ec="83" bec="0" bev="0" fileid="9" />
                <SequencePoint vc="0" uspid="818" ordinal="52" offset="716" sl="318" sc="21" el="318" ec="101" bec="0" bev="0" fileid="9" />
                <SequencePoint vc="0" uspid="819" ordinal="53" offset="740" sl="319" sc="17" el="319" ec="18" bec="0" bev="0" fileid="9" />
                <SequencePoint vc="1" uspid="820" ordinal="54" offset="742" sl="320" sc="13" el="320" ec="14" bec="0" bev="0" fileid="9" />
                <SequencePoint vc="1" uspid="821" ordinal="55" offset="743" sl="321" sc="9" el="321" ec="10" bec="0" bev="0" fileid="9" />
              </SequencePoints>
              <BranchPoints>
                <BranchPoint vc="1" uspid="822" ordinal="0" offset="5" sl="224" path="0" offsetend="7" fileid="9" />
                <BranchPoint vc="0" uspid="823" ordinal="1" offset="5" sl="224" path="1" offsetend="14" fileid="9" />
                <BranchPoint vc="1" uspid="824" ordinal="2" offset="21" sl="225" path="0" offsetend="23" fileid="9" />
                <BranchPoint vc="0" uspid="825" ordinal="3" offset="21" sl="225" path="1" offsetend="38" fileid="9" />
                <BranchPoint vc="0" uspid="826" ordinal="4" offset="29" sl="225" path="0" offsetend="31" fileid="9" />
                <BranchPoint vc="1" uspid="827" ordinal="5" offset="29" sl="225" path="1" offsetend="38" fileid="9" />
                <BranchPoint vc="1" uspid="828" ordinal="6" offset="79" sl="228" path="0" offsetend="81" fileid="9" />
                <BranchPoint vc="0" uspid="829" ordinal="7" offset="79" sl="228" path="1" offsetend="98" fileid="9" />
                <BranchPoint vc="1" uspid="830" ordinal="8" offset="140" sl="237" path="0" offsetend="142" fileid="9" />
                <BranchPoint vc="0" uspid="831" ordinal="9" offset="140" sl="237" path="1" offsetend="145" fileid="9" />
                <BranchPoint vc="1" uspid="832" ordinal="10" offset="186" sl="239" path="0" offsetend="188" fileid="9" />
                <BranchPoint vc="0" uspid="833" ordinal="11" offset="186" sl="239" path="1" offsetend="191" fileid="9" />
                <BranchPoint vc="1" uspid="834" ordinal="12" offset="208" sl="241" path="0" offsetend="213" fileid="9" />
                <BranchPoint vc="0" uspid="835" ordinal="13" offset="208" sl="241" path="1" offsetend="434" fileid="9" />
                <BranchPoint vc="1" uspid="836" ordinal="14" offset="249" sl="247" path="0" offsetend="251" fileid="9" />
                <BranchPoint vc="0" uspid="837" ordinal="15" offset="249" sl="247" path="1" offsetend="285" fileid="9" />
                <BranchPoint vc="0" uspid="838" ordinal="16" offset="262" sl="247" path="0" offsetend="264" fileid="9" />
                <BranchPoint vc="1" uspid="839" ordinal="17" offset="262" sl="247" path="1" offsetend="285" fileid="9" />
                <BranchPoint vc="0" uspid="840" ordinal="18" offset="291" sl="254" path="0" offsetend="293" fileid="9" />
                <BranchPoint vc="1" uspid="841" ordinal="19" offset="291" sl="254" path="1" offsetend="314" fileid="9" />
                <BranchPoint vc="1" uspid="842" ordinal="20" offset="321" sl="259" path="0" offsetend="323" fileid="9" />
                <BranchPoint vc="0" uspid="843" ordinal="21" offset="321" sl="259" path="1" offsetend="326" fileid="9" />
                <BranchPoint vc="0" uspid="844" ordinal="22" offset="446" sl="276" path="0" offsetend="448" fileid="9" />
                <BranchPoint vc="0" uspid="845" ordinal="23" offset="446" sl="276" path="1" offsetend="461" fileid="9" />
                <BranchPoint vc="0" uspid="846" ordinal="24" offset="520" sl="288" path="0" offsetend="522" fileid="9" />
                <BranchPoint vc="0" uspid="847" ordinal="25" offset="520" sl="288" path="1" offsetend="544" fileid="9" />
                <BranchPoint vc="0" uspid="848" ordinal="26" offset="622" sl="302" path="0" offsetend="624" fileid="9" />
                <BranchPoint vc="0" uspid="849" ordinal="27" offset="622" sl="302" path="1" offsetend="633" fileid="9" />
                <BranchPoint vc="1" uspid="850" ordinal="28" offset="666" sl="308" path="0" offsetend="668" fileid="9" />
                <BranchPoint vc="0" uspid="851" ordinal="29" offset="666" sl="308" path="1" offsetend="671" fileid="9" />
                <BranchPoint vc="0" uspid="852" ordinal="30" offset="684" sl="311" path="0" offsetend="686" fileid="9" />
                <BranchPoint vc="1" uspid="853" ordinal="31" offset="684" sl="311" path="1" offsetend="689" fileid="9" />
                <BranchPoint vc="0" uspid="854" ordinal="32" offset="705" sl="317" path="0" offsetend="707" fileid="9" />
                <BranchPoint vc="0" uspid="855" ordinal="33" offset="705" sl="317" path="1" offsetend="716" fileid="9" />
              </BranchPoints>
              <MethodPoint xsi:type="SequencePoint" vc="1" uspid="766" ordinal="0" offset="0" sl="224" sc="13" el="224" ec="81" bec="2" bev="1" fileid="9" />
            </Method>
            <Method visited="true" cyclomaticComplexity="5" nPathComplexity="8" sequenceCoverage="50" branchCoverage="28.57" crapScore="8.12" isConstructor="false" isStatic="false" isGetter="false" isSetter="false">
              <Summary numSequencePoints="6" visitedSequencePoints="3" numBranchPoints="7" visitedBranchPoints="2" sequenceCoverage="50" branchCoverage="28.57" maxCyclomaticComplexity="5" minCyclomaticComplexity="5" maxCrapScore="8.12" minCrapScore="8.12" visitedClasses="0" numClasses="0" visitedMethods="1" numMethods="1" />
              <MetadataToken>100663514</MetadataToken>
              <Name>System.Void NUnit.VisualStudio.TestAdapter.NUnit3TestExecutor::SetupDump(System.String,System.Linq.IGrouping`2&lt;System.String,Microsoft.VisualStudio.TestPlatform.ObjectModel.TestCase&gt;)</Name>
              <FileRef uid="9" />
              <SequencePoints>
                <SequencePoint vc="1" uspid="856" ordinal="0" offset="0" sl="325" sc="13" el="325" ec="37" bec="0" bev="0" fileid="9" />
                <SequencePoint vc="1" uspid="857" ordinal="1" offset="7" sl="326" sc="13" el="326" ec="45" bec="2" bev="1" fileid="9" />
                <SequencePoint vc="0" uspid="858" ordinal="2" offset="20" sl="328" sc="17" el="328" ec="62" bec="0" bev="0" fileid="9" />
                <SequencePoint vc="0" uspid="859" ordinal="3" offset="33" sl="329" sc="17" el="331" ec="58" bec="2" bev="0" fileid="9" />
                <SequencePoint vc="0" uspid="860" ordinal="4" offset="49" sl="332" sc="17" el="332" ec="65" bec="2" bev="0" fileid="9" />
                <SequencePoint vc="1" uspid="861" ordinal="5" offset="81" sl="334" sc="9" el="334" ec="10" bec="0" bev="0" fileid="9" />
              </SequencePoints>
              <BranchPoints>
                <BranchPoint vc="0" uspid="862" ordinal="0" offset="18" sl="326" path="0" offsetend="20" fileid="9" />
                <BranchPoint vc="1" uspid="863" ordinal="1" offset="18" sl="326" path="1" offsetend="81" fileid="9" />
                <BranchPoint vc="0" uspid="864" ordinal="2" offset="34" sl="329" path="0" offsetend="36" fileid="9" />
                <BranchPoint vc="0" uspid="865" ordinal="3" offset="34" sl="329" path="1" offsetend="43" fileid="9" />
                <BranchPoint vc="0" uspid="866" ordinal="4" offset="56" sl="332" path="0" offsetend="58" fileid="9" />
                <BranchPoint vc="0" uspid="867" ordinal="5" offset="56" sl="332" path="1" offsetend="60" fileid="9" />
              </BranchPoints>
              <MethodPoint xsi:type="SequencePoint" vc="1" uspid="856" ordinal="0" offset="0" sl="325" sc="13" el="325" ec="37" bec="0" bev="0" fileid="9" />
            </Method>
            <Method visited="true" cyclomaticComplexity="1" nPathComplexity="0" sequenceCoverage="100" branchCoverage="100" crapScore="1" isConstructor="false" isStatic="false" isGetter="false" isSetter="false">
              <Summary numSequencePoints="1" visitedSequencePoints="1" numBranchPoints="1" visitedBranchPoints="1" sequenceCoverage="100" branchCoverage="100" maxCyclomaticComplexity="1" minCyclomaticComplexity="1" maxCrapScore="1" minCrapScore="1" visitedClasses="0" numClasses="0" visitedMethods="1" numMethods="1" />
              <MetadataToken>100663515</MetadataToken>
              <Name>NUnit.VisualStudio.TestAdapter.NUnitTestFilterBuilder NUnit.VisualStudio.TestAdapter.NUnit3TestExecutor::CreateTestFilterBuilder()</Name>
              <FileRef uid="9" />
              <SequencePoints>
                <SequencePoint vc="1" uspid="868" ordinal="0" offset="0" sl="339" sc="13" el="339" ec="100" bec="0" bev="0" fileid="9" />
              </SequencePoints>
              <BranchPoints />
              <MethodPoint xsi:type="SequencePoint" vc="1" uspid="868" ordinal="0" offset="0" sl="339" sc="13" el="339" ec="100" bec="0" bev="0" fileid="9" />
            </Method>
            <Method visited="true" cyclomaticComplexity="3" nPathComplexity="4" sequenceCoverage="18.18" branchCoverage="40" crapScore="7.93" isConstructor="false" isStatic="false" isGetter="false" isSetter="false">
              <Summary numSequencePoints="11" visitedSequencePoints="2" numBranchPoints="5" visitedBranchPoints="2" sequenceCoverage="18.18" branchCoverage="40" maxCyclomaticComplexity="3" minCyclomaticComplexity="3" maxCrapScore="7.93" minCrapScore="7.93" visitedClasses="0" numClasses="0" visitedMethods="1" numMethods="1" />
              <MetadataToken>100663516</MetadataToken>
              <Name>System.Void NUnit.VisualStudio.TestAdapter.NUnit3TestExecutor::CreateTestOutputFolder()</Name>
              <FileRef uid="9" />
              <SequencePoints>
                <SequencePoint vc="1" uspid="869" ordinal="0" offset="0" sl="345" sc="13" el="345" ec="44" bec="2" bev="1" fileid="9" />
                <SequencePoint vc="1" uspid="870" ordinal="1" offset="13" sl="347" sc="17" el="347" ec="24" bec="0" bev="0" fileid="9" />
                <SequencePoint vc="0" uspid="871" ordinal="2" offset="14" sl="350" sc="13" el="352" ec="65" bec="2" bev="0" fileid="9" />
                <SequencePoint vc="0" uspid="872" ordinal="3" offset="68" sl="355" sc="17" el="355" ec="49" bec="0" bev="0" fileid="9" />
                <SequencePoint vc="0" uspid="873" ordinal="4" offset="75" sl="356" sc="17" el="356" ec="44" bec="0" bev="0" fileid="9" />
                <SequencePoint vc="0" uspid="874" ordinal="5" offset="82" sl="357" sc="17" el="357" ec="81" bec="0" bev="0" fileid="9" />
                <SequencePoint vc="0" uspid="875" ordinal="6" offset="109" sl="358" sc="13" el="358" ec="14" bec="0" bev="0" fileid="9" />
                <SequencePoint vc="0" uspid="876" ordinal="7" offset="111" sl="359" sc="13" el="359" ec="48" bec="0" bev="0" fileid="9" />
                <SequencePoint vc="0" uspid="877" ordinal="8" offset="112" sl="361" sc="17" el="361" ec="83" bec="0" bev="0" fileid="9" />
                <SequencePoint vc="0" uspid="878" ordinal="9" offset="134" sl="362" sc="17" el="362" ec="23" bec="0" bev="0" fileid="9" />
                <SequencePoint vc="0" uspid="879" ordinal="10" offset="136" sl="364" sc="9" el="364" ec="10" bec="0" bev="0" fileid="9" />
              </SequencePoints>
              <BranchPoints>
                <BranchPoint vc="1" uspid="880" ordinal="0" offset="11" sl="345" path="0" offsetend="13" fileid="9" />
                <BranchPoint vc="0" uspid="881" ordinal="1" offset="11" sl="345" path="1" offsetend="14" fileid="9" />
                <BranchPoint vc="0" uspid="882" ordinal="2" offset="30" sl="350" path="0" offsetend="32" fileid="9" />
                <BranchPoint vc="0" uspid="883" ordinal="3" offset="30" sl="350" path="1" offsetend="56" fileid="9" />
              </BranchPoints>
              <MethodPoint xsi:type="SequencePoint" vc="1" uspid="869" ordinal="0" offset="0" sl="345" sc="13" el="345" ec="44" bec="2" bev="1" fileid="9" />
            </Method>
            <Method visited="false" cyclomaticComplexity="2" nPathComplexity="2" sequenceCoverage="0" branchCoverage="0" crapScore="6" isConstructor="false" isStatic="false" isGetter="false" isSetter="false">
              <Summary numSequencePoints="2" visitedSequencePoints="0" numBranchPoints="3" visitedBranchPoints="0" sequenceCoverage="0" branchCoverage="0" maxCyclomaticComplexity="2" minCyclomaticComplexity="2" maxCrapScore="6" minCrapScore="6" visitedClasses="0" numClasses="0" visitedMethods="0" numMethods="1" />
              <MetadataToken>100663517</MetadataToken>
              <Name>System.Void NUnit.VisualStudio.TestAdapter.NUnit3TestExecutor::StopRun()</Name>
              <FileRef uid="9" />
              <SequencePoints>
                <SequencePoint vc="0" uspid="884" ordinal="0" offset="0" sl="370" sc="13" el="370" ec="43" bec="2" bev="0" fileid="9" />
                <SequencePoint vc="0" uspid="885" ordinal="1" offset="16" sl="371" sc="9" el="371" ec="10" bec="0" bev="0" fileid="9" />
              </SequencePoints>
              <BranchPoints>
                <BranchPoint vc="0" uspid="886" ordinal="0" offset="7" sl="370" path="0" offsetend="9" fileid="9" />
                <BranchPoint vc="0" uspid="887" ordinal="1" offset="7" sl="370" path="1" offsetend="11" fileid="9" />
              </BranchPoints>
              <MethodPoint xsi:type="SequencePoint" vc="0" uspid="884" ordinal="0" offset="0" sl="370" sc="13" el="370" ec="43" bec="2" bev="0" fileid="9" />
            </Method>
          </Methods>
        </Class>
        <Class>
          <Summary numSequencePoints="1" visitedSequencePoints="0" numBranchPoints="1" visitedBranchPoints="0" sequenceCoverage="0" branchCoverage="0" maxCyclomaticComplexity="1" minCyclomaticComplexity="1" maxCrapScore="2" minCrapScore="2" visitedClasses="0" numClasses="1" visitedMethods="0" numMethods="1" />
          <FullName>NUnit.VisualStudio.TestAdapter.NUnit3TestExecutor/&lt;&gt;c</FullName>
          <Methods>
            <Method visited="false" cyclomaticComplexity="1" nPathComplexity="0" sequenceCoverage="0" branchCoverage="0" crapScore="2" isConstructor="true" isStatic="true" isGetter="false" isSetter="false">
              <Summary numSequencePoints="0" visitedSequencePoints="0" numBranchPoints="0" visitedBranchPoints="0" sequenceCoverage="0" branchCoverage="0" maxCyclomaticComplexity="1" minCyclomaticComplexity="1" maxCrapScore="2" minCrapScore="2" visitedClasses="0" numClasses="0" visitedMethods="0" numMethods="0" />
              <MetadataToken>100663822</MetadataToken>
              <Name>System.Void NUnit.VisualStudio.TestAdapter.NUnit3TestExecutor/&lt;&gt;c::.cctor()</Name>
              <SequencePoints />
              <BranchPoints />
              <MethodPoint vc="0" uspid="888" ordinal="0" offset="0" />
            </Method>
            <Method visited="false" cyclomaticComplexity="1" nPathComplexity="0" sequenceCoverage="0" branchCoverage="0" crapScore="2" isConstructor="true" isStatic="false" isGetter="false" isSetter="false">
              <Summary numSequencePoints="0" visitedSequencePoints="0" numBranchPoints="0" visitedBranchPoints="0" sequenceCoverage="0" branchCoverage="0" maxCyclomaticComplexity="1" minCyclomaticComplexity="1" maxCrapScore="2" minCrapScore="2" visitedClasses="0" numClasses="0" visitedMethods="0" numMethods="0" />
              <MetadataToken>100663823</MetadataToken>
              <Name>System.Void NUnit.VisualStudio.TestAdapter.NUnit3TestExecutor/&lt;&gt;c::.ctor()</Name>
              <SequencePoints />
              <BranchPoints />
              <MethodPoint vc="0" uspid="889" ordinal="0" offset="0" />
            </Method>
            <Method visited="false" cyclomaticComplexity="1" nPathComplexity="0" sequenceCoverage="0" branchCoverage="0" crapScore="2" isConstructor="false" isStatic="false" isGetter="false" isSetter="false">
              <Summary numSequencePoints="1" visitedSequencePoints="0" numBranchPoints="1" visitedBranchPoints="0" sequenceCoverage="0" branchCoverage="0" maxCyclomaticComplexity="1" minCyclomaticComplexity="1" maxCrapScore="2" minCrapScore="2" visitedClasses="0" numClasses="0" visitedMethods="0" numMethods="1" />
              <MetadataToken>100663824</MetadataToken>
              <Name>System.String NUnit.VisualStudio.TestAdapter.NUnit3TestExecutor/&lt;&gt;c::&lt;RunTests&gt;b__19_0(Microsoft.VisualStudio.TestPlatform.ObjectModel.TestCase)</Name>
              <FileRef uid="9" />
              <SequencePoints>
                <SequencePoint vc="0" uspid="890" ordinal="0" offset="0" sl="140" sc="54" el="140" ec="63" bec="0" bev="0" fileid="9" />
              </SequencePoints>
              <BranchPoints />
              <MethodPoint xsi:type="SequencePoint" vc="0" uspid="890" ordinal="0" offset="0" sl="140" sc="54" el="140" ec="63" bec="0" bev="0" fileid="9" />
            </Method>
          </Methods>
        </Class>
        <Class>
          <Summary numSequencePoints="79" visitedSequencePoints="47" numBranchPoints="53" visitedBranchPoints="24" sequenceCoverage="59.49" branchCoverage="45.28" maxCyclomaticComplexity="11" minCyclomaticComplexity="1" maxCrapScore="30" minCrapScore="1" visitedClasses="1" numClasses="1" visitedMethods="8" numMethods="10" />
          <FullName>NUnit.VisualStudio.TestAdapter.NUnitEventListener</FullName>
          <Methods>
            <Method visited="true" cyclomaticComplexity="1" nPathComplexity="0" sequenceCoverage="100" branchCoverage="100" crapScore="1" isConstructor="true" isStatic="false" isGetter="false" isSetter="false">
              <Summary numSequencePoints="8" visitedSequencePoints="8" numBranchPoints="1" visitedBranchPoints="1" sequenceCoverage="100" branchCoverage="100" maxCyclomaticComplexity="1" minCyclomaticComplexity="1" maxCrapScore="1" minCrapScore="1" visitedClasses="0" numClasses="0" visitedMethods="1" numMethods="1" />
              <MetadataToken>100663519</MetadataToken>
              <Name>System.Void NUnit.VisualStudio.TestAdapter.NUnitEventListener::.ctor(Microsoft.VisualStudio.TestPlatform.ObjectModel.Adapter.ITestExecutionRecorder,NUnit.VisualStudio.TestAdapter.ITestConverter,NUnit.VisualStudio.TestAdapter.INUnit3TestExecutor)</Name>
              <FileRef uid="11" />
              <SequencePoints>
                <SequencePoint vc="1" uspid="891" ordinal="0" offset="0" sl="53" sc="9" el="53" ec="165" bec="0" bev="0" fileid="11" />
                <SequencePoint vc="1" uspid="892" ordinal="1" offset="11" sl="68" sc="9" el="68" ec="127" bec="0" bev="0" fileid="11" />
                <SequencePoint vc="1" uspid="893" ordinal="2" offset="17" sl="70" sc="13" el="70" ec="38" bec="0" bev="0" fileid="11" />
                <SequencePoint vc="1" uspid="894" ordinal="3" offset="24" sl="71" sc="13" el="71" ec="37" bec="0" bev="0" fileid="11" />
                <SequencePoint vc="1" uspid="895" ordinal="4" offset="36" sl="72" sc="13" el="72" ec="43" bec="0" bev="0" fileid="11" />
                <SequencePoint vc="1" uspid="896" ordinal="5" offset="48" sl="73" sc="13" el="73" ec="34" bec="0" bev="0" fileid="11" />
                <SequencePoint vc="1" uspid="897" ordinal="6" offset="55" sl="74" sc="13" el="74" ec="44" bec="0" bev="0" fileid="11" />
                <SequencePoint vc="1" uspid="898" ordinal="7" offset="62" sl="75" sc="9" el="75" ec="10" bec="0" bev="0" fileid="11" />
              </SequencePoints>
              <BranchPoints />
              <MethodPoint xsi:type="SequencePoint" vc="1" uspid="891" ordinal="0" offset="0" sl="53" sc="9" el="53" ec="165" bec="0" bev="0" fileid="11" />
            </Method>
            <Method visited="true" cyclomaticComplexity="6" nPathComplexity="10" sequenceCoverage="68.75" branchCoverage="75" crapScore="7.10" isConstructor="false" isStatic="false" isGetter="false" isSetter="false">
              <Summary numSequencePoints="16" visitedSequencePoints="11" numBranchPoints="8" visitedBranchPoints="6" sequenceCoverage="68.75" branchCoverage="75" maxCyclomaticComplexity="6" minCyclomaticComplexity="6" maxCrapScore="7.10" minCrapScore="7.10" visitedClasses="0" numClasses="0" visitedMethods="1" numMethods="1" />
              <MetadataToken>100663520</MetadataToken>
              <Name>System.Void NUnit.VisualStudio.TestAdapter.NUnitEventListener::OnTestEvent(System.String)</Name>
              <FileRef uid="11" />
              <SequencePoints>
                <SequencePoint vc="28" uspid="899" ordinal="0" offset="0" sl="81" sc="13" el="81" ec="57" bec="0" bev="0" fileid="11" />
                <SequencePoint vc="28" uspid="900" ordinal="1" offset="7" sl="82" sc="13" el="82" ec="52" bec="2" bev="1" fileid="11" />
                <SequencePoint vc="28" uspid="901" ordinal="2" offset="31" sl="85" sc="17" el="85" ec="35" bec="5" bev="4" fileid="11" />
                <SequencePoint vc="9" uspid="902" ordinal="3" offset="64" sl="88" sc="25" el="88" ec="72" bec="0" bev="0" fileid="11" />
                <SequencePoint vc="9" uspid="903" ordinal="4" offset="76" sl="89" sc="25" el="89" ec="31" bec="0" bev="0" fileid="11" />
                <SequencePoint vc="9" uspid="904" ordinal="5" offset="78" sl="92" sc="25" el="92" ec="72" bec="0" bev="0" fileid="11" />
                <SequencePoint vc="9" uspid="905" ordinal="6" offset="90" sl="93" sc="25" el="93" ec="31" bec="0" bev="0" fileid="11" />
                <SequencePoint vc="4" uspid="906" ordinal="7" offset="92" sl="96" sc="25" el="96" ec="78" bec="0" bev="0" fileid="11" />
                <SequencePoint vc="4" uspid="907" ordinal="8" offset="104" sl="97" sc="25" el="97" ec="31" bec="0" bev="0" fileid="11" />
                <SequencePoint vc="0" uspid="908" ordinal="9" offset="106" sl="100" sc="25" el="100" ec="72" bec="0" bev="0" fileid="11" />
                <SequencePoint vc="28" uspid="909" ordinal="10" offset="118" sl="103" sc="13" el="103" ec="14" bec="0" bev="0" fileid="11" />
                <SequencePoint vc="0" uspid="910" ordinal="11" offset="120" sl="104" sc="13" el="104" ec="33" bec="0" bev="0" fileid="11" />
                <SequencePoint vc="0" uspid="911" ordinal="12" offset="121" sl="106" sc="17" el="106" ec="124" bec="0" bev="0" fileid="11" />
                <SequencePoint vc="0" uspid="912" ordinal="13" offset="160" sl="107" sc="17" el="107" ec="80" bec="0" bev="0" fileid="11" />
                <SequencePoint vc="0" uspid="913" ordinal="14" offset="178" sl="108" sc="13" el="108" ec="14" bec="0" bev="0" fileid="11" />
                <SequencePoint vc="28" uspid="914" ordinal="15" offset="180" sl="109" sc="9" el="109" ec="10" bec="0" bev="0" fileid="11" />
              </SequencePoints>
              <BranchPoints>
                <BranchPoint vc="28" uspid="915" ordinal="0" offset="14" sl="82" path="0" offsetend="16" fileid="11" />
                <BranchPoint vc="0" uspid="916" ordinal="1" offset="14" sl="82" path="1" offsetend="19" fileid="11" />
                <BranchPoint vc="6" uspid="917" ordinal="2" offset="41" sl="85" path="0" offsetchain="62" offsetend="118" fileid="11" />
                <BranchPoint vc="9" uspid="918" ordinal="3" offset="41" sl="85" path="1" offsetend="64" fileid="11" />
                <BranchPoint vc="9" uspid="919" ordinal="4" offset="41" sl="85" path="2" offsetend="78" fileid="11" />
                <BranchPoint vc="4" uspid="920" ordinal="5" offset="41" sl="85" path="3" offsetend="92" fileid="11" />
                <BranchPoint vc="0" uspid="921" ordinal="6" offset="41" sl="85" path="4" offsetend="106" fileid="11" />
              </BranchPoints>
              <MethodPoint xsi:type="SequencePoint" vc="28" uspid="899" ordinal="0" offset="0" sl="81" sc="13" el="81" ec="57" bec="0" bev="0" fileid="11" />
            </Method>
            <Method visited="true" cyclomaticComplexity="1" nPathComplexity="0" sequenceCoverage="100" branchCoverage="100" crapScore="1" isConstructor="false" isStatic="false" isGetter="false" isSetter="false">
              <Summary numSequencePoints="3" visitedSequencePoints="3" numBranchPoints="1" visitedBranchPoints="1" sequenceCoverage="100" branchCoverage="100" maxCyclomaticComplexity="1" minCyclomaticComplexity="1" maxCrapScore="1" minCrapScore="1" visitedClasses="0" numClasses="0" visitedMethods="1" numMethods="1" />
              <MetadataToken>100663521</MetadataToken>
              <Name>System.Void NUnit.VisualStudio.TestAdapter.NUnitEventListener::Dispose()</Name>
              <FileRef uid="11" />
              <SequencePoints>
                <SequencePoint vc="1" uspid="922" ordinal="0" offset="0" sl="118" sc="13" el="118" ec="27" bec="0" bev="0" fileid="11" />
                <SequencePoint vc="1" uspid="923" ordinal="1" offset="7" sl="119" sc="13" el="119" ec="39" bec="0" bev="0" fileid="11" />
                <SequencePoint vc="1" uspid="924" ordinal="2" offset="13" sl="120" sc="9" el="120" ec="10" bec="0" bev="0" fileid="11" />
              </SequencePoints>
              <BranchPoints />
              <MethodPoint xsi:type="SequencePoint" vc="1" uspid="922" ordinal="0" offset="0" sl="118" sc="13" el="118" ec="27" bec="0" bev="0" fileid="11" />
            </Method>
            <Method visited="true" cyclomaticComplexity="2" nPathComplexity="2" sequenceCoverage="100" branchCoverage="66.67" crapScore="2" isConstructor="false" isStatic="false" isGetter="false" isSetter="false">
              <Summary numSequencePoints="4" visitedSequencePoints="4" numBranchPoints="3" visitedBranchPoints="2" sequenceCoverage="100" branchCoverage="66.67" maxCyclomaticComplexity="2" minCyclomaticComplexity="2" maxCrapScore="2" minCrapScore="2" visitedClasses="0" numClasses="0" visitedMethods="1" numMethods="1" />
              <MetadataToken>100663522</MetadataToken>
              <Name>System.Void NUnit.VisualStudio.TestAdapter.NUnitEventListener::Dispose(System.Boolean)</Name>
              <FileRef uid="11" />
              <SequencePoints>
                <SequencePoint vc="1" uspid="925" ordinal="0" offset="0" sl="124" sc="13" el="124" ec="27" bec="2" bev="1" fileid="11" />
                <SequencePoint vc="1" uspid="926" ordinal="1" offset="8" sl="126" sc="17" el="126" ec="31" bec="0" bev="0" fileid="11" />
                <SequencePoint vc="1" uspid="927" ordinal="2" offset="10" sl="133" sc="13" el="133" ec="29" bec="0" bev="0" fileid="11" />
                <SequencePoint vc="1" uspid="928" ordinal="3" offset="17" sl="134" sc="9" el="134" ec="10" bec="0" bev="0" fileid="11" />
              </SequencePoints>
              <BranchPoints>
                <BranchPoint vc="1" uspid="929" ordinal="0" offset="6" sl="124" path="0" offsetend="8" fileid="11" />
                <BranchPoint vc="0" uspid="930" ordinal="1" offset="6" sl="124" path="1" offsetend="10" fileid="11" />
              </BranchPoints>
              <MethodPoint xsi:type="SequencePoint" vc="1" uspid="925" ordinal="0" offset="0" sl="124" sc="13" el="124" ec="27" bec="2" bev="1" fileid="11" />
            </Method>
            <Method visited="false" cyclomaticComplexity="1" nPathComplexity="0" sequenceCoverage="0" branchCoverage="0" crapScore="2" isConstructor="false" isStatic="false" isGetter="false" isSetter="false">
              <Summary numSequencePoints="3" visitedSequencePoints="0" numBranchPoints="1" visitedBranchPoints="0" sequenceCoverage="0" branchCoverage="0" maxCyclomaticComplexity="1" minCyclomaticComplexity="1" maxCrapScore="2" minCrapScore="2" visitedClasses="0" numClasses="0" visitedMethods="0" numMethods="1" />
              <MetadataToken>100663523</MetadataToken>
              <Name>System.Void NUnit.VisualStudio.TestAdapter.NUnitEventListener::Finalize()</Name>
              <FileRef uid="11" />
              <SequencePoints>
                <SequencePoint vc="0" uspid="931" ordinal="0" offset="0" sl="138" sc="13" el="138" ec="28" bec="0" bev="0" fileid="11" />
                <SequencePoint vc="0" uspid="932" ordinal="1" offset="9" sl="139" sc="9" el="139" ec="10" bec="0" bev="0" fileid="11" />
                <SequencePoint vc="0" uspid="933" ordinal="2" offset="16" sl="139" sc="9" el="139" ec="10" bec="0" bev="0" fileid="11" />
              </SequencePoints>
              <BranchPoints />
              <MethodPoint xsi:type="SequencePoint" vc="0" uspid="931" ordinal="0" offset="0" sl="138" sc="13" el="138" ec="28" bec="0" bev="0" fileid="11" />
            </Method>
            <Method visited="true" cyclomaticComplexity="2" nPathComplexity="2" sequenceCoverage="100" branchCoverage="66.67" crapScore="2" isConstructor="false" isStatic="false" isGetter="false" isSetter="false">
              <Summary numSequencePoints="4" visitedSequencePoints="4" numBranchPoints="3" visitedBranchPoints="2" sequenceCoverage="100" branchCoverage="66.67" maxCyclomaticComplexity="2" minCyclomaticComplexity="2" maxCrapScore="2" minCrapScore="2" visitedClasses="0" numClasses="0" visitedMethods="1" numMethods="1" />
              <MetadataToken>100663524</MetadataToken>
              <Name>System.Void NUnit.VisualStudio.TestAdapter.NUnitEventListener::TestStarted(NUnit.VisualStudio.TestAdapter.NUnitEngine.INUnitTestEventStartTest)</Name>
              <FileRef uid="11" />
              <SequencePoints>
                <SequencePoint vc="9" uspid="934" ordinal="0" offset="0" sl="144" sc="13" el="144" ec="73" bec="0" bev="0" fileid="11" />
                <SequencePoint vc="9" uspid="935" ordinal="1" offset="18" sl="147" sc="13" el="147" ec="33" bec="2" bev="1" fileid="11" />
                <SequencePoint vc="9" uspid="936" ordinal="2" offset="21" sl="148" sc="17" el="148" ec="48" bec="0" bev="0" fileid="11" />
                <SequencePoint vc="9" uspid="937" ordinal="3" offset="33" sl="149" sc="9" el="149" ec="10" bec="0" bev="0" fileid="11" />
              </SequencePoints>
              <BranchPoints>
                <BranchPoint vc="9" uspid="938" ordinal="0" offset="19" sl="147" path="0" offsetend="21" fileid="11" />
                <BranchPoint vc="0" uspid="939" ordinal="1" offset="19" sl="147" path="1" offsetend="33" fileid="11" />
              </BranchPoints>
              <MethodPoint xsi:type="SequencePoint" vc="9" uspid="934" ordinal="0" offset="0" sl="144" sc="13" el="144" ec="73" bec="0" bev="0" fileid="11" />
            </Method>
            <Method visited="true" cyclomaticComplexity="11" nPathComplexity="256" sequenceCoverage="75" branchCoverage="52.94" crapScore="12.89" isConstructor="false" isStatic="false" isGetter="false" isSetter="false">
              <Summary numSequencePoints="16" visitedSequencePoints="12" numBranchPoints="17" visitedBranchPoints="9" sequenceCoverage="75" branchCoverage="52.94" maxCyclomaticComplexity="11" minCyclomaticComplexity="11" maxCrapScore="12.89" minCrapScore="12.89" visitedClasses="0" numClasses="0" visitedMethods="1" numMethods="1" />
              <MetadataToken>100663525</MetadataToken>
              <Name>System.Void NUnit.VisualStudio.TestAdapter.NUnitEventListener::TestFinished(NUnit.VisualStudio.TestAdapter.NUnitEngine.INUnitTestEventTestCase)</Name>
              <FileRef uid="11" />
              <SequencePoints>
                <SequencePoint vc="9" uspid="940" ordinal="0" offset="0" sl="153" sc="13" el="153" ec="40" bec="0" bev="0" fileid="11" />
                <SequencePoint vc="9" uspid="941" ordinal="1" offset="7" sl="154" sc="13" el="154" ec="71" bec="2" bev="1" fileid="11" />
                <SequencePoint vc="0" uspid="942" ordinal="2" offset="23" sl="156" sc="17" el="156" ec="45" bec="0" bev="0" fileid="11" />
                <SequencePoint vc="9" uspid="943" ordinal="3" offset="36" sl="159" sc="13" el="159" ec="97" bec="2" bev="1" fileid="11" />
                <SequencePoint vc="9" uspid="944" ordinal="4" offset="59" sl="160" sc="13" el="160" ec="90" bec="3" bev="2" fileid="11" />
                <SequencePoint vc="0" uspid="945" ordinal="5" offset="87" sl="162" sc="17" el="162" ec="93" bec="0" bev="0" fileid="11" />
                <SequencePoint vc="9" uspid="946" ordinal="6" offset="106" sl="164" sc="13" el="164" ec="94" bec="3" bev="2" fileid="11" />
                <SequencePoint vc="0" uspid="947" ordinal="7" offset="133" sl="166" sc="17" el="166" ec="121" bec="0" bev="0" fileid="11" />
                <SequencePoint vc="9" uspid="948" ordinal="8" offset="167" sl="169" sc="13" el="169" ec="96" bec="0" bev="0" fileid="11" />
                <SequencePoint vc="9" uspid="949" ordinal="9" offset="202" sl="170" sc="38" el="170" ec="56" bec="0" bev="0" fileid="11" />
                <SequencePoint vc="9" uspid="950" ordinal="10" offset="217" sl="170" sc="22" el="170" ec="34" bec="0" bev="0" fileid="11" />
                <SequencePoint vc="9" uspid="951" ordinal="11" offset="225" sl="172" sc="17" el="172" ec="50" bec="0" bev="0" fileid="11" />
                <SequencePoint vc="18" uspid="952" ordinal="12" offset="238" sl="170" sc="35" el="170" ec="37" bec="0" bev="0" fileid="11" />
                <SequencePoint vc="9" uspid="953" ordinal="13" offset="258" sl="175" sc="13" el="175" ec="94" bec="3" bev="1" fileid="11" />
                <SequencePoint vc="0" uspid="954" ordinal="14" offset="286" sl="177" sc="17" el="177" ec="36" bec="0" bev="0" fileid="11" />
                <SequencePoint vc="9" uspid="955" ordinal="15" offset="297" sl="179" sc="9" el="179" ec="10" bec="0" bev="0" fileid="11" />
              </SequencePoints>
              <BranchPoints>
                <BranchPoint vc="0" uspid="956" ordinal="0" offset="21" sl="154" path="0" offsetend="23" fileid="11" />
                <BranchPoint vc="9" uspid="957" ordinal="1" offset="21" sl="154" path="1" offsetend="36" fileid="11" />
                <BranchPoint vc="9" uspid="958" ordinal="2" offset="45" sl="159" path="0" offsetend="47" fileid="11" />
                <BranchPoint vc="0" uspid="959" ordinal="3" offset="45" sl="159" path="1" offsetend="53" fileid="11" />
                <BranchPoint vc="9" uspid="960" ordinal="4" offset="71" sl="160" path="0" offsetend="73" fileid="11" />
                <BranchPoint vc="0" uspid="961" ordinal="5" offset="71" sl="160" path="1" offsetend="106" fileid="11" />
                <BranchPoint vc="0" uspid="962" ordinal="6" offset="85" sl="160" path="0" offsetend="87" fileid="11" />
                <BranchPoint vc="9" uspid="963" ordinal="7" offset="85" sl="160" path="1" offsetend="106" fileid="11" />
                <BranchPoint vc="9" uspid="964" ordinal="8" offset="118" sl="164" path="0" offsetend="120" fileid="11" />
                <BranchPoint vc="0" uspid="965" ordinal="9" offset="118" sl="164" path="1" offsetend="167" fileid="11" />
                <BranchPoint vc="0" uspid="966" ordinal="10" offset="131" sl="164" path="0" offsetend="133" fileid="11" />
                <BranchPoint vc="9" uspid="967" ordinal="11" offset="131" sl="164" path="1" offsetend="167" fileid="11" />
                <BranchPoint vc="0" uspid="970" ordinal="14" offset="271" sl="175" path="0" offsetend="273" fileid="11" />
                <BranchPoint vc="9" uspid="971" ordinal="15" offset="271" sl="175" path="1" offsetend="297" fileid="11" />
                <BranchPoint vc="0" uspid="972" ordinal="16" offset="284" sl="175" path="0" offsetend="286" fileid="11" />
                <BranchPoint vc="9" uspid="973" ordinal="17" offset="284" sl="175" path="1" offsetend="297" fileid="11" />
              </BranchPoints>
              <MethodPoint xsi:type="SequencePoint" vc="9" uspid="940" ordinal="0" offset="0" sl="153" sc="13" el="153" ec="40" bec="0" bev="0" fileid="11" />
            </Method>
            <Method visited="true" cyclomaticComplexity="5" nPathComplexity="16" sequenceCoverage="22.22" branchCoverage="22.22" crapScore="16.76" isConstructor="false" isStatic="false" isGetter="false" isSetter="false">
              <Summary numSequencePoints="9" visitedSequencePoints="2" numBranchPoints="9" visitedBranchPoints="2" sequenceCoverage="22.22" branchCoverage="22.22" maxCyclomaticComplexity="5" minCyclomaticComplexity="5" maxCrapScore="16.76" minCrapScore="16.76" visitedClasses="0" numClasses="0" visitedMethods="1" numMethods="1" />
              <MetadataToken>100663526</MetadataToken>
              <Name>System.Void NUnit.VisualStudio.TestAdapter.NUnitEventListener::SuiteFinished(NUnit.VisualStudio.TestAdapter.NUnitEngine.INUnitTestEventSuiteFinished)</Name>
              <FileRef uid="11" />
              <SequencePoints>
                <SequencePoint vc="4" uspid="974" ordinal="0" offset="0" sl="183" sc="13" el="183" ec="38" bec="2" bev="1" fileid="11" />
                <SequencePoint vc="4" uspid="975" ordinal="1" offset="8" sl="184" sc="17" el="184" ec="24" bec="0" bev="0" fileid="11" />
                <SequencePoint vc="0" uspid="976" ordinal="2" offset="9" sl="185" sc="13" el="185" ec="42" bec="0" bev="0" fileid="11" />
                <SequencePoint vc="0" uspid="977" ordinal="3" offset="16" sl="186" sc="13" el="186" ec="99" bec="3" bev="0" fileid="11" />
                <SequencePoint vc="0" uspid="978" ordinal="4" offset="24" sl="187" sc="17" el="187" ec="24" bec="0" bev="0" fileid="11" />
                <SequencePoint vc="0" uspid="979" ordinal="5" offset="25" sl="188" sc="13" el="188" ec="118" bec="0" bev="0" fileid="11" />
                <SequencePoint vc="0" uspid="980" ordinal="6" offset="59" sl="190" sc="13" el="190" ec="39" bec="2" bev="0" fileid="11" />
                <SequencePoint vc="0" uspid="981" ordinal="7" offset="67" sl="191" sc="17" el="191" ec="92" bec="0" bev="0" fileid="11" />
                <SequencePoint vc="0" uspid="982" ordinal="8" offset="85" sl="197" sc="9" el="197" ec="10" bec="0" bev="0" fileid="11" />
              </SequencePoints>
              <BranchPoints>
                <BranchPoint vc="4" uspid="983" ordinal="0" offset="6" sl="183" path="0" offsetend="8" fileid="11" />
                <BranchPoint vc="0" uspid="984" ordinal="1" offset="6" sl="183" path="1" offsetend="9" fileid="11" />
                <BranchPoint vc="0" uspid="985" ordinal="2" offset="18" sl="186" path="0" offsetend="20" fileid="11" />
                <BranchPoint vc="0" uspid="986" ordinal="3" offset="18" sl="186" path="1" offsetend="25" fileid="11" />
                <BranchPoint vc="0" uspid="987" ordinal="4" offset="22" sl="186" path="0" offsetend="24" fileid="11" />
                <BranchPoint vc="0" uspid="988" ordinal="5" offset="22" sl="186" path="1" offsetend="25" fileid="11" />
                <BranchPoint vc="0" uspid="989" ordinal="6" offset="65" sl="190" path="0" offsetend="67" fileid="11" />
                <BranchPoint vc="0" uspid="990" ordinal="7" offset="65" sl="190" path="1" offsetend="85" fileid="11" />
              </BranchPoints>
              <MethodPoint xsi:type="SequencePoint" vc="4" uspid="974" ordinal="0" offset="0" sl="183" sc="13" el="183" ec="38" bec="2" bev="1" fileid="11" />
            </Method>
            <Method visited="false" cyclomaticComplexity="5" nPathComplexity="16" sequenceCoverage="0" branchCoverage="0" crapScore="30" isConstructor="false" isStatic="false" isGetter="false" isSetter="false">
              <Summary numSequencePoints="13" visitedSequencePoints="0" numBranchPoints="9" visitedBranchPoints="0" sequenceCoverage="0" branchCoverage="0" maxCyclomaticComplexity="5" minCyclomaticComplexity="5" maxCrapScore="30" minCrapScore="30" visitedClasses="0" numClasses="0" visitedMethods="0" numMethods="1" />
              <MetadataToken>100663527</MetadataToken>
              <Name>System.Void NUnit.VisualStudio.TestAdapter.NUnitEventListener::TestOutput(NUnit.VisualStudio.TestAdapter.NUnitEngine.INUnitTestEventTestOutput)</Name>
              <FileRef uid="11" />
              <SequencePoints>
                <SequencePoint vc="0" uspid="991" ordinal="0" offset="0" sl="205" sc="13" el="205" ec="51" bec="0" bev="0" fileid="11" />
                <SequencePoint vc="0" uspid="992" ordinal="1" offset="7" sl="208" sc="13" el="208" ec="35" bec="2" bev="0" fileid="11" />
                <SequencePoint vc="0" uspid="993" ordinal="2" offset="20" sl="209" sc="17" el="209" ec="67" bec="0" bev="0" fileid="11" />
                <SequencePoint vc="0" uspid="994" ordinal="3" offset="40" sl="211" sc="13" el="211" ec="43" bec="2" bev="0" fileid="11" />
                <SequencePoint vc="0" uspid="995" ordinal="4" offset="48" sl="213" sc="17" el="213" ec="24" bec="0" bev="0" fileid="11" />
                <SequencePoint vc="0" uspid="996" ordinal="5" offset="49" sl="216" sc="13" el="216" ec="52" bec="0" bev="0" fileid="11" />
                <SequencePoint vc="0" uspid="997" ordinal="6" offset="56" sl="217" sc="13" el="217" ec="47" bec="2" bev="0" fileid="11" />
                <SequencePoint vc="0" uspid="998" ordinal="7" offset="64" sl="219" sc="17" el="219" ec="76" bec="2" bev="0" fileid="11" />
                <SequencePoint vc="0" uspid="999" ordinal="8" offset="80" sl="221" sc="21" el="221" ec="73" bec="0" bev="0" fileid="11" />
                <SequencePoint vc="0" uspid="1000" ordinal="9" offset="86" sl="222" sc="21" el="222" ec="59" bec="0" bev="0" fileid="11" />
                <SequencePoint vc="0" uspid="1001" ordinal="10" offset="99" sl="225" sc="17" el="225" ec="50" bec="0" bev="0" fileid="11" />
                <SequencePoint vc="0" uspid="1002" ordinal="11" offset="106" sl="228" sc="13" el="228" ec="67" bec="0" bev="0" fileid="11" />
                <SequencePoint vc="0" uspid="1003" ordinal="12" offset="119" sl="229" sc="9" el="229" ec="10" bec="0" bev="0" fileid="11" />
              </SequencePoints>
              <BranchPoints>
                <BranchPoint vc="0" uspid="1004" ordinal="0" offset="18" sl="208" path="0" offsetend="20" fileid="11" />
                <BranchPoint vc="0" uspid="1005" ordinal="1" offset="18" sl="208" path="1" offsetend="40" fileid="11" />
                <BranchPoint vc="0" uspid="1006" ordinal="2" offset="46" sl="211" path="0" offsetend="48" fileid="11" />
                <BranchPoint vc="0" uspid="1007" ordinal="3" offset="46" sl="211" path="1" offsetend="49" fileid="11" />
                <BranchPoint vc="0" uspid="1008" ordinal="4" offset="62" sl="217" path="0" offsetend="64" fileid="11" />
                <BranchPoint vc="0" uspid="1009" ordinal="5" offset="62" sl="217" path="1" offsetend="106" fileid="11" />
                <BranchPoint vc="0" uspid="1010" ordinal="6" offset="78" sl="219" path="0" offsetend="80" fileid="11" />
                <BranchPoint vc="0" uspid="1011" ordinal="7" offset="78" sl="219" path="1" offsetend="99" fileid="11" />
              </BranchPoints>
              <MethodPoint xsi:type="SequencePoint" vc="0" uspid="991" ordinal="0" offset="0" sl="205" sc="13" el="205" ec="51" bec="0" bev="0" fileid="11" />
            </Method>
            <Method visited="true" cyclomaticComplexity="1" nPathComplexity="0" sequenceCoverage="100" branchCoverage="100" crapScore="1" isConstructor="true" isStatic="true" isGetter="false" isSetter="false">
              <Summary numSequencePoints="3" visitedSequencePoints="3" numBranchPoints="1" visitedBranchPoints="1" sequenceCoverage="100" branchCoverage="100" maxCyclomaticComplexity="1" minCyclomaticComplexity="1" maxCrapScore="1" minCrapScore="1" visitedClasses="0" numClasses="0" visitedMethods="1" numMethods="1" />
              <MetadataToken>100663528</MetadataToken>
              <Name>System.Void NUnit.VisualStudio.TestAdapter.NUnitEventListener::.cctor()</Name>
              <FileRef uid="11" />
              <SequencePoints>
                <SequencePoint vc="1" uspid="1012" ordinal="0" offset="0" sl="49" sc="9" el="49" ec="123" bec="0" bev="0" fileid="11" />
                <SequencePoint vc="1" uspid="1013" ordinal="1" offset="10" sl="199" sc="9" el="199" ec="65" bec="0" bev="0" fileid="11" />
                <SequencePoint vc="1" uspid="1014" ordinal="2" offset="20" sl="200" sc="9" el="200" ec="59" bec="0" bev="0" fileid="11" />
              </SequencePoints>
              <BranchPoints />
              <MethodPoint xsi:type="SequencePoint" vc="1" uspid="1012" ordinal="0" offset="0" sl="49" sc="9" el="49" ec="123" bec="0" bev="0" fileid="11" />
            </Method>
          </Methods>
        </Class>
        <Class>
          <Summary numSequencePoints="117" visitedSequencePoints="69" numBranchPoints="82" visitedBranchPoints="41" sequenceCoverage="58.97" branchCoverage="50" maxCyclomaticComplexity="22" minCyclomaticComplexity="1" maxCrapScore="70.44" minCrapScore="1" visitedClasses="1" numClasses="1" visitedMethods="19" numMethods="22" />
          <FullName>NUnit.VisualStudio.TestAdapter.NUnitTestAdapter</FullName>
          <Methods>
            <Method visited="true" cyclomaticComplexity="1" nPathComplexity="0" sequenceCoverage="100" branchCoverage="100" crapScore="1" isConstructor="false" isStatic="false" isGetter="true" isSetter="false">
              <Summary numSequencePoints="1" visitedSequencePoints="1" numBranchPoints="1" visitedBranchPoints="1" sequenceCoverage="100" branchCoverage="100" maxCyclomaticComplexity="1" minCyclomaticComplexity="1" maxCrapScore="1" minCrapScore="1" visitedClasses="0" numClasses="0" visitedMethods="1" numMethods="1" />
              <MetadataToken>100663530</MetadataToken>
              <Name>NUnit.VisualStudio.TestAdapter.IAdapterSettings NUnit.VisualStudio.TestAdapter.NUnitTestAdapter::get_Settings()</Name>
              <FileRef uid="12" />
              <SequencePoints>
                <SequencePoint vc="30" uspid="1015" ordinal="0" offset="0" sl="83" sc="44" el="83" ec="48" bec="0" bev="0" fileid="12" />
              </SequencePoints>
              <BranchPoints />
              <MethodPoint xsi:type="SequencePoint" vc="30" uspid="1015" ordinal="0" offset="0" sl="83" sc="44" el="83" ec="48" bec="0" bev="0" fileid="12" />
            </Method>
            <Method visited="true" cyclomaticComplexity="1" nPathComplexity="0" sequenceCoverage="100" branchCoverage="100" crapScore="1" isConstructor="false" isStatic="false" isGetter="false" isSetter="true">
              <Summary numSequencePoints="1" visitedSequencePoints="1" numBranchPoints="1" visitedBranchPoints="1" sequenceCoverage="100" branchCoverage="100" maxCyclomaticComplexity="1" minCyclomaticComplexity="1" maxCrapScore="1" minCrapScore="1" visitedClasses="0" numClasses="0" visitedMethods="1" numMethods="1" />
              <MetadataToken>100663531</MetadataToken>
              <Name>System.Void NUnit.VisualStudio.TestAdapter.NUnitTestAdapter::set_Settings(NUnit.VisualStudio.TestAdapter.IAdapterSettings)</Name>
              <FileRef uid="12" />
              <SequencePoints>
                <SequencePoint vc="1" uspid="1016" ordinal="0" offset="0" sl="83" sc="49" el="83" ec="61" bec="0" bev="0" fileid="12" />
              </SequencePoints>
              <BranchPoints />
              <MethodPoint xsi:type="SequencePoint" vc="1" uspid="1016" ordinal="0" offset="0" sl="83" sc="49" el="83" ec="61" bec="0" bev="0" fileid="12" />
            </Method>
            <Method visited="true" cyclomaticComplexity="1" nPathComplexity="0" sequenceCoverage="100" branchCoverage="100" crapScore="1" isConstructor="false" isStatic="false" isGetter="true" isSetter="false">
              <Summary numSequencePoints="1" visitedSequencePoints="1" numBranchPoints="1" visitedBranchPoints="1" sequenceCoverage="100" branchCoverage="100" maxCyclomaticComplexity="1" minCyclomaticComplexity="1" maxCrapScore="1" minCrapScore="1" visitedClasses="0" numClasses="0" visitedMethods="1" numMethods="1" />
              <MetadataToken>100663532</MetadataToken>
              <Name>System.String NUnit.VisualStudio.TestAdapter.NUnitTestAdapter::get_AdapterVersion()</Name>
              <FileRef uid="12" />
              <SequencePoints>
                <SequencePoint vc="2" uspid="1017" ordinal="0" offset="0" sl="86" sc="43" el="86" ec="47" bec="0" bev="0" fileid="12" />
              </SequencePoints>
              <BranchPoints />
              <MethodPoint xsi:type="SequencePoint" vc="2" uspid="1017" ordinal="0" offset="0" sl="86" sc="43" el="86" ec="47" bec="0" bev="0" fileid="12" />
            </Method>
            <Method visited="true" cyclomaticComplexity="1" nPathComplexity="0" sequenceCoverage="100" branchCoverage="100" crapScore="1" isConstructor="false" isStatic="false" isGetter="false" isSetter="true">
              <Summary numSequencePoints="1" visitedSequencePoints="1" numBranchPoints="1" visitedBranchPoints="1" sequenceCoverage="100" branchCoverage="100" maxCyclomaticComplexity="1" minCyclomaticComplexity="1" maxCrapScore="1" minCrapScore="1" visitedClasses="0" numClasses="0" visitedMethods="1" numMethods="1" />
              <MetadataToken>100663533</MetadataToken>
              <Name>System.Void NUnit.VisualStudio.TestAdapter.NUnitTestAdapter::set_AdapterVersion(System.String)</Name>
              <FileRef uid="12" />
              <SequencePoints>
                <SequencePoint vc="1" uspid="1018" ordinal="0" offset="0" sl="86" sc="48" el="86" ec="52" bec="0" bev="0" fileid="12" />
              </SequencePoints>
              <BranchPoints />
              <MethodPoint xsi:type="SequencePoint" vc="1" uspid="1018" ordinal="0" offset="0" sl="86" sc="48" el="86" ec="52" bec="0" bev="0" fileid="12" />
            </Method>
            <Method visited="true" cyclomaticComplexity="1" nPathComplexity="0" sequenceCoverage="100" branchCoverage="100" crapScore="1" isConstructor="false" isStatic="false" isGetter="true" isSetter="false">
              <Summary numSequencePoints="1" visitedSequencePoints="1" numBranchPoints="1" visitedBranchPoints="1" sequenceCoverage="100" branchCoverage="100" maxCyclomaticComplexity="1" minCyclomaticComplexity="1" maxCrapScore="1" minCrapScore="1" visitedClasses="0" numClasses="0" visitedMethods="1" numMethods="1" />
              <MetadataToken>100663534</MetadataToken>
              <Name>NUnit.VisualStudio.TestAdapter.NUnitEngine.NUnitEngineAdapter NUnit.VisualStudio.TestAdapter.NUnitTestAdapter::get_NUnitEngineAdapter()</Name>
              <FileRef uid="12" />
              <SequencePoints>
                <SequencePoint vc="10" uspid="1019" ordinal="0" offset="0" sl="88" sc="56" el="88" ec="60" bec="0" bev="0" fileid="12" />
              </SequencePoints>
              <BranchPoints />
              <MethodPoint xsi:type="SequencePoint" vc="10" uspid="1019" ordinal="0" offset="0" sl="88" sc="56" el="88" ec="60" bec="0" bev="0" fileid="12" />
            </Method>
            <Method visited="true" cyclomaticComplexity="1" nPathComplexity="0" sequenceCoverage="100" branchCoverage="100" crapScore="1" isConstructor="false" isStatic="false" isGetter="false" isSetter="true">
              <Summary numSequencePoints="1" visitedSequencePoints="1" numBranchPoints="1" visitedBranchPoints="1" sequenceCoverage="100" branchCoverage="100" maxCyclomaticComplexity="1" minCyclomaticComplexity="1" maxCrapScore="1" minCrapScore="1" visitedClasses="0" numClasses="0" visitedMethods="1" numMethods="1" />
              <MetadataToken>100663535</MetadataToken>
              <Name>System.Void NUnit.VisualStudio.TestAdapter.NUnitTestAdapter::set_NUnitEngineAdapter(NUnit.VisualStudio.TestAdapter.NUnitEngine.NUnitEngineAdapter)</Name>
              <FileRef uid="12" />
              <SequencePoints>
                <SequencePoint vc="2" uspid="1020" ordinal="0" offset="0" sl="88" sc="61" el="88" ec="73" bec="0" bev="0" fileid="12" />
              </SequencePoints>
              <BranchPoints />
              <MethodPoint xsi:type="SequencePoint" vc="2" uspid="1020" ordinal="0" offset="0" sl="88" sc="61" el="88" ec="73" bec="0" bev="0" fileid="12" />
            </Method>
            <Method visited="true" cyclomaticComplexity="1" nPathComplexity="0" sequenceCoverage="100" branchCoverage="100" crapScore="1" isConstructor="false" isStatic="false" isGetter="true" isSetter="false">
              <Summary numSequencePoints="1" visitedSequencePoints="1" numBranchPoints="1" visitedBranchPoints="1" sequenceCoverage="100" branchCoverage="100" maxCyclomaticComplexity="1" minCyclomaticComplexity="1" maxCrapScore="1" minCrapScore="1" visitedClasses="0" numClasses="0" visitedMethods="1" numMethods="1" />
              <MetadataToken>100663536</MetadataToken>
              <Name>NUnit.VisualStudio.TestAdapter.TestLogger NUnit.VisualStudio.TestAdapter.NUnitTestAdapter::get_TestLog()</Name>
              <FileRef uid="12" />
              <SequencePoints>
                <SequencePoint vc="12" uspid="1021" ordinal="0" offset="0" sl="91" sc="40" el="91" ec="44" bec="0" bev="0" fileid="12" />
              </SequencePoints>
              <BranchPoints />
              <MethodPoint xsi:type="SequencePoint" vc="12" uspid="1021" ordinal="0" offset="0" sl="91" sc="40" el="91" ec="44" bec="0" bev="0" fileid="12" />
            </Method>
            <Method visited="true" cyclomaticComplexity="1" nPathComplexity="0" sequenceCoverage="100" branchCoverage="100" crapScore="1" isConstructor="false" isStatic="false" isGetter="false" isSetter="true">
              <Summary numSequencePoints="1" visitedSequencePoints="1" numBranchPoints="1" visitedBranchPoints="1" sequenceCoverage="100" branchCoverage="100" maxCyclomaticComplexity="1" minCyclomaticComplexity="1" maxCrapScore="1" minCrapScore="1" visitedClasses="0" numClasses="0" visitedMethods="1" numMethods="1" />
              <MetadataToken>100663537</MetadataToken>
              <Name>System.Void NUnit.VisualStudio.TestAdapter.NUnitTestAdapter::set_TestLog(NUnit.VisualStudio.TestAdapter.TestLogger)</Name>
              <FileRef uid="12" />
              <SequencePoints>
                <SequencePoint vc="1" uspid="1022" ordinal="0" offset="0" sl="91" sc="45" el="91" ec="57" bec="0" bev="0" fileid="12" />
              </SequencePoints>
              <BranchPoints />
              <MethodPoint xsi:type="SequencePoint" vc="1" uspid="1022" ordinal="0" offset="0" sl="91" sc="45" el="91" ec="57" bec="0" bev="0" fileid="12" />
            </Method>
            <Method visited="false" cyclomaticComplexity="1" nPathComplexity="0" sequenceCoverage="0" branchCoverage="0" crapScore="2" isConstructor="false" isStatic="false" isGetter="true" isSetter="false">
              <Summary numSequencePoints="1" visitedSequencePoints="0" numBranchPoints="1" visitedBranchPoints="0" sequenceCoverage="0" branchCoverage="0" maxCyclomaticComplexity="1" minCyclomaticComplexity="1" maxCrapScore="2" minCrapScore="2" visitedClasses="0" numClasses="0" visitedMethods="0" numMethods="1" />
              <MetadataToken>100663538</MetadataToken>
              <Name>System.String NUnit.VisualStudio.TestAdapter.NUnitTestAdapter::get_WorkDir()</Name>
              <FileRef uid="12" />
              <SequencePoints>
                <SequencePoint vc="0" uspid="1023" ordinal="0" offset="0" sl="93" sc="36" el="93" ec="40" bec="0" bev="0" fileid="12" />
              </SequencePoints>
              <BranchPoints />
              <MethodPoint xsi:type="SequencePoint" vc="0" uspid="1023" ordinal="0" offset="0" sl="93" sc="36" el="93" ec="40" bec="0" bev="0" fileid="12" />
            </Method>
            <Method visited="true" cyclomaticComplexity="1" nPathComplexity="0" sequenceCoverage="100" branchCoverage="100" crapScore="1" isConstructor="false" isStatic="false" isGetter="false" isSetter="true">
              <Summary numSequencePoints="1" visitedSequencePoints="1" numBranchPoints="1" visitedBranchPoints="1" sequenceCoverage="100" branchCoverage="100" maxCyclomaticComplexity="1" minCyclomaticComplexity="1" maxCrapScore="1" minCrapScore="1" visitedClasses="0" numClasses="0" visitedMethods="1" numMethods="1" />
              <MetadataToken>100663539</MetadataToken>
              <Name>System.Void NUnit.VisualStudio.TestAdapter.NUnitTestAdapter::set_WorkDir(System.String)</Name>
              <FileRef uid="12" />
              <SequencePoints>
                <SequencePoint vc="1" uspid="1024" ordinal="0" offset="0" sl="93" sc="41" el="93" ec="53" bec="0" bev="0" fileid="12" />
              </SequencePoints>
              <BranchPoints />
              <MethodPoint xsi:type="SequencePoint" vc="1" uspid="1024" ordinal="0" offset="0" sl="93" sc="41" el="93" ec="53" bec="0" bev="0" fileid="12" />
            </Method>
            <Method visited="false" cyclomaticComplexity="6" nPathComplexity="32" sequenceCoverage="0" branchCoverage="0" crapScore="42" isConstructor="false" isStatic="true" isGetter="true" isSetter="false">
              <Summary numSequencePoints="5" visitedSequencePoints="0" numBranchPoints="11" visitedBranchPoints="0" sequenceCoverage="0" branchCoverage="0" maxCyclomaticComplexity="6" minCyclomaticComplexity="6" maxCrapScore="42" minCrapScore="42" visitedClasses="0" numClasses="0" visitedMethods="0" numMethods="1" />
              <MetadataToken>100663540</MetadataToken>
              <Name>System.Boolean NUnit.VisualStudio.TestAdapter.NUnitTestAdapter::get_IsRunningUnderIde()</Name>
              <FileRef uid="12" />
              <SequencePoints>
                <SequencePoint vc="0" uspid="1025" ordinal="0" offset="0" sl="101" sc="17" el="101" ec="37" bec="2" bev="0" fileid="12" />
                <SequencePoint vc="0" uspid="1026" ordinal="1" offset="7" sl="103" sc="21" el="103" ec="69" bec="0" bev="0" fileid="12" />
                <SequencePoint vc="0" uspid="1027" ordinal="2" offset="13" sl="104" sc="21" el="104" ec="47" bec="2" bev="0" fileid="12" />
                <SequencePoint vc="0" uspid="1028" ordinal="3" offset="22" sl="105" sc="25" el="105" ec="58" bec="0" bev="0" fileid="12" />
                <SequencePoint vc="0" uspid="1029" ordinal="4" offset="33" sl="108" sc="17" el="111" ec="60" bec="5" bev="0" fileid="12" />
              </SequencePoints>
              <BranchPoints>
                <BranchPoint vc="0" uspid="1030" ordinal="0" offset="5" sl="101" path="0" offsetend="7" fileid="12" />
                <BranchPoint vc="0" uspid="1031" ordinal="1" offset="5" sl="101" path="1" offsetend="33" fileid="12" />
                <BranchPoint vc="0" uspid="1032" ordinal="2" offset="20" sl="104" path="0" offsetend="22" fileid="12" />
                <BranchPoint vc="0" uspid="1033" ordinal="3" offset="20" sl="104" path="1" offsetend="33" fileid="12" />
                <BranchPoint vc="0" uspid="1034" ordinal="4" offset="38" sl="108" path="0" offsetend="40" fileid="12" />
                <BranchPoint vc="0" uspid="1035" ordinal="5" offset="38" sl="108" path="1" offsetend="92" fileid="12" />
                <BranchPoint vc="0" uspid="1036" ordinal="6" offset="55" sl="108" path="0" offsetend="57" fileid="12" />
                <BranchPoint vc="0" uspid="1037" ordinal="7" offset="55" sl="108" path="1" offsetend="90" fileid="12" />
                <BranchPoint vc="0" uspid="1038" ordinal="8" offset="72" sl="108" path="0" offsetend="74" fileid="12" />
                <BranchPoint vc="0" uspid="1039" ordinal="9" offset="72" sl="108" path="1" offsetend="90" fileid="12" />
              </BranchPoints>
              <MethodPoint xsi:type="SequencePoint" vc="0" uspid="1025" ordinal="0" offset="0" sl="101" sc="17" el="101" ec="37" bec="2" bev="0" fileid="12" />
            </Method>
            <Method visited="true" cyclomaticComplexity="1" nPathComplexity="0" sequenceCoverage="100" branchCoverage="100" crapScore="1" isConstructor="false" isStatic="false" isGetter="true" isSetter="false">
              <Summary numSequencePoints="1" visitedSequencePoints="1" numBranchPoints="1" visitedBranchPoints="1" sequenceCoverage="100" branchCoverage="100" maxCyclomaticComplexity="1" minCyclomaticComplexity="1" maxCrapScore="1" minCrapScore="1" visitedClasses="0" numClasses="0" visitedMethods="1" numMethods="1" />
              <MetadataToken>100663541</MetadataToken>
              <Name>System.Collections.Generic.List`1&lt;System.String&gt; NUnit.VisualStudio.TestAdapter.NUnitTestAdapter::get_ForbiddenFolders()</Name>
              <FileRef uid="12" />
              <SequencePoints>
                <SequencePoint vc="1" uspid="1040" ordinal="0" offset="0" sl="115" sc="48" el="115" ec="52" bec="0" bev="0" fileid="12" />
              </SequencePoints>
              <BranchPoints />
              <MethodPoint xsi:type="SequencePoint" vc="1" uspid="1040" ordinal="0" offset="0" sl="115" sc="48" el="115" ec="52" bec="0" bev="0" fileid="12" />
            </Method>
            <Method visited="true" cyclomaticComplexity="1" nPathComplexity="0" sequenceCoverage="100" branchCoverage="100" crapScore="1" isConstructor="false" isStatic="false" isGetter="false" isSetter="true">
              <Summary numSequencePoints="1" visitedSequencePoints="1" numBranchPoints="1" visitedBranchPoints="1" sequenceCoverage="100" branchCoverage="100" maxCyclomaticComplexity="1" minCyclomaticComplexity="1" maxCrapScore="1" minCrapScore="1" visitedClasses="0" numClasses="0" visitedMethods="1" numMethods="1" />
              <MetadataToken>100663542</MetadataToken>
              <Name>System.Void NUnit.VisualStudio.TestAdapter.NUnitTestAdapter::set_ForbiddenFolders(System.Collections.Generic.List`1&lt;System.String&gt;)</Name>
              <FileRef uid="12" />
              <SequencePoints>
                <SequencePoint vc="1" uspid="1041" ordinal="0" offset="0" sl="115" sc="53" el="115" ec="65" bec="0" bev="0" fileid="12" />
              </SequencePoints>
              <BranchPoints />
              <MethodPoint xsi:type="SequencePoint" vc="1" uspid="1041" ordinal="0" offset="0" sl="115" sc="53" el="115" ec="65" bec="0" bev="0" fileid="12" />
            </Method>
            <Method visited="true" cyclomaticComplexity="1" nPathComplexity="0" sequenceCoverage="100" branchCoverage="100" crapScore="1" isConstructor="true" isStatic="false" isGetter="false" isSetter="false">
              <Summary numSequencePoints="4" visitedSequencePoints="4" numBranchPoints="1" visitedBranchPoints="1" sequenceCoverage="100" branchCoverage="100" maxCyclomaticComplexity="1" minCyclomaticComplexity="1" maxCrapScore="1" minCrapScore="1" visitedClasses="0" numClasses="0" visitedMethods="1" numMethods="1" />
              <MetadataToken>100663529</MetadataToken>
              <Name>System.Void NUnit.VisualStudio.TestAdapter.NUnitTestAdapter::.ctor()</Name>
              <FileRef uid="12" />
              <SequencePoints>
                <SequencePoint vc="1" uspid="1042" ordinal="0" offset="0" sl="69" sc="9" el="69" ec="37" bec="0" bev="0" fileid="12" />
                <SequencePoint vc="1" uspid="1043" ordinal="1" offset="6" sl="72" sc="13" el="72" ec="107" bec="0" bev="0" fileid="12" />
                <SequencePoint vc="1" uspid="1044" ordinal="2" offset="47" sl="76" sc="13" el="76" ec="59" bec="0" bev="0" fileid="12" />
                <SequencePoint vc="1" uspid="1045" ordinal="3" offset="58" sl="77" sc="9" el="77" ec="10" bec="0" bev="0" fileid="12" />
              </SequencePoints>
              <BranchPoints />
              <MethodPoint xsi:type="SequencePoint" vc="1" uspid="1042" ordinal="0" offset="0" sl="69" sc="9" el="69" ec="37" bec="0" bev="0" fileid="12" />
            </Method>
            <Method visited="true" cyclomaticComplexity="1" nPathComplexity="0" sequenceCoverage="73.33" branchCoverage="100" crapScore="1.02" isConstructor="false" isStatic="false" isGetter="false" isSetter="false">
              <Summary numSequencePoints="15" visitedSequencePoints="11" numBranchPoints="1" visitedBranchPoints="1" sequenceCoverage="73.33" branchCoverage="100" maxCyclomaticComplexity="1" minCyclomaticComplexity="1" maxCrapScore="1.02" minCrapScore="1.02" visitedClasses="0" numClasses="0" visitedMethods="1" numMethods="1" />
              <MetadataToken>100663543</MetadataToken>
              <Name>System.Void NUnit.VisualStudio.TestAdapter.NUnitTestAdapter::Initialize(Microsoft.VisualStudio.TestPlatform.ObjectModel.Adapter.IDiscoveryContext,Microsoft.VisualStudio.TestPlatform.ObjectModel.Logging.IMessageLogger)</Name>
              <FileRef uid="12" />
              <SequencePoints>
                <SequencePoint vc="1" uspid="1046" ordinal="0" offset="0" sl="127" sc="13" el="127" ec="45" bec="0" bev="0" fileid="12" />
                <SequencePoint vc="1" uspid="1047" ordinal="1" offset="11" sl="128" sc="13" el="128" ec="53" bec="0" bev="0" fileid="12" />
                <SequencePoint vc="1" uspid="1048" ordinal="2" offset="23" sl="129" sc="13" el="129" ec="53" bec="0" bev="0" fileid="12" />
                <SequencePoint vc="1" uspid="1049" ordinal="3" offset="40" sl="130" sc="13" el="130" ec="80" bec="0" bev="0" fileid="12" />
                <SequencePoint vc="1" uspid="1050" ordinal="4" offset="63" sl="131" sc="13" el="131" ec="44" bec="0" bev="0" fileid="12" />
                <SequencePoint vc="1" uspid="1051" ordinal="5" offset="81" sl="134" sc="17" el="134" ec="40" bec="0" bev="0" fileid="12" />
                <SequencePoint vc="1" uspid="1052" ordinal="6" offset="93" sl="135" sc="17" el="135" ec="56" bec="0" bev="0" fileid="12" />
                <SequencePoint vc="1" uspid="1053" ordinal="7" offset="115" sl="136" sc="17" el="136" ec="46" bec="0" bev="0" fileid="12" />
                <SequencePoint vc="1" uspid="1054" ordinal="8" offset="121" sl="137" sc="17" el="137" ec="46" bec="0" bev="0" fileid="12" />
                <SequencePoint vc="1" uspid="1055" ordinal="9" offset="127" sl="138" sc="13" el="138" ec="14" bec="0" bev="0" fileid="12" />
                <SequencePoint vc="0" uspid="1056" ordinal="10" offset="129" sl="139" sc="13" el="139" ec="32" bec="0" bev="0" fileid="12" />
                <SequencePoint vc="0" uspid="1057" ordinal="11" offset="130" sl="141" sc="17" el="141" ec="98" bec="0" bev="0" fileid="12" />
                <SequencePoint vc="0" uspid="1058" ordinal="12" offset="146" sl="142" sc="17" el="142" ec="47" bec="0" bev="0" fileid="12" />
                <SequencePoint vc="0" uspid="1059" ordinal="13" offset="163" sl="143" sc="13" el="143" ec="14" bec="0" bev="0" fileid="12" />
                <SequencePoint vc="1" uspid="1060" ordinal="14" offset="165" sl="144" sc="9" el="144" ec="10" bec="0" bev="0" fileid="12" />
              </SequencePoints>
              <BranchPoints />
              <MethodPoint xsi:type="SequencePoint" vc="1" uspid="1046" ordinal="0" offset="0" sl="127" sc="13" el="127" ec="45" bec="0" bev="0" fileid="12" />
            </Method>
            <Method visited="true" cyclomaticComplexity="3" nPathComplexity="4" sequenceCoverage="100" branchCoverage="60" crapScore="3" isConstructor="false" isStatic="false" isGetter="false" isSetter="false">
              <Summary numSequencePoints="2" visitedSequencePoints="2" numBranchPoints="5" visitedBranchPoints="3" sequenceCoverage="100" branchCoverage="60" maxCyclomaticComplexity="3" minCyclomaticComplexity="3" maxCrapScore="3" minCrapScore="3" visitedClasses="0" numClasses="0" visitedMethods="1" numMethods="1" />
              <MetadataToken>100663544</MetadataToken>
              <Name>System.Void NUnit.VisualStudio.TestAdapter.NUnitTestAdapter::InitializeForbiddenFolders()</Name>
              <FileRef uid="12" />
              <SequencePoints>
                <SequencePoint vc="1" uspid="1061" ordinal="0" offset="0" sl="148" sc="13" el="153" ec="93" bec="4" bev="2" fileid="12" />
                <SequencePoint vc="1" uspid="1062" ordinal="1" offset="128" sl="154" sc="9" el="154" ec="10" bec="0" bev="0" fileid="12" />
              </SequencePoints>
              <BranchPoints>
                <BranchPoint vc="1" uspid="1063" ordinal="0" offset="52" sl="148" path="0" offsetend="54" fileid="12" />
                <BranchPoint vc="0" uspid="1064" ordinal="1" offset="52" sl="148" path="1" offsetend="77" fileid="12" />
                <BranchPoint vc="1" uspid="1065" ordinal="2" offset="88" sl="148" path="0" offsetend="90" fileid="12" />
                <BranchPoint vc="0" uspid="1066" ordinal="3" offset="88" sl="148" path="1" offsetend="113" fileid="12" />
              </BranchPoints>
              <MethodPoint xsi:type="SequencePoint" vc="1" uspid="1061" ordinal="0" offset="0" sl="148" sc="13" el="153" ec="93" bec="4" bev="2" fileid="12" />
            </Method>
            <Method visited="true" cyclomaticComplexity="2" nPathComplexity="2" sequenceCoverage="80" branchCoverage="66.67" crapScore="2.03" isConstructor="false" isStatic="false" isGetter="false" isSetter="false">
              <Summary numSequencePoints="5" visitedSequencePoints="4" numBranchPoints="3" visitedBranchPoints="2" sequenceCoverage="80" branchCoverage="66.67" maxCyclomaticComplexity="2" minCyclomaticComplexity="2" maxCrapScore="2.03" minCrapScore="2.03" visitedClasses="0" numClasses="0" visitedMethods="1" numMethods="1" />
              <MetadataToken>100663545</MetadataToken>
              <Name>System.Void NUnit.VisualStudio.TestAdapter.NUnitTestAdapter::SetCurrentWorkingDirectory()</Name>
              <FileRef uid="12" />
              <SequencePoints>
                <SequencePoint vc="1" uspid="1067" ordinal="0" offset="0" sl="158" sc="13" el="158" ec="58" bec="0" bev="0" fileid="12" />
                <SequencePoint vc="1" uspid="1068" ordinal="1" offset="6" sl="159" sc="13" el="159" ec="61" bec="0" bev="0" fileid="12" />
                <SequencePoint vc="1" uspid="1069" ordinal="2" offset="13" sl="160" sc="13" el="160" ec="38" bec="2" bev="1" fileid="12" />
                <SequencePoint vc="0" uspid="1070" ordinal="3" offset="15" sl="161" sc="17" el="161" ec="67" bec="0" bev="0" fileid="12" />
                <SequencePoint vc="1" uspid="1071" ordinal="4" offset="25" sl="162" sc="9" el="162" ec="10" bec="0" bev="0" fileid="12" />
              </SequencePoints>
              <BranchPoints>
                <BranchPoint vc="0" uspid="1072" ordinal="0" offset="13" sl="160" path="0" offsetend="15" fileid="12" />
                <BranchPoint vc="1" uspid="1073" ordinal="1" offset="13" sl="160" path="1" offsetend="25" fileid="12" />
              </BranchPoints>
              <MethodPoint xsi:type="SequencePoint" vc="1" uspid="1067" ordinal="0" offset="0" sl="158" sc="13" el="158" ec="58" bec="0" bev="0" fileid="12" />
            </Method>
            <Method visited="true" cyclomaticComplexity="2" nPathComplexity="2" sequenceCoverage="100" branchCoverage="66.67" crapScore="2" isConstructor="false" isStatic="false" isGetter="false" isSetter="false">
              <Summary numSequencePoints="2" visitedSequencePoints="2" numBranchPoints="3" visitedBranchPoints="2" sequenceCoverage="100" branchCoverage="66.67" maxCyclomaticComplexity="2" minCyclomaticComplexity="2" maxCrapScore="2" minCrapScore="2" visitedClasses="0" numClasses="0" visitedMethods="1" numMethods="1" />
              <MetadataToken>100663546</MetadataToken>
              <Name>System.Boolean NUnit.VisualStudio.TestAdapter.NUnitTestAdapter::CheckDirectory(System.String)</Name>
              <FileRef uid="12" />
              <SequencePoints>
                <SequencePoint vc="1" uspid="1074" ordinal="0" offset="6" sl="170" sc="13" el="170" ec="71" bec="2" bev="1" fileid="12" />
                <SequencePoint vc="1" uspid="1075" ordinal="1" offset="39" sl="171" sc="13" el="171" ec="106" bec="0" bev="0" fileid="12" />
              </SequencePoints>
              <BranchPoints>
                <BranchPoint vc="1" uspid="1076" ordinal="0" offset="18" sl="170" path="0" offsetend="20" fileid="12" />
                <BranchPoint vc="0" uspid="1077" ordinal="1" offset="18" sl="170" path="1" offsetend="33" fileid="12" />
              </BranchPoints>
              <MethodPoint vc="1" uspid="1078" ordinal="0" offset="0" />
            </Method>
            <Method visited="true" cyclomaticComplexity="22" nPathComplexity="524288" sequenceCoverage="53.57" branchCoverage="46.15" crapScore="70.44" isConstructor="false" isStatic="false" isGetter="false" isSetter="false">
              <Summary numSequencePoints="56" visitedSequencePoints="30" numBranchPoints="39" visitedBranchPoints="18" sequenceCoverage="53.57" branchCoverage="46.15" maxCyclomaticComplexity="22" minCyclomaticComplexity="22" maxCrapScore="70.44" minCrapScore="70.44" visitedClasses="0" numClasses="0" visitedMethods="1" numMethods="1" />
              <MetadataToken>100663547</MetadataToken>
              <Name>NUnit.Engine.TestPackage NUnit.VisualStudio.TestAdapter.NUnitTestAdapter::CreateTestPackage(System.String,System.Linq.IGrouping`2&lt;System.String,Microsoft.VisualStudio.TestPlatform.ObjectModel.TestCase&gt;)</Name>
              <FileRef uid="12" />
              <SequencePoints>
                <SequencePoint vc="1" uspid="1079" ordinal="0" offset="0" sl="176" sc="13" el="176" ec="57" bec="0" bev="0" fileid="12" />
                <SequencePoint vc="1" uspid="1080" ordinal="1" offset="7" sl="178" sc="13" el="178" ec="42" bec="2" bev="1" fileid="12" />
                <SequencePoint vc="0" uspid="1081" ordinal="2" offset="20" sl="180" sc="17" el="180" ec="74" bec="0" bev="0" fileid="12" />
                <SequencePoint vc="0" uspid="1082" ordinal="3" offset="42" sl="181" sc="17" el="181" ec="70" bec="0" bev="0" fileid="12" />
                <SequencePoint vc="1" uspid="1083" ordinal="4" offset="58" sl="184" sc="13" el="184" ec="37" bec="2" bev="1" fileid="12" />
                <SequencePoint vc="0" uspid="1084" ordinal="5" offset="65" sl="186" sc="17" el="186" ec="75" bec="0" bev="0" fileid="12" />
                <SequencePoint vc="0" uspid="1085" ordinal="6" offset="87" sl="187" sc="17" el="187" ec="88" bec="0" bev="0" fileid="12" />
                <SequencePoint vc="0" uspid="1086" ordinal="7" offset="103" sl="188" sc="13" el="188" ec="14" bec="0" bev="0" fileid="12" />
                <SequencePoint vc="1" uspid="1087" ordinal="8" offset="105" sl="191" sc="17" el="191" ec="60" bec="0" bev="0" fileid="12" />
                <SequencePoint vc="1" uspid="1088" ordinal="9" offset="117" sl="192" sc="17" el="192" ec="34" bec="2" bev="1" fileid="12" />
                <SequencePoint vc="0" uspid="1089" ordinal="10" offset="121" sl="193" sc="21" el="193" ec="85" bec="0" bev="0" fileid="12" />
                <SequencePoint vc="1" uspid="1090" ordinal="11" offset="143" sl="196" sc="13" el="196" ec="57" bec="3" bev="1" fileid="12" />
                <SequencePoint vc="0" uspid="1091" ordinal="12" offset="165" sl="198" sc="17" el="198" ec="53" bec="0" bev="0" fileid="12" />
                <SequencePoint vc="0" uspid="1092" ordinal="13" offset="172" sl="200" sc="42" el="200" ec="51" bec="0" bev="0" fileid="12" />
                <SequencePoint vc="0" uspid="1093" ordinal="14" offset="182" sl="200" sc="26" el="200" ec="38" bec="0" bev="0" fileid="12" />
                <SequencePoint vc="0" uspid="1094" ordinal="15" offset="191" sl="202" sc="21" el="202" ec="90" bec="0" bev="0" fileid="12" />
                <SequencePoint vc="0" uspid="1095" ordinal="16" offset="221" sl="203" sc="21" el="203" ec="123" bec="2" bev="0" fileid="12" />
                <SequencePoint vc="0" uspid="1096" ordinal="17" offset="257" sl="200" sc="39" el="200" ec="41" bec="0" bev="0" fileid="12" />
                <SequencePoint vc="0" uspid="1097" ordinal="18" offset="280" sl="205" sc="17" el="205" ec="69" bec="0" bev="0" fileid="12" />
                <SequencePoint vc="1" uspid="1098" ordinal="19" offset="298" sl="208" sc="13" el="208" ec="94" bec="0" bev="0" fileid="12" />
                <SequencePoint vc="1" uspid="1099" ordinal="20" offset="330" sl="210" sc="13" el="210" ec="51" bec="0" bev="0" fileid="12" />
                <SequencePoint vc="1" uspid="1100" ordinal="21" offset="342" sl="211" sc="13" el="211" ec="29" bec="2" bev="1" fileid="12" />
                <SequencePoint vc="0" uspid="1101" ordinal="22" offset="346" sl="212" sc="17" el="212" ec="76" bec="0" bev="0" fileid="12" />
                <SequencePoint vc="1" uspid="1102" ordinal="23" offset="368" sl="214" sc="13" el="214" ec="53" bec="2" bev="1" fileid="12" />
                <SequencePoint vc="0" uspid="1103" ordinal="24" offset="381" sl="215" sc="17" el="215" ec="100" bec="0" bev="0" fileid="12" />
                <SequencePoint vc="1" uspid="1104" ordinal="25" offset="408" sl="217" sc="13" el="217" ec="43" bec="2" bev="1" fileid="12" />
                <SequencePoint vc="0" uspid="1105" ordinal="26" offset="421" sl="218" sc="17" el="218" ec="80" bec="0" bev="0" fileid="12" />
                <SequencePoint vc="1" uspid="1106" ordinal="27" offset="448" sl="220" sc="13" el="220" ec="49" bec="2" bev="1" fileid="12" />
                <SequencePoint vc="0" uspid="1107" ordinal="28" offset="461" sl="221" sc="17" el="221" ec="92" bec="0" bev="0" fileid="12" />
                <SequencePoint vc="1" uspid="1108" ordinal="29" offset="488" sl="223" sc="13" el="223" ec="46" bec="2" bev="1" fileid="12" />
                <SequencePoint vc="1" uspid="1109" ordinal="30" offset="510" sl="224" sc="17" el="224" ec="84" bec="0" bev="0" fileid="12" />
                <SequencePoint vc="1" uspid="1110" ordinal="31" offset="542" sl="226" sc="13" el="226" ec="51" bec="2" bev="1" fileid="12" />
                <SequencePoint vc="0" uspid="1111" ordinal="32" offset="561" sl="227" sc="17" el="227" ec="78" bec="0" bev="0" fileid="12" />
                <SequencePoint vc="1" uspid="1112" ordinal="33" offset="583" sl="229" sc="13" el="229" ec="38" bec="2" bev="1" fileid="12" />
                <SequencePoint vc="0" uspid="1113" ordinal="34" offset="596" sl="230" sc="17" el="230" ec="70" bec="0" bev="0" fileid="12" />
                <SequencePoint vc="1" uspid="1114" ordinal="35" offset="618" sl="232" sc="13" el="232" ec="48" bec="2" bev="1" fileid="12" />
                <SequencePoint vc="1" uspid="1115" ordinal="36" offset="631" sl="233" sc="17" el="233" ec="80" bec="0" bev="0" fileid="12" />
                <SequencePoint vc="1" uspid="1116" ordinal="37" offset="653" sl="236" sc="13" el="236" ec="74" bec="0" bev="0" fileid="12" />
                <SequencePoint vc="1" uspid="1117" ordinal="38" offset="674" sl="238" sc="13" el="238" ec="46" bec="2" bev="1" fileid="12" />
                <SequencePoint vc="0" uspid="1118" ordinal="39" offset="687" sl="240" sc="17" el="240" ec="86" bec="0" bev="0" fileid="12" />
                <SequencePoint vc="0" uspid="1119" ordinal="40" offset="714" sl="241" sc="13" el="241" ec="14" bec="0" bev="0" fileid="12" />
                <SequencePoint vc="1" uspid="1120" ordinal="41" offset="716" sl="244" sc="17" el="244" ec="74" bec="0" bev="0" fileid="12" />
                <SequencePoint vc="1" uspid="1121" ordinal="42" offset="737" sl="246" sc="13" el="246" ec="57" bec="2" bev="1" fileid="12" />
                <SequencePoint vc="0" uspid="1122" ordinal="43" offset="750" sl="248" sc="17" el="248" ec="108" bec="0" bev="0" fileid="12" />
                <SequencePoint vc="0" uspid="1123" ordinal="44" offset="777" sl="249" sc="13" el="249" ec="14" bec="0" bev="0" fileid="12" />
                <SequencePoint vc="1" uspid="1124" ordinal="45" offset="779" sl="253" sc="17" el="253" ec="85" bec="0" bev="0" fileid="12" />
                <SequencePoint vc="1" uspid="1125" ordinal="46" offset="800" sl="257" sc="13" el="257" ec="53" bec="0" bev="0" fileid="12" />
                <SequencePoint vc="1" uspid="1126" ordinal="47" offset="812" sl="258" sc="13" el="258" ec="33" bec="2" bev="1" fileid="12" />
                <SequencePoint vc="1" uspid="1127" ordinal="48" offset="815" sl="259" sc="17" el="259" ec="63" bec="0" bev="0" fileid="12" />
                <SequencePoint vc="0" uspid="1128" ordinal="49" offset="824" sl="260" sc="18" el="260" ec="50" bec="2" bev="0" fileid="12" />
                <SequencePoint vc="0" uspid="1129" ordinal="50" offset="832" sl="261" sc="17" el="261" ec="86" bec="0" bev="0" fileid="12" />
                <SequencePoint vc="1" uspid="1130" ordinal="51" offset="845" sl="262" sc="13" el="262" ec="44" bec="2" bev="1" fileid="12" />
                <SequencePoint vc="0" uspid="1131" ordinal="52" offset="853" sl="263" sc="17" el="263" ec="52" bec="0" bev="0" fileid="12" />
                <SequencePoint vc="1" uspid="1132" ordinal="53" offset="860" sl="264" sc="13" el="264" ec="71" bec="0" bev="0" fileid="12" />
                <SequencePoint vc="1" uspid="1133" ordinal="54" offset="877" sl="265" sc="13" el="265" ec="31" bec="0" bev="0" fileid="12" />
                <SequencePoint vc="1" uspid="1134" ordinal="55" offset="884" sl="267" sc="13" el="267" ec="28" bec="0" bev="0" fileid="12" />
              </SequencePoints>
              <BranchPoints>
                <BranchPoint vc="0" uspid="1135" ordinal="0" offset="18" sl="178" path="0" offsetend="20" fileid="12" />
                <BranchPoint vc="1" uspid="1136" ordinal="1" offset="18" sl="178" path="1" offsetend="58" fileid="12" />
                <BranchPoint vc="0" uspid="1137" ordinal="2" offset="63" sl="184" path="0" offsetend="65" fileid="12" />
                <BranchPoint vc="1" uspid="1138" ordinal="3" offset="63" sl="184" path="1" offsetend="105" fileid="12" />
                <BranchPoint vc="0" uspid="1139" ordinal="4" offset="119" sl="192" path="0" offsetend="121" fileid="12" />
                <BranchPoint vc="1" uspid="1140" ordinal="5" offset="119" sl="192" path="1" offsetend="143" fileid="12" />
                <BranchPoint vc="0" uspid="1141" ordinal="6" offset="154" sl="196" path="0" offsetend="159" fileid="12" />
                <BranchPoint vc="1" uspid="1142" ordinal="7" offset="154" sl="196" path="1" offsetend="298" fileid="12" />
                <BranchPoint vc="0" uspid="1143" ordinal="8" offset="160" sl="196" path="0" offsetend="165" fileid="12" />
                <BranchPoint vc="1" uspid="1144" ordinal="9" offset="160" sl="196" path="1" offsetend="298" fileid="12" />
                <BranchPoint vc="0" uspid="1145" ordinal="10" offset="226" sl="203" path="0" offsetend="228" fileid="12" />
                <BranchPoint vc="0" uspid="1146" ordinal="11" offset="226" sl="203" path="1" offsetend="237" fileid="12" />
                <BranchPoint vc="0" uspid="1149" ordinal="14" offset="344" sl="211" path="0" offsetend="346" fileid="12" />
                <BranchPoint vc="1" uspid="1150" ordinal="15" offset="344" sl="211" path="1" offsetend="368" fileid="12" />
                <BranchPoint vc="0" uspid="1151" ordinal="16" offset="379" sl="214" path="0" offsetend="381" fileid="12" />
                <BranchPoint vc="1" uspid="1152" ordinal="17" offset="379" sl="214" path="1" offsetend="408" fileid="12" />
                <BranchPoint vc="0" uspid="1153" ordinal="18" offset="419" sl="217" path="0" offsetend="421" fileid="12" />
                <BranchPoint vc="1" uspid="1154" ordinal="19" offset="419" sl="217" path="1" offsetend="448" fileid="12" />
                <BranchPoint vc="0" uspid="1155" ordinal="20" offset="459" sl="220" path="0" offsetend="461" fileid="12" />
                <BranchPoint vc="1" uspid="1156" ordinal="21" offset="459" sl="220" path="1" offsetend="488" fileid="12" />
                <BranchPoint vc="1" uspid="1157" ordinal="22" offset="508" sl="223" path="0" offsetend="510" fileid="12" />
                <BranchPoint vc="0" uspid="1158" ordinal="23" offset="508" sl="223" path="1" offsetend="542" fileid="12" />
                <BranchPoint vc="0" uspid="1159" ordinal="24" offset="559" sl="226" path="0" offsetend="561" fileid="12" />
                <BranchPoint vc="1" uspid="1160" ordinal="25" offset="559" sl="226" path="1" offsetend="583" fileid="12" />
                <BranchPoint vc="0" uspid="1161" ordinal="26" offset="594" sl="229" path="0" offsetend="596" fileid="12" />
                <BranchPoint vc="1" uspid="1162" ordinal="27" offset="594" sl="229" path="1" offsetend="618" fileid="12" />
                <BranchPoint vc="1" uspid="1163" ordinal="28" offset="629" sl="232" path="0" offsetend="631" fileid="12" />
                <BranchPoint vc="0" uspid="1164" ordinal="29" offset="629" sl="232" path="1" offsetend="653" fileid="12" />
                <BranchPoint vc="0" uspid="1165" ordinal="30" offset="685" sl="238" path="0" offsetend="687" fileid="12" />
                <BranchPoint vc="1" uspid="1166" ordinal="31" offset="685" sl="238" path="1" offsetend="716" fileid="12" />
                <BranchPoint vc="0" uspid="1167" ordinal="32" offset="748" sl="246" path="0" offsetend="750" fileid="12" />
                <BranchPoint vc="1" uspid="1168" ordinal="33" offset="748" sl="246" path="1" offsetend="779" fileid="12" />
                <BranchPoint vc="1" uspid="1169" ordinal="34" offset="813" sl="258" path="0" offsetend="815" fileid="12" />
                <BranchPoint vc="0" uspid="1170" ordinal="35" offset="813" sl="258" path="1" offsetend="824" fileid="12" />
                <BranchPoint vc="0" uspid="1171" ordinal="36" offset="830" sl="260" path="0" offsetend="832" fileid="12" />
                <BranchPoint vc="0" uspid="1172" ordinal="37" offset="830" sl="260" path="1" offsetend="845" fileid="12" />
                <BranchPoint vc="0" uspid="1173" ordinal="38" offset="851" sl="262" path="0" offsetend="853" fileid="12" />
                <BranchPoint vc="1" uspid="1174" ordinal="39" offset="851" sl="262" path="1" offsetend="860" fileid="12" />
              </BranchPoints>
              <MethodPoint xsi:type="SequencePoint" vc="1" uspid="1079" ordinal="0" offset="0" sl="176" sc="13" el="176" ec="57" bec="0" bev="0" fileid="12" />
            </Method>
            <Method visited="false" cyclomaticComplexity="4" nPathComplexity="2" sequenceCoverage="0" branchCoverage="0" crapScore="20" isConstructor="false" isStatic="true" isGetter="false" isSetter="false">
              <Summary numSequencePoints="10" visitedSequencePoints="0" numBranchPoints="3" visitedBranchPoints="0" sequenceCoverage="0" branchCoverage="0" maxCyclomaticComplexity="4" minCyclomaticComplexity="4" maxCrapScore="20" minCrapScore="20" visitedClasses="0" numClasses="0" visitedMethods="0" numMethods="1" />
              <MetadataToken>100663548</MetadataToken>
              <Name>System.Void NUnit.VisualStudio.TestAdapter.NUnitTestAdapter::SetTestParameters(System.Collections.Generic.IDictionary`2&lt;System.String,System.Object&gt;,System.Collections.Generic.IDictionary`2&lt;System.String,System.String&gt;)</Name>
              <FileRef uid="12" />
              <SequencePoints>
                <SequencePoint vc="0" uspid="1175" ordinal="0" offset="0" sl="275" sc="13" el="275" ec="84" bec="0" bev="0" fileid="12" />
                <SequencePoint vc="0" uspid="1176" ordinal="1" offset="12" sl="277" sc="13" el="277" ec="43" bec="2" bev="0" fileid="12" />
                <SequencePoint vc="0" uspid="1177" ordinal="2" offset="20" sl="278" sc="17" el="278" ec="24" bec="0" bev="0" fileid="12" />
                <SequencePoint vc="0" uspid="1178" ordinal="3" offset="21" sl="283" sc="13" el="283" ec="72" bec="0" bev="0" fileid="12" />
                <SequencePoint vc="0" uspid="1179" ordinal="4" offset="27" sl="284" sc="39" el="284" ec="53" bec="0" bev="0" fileid="12" />
                <SequencePoint vc="0" uspid="1180" ordinal="5" offset="36" sl="284" sc="22" el="284" ec="35" bec="0" bev="0" fileid="12" />
                <SequencePoint vc="0" uspid="1181" ordinal="6" offset="43" sl="285" sc="17" el="285" ec="120" bec="0" bev="0" fileid="12" />
                <SequencePoint vc="0" uspid="1182" ordinal="7" offset="83" sl="284" sc="36" el="284" ec="38" bec="0" bev="0" fileid="12" />
                <SequencePoint vc="0" uspid="1183" ordinal="8" offset="103" sl="287" sc="13" el="287" ec="149" bec="0" bev="0" fileid="12" />
                <SequencePoint vc="0" uspid="1184" ordinal="9" offset="129" sl="288" sc="9" el="288" ec="10" bec="0" bev="0" fileid="12" />
              </SequencePoints>
              <BranchPoints>
                <BranchPoint vc="0" uspid="1185" ordinal="0" offset="18" sl="277" path="0" offsetend="20" fileid="12" />
                <BranchPoint vc="0" uspid="1186" ordinal="1" offset="18" sl="277" path="1" offsetend="21" fileid="12" />
              </BranchPoints>
              <MethodPoint xsi:type="SequencePoint" vc="0" uspid="1175" ordinal="0" offset="0" sl="275" sc="13" el="275" ec="84" bec="0" bev="0" fileid="12" />
            </Method>
            <Method visited="true" cyclomaticComplexity="1" nPathComplexity="0" sequenceCoverage="100" branchCoverage="100" crapScore="1" isConstructor="false" isStatic="true" isGetter="false" isSetter="false">
              <Summary numSequencePoints="1" visitedSequencePoints="1" numBranchPoints="1" visitedBranchPoints="1" sequenceCoverage="100" branchCoverage="100" maxCyclomaticComplexity="1" minCyclomaticComplexity="1" maxCrapScore="1" minCrapScore="1" visitedClasses="0" numClasses="0" visitedMethods="1" numMethods="1" />
              <MetadataToken>100663549</MetadataToken>
              <Name>System.Void NUnit.VisualStudio.TestAdapter.NUnitTestAdapter::CleanUpRegisteredChannels()</Name>
              <FileRef uid="12" />
              <SequencePoints>
                <SequencePoint vc="1" uspid="1189" ordinal="0" offset="0" sl="299" sc="9" el="299" ec="10" bec="0" bev="0" fileid="12" />
              </SequencePoints>
              <BranchPoints />
              <MethodPoint xsi:type="SequencePoint" vc="1" uspid="1189" ordinal="0" offset="0" sl="299" sc="9" el="299" ec="10" bec="0" bev="0" fileid="12" />
            </Method>
            <Method visited="true" cyclomaticComplexity="2" nPathComplexity="2" sequenceCoverage="80" branchCoverage="66.67" crapScore="2.03" isConstructor="false" isStatic="false" isGetter="false" isSetter="false">
              <Summary numSequencePoints="5" visitedSequencePoints="4" numBranchPoints="3" visitedBranchPoints="2" sequenceCoverage="80" branchCoverage="66.67" maxCyclomaticComplexity="2" minCyclomaticComplexity="2" maxCrapScore="2.03" minCrapScore="2.03" visitedClasses="0" numClasses="0" visitedMethods="1" numMethods="1" />
              <MetadataToken>100663550</MetadataToken>
              <Name>System.Void NUnit.VisualStudio.TestAdapter.NUnitTestAdapter::Unload()</Name>
              <FileRef uid="12" />
              <SequencePoints>
                <SequencePoint vc="1" uspid="1190" ordinal="0" offset="0" sl="303" sc="13" el="303" ec="44" bec="2" bev="1" fileid="12" />
                <SequencePoint vc="0" uspid="1191" ordinal="1" offset="8" sl="304" sc="17" el="304" ec="24" bec="0" bev="0" fileid="12" />
                <SequencePoint vc="1" uspid="1192" ordinal="2" offset="9" sl="305" sc="13" el="305" ec="42" bec="0" bev="0" fileid="12" />
                <SequencePoint vc="1" uspid="1193" ordinal="3" offset="20" sl="306" sc="13" el="306" ec="39" bec="0" bev="0" fileid="12" />
                <SequencePoint vc="1" uspid="1194" ordinal="4" offset="27" sl="307" sc="9" el="307" ec="10" bec="0" bev="0" fileid="12" />
              </SequencePoints>
              <BranchPoints>
                <BranchPoint vc="0" uspid="1195" ordinal="0" offset="6" sl="303" path="0" offsetend="8" fileid="12" />
                <BranchPoint vc="1" uspid="1196" ordinal="1" offset="6" sl="303" path="1" offsetend="9" fileid="12" />
              </BranchPoints>
              <MethodPoint xsi:type="SequencePoint" vc="1" uspid="1190" ordinal="0" offset="0" sl="303" sc="13" el="303" ec="44" bec="2" bev="1" fileid="12" />
            </Method>
          </Methods>
        </Class>
        <Class>
          <Summary numSequencePoints="2" visitedSequencePoints="2" numBranchPoints="2" visitedBranchPoints="2" sequenceCoverage="100" branchCoverage="100" maxCyclomaticComplexity="1" minCyclomaticComplexity="1" maxCrapScore="2" minCrapScore="1" visitedClasses="1" numClasses="1" visitedMethods="2" numMethods="2" />
          <FullName>NUnit.VisualStudio.TestAdapter.NUnitTestAdapter/&lt;&gt;c</FullName>
          <Methods>
            <Method visited="false" cyclomaticComplexity="1" nPathComplexity="0" sequenceCoverage="0" branchCoverage="0" crapScore="2" isConstructor="true" isStatic="true" isGetter="false" isSetter="false">
              <Summary numSequencePoints="0" visitedSequencePoints="0" numBranchPoints="0" visitedBranchPoints="0" sequenceCoverage="0" branchCoverage="0" maxCyclomaticComplexity="1" minCyclomaticComplexity="1" maxCrapScore="2" minCrapScore="2" visitedClasses="0" numClasses="0" visitedMethods="0" numMethods="0" />
              <MetadataToken>100663825</MetadataToken>
              <Name>System.Void NUnit.VisualStudio.TestAdapter.NUnitTestAdapter/&lt;&gt;c::.cctor()</Name>
              <SequencePoints />
              <BranchPoints />
              <MethodPoint vc="0" uspid="1197" ordinal="0" offset="0" />
            </Method>
            <Method visited="false" cyclomaticComplexity="1" nPathComplexity="0" sequenceCoverage="0" branchCoverage="0" crapScore="2" isConstructor="true" isStatic="false" isGetter="false" isSetter="false">
              <Summary numSequencePoints="0" visitedSequencePoints="0" numBranchPoints="0" visitedBranchPoints="0" sequenceCoverage="0" branchCoverage="0" maxCyclomaticComplexity="1" minCyclomaticComplexity="1" maxCrapScore="2" minCrapScore="2" visitedClasses="0" numClasses="0" visitedMethods="0" numMethods="0" />
              <MetadataToken>100663826</MetadataToken>
              <Name>System.Void NUnit.VisualStudio.TestAdapter.NUnitTestAdapter/&lt;&gt;c::.ctor()</Name>
              <SequencePoints />
              <BranchPoints />
              <MethodPoint vc="0" uspid="1198" ordinal="0" offset="0" />
            </Method>
            <Method visited="true" cyclomaticComplexity="1" nPathComplexity="0" sequenceCoverage="100" branchCoverage="100" crapScore="1" isConstructor="false" isStatic="false" isGetter="false" isSetter="false">
              <Summary numSequencePoints="1" visitedSequencePoints="1" numBranchPoints="1" visitedBranchPoints="1" sequenceCoverage="100" branchCoverage="100" maxCyclomaticComplexity="1" minCyclomaticComplexity="1" maxCrapScore="1" minCrapScore="1" visitedClasses="0" numClasses="0" visitedMethods="1" numMethods="1" />
              <MetadataToken>100663827</MetadataToken>
              <Name>System.Boolean NUnit.VisualStudio.TestAdapter.NUnitTestAdapter/&lt;&gt;c::&lt;InitializeForbiddenFolders&gt;b__31_0(System.String)</Name>
              <FileRef uid="12" />
              <SequencePoints>
                <SequencePoint vc="3" uspid="1199" ordinal="0" offset="0" sl="153" sc="26" el="153" ec="50" bec="0" bev="0" fileid="12" />
              </SequencePoints>
              <BranchPoints />
              <MethodPoint xsi:type="SequencePoint" vc="3" uspid="1199" ordinal="0" offset="0" sl="153" sc="26" el="153" ec="50" bec="0" bev="0" fileid="12" />
            </Method>
            <Method visited="true" cyclomaticComplexity="1" nPathComplexity="0" sequenceCoverage="100" branchCoverage="100" crapScore="1" isConstructor="false" isStatic="false" isGetter="false" isSetter="false">
              <Summary numSequencePoints="1" visitedSequencePoints="1" numBranchPoints="1" visitedBranchPoints="1" sequenceCoverage="100" branchCoverage="100" maxCyclomaticComplexity="1" minCyclomaticComplexity="1" maxCrapScore="1" minCrapScore="1" visitedClasses="0" numClasses="0" visitedMethods="1" numMethods="1" />
              <MetadataToken>100663828</MetadataToken>
              <Name>System.String NUnit.VisualStudio.TestAdapter.NUnitTestAdapter/&lt;&gt;c::&lt;InitializeForbiddenFolders&gt;b__31_1(System.String)</Name>
              <FileRef uid="12" />
              <SequencePoints>
                <SequencePoint vc="3" uspid="1200" ordinal="0" offset="0" sl="153" sc="64" el="153" ec="82" bec="0" bev="0" fileid="12" />
              </SequencePoints>
              <BranchPoints />
              <MethodPoint xsi:type="SequencePoint" vc="3" uspid="1200" ordinal="0" offset="0" sl="153" sc="64" el="153" ec="82" bec="0" bev="0" fileid="12" />
            </Method>
          </Methods>
        </Class>
        <Class>
          <Summary numSequencePoints="1" visitedSequencePoints="1" numBranchPoints="1" visitedBranchPoints="1" sequenceCoverage="100" branchCoverage="100" maxCyclomaticComplexity="1" minCyclomaticComplexity="1" maxCrapScore="2" minCrapScore="1" visitedClasses="1" numClasses="1" visitedMethods="1" numMethods="1" />
          <FullName>NUnit.VisualStudio.TestAdapter.NUnitTestAdapter/&lt;&gt;c__DisplayClass33_0</FullName>
          <Methods>
            <Method visited="false" cyclomaticComplexity="1" nPathComplexity="0" sequenceCoverage="0" branchCoverage="0" crapScore="2" isConstructor="true" isStatic="false" isGetter="false" isSetter="false">
              <Summary numSequencePoints="0" visitedSequencePoints="0" numBranchPoints="0" visitedBranchPoints="0" sequenceCoverage="0" branchCoverage="0" maxCyclomaticComplexity="1" minCyclomaticComplexity="1" maxCrapScore="2" minCrapScore="2" visitedClasses="0" numClasses="0" visitedMethods="0" numMethods="0" />
              <MetadataToken>100663829</MetadataToken>
              <Name>System.Void NUnit.VisualStudio.TestAdapter.NUnitTestAdapter/&lt;&gt;c__DisplayClass33_0::.ctor()</Name>
              <SequencePoints />
              <BranchPoints />
              <MethodPoint vc="0" uspid="1201" ordinal="0" offset="0" />
            </Method>
            <Method visited="true" cyclomaticComplexity="1" nPathComplexity="0" sequenceCoverage="100" branchCoverage="100" crapScore="1" isConstructor="false" isStatic="false" isGetter="false" isSetter="false">
              <Summary numSequencePoints="1" visitedSequencePoints="1" numBranchPoints="1" visitedBranchPoints="1" sequenceCoverage="100" branchCoverage="100" maxCyclomaticComplexity="1" minCyclomaticComplexity="1" maxCrapScore="1" minCrapScore="1" visitedClasses="0" numClasses="0" visitedMethods="1" numMethods="1" />
              <MetadataToken>100663830</MetadataToken>
              <Name>System.Boolean NUnit.VisualStudio.TestAdapter.NUnitTestAdapter/&lt;&gt;c__DisplayClass33_0::&lt;CheckDirectory&gt;b__0(System.String)</Name>
              <FileRef uid="12" />
              <SequencePoints>
                <SequencePoint vc="3" uspid="1202" ordinal="0" offset="0" sl="171" sc="46" el="171" ec="104" bec="0" bev="0" fileid="12" />
              </SequencePoints>
              <BranchPoints />
              <MethodPoint xsi:type="SequencePoint" vc="3" uspid="1202" ordinal="0" offset="0" sl="171" sc="46" el="171" ec="104" bec="0" bev="0" fileid="12" />
            </Method>
          </Methods>
        </Class>
        <Class>
          <Summary numSequencePoints="18" visitedSequencePoints="6" numBranchPoints="13" visitedBranchPoints="5" sequenceCoverage="33.33" branchCoverage="38.46" maxCyclomaticComplexity="3" minCyclomaticComplexity="1" maxCrapScore="12" minCrapScore="1" visitedClasses="1" numClasses="1" visitedMethods="3" numMethods="5" />
          <FullName>NUnit.VisualStudio.TestAdapter.NUnitTestFilterBuilder</FullName>
          <Methods>
            <Method visited="true" cyclomaticComplexity="2" nPathComplexity="2" sequenceCoverage="100" branchCoverage="66.67" crapScore="2" isConstructor="true" isStatic="false" isGetter="false" isSetter="false">
              <Summary numSequencePoints="3" visitedSequencePoints="3" numBranchPoints="3" visitedBranchPoints="2" sequenceCoverage="100" branchCoverage="66.67" maxCyclomaticComplexity="2" minCyclomaticComplexity="2" maxCrapScore="2" minCrapScore="2" visitedClasses="0" numClasses="0" visitedMethods="1" numMethods="1" />
              <MetadataToken>100663551</MetadataToken>
              <Name>System.Void NUnit.VisualStudio.TestAdapter.NUnitTestFilterBuilder::.ctor(NUnit.Engine.ITestFilterService)</Name>
              <FileRef uid="15" />
              <SequencePoints>
                <SequencePoint vc="1" uspid="1203" ordinal="0" offset="0" sl="38" sc="9" el="38" ec="72" bec="0" bev="0" fileid="15" />
                <SequencePoint vc="1" uspid="1204" ordinal="1" offset="6" sl="40" sc="13" el="40" ec="153" bec="2" bev="1" fileid="15" />
                <SequencePoint vc="1" uspid="1205" ordinal="2" offset="28" sl="41" sc="9" el="41" ec="10" bec="0" bev="0" fileid="15" />
              </SequencePoints>
              <BranchPoints>
                <BranchPoint vc="0" uspid="1206" ordinal="0" offset="9" sl="40" path="0" offsetend="11" fileid="15" />
                <BranchPoint vc="1" uspid="1207" ordinal="1" offset="9" sl="40" path="1" offsetend="23" fileid="15" />
              </BranchPoints>
              <MethodPoint xsi:type="SequencePoint" vc="1" uspid="1203" ordinal="0" offset="0" sl="38" sc="9" el="38" ec="72" bec="0" bev="0" fileid="15" />
            </Method>
            <Method visited="false" cyclomaticComplexity="3" nPathComplexity="4" sequenceCoverage="0" branchCoverage="0" crapScore="12" isConstructor="false" isStatic="false" isGetter="false" isSetter="false">
              <Summary numSequencePoints="3" visitedSequencePoints="0" numBranchPoints="5" visitedBranchPoints="0" sequenceCoverage="0" branchCoverage="0" maxCyclomaticComplexity="3" minCyclomaticComplexity="3" maxCrapScore="12" minCrapScore="12" visitedClasses="0" numClasses="0" visitedMethods="0" numMethods="1" />
              <MetadataToken>100663552</MetadataToken>
              <Name>NUnit.Engine.TestFilter NUnit.VisualStudio.TestAdapter.NUnitTestFilterBuilder::ConvertTfsFilterToNUnitFilter(NUnit.VisualStudio.TestAdapter.ITfsTestFilter,System.Collections.Generic.IList`1&lt;Microsoft.VisualStudio.TestPlatform.ObjectModel.TestCase&gt;)</Name>
              <FileRef uid="15" />
              <SequencePoints>
                <SequencePoint vc="0" uspid="1208" ordinal="0" offset="0" sl="45" sc="13" el="45" ec="76" bec="0" bev="0" fileid="15" />
                <SequencePoint vc="0" uspid="1209" ordinal="1" offset="8" sl="46" sc="13" el="46" ec="92" bec="2" bev="0" fileid="15" />
                <SequencePoint vc="0" uspid="1210" ordinal="2" offset="25" sl="48" sc="13" el="48" ec="77" bec="2" bev="0" fileid="15" />
              </SequencePoints>
              <BranchPoints>
                <BranchPoint vc="0" uspid="1211" ordinal="0" offset="15" sl="46" path="0" offsetend="17" fileid="15" />
                <BranchPoint vc="0" uspid="1212" ordinal="1" offset="15" sl="46" path="1" offsetend="24" fileid="15" />
                <BranchPoint vc="0" uspid="1213" ordinal="2" offset="31" sl="48" path="0" offsetend="33" fileid="15" />
                <BranchPoint vc="0" uspid="1214" ordinal="3" offset="31" sl="48" path="1" offsetend="39" fileid="15" />
              </BranchPoints>
              <MethodPoint xsi:type="SequencePoint" vc="0" uspid="1208" ordinal="0" offset="0" sl="45" sc="13" el="45" ec="76" bec="0" bev="0" fileid="15" />
            </Method>
            <Method visited="true" cyclomaticComplexity="2" nPathComplexity="2" sequenceCoverage="40" branchCoverage="66.67" crapScore="2.86" isConstructor="false" isStatic="false" isGetter="false" isSetter="false">
              <Summary numSequencePoints="5" visitedSequencePoints="2" numBranchPoints="3" visitedBranchPoints="2" sequenceCoverage="40" branchCoverage="66.67" maxCyclomaticComplexity="2" minCyclomaticComplexity="2" maxCrapScore="2.86" minCrapScore="2.86" visitedClasses="0" numClasses="0" visitedMethods="1" numMethods="1" />
              <MetadataToken>100663553</MetadataToken>
              <Name>NUnit.Engine.TestFilter NUnit.VisualStudio.TestAdapter.NUnitTestFilterBuilder::FilterByWhere(System.String)</Name>
              <FileRef uid="15" />
              <SequencePoints>
                <SequencePoint vc="1" uspid="1215" ordinal="0" offset="0" sl="53" sc="13" el="53" ec="45" bec="2" bev="1" fileid="15" />
                <SequencePoint vc="1" uspid="1216" ordinal="1" offset="8" sl="54" sc="17" el="54" ec="41" bec="0" bev="0" fileid="15" />
                <SequencePoint vc="0" uspid="1217" ordinal="2" offset="14" sl="55" sc="13" el="55" ec="71" bec="0" bev="0" fileid="15" />
                <SequencePoint vc="0" uspid="1218" ordinal="3" offset="25" sl="56" sc="13" el="56" ec="46" bec="0" bev="0" fileid="15" />
                <SequencePoint vc="0" uspid="1219" ordinal="4" offset="32" sl="57" sc="13" el="57" ec="46" bec="0" bev="0" fileid="15" />
              </SequencePoints>
              <BranchPoints>
                <BranchPoint vc="1" uspid="1220" ordinal="0" offset="6" sl="53" path="0" offsetend="8" fileid="15" />
                <BranchPoint vc="0" uspid="1221" ordinal="1" offset="6" sl="53" path="1" offsetend="14" fileid="15" />
              </BranchPoints>
              <MethodPoint xsi:type="SequencePoint" vc="1" uspid="1215" ordinal="0" offset="0" sl="53" sc="13" el="53" ec="45" bec="2" bev="1" fileid="15" />
            </Method>
            <Method visited="false" cyclomaticComplexity="3" nPathComplexity="0" sequenceCoverage="0" branchCoverage="0" crapScore="12" isConstructor="false" isStatic="false" isGetter="false" isSetter="false">
              <Summary numSequencePoints="6" visitedSequencePoints="0" numBranchPoints="1" visitedBranchPoints="0" sequenceCoverage="0" branchCoverage="0" maxCyclomaticComplexity="3" minCyclomaticComplexity="3" maxCrapScore="12" minCrapScore="12" visitedClasses="0" numClasses="0" visitedMethods="0" numMethods="1" />
              <MetadataToken>100663554</MetadataToken>
              <Name>NUnit.Engine.TestFilter NUnit.VisualStudio.TestAdapter.NUnitTestFilterBuilder::FilterByList(System.Collections.Generic.IEnumerable`1&lt;Microsoft.VisualStudio.TestPlatform.ObjectModel.TestCase&gt;)</Name>
              <FileRef uid="15" />
              <SequencePoints>
                <SequencePoint vc="0" uspid="1222" ordinal="0" offset="0" sl="62" sc="13" el="62" ec="71" bec="0" bev="0" fileid="15" />
                <SequencePoint vc="0" uspid="1223" ordinal="1" offset="12" sl="64" sc="38" el="64" ec="47" bec="0" bev="0" fileid="15" />
                <SequencePoint vc="0" uspid="1224" ordinal="2" offset="21" sl="64" sc="22" el="64" ec="34" bec="0" bev="0" fileid="15" />
                <SequencePoint vc="0" uspid="1225" ordinal="3" offset="28" sl="66" sc="17" el="66" ec="68" bec="0" bev="0" fileid="15" />
                <SequencePoint vc="0" uspid="1226" ordinal="4" offset="40" sl="64" sc="35" el="64" ec="37" bec="0" bev="0" fileid="15" />
                <SequencePoint vc="0" uspid="1227" ordinal="5" offset="60" sl="69" sc="13" el="69" ec="46" bec="0" bev="0" fileid="15" />
              </SequencePoints>
              <BranchPoints />
              <MethodPoint xsi:type="SequencePoint" vc="0" uspid="1222" ordinal="0" offset="0" sl="62" sc="13" el="62" ec="71" bec="0" bev="0" fileid="15" />
            </Method>
            <Method visited="true" cyclomaticComplexity="1" nPathComplexity="0" sequenceCoverage="100" branchCoverage="100" crapScore="1" isConstructor="true" isStatic="true" isGetter="false" isSetter="false">
              <Summary numSequencePoints="1" visitedSequencePoints="1" numBranchPoints="1" visitedBranchPoints="1" sequenceCoverage="100" branchCoverage="100" maxCyclomaticComplexity="1" minCyclomaticComplexity="1" maxCrapScore="1" minCrapScore="1" visitedClasses="0" numClasses="0" visitedMethods="1" numMethods="1" />
              <MetadataToken>100663555</MetadataToken>
              <Name>System.Void NUnit.VisualStudio.TestAdapter.NUnitTestFilterBuilder::.cctor()</Name>
              <FileRef uid="15" />
              <SequencePoints>
                <SequencePoint vc="1" uspid="1230" ordinal="0" offset="0" sl="36" sc="9" el="36" ec="92" bec="0" bev="0" fileid="15" />
              </SequencePoints>
              <BranchPoints />
              <MethodPoint xsi:type="SequencePoint" vc="1" uspid="1230" ordinal="0" offset="0" sl="36" sc="9" el="36" ec="92" bec="0" bev="0" fileid="15" />
            </Method>
          </Methods>
        </Class>
        <Class>
          <Summary numSequencePoints="133" visitedSequencePoints="64" numBranchPoints="125" visitedBranchPoints="39" sequenceCoverage="48.12" branchCoverage="31.2" maxCyclomaticComplexity="14" minCyclomaticComplexity="1" maxCrapScore="90" minCrapScore="1" visitedClasses="1" numClasses="1" visitedMethods="13" numMethods="16" />
          <FullName>NUnit.VisualStudio.TestAdapter.TestConverter</FullName>
          <Methods>
            <Method visited="true" cyclomaticComplexity="1" nPathComplexity="0" sequenceCoverage="100" branchCoverage="100" crapScore="1" isConstructor="false" isStatic="false" isGetter="true" isSetter="false">
              <Summary numSequencePoints="1" visitedSequencePoints="1" numBranchPoints="1" visitedBranchPoints="1" sequenceCoverage="100" branchCoverage="100" maxCyclomaticComplexity="1" minCyclomaticComplexity="1" maxCrapScore="1" minCrapScore="1" visitedClasses="0" numClasses="0" visitedMethods="1" numMethods="1" />
              <MetadataToken>100663558</MetadataToken>
              <Name>System.Boolean NUnit.VisualStudio.TestAdapter.TestConverter::get_CollectSourceInformation()</Name>
              <FileRef uid="16" />
              <SequencePoints>
                <SequencePoint vc="10" uspid="1231" ordinal="0" offset="0" sl="48" sc="50" el="48" ec="90" bec="0" bev="0" fileid="16" />
              </SequencePoints>
              <BranchPoints />
              <MethodPoint xsi:type="SequencePoint" vc="10" uspid="1231" ordinal="0" offset="0" sl="48" sc="50" el="48" ec="90" bec="0" bev="0" fileid="16" />
            </Method>
            <Method visited="true" cyclomaticComplexity="1" nPathComplexity="0" sequenceCoverage="100" branchCoverage="100" crapScore="1" isConstructor="false" isStatic="false" isGetter="true" isSetter="false">
              <Summary numSequencePoints="1" visitedSequencePoints="1" numBranchPoints="1" visitedBranchPoints="1" sequenceCoverage="100" branchCoverage="100" maxCyclomaticComplexity="1" minCyclomaticComplexity="1" maxCrapScore="1" minCrapScore="1" visitedClasses="0" numClasses="0" visitedMethods="1" numMethods="1" />
              <MetadataToken>100663561</MetadataToken>
              <Name>System.Collections.Generic.IDictionary`2&lt;System.String,NUnit.VisualStudio.TestAdapter.TraitsFeature/CachedTestCaseInfo&gt; NUnit.VisualStudio.TestAdapter.TestConverter::get_TraitsCache()</Name>
              <FileRef uid="16" />
              <SequencePoints>
                <SequencePoint vc="9" uspid="1232" ordinal="0" offset="0" sl="71" sc="84" el="71" ec="88" bec="0" bev="0" fileid="16" />
              </SequencePoints>
              <BranchPoints />
              <MethodPoint xsi:type="SequencePoint" vc="9" uspid="1232" ordinal="0" offset="0" sl="71" sc="84" el="71" ec="88" bec="0" bev="0" fileid="16" />
            </Method>
            <Method visited="true" cyclomaticComplexity="2" nPathComplexity="2" sequenceCoverage="88.89" branchCoverage="66.67" crapScore="2.01" isConstructor="true" isStatic="false" isGetter="false" isSetter="false">
              <Summary numSequencePoints="9" visitedSequencePoints="8" numBranchPoints="3" visitedBranchPoints="2" sequenceCoverage="88.89" branchCoverage="66.67" maxCyclomaticComplexity="2" minCyclomaticComplexity="2" maxCrapScore="2.01" minCrapScore="2.01" visitedClasses="0" numClasses="0" visitedMethods="1" numMethods="1" />
              <MetadataToken>100663559</MetadataToken>
              <Name>System.Void NUnit.VisualStudio.TestAdapter.TestConverter::.ctor(NUnit.VisualStudio.TestAdapter.ITestLogger,System.String,NUnit.VisualStudio.TestAdapter.IAdapterSettings)</Name>
              <FileRef uid="16" />
              <SequencePoints>
                <SequencePoint vc="1" uspid="1233" ordinal="0" offset="0" sl="52" sc="9" el="52" ec="99" bec="0" bev="0" fileid="16" />
                <SequencePoint vc="1" uspid="1234" ordinal="1" offset="6" sl="54" sc="13" el="54" ec="40" bec="0" bev="0" fileid="16" />
                <SequencePoint vc="1" uspid="1235" ordinal="2" offset="13" sl="55" sc="13" el="55" ec="30" bec="0" bev="0" fileid="16" />
                <SequencePoint vc="1" uspid="1236" ordinal="3" offset="20" sl="56" sc="13" el="56" ec="46" bec="0" bev="0" fileid="16" />
                <SequencePoint vc="1" uspid="1237" ordinal="4" offset="27" sl="57" sc="13" el="57" ec="65" bec="0" bev="0" fileid="16" />
                <SequencePoint vc="1" uspid="1238" ordinal="5" offset="38" sl="58" sc="13" el="58" ec="86" bec="0" bev="0" fileid="16" />
                <SequencePoint vc="1" uspid="1239" ordinal="6" offset="49" sl="60" sc="13" el="60" ec="42" bec="2" bev="1" fileid="16" />
                <SequencePoint vc="0" uspid="1240" ordinal="7" offset="57" sl="62" sc="17" el="62" ec="94" bec="0" bev="0" fileid="16" />
                <SequencePoint vc="1" uspid="1241" ordinal="8" offset="70" sl="64" sc="9" el="64" ec="10" bec="0" bev="0" fileid="16" />
              </SequencePoints>
              <BranchPoints>
                <BranchPoint vc="0" uspid="1242" ordinal="0" offset="55" sl="60" path="0" offsetend="57" fileid="16" />
                <BranchPoint vc="1" uspid="1243" ordinal="1" offset="55" sl="60" path="1" offsetend="70" fileid="16" />
              </BranchPoints>
              <MethodPoint xsi:type="SequencePoint" vc="1" uspid="1233" ordinal="0" offset="0" sl="52" sc="9" el="52" ec="99" bec="0" bev="0" fileid="16" />
            </Method>
            <Method visited="false" cyclomaticComplexity="2" nPathComplexity="2" sequenceCoverage="0" branchCoverage="0" crapScore="6" isConstructor="false" isStatic="false" isGetter="false" isSetter="false">
              <Summary numSequencePoints="2" visitedSequencePoints="0" numBranchPoints="3" visitedBranchPoints="0" sequenceCoverage="0" branchCoverage="0" maxCyclomaticComplexity="2" minCyclomaticComplexity="2" maxCrapScore="6" minCrapScore="6" visitedClasses="0" numClasses="0" visitedMethods="0" numMethods="1" />
              <MetadataToken>100663560</MetadataToken>
              <Name>System.Void NUnit.VisualStudio.TestAdapter.TestConverter::Dispose()</Name>
              <FileRef uid="16" />
              <SequencePoints>
                <SequencePoint vc="0" uspid="1244" ordinal="0" offset="0" sl="68" sc="13" el="68" ec="48" bec="2" bev="0" fileid="16" />
                <SequencePoint vc="0" uspid="1245" ordinal="1" offset="16" sl="69" sc="9" el="69" ec="10" bec="0" bev="0" fileid="16" />
              </SequencePoints>
              <BranchPoints>
                <BranchPoint vc="0" uspid="1246" ordinal="0" offset="7" sl="68" path="0" offsetend="9" fileid="16" />
                <BranchPoint vc="0" uspid="1247" ordinal="1" offset="7" sl="68" path="1" offsetend="11" fileid="16" />
              </BranchPoints>
              <MethodPoint xsi:type="SequencePoint" vc="0" uspid="1244" ordinal="0" offset="0" sl="68" sc="13" el="68" ec="48" bec="2" bev="0" fileid="16" />
            </Method>
            <Method visited="true" cyclomaticComplexity="3" nPathComplexity="4" sequenceCoverage="75" branchCoverage="60" crapScore="3.14" isConstructor="false" isStatic="false" isGetter="false" isSetter="false">
              <Summary numSequencePoints="8" visitedSequencePoints="6" numBranchPoints="5" visitedBranchPoints="3" sequenceCoverage="75" branchCoverage="60" maxCyclomaticComplexity="3" minCyclomaticComplexity="3" maxCrapScore="3.14" minCrapScore="3.14" visitedClasses="0" numClasses="0" visitedMethods="1" numMethods="1" />
              <MetadataToken>100663562</MetadataToken>
              <Name>Microsoft.VisualStudio.TestPlatform.ObjectModel.TestCase NUnit.VisualStudio.TestAdapter.TestConverter::ConvertTestCase(NUnit.VisualStudio.TestAdapter.NUnitEngine.NUnitTestCase)</Name>
              <FileRef uid="16" />
              <SequencePoints>
                <SequencePoint vc="9" uspid="1248" ordinal="0" offset="0" sl="82" sc="13" el="82" ec="38" bec="2" bev="1" fileid="16" />
                <SequencePoint vc="0" uspid="1249" ordinal="1" offset="8" sl="83" sc="17" el="83" ec="99" bec="0" bev="0" fileid="16" />
                <SequencePoint vc="9" uspid="1250" ordinal="2" offset="24" sl="86" sc="13" el="86" ec="37" bec="0" bev="0" fileid="16" />
                <SequencePoint vc="9" uspid="1251" ordinal="3" offset="31" sl="87" sc="13" el="87" ec="48" bec="2" bev="1" fileid="16" />
                <SequencePoint vc="0" uspid="1252" ordinal="4" offset="45" sl="88" sc="17" el="88" ec="43" bec="0" bev="0" fileid="16" />
                <SequencePoint vc="9" uspid="1253" ordinal="5" offset="58" sl="91" sc="13" el="91" ec="62" bec="0" bev="0" fileid="16" />
                <SequencePoint vc="9" uspid="1254" ordinal="6" offset="66" sl="92" sc="13" el="92" ec="46" bec="0" bev="0" fileid="16" />
                <SequencePoint vc="9" uspid="1255" ordinal="7" offset="79" sl="93" sc="13" el="93" ec="29" bec="0" bev="0" fileid="16" />
              </SequencePoints>
              <BranchPoints>
                <BranchPoint vc="0" uspid="1256" ordinal="0" offset="6" sl="82" path="0" offsetend="8" fileid="16" />
                <BranchPoint vc="9" uspid="1257" ordinal="1" offset="6" sl="82" path="1" offsetend="24" fileid="16" />
                <BranchPoint vc="0" uspid="1258" ordinal="2" offset="43" sl="87" path="0" offsetend="45" fileid="16" />
                <BranchPoint vc="9" uspid="1259" ordinal="3" offset="43" sl="87" path="1" offsetend="58" fileid="16" />
              </BranchPoints>
              <MethodPoint xsi:type="SequencePoint" vc="9" uspid="1248" ordinal="0" offset="0" sl="82" sc="13" el="82" ec="38" bec="2" bev="1" fileid="16" />
            </Method>
            <Method visited="true" cyclomaticComplexity="2" nPathComplexity="2" sequenceCoverage="50" branchCoverage="66.67" crapScore="2.50" isConstructor="false" isStatic="false" isGetter="false" isSetter="false">
              <Summary numSequencePoints="4" visitedSequencePoints="2" numBranchPoints="3" visitedBranchPoints="2" sequenceCoverage="50" branchCoverage="66.67" maxCyclomaticComplexity="2" minCyclomaticComplexity="2" maxCrapScore="2.50" minCrapScore="2.50" visitedClasses="0" numClasses="0" visitedMethods="1" numMethods="1" />
              <MetadataToken>100663563</MetadataToken>
              <Name>Microsoft.VisualStudio.TestPlatform.ObjectModel.TestCase NUnit.VisualStudio.TestAdapter.TestConverter::GetCachedTestCase(System.String)</Name>
              <FileRef uid="16" />
              <SequencePoints>
                <SequencePoint vc="18" uspid="1260" ordinal="0" offset="0" sl="98" sc="13" el="98" ec="48" bec="2" bev="1" fileid="16" />
                <SequencePoint vc="18" uspid="1261" ordinal="1" offset="14" sl="99" sc="17" el="99" ec="43" bec="0" bev="0" fileid="16" />
                <SequencePoint vc="0" uspid="1262" ordinal="2" offset="27" sl="101" sc="13" el="101" ec="67" bec="0" bev="0" fileid="16" />
                <SequencePoint vc="0" uspid="1263" ordinal="3" offset="54" sl="102" sc="13" el="102" ec="25" bec="0" bev="0" fileid="16" />
              </SequencePoints>
              <BranchPoints>
                <BranchPoint vc="18" uspid="1264" ordinal="0" offset="12" sl="98" path="0" offsetend="14" fileid="16" />
                <BranchPoint vc="0" uspid="1265" ordinal="1" offset="12" sl="98" path="1" offsetend="27" fileid="16" />
              </BranchPoints>
              <MethodPoint xsi:type="SequencePoint" vc="18" uspid="1260" ordinal="0" offset="0" sl="98" sc="13" el="98" ec="48" bec="2" bev="1" fileid="16" />
            </Method>
            <Method visited="true" cyclomaticComplexity="14" nPathComplexity="1536" sequenceCoverage="44.44" branchCoverage="26.09" crapScore="47.62" isConstructor="false" isStatic="false" isGetter="false" isSetter="false">
              <Summary numSequencePoints="18" visitedSequencePoints="8" numBranchPoints="23" visitedBranchPoints="6" sequenceCoverage="44.44" branchCoverage="26.09" maxCyclomaticComplexity="14" minCyclomaticComplexity="14" maxCrapScore="47.62" minCrapScore="47.62" visitedClasses="0" numClasses="0" visitedMethods="1" numMethods="1" />
              <MetadataToken>100663564</MetadataToken>
              <Name>NUnit.VisualStudio.TestAdapter.TestConverter/TestResultSet NUnit.VisualStudio.TestAdapter.TestConverter::GetVsTestResults(NUnit.VisualStudio.TestAdapter.NUnitEngine.INUnitTestEventTestCase,System.Collections.Generic.ICollection`1&lt;NUnit.VisualStudio.TestAdapter.NUnitEngine.INUnitTestEventTestOutput&gt;)</Name>
              <FileRef uid="16" />
              <SequencePoints>
                <SequencePoint vc="9" uspid="1266" ordinal="0" offset="0" sl="109" sc="13" el="109" ec="52" bec="0" bev="0" fileid="16" />
                <SequencePoint vc="9" uspid="1267" ordinal="1" offset="6" sl="111" sc="13" el="111" ec="74" bec="0" bev="0" fileid="16" />
                <SequencePoint vc="9" uspid="1268" ordinal="2" offset="15" sl="113" sc="13" el="113" ec="40" bec="2" bev="1" fileid="16" />
                <SequencePoint vc="9" uspid="1269" ordinal="3" offset="21" sl="115" sc="17" el="115" ec="48" bec="3" bev="1" fileid="16" />
                <SequencePoint vc="0" uspid="1270" ordinal="4" offset="56" sl="120" sc="29" el="120" ec="87" bec="2" bev="0" fileid="16" />
                <SequencePoint vc="0" uspid="1271" ordinal="5" offset="80" sl="121" sc="29" el="121" ec="118" bec="4" bev="0" fileid="16" />
                <SequencePoint vc="0" uspid="1272" ordinal="6" offset="114" sl="122" sc="29" el="122" ec="35" bec="0" bev="0" fileid="16" />
                <SequencePoint vc="0" uspid="1273" ordinal="7" offset="116" sl="126" sc="25" el="126" ec="80" bec="0" bev="0" fileid="16" />
                <SequencePoint vc="0" uspid="1274" ordinal="8" offset="128" sl="127" sc="25" el="127" ec="141" bec="0" bev="0" fileid="16" />
                <SequencePoint vc="0" uspid="1275" ordinal="9" offset="155" sl="128" sc="25" el="128" ec="31" bec="0" bev="0" fileid="16" />
                <SequencePoint vc="9" uspid="1276" ordinal="10" offset="157" sl="131" sc="29" el="131" ec="115" bec="3" bev="2" fileid="16" />
                <SequencePoint vc="0" uspid="1277" ordinal="11" offset="184" sl="132" sc="33" el="132" ec="149" bec="0" bev="0" fileid="16" />
                <SequencePoint vc="9" uspid="1278" ordinal="12" offset="211" sl="137" sc="17" el="137" ec="45" bec="0" bev="0" fileid="16" />
                <SequencePoint vc="9" uspid="1279" ordinal="13" offset="218" sl="140" sc="13" el="140" ec="36" bec="2" bev="1" fileid="16" />
                <SequencePoint vc="0" uspid="1280" ordinal="14" offset="226" sl="142" sc="17" el="142" ec="87" bec="0" bev="0" fileid="16" />
                <SequencePoint vc="0" uspid="1281" ordinal="15" offset="235" sl="143" sc="17" el="143" ec="36" bec="2" bev="0" fileid="16" />
                <SequencePoint vc="0" uspid="1282" ordinal="16" offset="238" sl="144" sc="21" el="144" ec="41" bec="0" bev="0" fileid="16" />
                <SequencePoint vc="9" uspid="1283" ordinal="17" offset="245" sl="146" sc="13" el="146" ec="132" bec="0" bev="0" fileid="16" />
              </SequencePoints>
              <BranchPoints>
                <BranchPoint vc="9" uspid="1284" ordinal="0" offset="16" sl="113" path="0" offsetend="21" fileid="16" />
                <BranchPoint vc="0" uspid="1285" ordinal="1" offset="16" sl="113" path="1" offsetend="218" fileid="16" />
                <BranchPoint vc="0" uspid="1286" ordinal="2" offset="29" sl="115" path="0" offsetchain="54" offsetend="157" fileid="16" />
                <BranchPoint vc="0" uspid="1287" ordinal="3" offset="29" sl="115" path="1" offsetend="116" fileid="16" />
                <BranchPoint vc="9" uspid="1288" ordinal="4" offset="29" sl="115" path="2" offsetend="157" fileid="16" />
                <BranchPoint vc="0" uspid="1289" ordinal="5" offset="29" sl="115" path="3" offsetend="56" fileid="16" />
                <BranchPoint vc="0" uspid="1290" ordinal="6" offset="29" sl="115" path="4" offsetend="116" fileid="16" />
                <BranchPoint vc="0" uspid="1291" ordinal="7" offset="29" sl="115" path="5" offsetend="56" fileid="16" />
                <BranchPoint vc="0" uspid="1292" ordinal="8" offset="64" sl="120" path="0" offsetend="66" fileid="16" />
                <BranchPoint vc="0" uspid="1293" ordinal="9" offset="64" sl="120" path="1" offsetend="70" fileid="16" />
                <BranchPoint vc="0" uspid="1294" ordinal="10" offset="88" sl="121" path="0" offsetend="90" fileid="16" />
                <BranchPoint vc="0" uspid="1295" ordinal="11" offset="88" sl="121" path="1" offsetend="94" fileid="16" />
                <BranchPoint vc="0" uspid="1296" ordinal="12" offset="100" sl="121" path="0" offsetend="102" fileid="16" />
                <BranchPoint vc="0" uspid="1297" ordinal="13" offset="100" sl="121" path="1" offsetend="109" fileid="16" />
                <BranchPoint vc="9" uspid="1298" ordinal="14" offset="169" sl="131" path="0" offsetend="171" fileid="16" />
                <BranchPoint vc="0" uspid="1299" ordinal="15" offset="169" sl="131" path="1" offsetend="211" fileid="16" />
                <BranchPoint vc="0" uspid="1300" ordinal="16" offset="182" sl="131" path="0" offsetend="184" fileid="16" />
                <BranchPoint vc="9" uspid="1301" ordinal="17" offset="182" sl="131" path="1" offsetend="211" fileid="16" />
                <BranchPoint vc="0" uspid="1302" ordinal="18" offset="224" sl="140" path="0" offsetend="226" fileid="16" />
                <BranchPoint vc="9" uspid="1303" ordinal="19" offset="224" sl="140" path="1" offsetend="245" fileid="16" />
                <BranchPoint vc="0" uspid="1304" ordinal="20" offset="236" sl="143" path="0" offsetend="238" fileid="16" />
                <BranchPoint vc="0" uspid="1305" ordinal="21" offset="236" sl="143" path="1" offsetend="245" fileid="16" />
              </BranchPoints>
              <MethodPoint xsi:type="SequencePoint" vc="9" uspid="1266" ordinal="0" offset="0" sl="109" sc="13" el="109" ec="52" bec="0" bev="0" fileid="16" />
            </Method>
            <Method visited="true" cyclomaticComplexity="10" nPathComplexity="512" sequenceCoverage="34.78" branchCoverage="26.32" crapScore="37.74" isConstructor="false" isStatic="false" isGetter="false" isSetter="false">
              <Summary numSequencePoints="23" visitedSequencePoints="8" numBranchPoints="19" visitedBranchPoints="5" sequenceCoverage="34.78" branchCoverage="26.32" maxCyclomaticComplexity="10" minCyclomaticComplexity="10" maxCrapScore="37.74" minCrapScore="37.74" visitedClasses="0" numClasses="0" visitedMethods="1" numMethods="1" />
              <MetadataToken>100663565</MetadataToken>
              <Name>Microsoft.VisualStudio.TestPlatform.ObjectModel.TestCase NUnit.VisualStudio.TestAdapter.TestConverter::MakeTestCaseFromXmlNode(NUnit.VisualStudio.TestAdapter.NUnitEngine.NUnitTestCase)</Name>
              <FileRef uid="16" />
              <SequencePoints>
                <SequencePoint vc="9" uspid="1306" ordinal="0" offset="8" sl="167" sc="13" el="167" ec="59" bec="0" bev="0" fileid="16" />
                <SequencePoint vc="9" uspid="1307" ordinal="1" offset="20" sl="168" sc="13" el="168" ec="66" bec="2" bev="1" fileid="16" />
                <SequencePoint vc="0" uspid="1308" ordinal="2" offset="33" sl="170" sc="17" el="170" ec="46" bec="0" bev="0" fileid="16" />
                <SequencePoint vc="0" uspid="1309" ordinal="3" offset="45" sl="171" sc="17" el="171" ec="68" bec="3" bev="0" fileid="16" />
                <SequencePoint vc="0" uspid="1310" ordinal="4" offset="56" sl="173" sc="21" el="173" ec="69" bec="0" bev="0" fileid="16" />
                <SequencePoint vc="0" uspid="1311" ordinal="5" offset="63" sl="192" sc="21" el="192" ec="74" bec="2" bev="0" fileid="16" />
                <SequencePoint vc="0" uspid="1312" ordinal="6" offset="71" sl="194" sc="25" el="194" ec="72" bec="0" bev="0" fileid="16" />
                <SequencePoint vc="9" uspid="1313" ordinal="7" offset="73" sl="199" sc="13" el="207" ec="15" bec="0" bev="0" fileid="16" />
                <SequencePoint vc="9" uspid="1314" ordinal="8" offset="140" sl="208" sc="13" el="208" ec="57" bec="2" bev="1" fileid="16" />
                <SequencePoint vc="0" uspid="1315" ordinal="9" offset="153" sl="210" sc="17" el="210" ec="38" bec="0" bev="0" fileid="16" />
                <SequencePoint vc="0" uspid="1316" ordinal="10" offset="166" sl="211" sc="17" el="211" ec="58" bec="0" bev="0" fileid="16" />
                <SequencePoint vc="9" uspid="1317" ordinal="11" offset="184" sl="213" sc="13" el="213" ec="77" bec="3" bev="1" fileid="16" />
                <SequencePoint vc="0" uspid="1318" ordinal="12" offset="200" sl="215" sc="17" el="215" ec="50" bec="2" bev="0" fileid="16" />
                <SequencePoint vc="0" uspid="1319" ordinal="13" offset="209" sl="217" sc="21" el="217" ec="56" bec="0" bev="0" fileid="16" />
                <SequencePoint vc="0" uspid="1320" ordinal="14" offset="222" sl="218" sc="21" el="218" ec="58" bec="0" bev="0" fileid="16" />
                <SequencePoint vc="0" uspid="1321" ordinal="15" offset="235" sl="220" sc="21" el="220" ec="100" bec="0" bev="0" fileid="16" />
                <SequencePoint vc="0" uspid="1322" ordinal="16" offset="252" sl="221" sc="21" el="221" ec="41" bec="2" bev="0" fileid="16" />
                <SequencePoint vc="0" uspid="1323" ordinal="17" offset="261" sl="223" sc="25" el="223" ec="66" bec="0" bev="0" fileid="16" />
                <SequencePoint vc="0" uspid="1324" ordinal="18" offset="279" sl="224" sc="25" el="224" ec="66" bec="0" bev="0" fileid="16" />
                <SequencePoint vc="0" uspid="1325" ordinal="19" offset="297" sl="227" sc="13" el="227" ec="14" bec="0" bev="0" fileid="16" />
                <SequencePoint vc="9" uspid="1326" ordinal="20" offset="299" sl="230" sc="17" el="230" ec="49" bec="0" bev="0" fileid="16" />
                <SequencePoint vc="9" uspid="1327" ordinal="21" offset="307" sl="233" sc="13" el="233" ec="93" bec="0" bev="0" fileid="16" />
                <SequencePoint vc="9" uspid="1328" ordinal="22" offset="342" sl="235" sc="13" el="235" ec="29" bec="0" bev="0" fileid="16" />
              </SequencePoints>
              <BranchPoints>
                <BranchPoint vc="0" uspid="1329" ordinal="0" offset="31" sl="168" path="0" offsetend="33" fileid="16" />
                <BranchPoint vc="9" uspid="1330" ordinal="1" offset="31" sl="168" path="1" offsetend="73" fileid="16" />
                <BranchPoint vc="0" uspid="1331" ordinal="2" offset="46" sl="171" path="0" offsetend="48" fileid="16" />
                <BranchPoint vc="0" uspid="1332" ordinal="3" offset="46" sl="171" path="1" offsetend="73" fileid="16" />
                <BranchPoint vc="0" uspid="1333" ordinal="4" offset="54" sl="171" path="0" offsetend="56" fileid="16" />
                <BranchPoint vc="0" uspid="1334" ordinal="5" offset="54" sl="171" path="1" offsetend="73" fileid="16" />
                <BranchPoint vc="0" uspid="1335" ordinal="6" offset="69" sl="192" path="0" offsetend="71" fileid="16" />
                <BranchPoint vc="0" uspid="1336" ordinal="7" offset="69" sl="192" path="1" offsetend="73" fileid="16" />
                <BranchPoint vc="0" uspid="1337" ordinal="8" offset="151" sl="208" path="0" offsetend="153" fileid="16" />
                <BranchPoint vc="9" uspid="1338" ordinal="9" offset="151" sl="208" path="1" offsetend="184" fileid="16" />
                <BranchPoint vc="0" uspid="1339" ordinal="10" offset="190" sl="213" path="0" offsetend="192" fileid="16" />
                <BranchPoint vc="9" uspid="1340" ordinal="11" offset="190" sl="213" path="1" offsetend="299" fileid="16" />
                <BranchPoint vc="0" uspid="1341" ordinal="12" offset="198" sl="213" path="0" offsetend="200" fileid="16" />
                <BranchPoint vc="9" uspid="1342" ordinal="13" offset="198" sl="213" path="1" offsetend="299" fileid="16" />
                <BranchPoint vc="0" uspid="1343" ordinal="14" offset="207" sl="215" path="0" offsetend="209" fileid="16" />
                <BranchPoint vc="0" uspid="1344" ordinal="15" offset="207" sl="215" path="1" offsetend="307" fileid="16" />
                <BranchPoint vc="0" uspid="1345" ordinal="16" offset="259" sl="221" path="0" offsetend="261" fileid="16" />
                <BranchPoint vc="0" uspid="1346" ordinal="17" offset="259" sl="221" path="1" offsetend="307" fileid="16" />
              </BranchPoints>
              <MethodPoint vc="9" uspid="1347" ordinal="0" offset="0" />
            </Method>
            <Method visited="true" cyclomaticComplexity="6" nPathComplexity="8" sequenceCoverage="66.67" branchCoverage="42.86" crapScore="7.33" isConstructor="false" isStatic="false" isGetter="false" isSetter="false">
              <Summary numSequencePoints="3" visitedSequencePoints="2" numBranchPoints="7" visitedBranchPoints="3" sequenceCoverage="66.67" branchCoverage="42.86" maxCyclomaticComplexity="6" minCyclomaticComplexity="6" maxCrapScore="7.33" minCrapScore="7.33" visitedClasses="0" numClasses="0" visitedMethods="1" numMethods="1" />
              <MetadataToken>100663566</MetadataToken>
              <Name>System.String NUnit.VisualStudio.TestAdapter.TestConverter::CreateDisplayName(System.String,System.String)</Name>
              <FileRef uid="16" />
              <SequencePoints>
                <SequencePoint vc="9" uspid="1348" ordinal="0" offset="0" sl="251" sc="13" el="251" ec="43" bec="2" bev="1" fileid="16" />
                <SequencePoint vc="0" uspid="1349" ordinal="1" offset="13" sl="252" sc="17" el="252" ec="61" bec="0" bev="0" fileid="16" />
                <SequencePoint vc="9" uspid="1350" ordinal="2" offset="19" sl="253" sc="13" el="259" ec="15" bec="4" bev="1" fileid="16" />
              </SequencePoints>
              <BranchPoints>
                <BranchPoint vc="0" uspid="1351" ordinal="0" offset="11" sl="251" path="0" offsetend="13" fileid="16" />
                <BranchPoint vc="9" uspid="1352" ordinal="1" offset="11" sl="251" path="1" offsetend="19" fileid="16" />
                <BranchPoint vc="0" uspid="1353" ordinal="2" offset="32" sl="253" path="0" offsetchain="49" offsetend="81" fileid="16" />
                <BranchPoint vc="9" uspid="1354" ordinal="3" offset="32" sl="253" path="1" offsetend="51" fileid="16" />
                <BranchPoint vc="0" uspid="1355" ordinal="4" offset="32" sl="253" path="2" offsetend="55" fileid="16" />
                <BranchPoint vc="0" uspid="1356" ordinal="5" offset="32" sl="253" path="3" offsetend="59" fileid="16" />
              </BranchPoints>
              <MethodPoint xsi:type="SequencePoint" vc="9" uspid="1348" ordinal="0" offset="0" sl="251" sc="13" el="251" ec="43" bec="2" bev="1" fileid="16" />
            </Method>
            <Method visited="false" cyclomaticComplexity="9" nPathComplexity="64" sequenceCoverage="0" branchCoverage="0" crapScore="90" isConstructor="false" isStatic="false" isGetter="false" isSetter="false">
              <Summary numSequencePoints="10" visitedSequencePoints="0" numBranchPoints="13" visitedBranchPoints="0" sequenceCoverage="0" branchCoverage="0" maxCyclomaticComplexity="9" minCyclomaticComplexity="9" maxCrapScore="90" minCrapScore="90" visitedClasses="0" numClasses="0" visitedMethods="0" numMethods="1" />
              <MetadataToken>100663567</MetadataToken>
              <Name>Microsoft.VisualStudio.TestPlatform.ObjectModel.TestResult NUnit.VisualStudio.TestAdapter.TestConverter::MakeTestResultFromLegacyXmlNode(NUnit.VisualStudio.TestAdapter.NUnitEngine.INUnitTestEventTestCase,System.Collections.Generic.IEnumerable`1&lt;NUnit.VisualStudio.TestAdapter.NUnitEngine.INUnitTestEventTestOutput&gt;)</Name>
              <FileRef uid="16" />
              <SequencePoints>
                <SequencePoint vc="0" uspid="1357" ordinal="0" offset="0" sl="264" sc="13" el="264" ec="69" bec="0" bev="0" fileid="16" />
                <SequencePoint vc="0" uspid="1358" ordinal="1" offset="9" sl="265" sc="13" el="265" ec="35" bec="2" bev="0" fileid="16" />
                <SequencePoint vc="0" uspid="1359" ordinal="2" offset="12" sl="266" sc="17" el="266" ec="29" bec="0" bev="0" fileid="16" />
                <SequencePoint vc="0" uspid="1360" ordinal="3" offset="14" sl="268" sc="13" el="272" ec="28" bec="4" bev="0" fileid="16" />
                <SequencePoint vc="0" uspid="1361" ordinal="4" offset="53" sl="276" sc="13" el="276" ec="86" bec="3" bev="0" fileid="16" />
                <SequencePoint vc="0" uspid="1362" ordinal="5" offset="68" sl="278" sc="17" el="278" ec="54" bec="0" bev="0" fileid="16" />
                <SequencePoint vc="0" uspid="1363" ordinal="6" offset="89" sl="279" sc="17" el="279" ec="87" bec="0" bev="0" fileid="16" />
                <SequencePoint vc="0" uspid="1364" ordinal="7" offset="103" sl="282" sc="13" el="282" ec="46" bec="0" bev="0" fileid="16" />
                <SequencePoint vc="0" uspid="1365" ordinal="8" offset="110" sl="283" sc="13" el="283" ec="72" bec="2" bev="0" fileid="16" />
                <SequencePoint vc="0" uspid="1366" ordinal="9" offset="134" sl="285" sc="13" el="285" ec="30" bec="0" bev="0" fileid="16" />
              </SequencePoints>
              <BranchPoints>
                <BranchPoint vc="0" uspid="1367" ordinal="0" offset="10" sl="265" path="0" offsetend="12" fileid="16" />
                <BranchPoint vc="0" uspid="1368" ordinal="1" offset="10" sl="265" path="1" offsetend="14" fileid="16" />
                <BranchPoint vc="0" uspid="1369" ordinal="2" offset="20" sl="268" path="0" offsetend="22" fileid="16" />
                <BranchPoint vc="0" uspid="1370" ordinal="3" offset="20" sl="268" path="1" offsetend="41" fileid="16" />
                <BranchPoint vc="0" uspid="1371" ordinal="4" offset="28" sl="268" path="0" offsetend="30" fileid="16" />
                <BranchPoint vc="0" uspid="1372" ordinal="5" offset="28" sl="268" path="1" offsetend="33" fileid="16" />
                <BranchPoint vc="0" uspid="1373" ordinal="6" offset="59" sl="276" path="0" offsetend="61" fileid="16" />
                <BranchPoint vc="0" uspid="1374" ordinal="7" offset="59" sl="276" path="1" offsetend="103" fileid="16" />
                <BranchPoint vc="0" uspid="1375" ordinal="8" offset="66" sl="276" path="0" offsetend="68" fileid="16" />
                <BranchPoint vc="0" uspid="1376" ordinal="9" offset="66" sl="276" path="1" offsetend="103" fileid="16" />
                <BranchPoint vc="0" uspid="1377" ordinal="10" offset="118" sl="283" path="0" offsetend="120" fileid="16" />
                <BranchPoint vc="0" uspid="1378" ordinal="11" offset="118" sl="283" path="1" offsetend="124" fileid="16" />
              </BranchPoints>
              <MethodPoint xsi:type="SequencePoint" vc="0" uspid="1357" ordinal="0" offset="0" sl="264" sc="13" el="264" ec="69" bec="0" bev="0" fileid="16" />
            </Method>
            <Method visited="true" cyclomaticComplexity="9" nPathComplexity="256" sequenceCoverage="80.95" branchCoverage="47.06" crapScore="9.56" isConstructor="false" isStatic="false" isGetter="false" isSetter="false">
              <Summary numSequencePoints="21" visitedSequencePoints="17" numBranchPoints="17" visitedBranchPoints="8" sequenceCoverage="80.95" branchCoverage="47.06" maxCyclomaticComplexity="9" minCyclomaticComplexity="9" maxCrapScore="9.56" minCrapScore="9.56" visitedClasses="0" numClasses="0" visitedMethods="1" numMethods="1" />
              <MetadataToken>100663568</MetadataToken>
              <Name>Microsoft.VisualStudio.TestPlatform.ObjectModel.TestResult NUnit.VisualStudio.TestAdapter.TestConverter::GetBasicResult(NUnit.VisualStudio.TestAdapter.NUnitEngine.INUnitTestEvent,System.Collections.Generic.IEnumerable`1&lt;NUnit.VisualStudio.TestAdapter.NUnitEngine.INUnitTestEventTestOutput&gt;)</Name>
              <FileRef uid="16" />
              <SequencePoints>
                <SequencePoint vc="9" uspid="1379" ordinal="0" offset="0" sl="290" sc="13" el="290" ec="59" bec="0" bev="0" fileid="16" />
                <SequencePoint vc="9" uspid="1380" ordinal="1" offset="13" sl="291" sc="13" el="291" ec="32" bec="2" bev="1" fileid="16" />
                <SequencePoint vc="0" uspid="1381" ordinal="2" offset="16" sl="292" sc="17" el="292" ec="29" bec="0" bev="0" fileid="16" />
                <SequencePoint vc="9" uspid="1382" ordinal="3" offset="18" sl="294" sc="13" el="299" ec="15" bec="0" bev="0" fileid="16" />
                <SequencePoint vc="9" uspid="1383" ordinal="4" offset="62" sl="301" sc="13" el="301" ec="52" bec="0" bev="0" fileid="16" />
                <SequencePoint vc="9" uspid="1384" ordinal="5" offset="69" sl="302" sc="13" el="302" ec="30" bec="2" bev="1" fileid="16" />
                <SequencePoint vc="9" uspid="1385" ordinal="6" offset="77" sl="303" sc="17" el="303" ec="53" bec="0" bev="0" fileid="16" />
                <SequencePoint vc="9" uspid="1386" ordinal="7" offset="89" sl="305" sc="13" el="305" ec="48" bec="0" bev="0" fileid="16" />
                <SequencePoint vc="9" uspid="1387" ordinal="8" offset="96" sl="306" sc="13" el="306" ec="28" bec="2" bev="1" fileid="16" />
                <SequencePoint vc="9" uspid="1388" ordinal="9" offset="104" sl="307" sc="17" el="307" ec="49" bec="0" bev="0" fileid="16" />
                <SequencePoint vc="9" uspid="1389" ordinal="10" offset="116" sl="310" sc="13" el="310" ec="138" bec="4" bev="1" fileid="16" />
                <SequencePoint vc="0" uspid="1390" ordinal="11" offset="152" sl="311" sc="17" el="311" ec="59" bec="0" bev="0" fileid="16" />
                <SequencePoint vc="9" uspid="1391" ordinal="12" offset="165" sl="313" sc="13" el="313" ec="61" bec="0" bev="0" fileid="16" />
                <SequencePoint vc="9" uspid="1392" ordinal="13" offset="176" sl="315" sc="13" el="315" ec="62" bec="0" bev="0" fileid="16" />
                <SequencePoint vc="9" uspid="1393" ordinal="14" offset="183" sl="318" sc="13" el="318" ec="44" bec="0" bev="0" fileid="16" />
                <SequencePoint vc="9" uspid="1394" ordinal="15" offset="191" sl="319" sc="13" el="319" ec="47" bec="2" bev="1" fileid="16" />
                <SequencePoint vc="0" uspid="1395" ordinal="16" offset="200" sl="320" sc="17" el="320" ec="109" bec="0" bev="0" fileid="16" />
                <SequencePoint vc="9" uspid="1396" ordinal="17" offset="223" sl="322" sc="13" el="322" ec="62" bec="0" bev="0" fileid="16" />
                <SequencePoint vc="9" uspid="1397" ordinal="18" offset="232" sl="323" sc="13" el="323" ec="53" bec="2" bev="1" fileid="16" />
                <SequencePoint vc="0" uspid="1398" ordinal="19" offset="247" sl="324" sc="17" el="324" ec="57" bec="0" bev="0" fileid="16" />
                <SequencePoint vc="9" uspid="1399" ordinal="20" offset="260" sl="326" sc="13" el="326" ec="29" bec="0" bev="0" fileid="16" />
              </SequencePoints>
              <BranchPoints>
                <BranchPoint vc="0" uspid="1400" ordinal="0" offset="14" sl="291" path="0" offsetend="16" fileid="16" />
                <BranchPoint vc="9" uspid="1401" ordinal="1" offset="14" sl="291" path="1" offsetend="18" fileid="16" />
                <BranchPoint vc="9" uspid="1402" ordinal="2" offset="75" sl="302" path="0" offsetend="77" fileid="16" />
                <BranchPoint vc="0" uspid="1403" ordinal="3" offset="75" sl="302" path="1" offsetend="89" fileid="16" />
                <BranchPoint vc="9" uspid="1404" ordinal="4" offset="102" sl="306" path="0" offsetend="104" fileid="16" />
                <BranchPoint vc="0" uspid="1405" ordinal="5" offset="102" sl="306" path="1" offsetend="116" fileid="16" />
                <BranchPoint vc="0" uspid="1406" ordinal="6" offset="132" sl="310" path="0" offsetend="134" fileid="16" />
                <BranchPoint vc="9" uspid="1407" ordinal="7" offset="132" sl="310" path="1" offsetend="165" fileid="16" />
                <BranchPoint vc="0" uspid="1408" ordinal="8" offset="141" sl="310" path="0" offsetend="143" fileid="16" />
                <BranchPoint vc="0" uspid="1409" ordinal="9" offset="141" sl="310" path="1" offsetend="152" fileid="16" />
                <BranchPoint vc="0" uspid="1410" ordinal="10" offset="150" sl="310" path="0" offsetend="152" fileid="16" />
                <BranchPoint vc="9" uspid="1411" ordinal="11" offset="150" sl="310" path="1" offsetend="165" fileid="16" />
                <BranchPoint vc="0" uspid="1412" ordinal="12" offset="198" sl="319" path="0" offsetend="200" fileid="16" />
                <BranchPoint vc="9" uspid="1413" ordinal="13" offset="198" sl="319" path="1" offsetend="223" fileid="16" />
                <BranchPoint vc="0" uspid="1414" ordinal="14" offset="245" sl="323" path="0" offsetend="247" fileid="16" />
                <BranchPoint vc="9" uspid="1415" ordinal="15" offset="245" sl="323" path="1" offsetend="260" fileid="16" />
              </BranchPoints>
              <MethodPoint xsi:type="SequencePoint" vc="9" uspid="1379" ordinal="0" offset="0" sl="290" sc="13" el="290" ec="59" bec="0" bev="0" fileid="16" />
            </Method>
            <Method visited="true" cyclomaticComplexity="7" nPathComplexity="8" sequenceCoverage="50" branchCoverage="14.29" crapScore="13.12" isConstructor="false" isStatic="true" isGetter="false" isSetter="false">
              <Summary numSequencePoints="6" visitedSequencePoints="3" numBranchPoints="7" visitedBranchPoints="1" sequenceCoverage="50" branchCoverage="14.29" maxCyclomaticComplexity="7" minCyclomaticComplexity="7" maxCrapScore="13.12" minCrapScore="13.12" visitedClasses="0" numClasses="0" visitedMethods="1" numMethods="1" />
              <MetadataToken>100663569</MetadataToken>
              <Name>System.Void NUnit.VisualStudio.TestAdapter.TestConverter::FillResultFromOutputNodes(System.Collections.Generic.IEnumerable`1&lt;NUnit.VisualStudio.TestAdapter.NUnitEngine.INUnitTestEventTestOutput&gt;,Microsoft.VisualStudio.TestPlatform.ObjectModel.TestResult)</Name>
              <FileRef uid="16" />
              <SequencePoints>
                <SequencePoint vc="9" uspid="1416" ordinal="0" offset="0" sl="331" sc="36" el="331" ec="47" bec="0" bev="0" fileid="16" />
                <SequencePoint vc="0" uspid="1417" ordinal="1" offset="9" sl="331" sc="22" el="331" ec="32" bec="0" bev="0" fileid="16" />
                <SequencePoint vc="0" uspid="1418" ordinal="2" offset="16" sl="333" sc="17" el="333" ec="75" bec="3" bev="0" fileid="16" />
                <SequencePoint vc="0" uspid="1419" ordinal="3" offset="32" sl="339" sc="17" el="342" ec="83" bec="2" bev="0" fileid="16" />
                <SequencePoint vc="9" uspid="1420" ordinal="4" offset="74" sl="331" sc="33" el="331" ec="35" bec="0" bev="0" fileid="16" />
                <SequencePoint vc="9" uspid="1421" ordinal="5" offset="94" sl="344" sc="9" el="344" ec="10" bec="0" bev="0" fileid="16" />
              </SequencePoints>
              <BranchPoints>
                <BranchPoint vc="0" uspid="1422" ordinal="0" offset="22" sl="333" path="0" offsetend="24" fileid="16" />
                <BranchPoint vc="0" uspid="1423" ordinal="1" offset="22" sl="333" path="1" offsetend="74" fileid="16" />
                <BranchPoint vc="0" uspid="1424" ordinal="2" offset="30" sl="333" path="0" offsetend="32" fileid="16" />
                <BranchPoint vc="0" uspid="1425" ordinal="3" offset="30" sl="333" path="1" offsetend="74" fileid="16" />
                <BranchPoint vc="0" uspid="1426" ordinal="4" offset="44" sl="339" path="0" offsetend="46" fileid="16" />
                <BranchPoint vc="0" uspid="1427" ordinal="5" offset="44" sl="339" path="1" offsetend="53" fileid="16" />
              </BranchPoints>
              <MethodPoint xsi:type="SequencePoint" vc="9" uspid="1416" ordinal="0" offset="0" sl="331" sc="36" el="331" ec="47" bec="0" bev="0" fileid="16" />
            </Method>
            <Method visited="true" cyclomaticComplexity="5" nPathComplexity="4" sequenceCoverage="22.22" branchCoverage="20" crapScore="16.76" isConstructor="false" isStatic="false" isGetter="false" isSetter="false">
              <Summary numSequencePoints="18" visitedSequencePoints="4" numBranchPoints="5" visitedBranchPoints="1" sequenceCoverage="22.22" branchCoverage="20" maxCyclomaticComplexity="5" minCyclomaticComplexity="5" maxCrapScore="16.76" minCrapScore="16.76" visitedClasses="0" numClasses="0" visitedMethods="1" numMethods="1" />
              <MetadataToken>100663570</MetadataToken>
              <Name>Microsoft.VisualStudio.TestPlatform.ObjectModel.AttachmentSet NUnit.VisualStudio.TestAdapter.TestConverter::ParseAttachments(NUnit.VisualStudio.TestAdapter.NUnitEngine.INUnitTestEvent)</Name>
              <FileRef uid="16" />
              <SequencePoints>
                <SequencePoint vc="9" uspid="1430" ordinal="0" offset="0" sl="355" sc="13" el="355" ec="105" bec="0" bev="0" fileid="16" />
                <SequencePoint vc="9" uspid="1431" ordinal="1" offset="21" sl="357" sc="40" el="357" ec="67" bec="0" bev="0" fileid="16" />
                <SequencePoint vc="0" uspid="1432" ordinal="2" offset="38" sl="357" sc="22" el="357" ec="36" bec="0" bev="0" fileid="16" />
                <SequencePoint vc="0" uspid="1433" ordinal="3" offset="44" sl="359" sc="17" el="359" ec="48" bec="0" bev="0" fileid="16" />
                <SequencePoint vc="0" uspid="1434" ordinal="4" offset="51" sl="360" sc="17" el="360" ec="58" bec="0" bev="0" fileid="16" />
                <SequencePoint vc="0" uspid="1435" ordinal="5" offset="57" sl="362" sc="17" el="362" ec="121" bec="3" bev="0" fileid="16" />
                <SequencePoint vc="0" uspid="1436" ordinal="6" offset="79" sl="364" sc="21" el="364" ec="49" bec="0" bev="0" fileid="16" />
                <SequencePoint vc="0" uspid="1437" ordinal="7" offset="92" sl="371" sc="21" el="371" ec="67" bec="0" bev="0" fileid="16" />
                <SequencePoint vc="0" uspid="1438" ordinal="8" offset="101" sl="372" sc="21" el="372" ec="96" bec="0" bev="0" fileid="16" />
                <SequencePoint vc="0" uspid="1439" ordinal="9" offset="120" sl="373" sc="17" el="373" ec="18" bec="0" bev="0" fileid="16" />
                <SequencePoint vc="0" uspid="1440" ordinal="10" offset="122" sl="374" sc="17" el="374" ec="46" bec="0" bev="0" fileid="16" />
                <SequencePoint vc="0" uspid="1441" ordinal="11" offset="124" sl="376" sc="21" el="376" ec="119" bec="0" bev="0" fileid="16" />
                <SequencePoint vc="0" uspid="1442" ordinal="12" offset="158" sl="377" sc="17" el="377" ec="18" bec="0" bev="0" fileid="16" />
                <SequencePoint vc="0" uspid="1443" ordinal="13" offset="160" sl="378" sc="17" el="378" ec="37" bec="0" bev="0" fileid="16" />
                <SequencePoint vc="0" uspid="1444" ordinal="14" offset="162" sl="380" sc="21" el="380" ec="95" bec="0" bev="0" fileid="16" />
                <SequencePoint vc="0" uspid="1445" ordinal="15" offset="222" sl="381" sc="17" el="381" ec="18" bec="0" bev="0" fileid="16" />
                <SequencePoint vc="9" uspid="1446" ordinal="16" offset="224" sl="357" sc="37" el="357" ec="39" bec="0" bev="0" fileid="16" />
                <SequencePoint vc="9" uspid="1447" ordinal="17" offset="247" sl="384" sc="13" el="384" ec="34" bec="0" bev="0" fileid="16" />
              </SequencePoints>
              <BranchPoints>
                <BranchPoint vc="0" uspid="1448" ordinal="0" offset="63" sl="362" path="0" offsetend="65" fileid="16" />
                <BranchPoint vc="0" uspid="1449" ordinal="1" offset="63" sl="362" path="1" offsetend="91" fileid="16" />
                <BranchPoint vc="0" uspid="1450" ordinal="2" offset="77" sl="362" path="0" offsetend="79" fileid="16" />
                <BranchPoint vc="0" uspid="1451" ordinal="3" offset="77" sl="362" path="1" offsetend="91" fileid="16" />
              </BranchPoints>
              <MethodPoint xsi:type="SequencePoint" vc="9" uspid="1430" ordinal="0" offset="0" sl="355" sc="13" el="355" ec="105" bec="0" bev="0" fileid="16" />
            </Method>
            <Method visited="true" cyclomaticComplexity="8" nPathComplexity="10" sequenceCoverage="100" branchCoverage="25" crapScore="8" isConstructor="false" isStatic="false" isGetter="false" isSetter="false">
              <Summary numSequencePoints="1" visitedSequencePoints="1" numBranchPoints="8" visitedBranchPoints="2" sequenceCoverage="100" branchCoverage="25" maxCyclomaticComplexity="8" minCyclomaticComplexity="8" maxCrapScore="8" minCrapScore="8" visitedClasses="0" numClasses="0" visitedMethods="1" numMethods="1" />
              <MetadataToken>100663571</MetadataToken>
              <Name>Microsoft.VisualStudio.TestPlatform.ObjectModel.TestOutcome NUnit.VisualStudio.TestAdapter.TestConverter::GetTestOutcome(NUnit.VisualStudio.TestAdapter.NUnitEngine.INUnitTestEvent)</Name>
              <FileRef uid="16" />
              <SequencePoints>
                <SequencePoint vc="9" uspid="1454" ordinal="0" offset="0" sl="390" sc="13" el="397" ec="15" bec="7" bev="1" fileid="16" />
              </SequencePoints>
              <BranchPoints>
                <BranchPoint vc="0" uspid="1455" ordinal="0" offset="8" sl="390" path="0" offsetchain="29" offsetend="68" fileid="16" />
                <BranchPoint vc="0" uspid="1456" ordinal="1" offset="8" sl="390" path="1" offsetend="35" fileid="16" />
                <BranchPoint vc="9" uspid="1457" ordinal="2" offset="8" sl="390" path="2" offsetend="31" fileid="16" />
                <BranchPoint vc="0" uspid="1458" ordinal="3" offset="8" sl="390" path="3" offsetend="39" fileid="16" />
                <BranchPoint vc="0" uspid="1459" ordinal="4" offset="8" sl="390" path="4" offsetend="54" fileid="16" />
                <BranchPoint vc="0" uspid="1460" ordinal="5" offset="45" sl="390" path="0" offsetend="47" fileid="16" />
                <BranchPoint vc="0" uspid="1461" ordinal="6" offset="45" sl="390" path="1" offsetend="50" fileid="16" />
              </BranchPoints>
              <MethodPoint xsi:type="SequencePoint" vc="9" uspid="1454" ordinal="0" offset="0" sl="390" sc="13" el="397" ec="15" bec="7" bev="1" fileid="16" />
            </Method>
            <Method visited="false" cyclomaticComplexity="1" nPathComplexity="0" sequenceCoverage="0" branchCoverage="0" crapScore="2" isConstructor="true" isStatic="true" isGetter="false" isSetter="false">
              <Summary numSequencePoints="1" visitedSequencePoints="0" numBranchPoints="1" visitedBranchPoints="0" sequenceCoverage="0" branchCoverage="0" maxCyclomaticComplexity="1" minCyclomaticComplexity="1" maxCrapScore="2" minCrapScore="2" visitedClasses="0" numClasses="0" visitedMethods="0" numMethods="1" />
              <MetadataToken>100663572</MetadataToken>
              <Name>System.Void NUnit.VisualStudio.TestAdapter.TestConverter::.cctor()</Name>
              <FileRef uid="16" />
              <SequencePoints>
                <SequencePoint vc="0" uspid="1462" ordinal="0" offset="0" sl="105" sc="9" el="105" ec="65" bec="0" bev="0" fileid="16" />
              </SequencePoints>
              <BranchPoints />
              <MethodPoint xsi:type="SequencePoint" vc="0" uspid="1462" ordinal="0" offset="0" sl="105" sc="9" el="105" ec="65" bec="0" bev="0" fileid="16" />
            </Method>
            <Method visited="true" cyclomaticComplexity="6" nPathComplexity="16" sequenceCoverage="42.86" branchCoverage="44.44" crapScore="12.72" isConstructor="false" isStatic="true" isGetter="false" isSetter="false">
              <Summary numSequencePoints="7" visitedSequencePoints="3" numBranchPoints="9" visitedBranchPoints="4" sequenceCoverage="42.86" branchCoverage="44.44" maxCyclomaticComplexity="6" minCyclomaticComplexity="6" maxCrapScore="12.72" minCrapScore="12.72" visitedClasses="0" numClasses="0" visitedMethods="1" numMethods="1" />
              <MetadataToken>100663573</MetadataToken>
              <Name>System.Boolean NUnit.VisualStudio.TestAdapter.TestConverter::&lt;MakeTestCaseFromXmlNode&gt;g__CheckCodeFilePathOverride|17_0(NUnit.VisualStudio.TestAdapter.TestConverter/&lt;&gt;c__DisplayClass17_0&amp;)</Name>
              <FileRef uid="16" />
              <SequencePoints>
                <SequencePoint vc="9" uspid="1463" ordinal="0" offset="0" sl="239" sc="17" el="239" ec="103" bec="2" bev="2" fileid="16" />
                <SequencePoint vc="9" uspid="1464" ordinal="1" offset="48" sl="240" sc="17" el="240" ec="42" bec="2" bev="1" fileid="16" />
                <SequencePoint vc="9" uspid="1465" ordinal="2" offset="51" sl="241" sc="21" el="241" ec="34" bec="0" bev="0" fileid="16" />
                <SequencePoint vc="0" uspid="1466" ordinal="3" offset="53" sl="242" sc="17" el="242" ec="60" bec="0" bev="0" fileid="16" />
                <SequencePoint vc="0" uspid="1467" ordinal="4" offset="70" sl="243" sc="17" el="243" ec="99" bec="2" bev="0" fileid="16" />
                <SequencePoint vc="0" uspid="1468" ordinal="5" offset="118" sl="244" sc="17" el="244" ec="98" bec="2" bev="0" fileid="16" />
                <SequencePoint vc="0" uspid="1469" ordinal="6" offset="146" sl="245" sc="17" el="245" ec="29" bec="0" bev="0" fileid="16" />
              </SequencePoints>
              <BranchPoints>
                <BranchPoint vc="1" uspid="1470" ordinal="0" offset="17" sl="239" path="0" offsetend="19" fileid="16" />
                <BranchPoint vc="8" uspid="1471" ordinal="1" offset="17" sl="239" path="1" offsetend="42" fileid="16" />
                <BranchPoint vc="9" uspid="1472" ordinal="2" offset="49" sl="240" path="0" offsetend="51" fileid="16" />
                <BranchPoint vc="0" uspid="1473" ordinal="3" offset="49" sl="240" path="1" offsetend="53" fileid="16" />
                <BranchPoint vc="0" uspid="1474" ordinal="4" offset="87" sl="243" path="0" offsetend="89" fileid="16" />
                <BranchPoint vc="0" uspid="1475" ordinal="5" offset="87" sl="243" path="1" offsetend="112" fileid="16" />
                <BranchPoint vc="0" uspid="1476" ordinal="6" offset="125" sl="244" path="0" offsetend="127" fileid="16" />
                <BranchPoint vc="0" uspid="1477" ordinal="7" offset="125" sl="244" path="1" offsetend="130" fileid="16" />
              </BranchPoints>
              <MethodPoint xsi:type="SequencePoint" vc="9" uspid="1463" ordinal="0" offset="0" sl="239" sc="17" el="239" ec="103" bec="2" bev="2" fileid="16" />
            </Method>
          </Methods>
        </Class>
        <Class>
          <Summary numSequencePoints="6" visitedSequencePoints="6" numBranchPoints="6" visitedBranchPoints="6" sequenceCoverage="100" branchCoverage="100" maxCyclomaticComplexity="1" minCyclomaticComplexity="1" maxCrapScore="1" minCrapScore="1" visitedClasses="1" numClasses="1" visitedMethods="6" numMethods="6" />
          <FullName>NUnit.VisualStudio.TestAdapter.TestConverter/TestResultSet</FullName>
          <Methods>
            <Method visited="true" cyclomaticComplexity="1" nPathComplexity="0" sequenceCoverage="100" branchCoverage="100" crapScore="1" isConstructor="false" isStatic="false" isGetter="true" isSetter="false">
              <Summary numSequencePoints="1" visitedSequencePoints="1" numBranchPoints="1" visitedBranchPoints="1" sequenceCoverage="100" branchCoverage="100" maxCyclomaticComplexity="1" minCyclomaticComplexity="1" maxCrapScore="1" minCrapScore="1" visitedClasses="0" numClasses="0" visitedMethods="1" numMethods="1" />
              <MetadataToken>100663831</MetadataToken>
              <Name>System.Collections.Generic.IList`1&lt;Microsoft.VisualStudio.TestPlatform.ObjectModel.TestResult&gt; NUnit.VisualStudio.TestAdapter.TestConverter/TestResultSet::get_TestResults()</Name>
              <FileRef uid="16" />
              <SequencePoints>
                <SequencePoint vc="9" uspid="1478" ordinal="0" offset="0" sl="151" sc="54" el="151" ec="58" bec="0" bev="0" fileid="16" />
              </SequencePoints>
              <BranchPoints />
              <MethodPoint xsi:type="SequencePoint" vc="9" uspid="1478" ordinal="0" offset="0" sl="151" sc="54" el="151" ec="58" bec="0" bev="0" fileid="16" />
            </Method>
            <Method visited="true" cyclomaticComplexity="1" nPathComplexity="0" sequenceCoverage="100" branchCoverage="100" crapScore="1" isConstructor="false" isStatic="false" isGetter="false" isSetter="true">
              <Summary numSequencePoints="1" visitedSequencePoints="1" numBranchPoints="1" visitedBranchPoints="1" sequenceCoverage="100" branchCoverage="100" maxCyclomaticComplexity="1" minCyclomaticComplexity="1" maxCrapScore="1" minCrapScore="1" visitedClasses="0" numClasses="0" visitedMethods="1" numMethods="1" />
              <MetadataToken>100663832</MetadataToken>
              <Name>System.Void NUnit.VisualStudio.TestAdapter.TestConverter/TestResultSet::set_TestResults(System.Collections.Generic.IList`1&lt;Microsoft.VisualStudio.TestPlatform.ObjectModel.TestResult&gt;)</Name>
              <FileRef uid="16" />
              <SequencePoints>
                <SequencePoint vc="9" uspid="1479" ordinal="0" offset="0" sl="151" sc="59" el="151" ec="63" bec="0" bev="0" fileid="16" />
              </SequencePoints>
              <BranchPoints />
              <MethodPoint xsi:type="SequencePoint" vc="9" uspid="1479" ordinal="0" offset="0" sl="151" sc="59" el="151" ec="63" bec="0" bev="0" fileid="16" />
            </Method>
            <Method visited="true" cyclomaticComplexity="1" nPathComplexity="0" sequenceCoverage="100" branchCoverage="100" crapScore="1" isConstructor="false" isStatic="false" isGetter="true" isSetter="false">
              <Summary numSequencePoints="1" visitedSequencePoints="1" numBranchPoints="1" visitedBranchPoints="1" sequenceCoverage="100" branchCoverage="100" maxCyclomaticComplexity="1" minCyclomaticComplexity="1" maxCrapScore="1" minCrapScore="1" visitedClasses="0" numClasses="0" visitedMethods="1" numMethods="1" />
              <MetadataToken>100663833</MetadataToken>
              <Name>Microsoft.VisualStudio.TestPlatform.ObjectModel.TestResult NUnit.VisualStudio.TestAdapter.TestConverter/TestResultSet::get_TestCaseResult()</Name>
              <FileRef uid="16" />
              <SequencePoints>
                <SequencePoint vc="27" uspid="1480" ordinal="0" offset="0" sl="152" sc="48" el="152" ec="52" bec="0" bev="0" fileid="16" />
              </SequencePoints>
              <BranchPoints />
              <MethodPoint xsi:type="SequencePoint" vc="27" uspid="1480" ordinal="0" offset="0" sl="152" sc="48" el="152" ec="52" bec="0" bev="0" fileid="16" />
            </Method>
            <Method visited="true" cyclomaticComplexity="1" nPathComplexity="0" sequenceCoverage="100" branchCoverage="100" crapScore="1" isConstructor="false" isStatic="false" isGetter="false" isSetter="true">
              <Summary numSequencePoints="1" visitedSequencePoints="1" numBranchPoints="1" visitedBranchPoints="1" sequenceCoverage="100" branchCoverage="100" maxCyclomaticComplexity="1" minCyclomaticComplexity="1" maxCrapScore="1" minCrapScore="1" visitedClasses="0" numClasses="0" visitedMethods="1" numMethods="1" />
              <MetadataToken>100663834</MetadataToken>
              <Name>System.Void NUnit.VisualStudio.TestAdapter.TestConverter/TestResultSet::set_TestCaseResult(Microsoft.VisualStudio.TestPlatform.ObjectModel.TestResult)</Name>
              <FileRef uid="16" />
              <SequencePoints>
                <SequencePoint vc="9" uspid="1481" ordinal="0" offset="0" sl="152" sc="53" el="152" ec="57" bec="0" bev="0" fileid="16" />
              </SequencePoints>
              <BranchPoints />
              <MethodPoint xsi:type="SequencePoint" vc="9" uspid="1481" ordinal="0" offset="0" sl="152" sc="53" el="152" ec="57" bec="0" bev="0" fileid="16" />
            </Method>
            <Method visited="true" cyclomaticComplexity="1" nPathComplexity="0" sequenceCoverage="100" branchCoverage="100" crapScore="1" isConstructor="false" isStatic="false" isGetter="true" isSetter="false">
              <Summary numSequencePoints="1" visitedSequencePoints="1" numBranchPoints="1" visitedBranchPoints="1" sequenceCoverage="100" branchCoverage="100" maxCyclomaticComplexity="1" minCyclomaticComplexity="1" maxCrapScore="1" minCrapScore="1" visitedClasses="0" numClasses="0" visitedMethods="1" numMethods="1" />
              <MetadataToken>100663835</MetadataToken>
              <Name>System.String NUnit.VisualStudio.TestAdapter.TestConverter/TestResultSet::get_ConsoleOutput()</Name>
              <FileRef uid="16" />
              <SequencePoints>
                <SequencePoint vc="9" uspid="1482" ordinal="0" offset="0" sl="154" sc="43" el="154" ec="47" bec="0" bev="0" fileid="16" />
              </SequencePoints>
              <BranchPoints />
              <MethodPoint xsi:type="SequencePoint" vc="9" uspid="1482" ordinal="0" offset="0" sl="154" sc="43" el="154" ec="47" bec="0" bev="0" fileid="16" />
            </Method>
            <Method visited="true" cyclomaticComplexity="1" nPathComplexity="0" sequenceCoverage="100" branchCoverage="100" crapScore="1" isConstructor="false" isStatic="false" isGetter="false" isSetter="true">
              <Summary numSequencePoints="1" visitedSequencePoints="1" numBranchPoints="1" visitedBranchPoints="1" sequenceCoverage="100" branchCoverage="100" maxCyclomaticComplexity="1" minCyclomaticComplexity="1" maxCrapScore="1" minCrapScore="1" visitedClasses="0" numClasses="0" visitedMethods="1" numMethods="1" />
              <MetadataToken>100663836</MetadataToken>
              <Name>System.Void NUnit.VisualStudio.TestAdapter.TestConverter/TestResultSet::set_ConsoleOutput(System.String)</Name>
              <FileRef uid="16" />
              <SequencePoints>
                <SequencePoint vc="9" uspid="1483" ordinal="0" offset="0" sl="154" sc="48" el="154" ec="52" bec="0" bev="0" fileid="16" />
              </SequencePoints>
              <BranchPoints />
              <MethodPoint xsi:type="SequencePoint" vc="9" uspid="1483" ordinal="0" offset="0" sl="154" sc="48" el="154" ec="52" bec="0" bev="0" fileid="16" />
            </Method>
          </Methods>
        </Class>
        <Class>
          <Summary numSequencePoints="2" visitedSequencePoints="0" numBranchPoints="2" visitedBranchPoints="0" sequenceCoverage="0" branchCoverage="0" maxCyclomaticComplexity="1" minCyclomaticComplexity="1" maxCrapScore="2" minCrapScore="2" visitedClasses="0" numClasses="1" visitedMethods="0" numMethods="2" />
          <FullName>NUnit.VisualStudio.TestAdapter.TestConverter/&lt;&gt;c</FullName>
          <Methods>
            <Method visited="false" cyclomaticComplexity="1" nPathComplexity="0" sequenceCoverage="0" branchCoverage="0" crapScore="2" isConstructor="true" isStatic="true" isGetter="false" isSetter="false">
              <Summary numSequencePoints="0" visitedSequencePoints="0" numBranchPoints="0" visitedBranchPoints="0" sequenceCoverage="0" branchCoverage="0" maxCyclomaticComplexity="1" minCyclomaticComplexity="1" maxCrapScore="2" minCrapScore="2" visitedClasses="0" numClasses="0" visitedMethods="0" numMethods="0" />
              <MetadataToken>100663837</MetadataToken>
              <Name>System.Void NUnit.VisualStudio.TestAdapter.TestConverter/&lt;&gt;c::.cctor()</Name>
              <SequencePoints />
              <BranchPoints />
              <MethodPoint vc="0" uspid="1484" ordinal="0" offset="0" />
            </Method>
            <Method visited="false" cyclomaticComplexity="1" nPathComplexity="0" sequenceCoverage="0" branchCoverage="0" crapScore="2" isConstructor="true" isStatic="false" isGetter="false" isSetter="false">
              <Summary numSequencePoints="0" visitedSequencePoints="0" numBranchPoints="0" visitedBranchPoints="0" sequenceCoverage="0" branchCoverage="0" maxCyclomaticComplexity="1" minCyclomaticComplexity="1" maxCrapScore="2" minCrapScore="2" visitedClasses="0" numClasses="0" visitedMethods="0" numMethods="0" />
              <MetadataToken>100663838</MetadataToken>
              <Name>System.Void NUnit.VisualStudio.TestAdapter.TestConverter/&lt;&gt;c::.ctor()</Name>
              <SequencePoints />
              <BranchPoints />
              <MethodPoint vc="0" uspid="1485" ordinal="0" offset="0" />
            </Method>
            <Method visited="false" cyclomaticComplexity="1" nPathComplexity="0" sequenceCoverage="0" branchCoverage="0" crapScore="2" isConstructor="false" isStatic="false" isGetter="false" isSetter="false">
              <Summary numSequencePoints="1" visitedSequencePoints="0" numBranchPoints="1" visitedBranchPoints="0" sequenceCoverage="0" branchCoverage="0" maxCyclomaticComplexity="1" minCyclomaticComplexity="1" maxCrapScore="2" minCrapScore="2" visitedClasses="0" numClasses="0" visitedMethods="0" numMethods="1" />
              <MetadataToken>100663839</MetadataToken>
              <Name>System.Boolean NUnit.VisualStudio.TestAdapter.TestConverter/&lt;&gt;c::&lt;MakeTestCaseFromXmlNode&gt;b__17_1(NUnit.VisualStudio.TestAdapter.NUnitEngine.NUnitProperty)</Name>
              <FileRef uid="16" />
              <SequencePoints>
                <SequencePoint vc="0" uspid="1486" ordinal="0" offset="0" sl="239" sc="76" el="239" ec="101" bec="0" bev="0" fileid="16" />
              </SequencePoints>
              <BranchPoints />
              <MethodPoint xsi:type="SequencePoint" vc="0" uspid="1486" ordinal="0" offset="0" sl="239" sc="76" el="239" ec="101" bec="0" bev="0" fileid="16" />
            </Method>
            <Method visited="false" cyclomaticComplexity="1" nPathComplexity="0" sequenceCoverage="0" branchCoverage="0" crapScore="2" isConstructor="false" isStatic="false" isGetter="false" isSetter="false">
              <Summary numSequencePoints="1" visitedSequencePoints="0" numBranchPoints="1" visitedBranchPoints="0" sequenceCoverage="0" branchCoverage="0" maxCyclomaticComplexity="1" minCyclomaticComplexity="1" maxCrapScore="2" minCrapScore="2" visitedClasses="0" numClasses="0" visitedMethods="0" numMethods="1" />
              <MetadataToken>100663840</MetadataToken>
              <Name>System.Boolean NUnit.VisualStudio.TestAdapter.TestConverter/&lt;&gt;c::&lt;MakeTestCaseFromXmlNode&gt;b__17_2(NUnit.VisualStudio.TestAdapter.NUnitEngine.NUnitProperty)</Name>
              <FileRef uid="16" />
              <SequencePoints>
                <SequencePoint vc="0" uspid="1487" ordinal="0" offset="0" sl="243" sc="74" el="243" ec="97" bec="0" bev="0" fileid="16" />
              </SequencePoints>
              <BranchPoints />
              <MethodPoint xsi:type="SequencePoint" vc="0" uspid="1487" ordinal="0" offset="0" sl="243" sc="74" el="243" ec="97" bec="0" bev="0" fileid="16" />
            </Method>
          </Methods>
        </Class>
        <Class>
          <Summary numSequencePoints="37" visitedSequencePoints="15" numBranchPoints="27" visitedBranchPoints="12" sequenceCoverage="40.54" branchCoverage="44.44" maxCyclomaticComplexity="4" minCyclomaticComplexity="1" maxCrapScore="12" minCrapScore="1" visitedClasses="1" numClasses="1" visitedMethods="7" numMethods="13" />
          <FullName>NUnit.VisualStudio.TestAdapter.TestLogger</FullName>
          <Methods>
            <Method visited="true" cyclomaticComplexity="1" nPathComplexity="0" sequenceCoverage="100" branchCoverage="100" crapScore="1" isConstructor="false" isStatic="false" isGetter="true" isSetter="false">
              <Summary numSequencePoints="1" visitedSequencePoints="1" numBranchPoints="1" visitedBranchPoints="1" sequenceCoverage="100" branchCoverage="100" maxCyclomaticComplexity="1" minCyclomaticComplexity="1" maxCrapScore="1" minCrapScore="1" visitedClasses="0" numClasses="0" visitedMethods="1" numMethods="1" />
              <MetadataToken>100663579</MetadataToken>
              <Name>Microsoft.VisualStudio.TestPlatform.ObjectModel.Logging.IMessageLogger NUnit.VisualStudio.TestAdapter.TestLogger::get_MessageLogger()</Name>
              <FileRef uid="19" />
              <SequencePoints>
                <SequencePoint vc="4" uspid="1488" ordinal="0" offset="0" sl="53" sc="48" el="53" ec="52" bec="0" bev="0" fileid="19" />
              </SequencePoints>
              <BranchPoints />
              <MethodPoint xsi:type="SequencePoint" vc="4" uspid="1488" ordinal="0" offset="0" sl="53" sc="48" el="53" ec="52" bec="0" bev="0" fileid="19" />
            </Method>
            <Method visited="false" cyclomaticComplexity="1" nPathComplexity="0" sequenceCoverage="0" branchCoverage="0" crapScore="2" isConstructor="false" isStatic="false" isGetter="true" isSetter="false">
              <Summary numSequencePoints="1" visitedSequencePoints="0" numBranchPoints="1" visitedBranchPoints="0" sequenceCoverage="0" branchCoverage="0" maxCyclomaticComplexity="1" minCyclomaticComplexity="1" maxCrapScore="2" minCrapScore="2" visitedClasses="0" numClasses="0" visitedMethods="0" numMethods="1" />
              <MetadataToken>100663580</MetadataToken>
              <Name>System.Int32 NUnit.VisualStudio.TestAdapter.TestLogger::get_Verbosity()</Name>
              <FileRef uid="19" />
              <SequencePoints>
                <SequencePoint vc="0" uspid="1489" ordinal="0" offset="0" sl="55" sc="32" el="55" ec="36" bec="0" bev="0" fileid="19" />
              </SequencePoints>
              <BranchPoints />
              <MethodPoint xsi:type="SequencePoint" vc="0" uspid="1489" ordinal="0" offset="0" sl="55" sc="32" el="55" ec="36" bec="0" bev="0" fileid="19" />
            </Method>
            <Method visited="true" cyclomaticComplexity="1" nPathComplexity="0" sequenceCoverage="100" branchCoverage="100" crapScore="1" isConstructor="false" isStatic="false" isGetter="false" isSetter="true">
              <Summary numSequencePoints="1" visitedSequencePoints="1" numBranchPoints="1" visitedBranchPoints="1" sequenceCoverage="100" branchCoverage="100" maxCyclomaticComplexity="1" minCyclomaticComplexity="1" maxCrapScore="1" minCrapScore="1" visitedClasses="0" numClasses="0" visitedMethods="1" numMethods="1" />
              <MetadataToken>100663581</MetadataToken>
              <Name>System.Void NUnit.VisualStudio.TestAdapter.TestLogger::set_Verbosity(System.Int32)</Name>
              <FileRef uid="19" />
              <SequencePoints>
                <SequencePoint vc="3" uspid="1490" ordinal="0" offset="0" sl="55" sc="37" el="55" ec="41" bec="0" bev="0" fileid="19" />
              </SequencePoints>
              <BranchPoints />
              <MethodPoint xsi:type="SequencePoint" vc="3" uspid="1490" ordinal="0" offset="0" sl="55" sc="37" el="55" ec="41" bec="0" bev="0" fileid="19" />
            </Method>
            <Method visited="true" cyclomaticComplexity="1" nPathComplexity="0" sequenceCoverage="100" branchCoverage="100" crapScore="1" isConstructor="true" isStatic="false" isGetter="false" isSetter="false">
              <Summary numSequencePoints="3" visitedSequencePoints="3" numBranchPoints="1" visitedBranchPoints="1" sequenceCoverage="100" branchCoverage="100" maxCyclomaticComplexity="1" minCyclomaticComplexity="1" maxCrapScore="1" minCrapScore="1" visitedClasses="0" numClasses="0" visitedMethods="1" numMethods="1" />
              <MetadataToken>100663582</MetadataToken>
              <Name>System.Void NUnit.VisualStudio.TestAdapter.TestLogger::.ctor(Microsoft.VisualStudio.TestPlatform.ObjectModel.Logging.IMessageLogger)</Name>
              <FileRef uid="19" />
              <SequencePoints>
                <SequencePoint vc="1" uspid="1491" ordinal="0" offset="0" sl="57" sc="9" el="57" ec="56" bec="0" bev="0" fileid="19" />
                <SequencePoint vc="1" uspid="1492" ordinal="1" offset="6" sl="59" sc="13" el="59" ec="43" bec="0" bev="0" fileid="19" />
                <SequencePoint vc="1" uspid="1493" ordinal="2" offset="13" sl="60" sc="9" el="60" ec="10" bec="0" bev="0" fileid="19" />
              </SequencePoints>
              <BranchPoints />
              <MethodPoint xsi:type="SequencePoint" vc="1" uspid="1491" ordinal="0" offset="0" sl="57" sc="9" el="57" ec="56" bec="0" bev="0" fileid="19" />
            </Method>
            <Method visited="true" cyclomaticComplexity="1" nPathComplexity="0" sequenceCoverage="100" branchCoverage="100" crapScore="1" isConstructor="false" isStatic="false" isGetter="false" isSetter="false">
              <Summary numSequencePoints="3" visitedSequencePoints="3" numBranchPoints="1" visitedBranchPoints="1" sequenceCoverage="100" branchCoverage="100" maxCyclomaticComplexity="1" minCyclomaticComplexity="1" maxCrapScore="1" minCrapScore="1" visitedClasses="0" numClasses="0" visitedMethods="1" numMethods="1" />
              <MetadataToken>100663583</MetadataToken>
              <Name>NUnit.VisualStudio.TestAdapter.TestLogger NUnit.VisualStudio.TestAdapter.TestLogger::InitSettings(NUnit.VisualStudio.TestAdapter.IAdapterSettings)</Name>
              <FileRef uid="19" />
              <SequencePoints>
                <SequencePoint vc="1" uspid="1494" ordinal="0" offset="0" sl="64" sc="13" el="64" ec="40" bec="0" bev="0" fileid="19" />
                <SequencePoint vc="1" uspid="1495" ordinal="1" offset="7" sl="65" sc="13" el="65" ec="51" bec="0" bev="0" fileid="19" />
                <SequencePoint vc="1" uspid="1496" ordinal="2" offset="24" sl="66" sc="13" el="66" ec="25" bec="0" bev="0" fileid="19" />
              </SequencePoints>
              <BranchPoints />
              <MethodPoint xsi:type="SequencePoint" vc="1" uspid="1494" ordinal="0" offset="0" sl="64" sc="13" el="64" ec="40" bec="0" bev="0" fileid="19" />
            </Method>
            <Method visited="false" cyclomaticComplexity="1" nPathComplexity="0" sequenceCoverage="0" branchCoverage="0" crapScore="2" isConstructor="false" isStatic="false" isGetter="false" isSetter="false">
              <Summary numSequencePoints="2" visitedSequencePoints="0" numBranchPoints="1" visitedBranchPoints="0" sequenceCoverage="0" branchCoverage="0" maxCyclomaticComplexity="1" minCyclomaticComplexity="1" maxCrapScore="2" minCrapScore="2" visitedClasses="0" numClasses="0" visitedMethods="0" numMethods="1" />
              <MetadataToken>100663584</MetadataToken>
              <Name>System.Void NUnit.VisualStudio.TestAdapter.TestLogger::Error(System.String)</Name>
              <FileRef uid="19" />
              <SequencePoints>
                <SequencePoint vc="0" uspid="1497" ordinal="0" offset="0" sl="73" sc="13" el="73" ec="58" bec="0" bev="0" fileid="19" />
                <SequencePoint vc="0" uspid="1498" ordinal="1" offset="8" sl="74" sc="9" el="74" ec="10" bec="0" bev="0" fileid="19" />
              </SequencePoints>
              <BranchPoints />
              <MethodPoint xsi:type="SequencePoint" vc="0" uspid="1497" ordinal="0" offset="0" sl="73" sc="13" el="73" ec="58" bec="0" bev="0" fileid="19" />
            </Method>
            <Method visited="false" cyclomaticComplexity="1" nPathComplexity="0" sequenceCoverage="0" branchCoverage="0" crapScore="2" isConstructor="false" isStatic="false" isGetter="false" isSetter="false">
              <Summary numSequencePoints="2" visitedSequencePoints="0" numBranchPoints="1" visitedBranchPoints="0" sequenceCoverage="0" branchCoverage="0" maxCyclomaticComplexity="1" minCyclomaticComplexity="1" maxCrapScore="2" minCrapScore="2" visitedClasses="0" numClasses="0" visitedMethods="0" numMethods="1" />
              <MetadataToken>100663585</MetadataToken>
              <Name>System.Void NUnit.VisualStudio.TestAdapter.TestLogger::Error(System.String,System.Exception)</Name>
              <FileRef uid="19" />
              <SequencePoints>
                <SequencePoint vc="0" uspid="1499" ordinal="0" offset="0" sl="78" sc="13" el="78" ec="62" bec="0" bev="0" fileid="19" />
                <SequencePoint vc="0" uspid="1500" ordinal="1" offset="9" sl="79" sc="9" el="79" ec="10" bec="0" bev="0" fileid="19" />
              </SequencePoints>
              <BranchPoints />
              <MethodPoint xsi:type="SequencePoint" vc="0" uspid="1499" ordinal="0" offset="0" sl="78" sc="13" el="78" ec="62" bec="0" bev="0" fileid="19" />
            </Method>
            <Method visited="false" cyclomaticComplexity="1" nPathComplexity="0" sequenceCoverage="0" branchCoverage="0" crapScore="2" isConstructor="false" isStatic="false" isGetter="false" isSetter="false">
              <Summary numSequencePoints="2" visitedSequencePoints="0" numBranchPoints="1" visitedBranchPoints="0" sequenceCoverage="0" branchCoverage="0" maxCyclomaticComplexity="1" minCyclomaticComplexity="1" maxCrapScore="2" minCrapScore="2" visitedClasses="0" numClasses="0" visitedMethods="0" numMethods="1" />
              <MetadataToken>100663586</MetadataToken>
              <Name>System.Void NUnit.VisualStudio.TestAdapter.TestLogger::Warning(System.String)</Name>
              <FileRef uid="19" />
              <SequencePoints>
                <SequencePoint vc="0" uspid="1501" ordinal="0" offset="0" sl="87" sc="13" el="87" ec="60" bec="0" bev="0" fileid="19" />
                <SequencePoint vc="0" uspid="1502" ordinal="1" offset="8" sl="88" sc="9" el="88" ec="10" bec="0" bev="0" fileid="19" />
              </SequencePoints>
              <BranchPoints />
              <MethodPoint xsi:type="SequencePoint" vc="0" uspid="1501" ordinal="0" offset="0" sl="87" sc="13" el="87" ec="60" bec="0" bev="0" fileid="19" />
            </Method>
            <Method visited="false" cyclomaticComplexity="1" nPathComplexity="0" sequenceCoverage="0" branchCoverage="0" crapScore="2" isConstructor="false" isStatic="false" isGetter="false" isSetter="false">
              <Summary numSequencePoints="2" visitedSequencePoints="0" numBranchPoints="1" visitedBranchPoints="0" sequenceCoverage="0" branchCoverage="0" maxCyclomaticComplexity="1" minCyclomaticComplexity="1" maxCrapScore="2" minCrapScore="2" visitedClasses="0" numClasses="0" visitedMethods="0" numMethods="1" />
              <MetadataToken>100663587</MetadataToken>
              <Name>System.Void NUnit.VisualStudio.TestAdapter.TestLogger::Warning(System.String,System.Exception)</Name>
              <FileRef uid="19" />
              <SequencePoints>
                <SequencePoint vc="0" uspid="1503" ordinal="0" offset="0" sl="92" sc="13" el="92" ec="64" bec="0" bev="0" fileid="19" />
                <SequencePoint vc="0" uspid="1504" ordinal="1" offset="9" sl="93" sc="9" el="93" ec="10" bec="0" bev="0" fileid="19" />
              </SequencePoints>
              <BranchPoints />
              <MethodPoint xsi:type="SequencePoint" vc="0" uspid="1503" ordinal="0" offset="0" sl="92" sc="13" el="92" ec="64" bec="0" bev="0" fileid="19" />
            </Method>
            <Method visited="true" cyclomaticComplexity="4" nPathComplexity="4" sequenceCoverage="100" branchCoverage="60" crapScore="4" isConstructor="false" isStatic="false" isGetter="false" isSetter="false">
              <Summary numSequencePoints="3" visitedSequencePoints="3" numBranchPoints="5" visitedBranchPoints="3" sequenceCoverage="100" branchCoverage="60" maxCyclomaticComplexity="4" minCyclomaticComplexity="4" maxCrapScore="4" minCrapScore="4" visitedClasses="0" numClasses="0" visitedMethods="1" numMethods="1" />
              <MetadataToken>100663588</MetadataToken>
              <Name>System.Void NUnit.VisualStudio.TestAdapter.TestLogger::Info(System.String)</Name>
              <FileRef uid="19" />
              <SequencePoints>
                <SequencePoint vc="4" uspid="1505" ordinal="0" offset="0" sl="101" sc="13" el="101" ec="49" bec="4" bev="2" fileid="19" />
                <SequencePoint vc="4" uspid="1506" ordinal="1" offset="26" sl="102" sc="17" el="102" ec="70" bec="0" bev="0" fileid="19" />
                <SequencePoint vc="4" uspid="1507" ordinal="2" offset="34" sl="103" sc="9" el="103" ec="10" bec="0" bev="0" fileid="19" />
              </SequencePoints>
              <BranchPoints>
                <BranchPoint vc="0" uspid="1508" ordinal="0" offset="7" sl="101" path="0" offsetend="9" fileid="19" />
                <BranchPoint vc="4" uspid="1509" ordinal="1" offset="7" sl="101" path="1" offsetend="13" fileid="19" />
                <BranchPoint vc="4" uspid="1510" ordinal="2" offset="24" sl="101" path="0" offsetend="26" fileid="19" />
                <BranchPoint vc="0" uspid="1511" ordinal="3" offset="24" sl="101" path="1" offsetend="34" fileid="19" />
              </BranchPoints>
              <MethodPoint xsi:type="SequencePoint" vc="4" uspid="1505" ordinal="0" offset="0" sl="101" sc="13" el="101" ec="49" bec="4" bev="2" fileid="19" />
            </Method>
            <Method visited="true" cyclomaticComplexity="4" nPathComplexity="4" sequenceCoverage="66.67" branchCoverage="60" crapScore="4.59" isConstructor="false" isStatic="false" isGetter="false" isSetter="false">
              <Summary numSequencePoints="3" visitedSequencePoints="2" numBranchPoints="5" visitedBranchPoints="3" sequenceCoverage="66.67" branchCoverage="60" maxCyclomaticComplexity="4" minCyclomaticComplexity="4" maxCrapScore="4.59" minCrapScore="4.59" visitedClasses="0" numClasses="0" visitedMethods="1" numMethods="1" />
              <MetadataToken>100663589</MetadataToken>
              <Name>System.Void NUnit.VisualStudio.TestAdapter.TestLogger::Debug(System.String)</Name>
              <FileRef uid="19" />
              <SequencePoints>
                <SequencePoint vc="4" uspid="1512" ordinal="0" offset="0" sl="111" sc="13" el="111" ec="49" bec="4" bev="2" fileid="19" />
                <SequencePoint vc="0" uspid="1513" ordinal="1" offset="26" sl="112" sc="17" el="112" ec="70" bec="0" bev="0" fileid="19" />
                <SequencePoint vc="4" uspid="1514" ordinal="2" offset="34" sl="113" sc="9" el="113" ec="10" bec="0" bev="0" fileid="19" />
              </SequencePoints>
              <BranchPoints>
                <BranchPoint vc="0" uspid="1515" ordinal="0" offset="7" sl="111" path="0" offsetend="9" fileid="19" />
                <BranchPoint vc="4" uspid="1516" ordinal="1" offset="7" sl="111" path="1" offsetend="13" fileid="19" />
                <BranchPoint vc="0" uspid="1517" ordinal="2" offset="24" sl="111" path="0" offsetend="26" fileid="19" />
                <BranchPoint vc="4" uspid="1518" ordinal="3" offset="24" sl="111" path="1" offsetend="34" fileid="19" />
              </BranchPoints>
              <MethodPoint xsi:type="SequencePoint" vc="4" uspid="1512" ordinal="0" offset="0" sl="111" sc="13" el="111" ec="49" bec="4" bev="2" fileid="19" />
            </Method>
            <Method visited="true" cyclomaticComplexity="2" nPathComplexity="2" sequenceCoverage="100" branchCoverage="66.67" crapScore="2" isConstructor="false" isStatic="false" isGetter="false" isSetter="false">
              <Summary numSequencePoints="2" visitedSequencePoints="2" numBranchPoints="3" visitedBranchPoints="2" sequenceCoverage="100" branchCoverage="66.67" maxCyclomaticComplexity="2" minCyclomaticComplexity="2" maxCrapScore="2" minCrapScore="2" visitedClasses="0" numClasses="0" visitedMethods="1" numMethods="1" />
              <MetadataToken>100663590</MetadataToken>
              <Name>System.Void NUnit.VisualStudio.TestAdapter.TestLogger::SendMessage(Microsoft.VisualStudio.TestPlatform.ObjectModel.Logging.TestMessageLevel,System.String)</Name>
              <FileRef uid="19" />
              <SequencePoints>
                <SequencePoint vc="4" uspid="1519" ordinal="0" offset="0" sl="121" sc="13" el="121" ec="67" bec="2" bev="1" fileid="19" />
                <SequencePoint vc="4" uspid="1520" ordinal="1" offset="18" sl="122" sc="9" el="122" ec="10" bec="0" bev="0" fileid="19" />
              </SequencePoints>
              <BranchPoints>
                <BranchPoint vc="0" uspid="1521" ordinal="0" offset="7" sl="121" path="0" offsetend="9" fileid="19" />
                <BranchPoint vc="4" uspid="1522" ordinal="1" offset="7" sl="121" path="1" offsetend="11" fileid="19" />
              </BranchPoints>
              <MethodPoint xsi:type="SequencePoint" vc="4" uspid="1519" ordinal="0" offset="0" sl="121" sc="13" el="121" ec="67" bec="2" bev="1" fileid="19" />
            </Method>
            <Method visited="false" cyclomaticComplexity="3" nPathComplexity="4" sequenceCoverage="0" branchCoverage="0" crapScore="12" isConstructor="false" isStatic="false" isGetter="false" isSetter="false">
              <Summary numSequencePoints="12" visitedSequencePoints="0" numBranchPoints="5" visitedBranchPoints="0" sequenceCoverage="0" branchCoverage="0" maxCyclomaticComplexity="3" minCyclomaticComplexity="3" maxCrapScore="12" minCrapScore="12" visitedClasses="0" numClasses="0" visitedMethods="0" numMethods="1" />
              <MetadataToken>100663591</MetadataToken>
              <Name>System.Void NUnit.VisualStudio.TestAdapter.TestLogger::SendMessage(Microsoft.VisualStudio.TestPlatform.ObjectModel.Logging.TestMessageLevel,System.String,System.Exception)</Name>
              <FileRef uid="19" />
              <SequencePoints>
                <SequencePoint vc="0" uspid="1523" ordinal="0" offset="0" sl="126" sc="13" el="126" ec="31" bec="2" bev="0" fileid="19" />
                <SequencePoint vc="0" uspid="1524" ordinal="1" offset="8" sl="129" sc="21" el="129" ec="45" bec="0" bev="0" fileid="19" />
                <SequencePoint vc="0" uspid="1525" ordinal="2" offset="15" sl="130" sc="21" el="130" ec="99" bec="0" bev="0" fileid="19" />
                <SequencePoint vc="0" uspid="1526" ordinal="3" offset="34" sl="131" sc="21" el="131" ec="63" bec="0" bev="0" fileid="19" />
                <SequencePoint vc="0" uspid="1527" ordinal="4" offset="47" sl="132" sc="21" el="132" ec="66" bec="0" bev="0" fileid="19" />
                <SequencePoint vc="0" uspid="1528" ordinal="5" offset="60" sl="133" sc="21" el="133" ec="51" bec="2" bev="0" fileid="19" />
                <SequencePoint vc="0" uspid="1529" ordinal="6" offset="68" sl="135" sc="25" el="135" ec="95" bec="0" bev="0" fileid="19" />
                <SequencePoint vc="0" uspid="1530" ordinal="7" offset="91" sl="137" sc="21" el="137" ec="27" bec="0" bev="0" fileid="19" />
                <SequencePoint vc="0" uspid="1531" ordinal="8" offset="92" sl="140" sc="21" el="140" ec="60" bec="0" bev="0" fileid="19" />
                <SequencePoint vc="0" uspid="1532" ordinal="9" offset="100" sl="141" sc="21" el="141" ec="66" bec="0" bev="0" fileid="19" />
                <SequencePoint vc="0" uspid="1533" ordinal="10" offset="113" sl="142" sc="21" el="142" ec="66" bec="0" bev="0" fileid="19" />
                <SequencePoint vc="0" uspid="1534" ordinal="11" offset="126" sl="145" sc="9" el="145" ec="10" bec="0" bev="0" fileid="19" />
              </SequencePoints>
              <BranchPoints>
                <BranchPoint vc="0" uspid="1535" ordinal="0" offset="6" sl="126" path="0" offsetend="8" fileid="19" />
                <BranchPoint vc="0" uspid="1536" ordinal="1" offset="6" sl="126" path="1" offsetend="92" fileid="19" />
                <BranchPoint vc="0" uspid="1537" ordinal="2" offset="66" sl="133" path="0" offsetend="68" fileid="19" />
                <BranchPoint vc="0" uspid="1538" ordinal="3" offset="66" sl="133" path="1" offsetend="126" fileid="19" />
              </BranchPoints>
              <MethodPoint xsi:type="SequencePoint" vc="0" uspid="1523" ordinal="0" offset="0" sl="126" sc="13" el="126" ec="31" bec="2" bev="0" fileid="19" />
            </Method>
          </Methods>
        </Class>
        <Class>
          <Summary numSequencePoints="47" visitedSequencePoints="20" numBranchPoints="41" visitedBranchPoints="10" sequenceCoverage="42.55" branchCoverage="24.39" maxCyclomaticComplexity="6" minCyclomaticComplexity="1" maxCrapScore="42" minCrapScore="1" visitedClasses="1" numClasses="1" visitedMethods="5" numMethods="11" />
          <FullName>NUnit.VisualStudio.TestAdapter.TfsTestFilter</FullName>
          <Methods>
            <Method visited="true" cyclomaticComplexity="2" nPathComplexity="2" sequenceCoverage="100" branchCoverage="66.67" crapScore="2" isConstructor="false" isStatic="false" isGetter="true" isSetter="false">
              <Summary numSequencePoints="1" visitedSequencePoints="1" numBranchPoints="3" visitedBranchPoints="2" sequenceCoverage="100" branchCoverage="66.67" maxCyclomaticComplexity="2" minCyclomaticComplexity="2" maxCrapScore="2" minCrapScore="2" visitedClasses="0" numClasses="0" visitedMethods="1" numMethods="1" />
              <MetadataToken>100663597</MetadataToken>
              <Name>Microsoft.VisualStudio.TestPlatform.ObjectModel.Adapter.ITestCaseFilterExpression NUnit.VisualStudio.TestAdapter.TfsTestFilter::get_TfsTestCaseFilterExpression()</Name>
              <FileRef uid="20" />
              <SequencePoints>
                <SequencePoint vc="2" uspid="1539" ordinal="0" offset="0" sl="96" sc="13" el="97" ec="109" bec="2" bev="1" fileid="20" />
              </SequencePoints>
              <BranchPoints>
                <BranchPoint vc="2" uspid="1540" ordinal="0" offset="7" sl="96" path="0" offsetend="9" fileid="20" />
                <BranchPoint vc="0" uspid="1541" ordinal="1" offset="7" sl="96" path="1" offsetend="47" fileid="20" />
              </BranchPoints>
              <MethodPoint xsi:type="SequencePoint" vc="2" uspid="1539" ordinal="0" offset="0" sl="96" sc="13" el="97" ec="109" bec="2" bev="1" fileid="20" />
            </Method>
            <Method visited="true" cyclomaticComplexity="2" nPathComplexity="2" sequenceCoverage="100" branchCoverage="66.67" crapScore="2" isConstructor="false" isStatic="false" isGetter="true" isSetter="false">
              <Summary numSequencePoints="1" visitedSequencePoints="1" numBranchPoints="3" visitedBranchPoints="2" sequenceCoverage="100" branchCoverage="66.67" maxCyclomaticComplexity="2" minCyclomaticComplexity="2" maxCrapScore="2" minCrapScore="2" visitedClasses="0" numClasses="0" visitedMethods="1" numMethods="1" />
              <MetadataToken>100663598</MetadataToken>
              <Name>System.Boolean NUnit.VisualStudio.TestAdapter.TfsTestFilter::get_IsEmpty()</Name>
              <FileRef uid="20" />
              <SequencePoints>
                <SequencePoint vc="2" uspid="1542" ordinal="0" offset="0" sl="99" sc="32" el="99" ec="134" bec="2" bev="1" fileid="20" />
              </SequencePoints>
              <BranchPoints>
                <BranchPoint vc="0" uspid="1543" ordinal="0" offset="6" sl="99" path="0" offsetend="8" fileid="20" />
                <BranchPoint vc="2" uspid="1544" ordinal="1" offset="6" sl="99" path="1" offsetend="30" fileid="20" />
              </BranchPoints>
              <MethodPoint xsi:type="SequencePoint" vc="2" uspid="1542" ordinal="0" offset="0" sl="99" sc="32" el="99" ec="134" bec="2" bev="1" fileid="20" />
            </Method>
            <Method visited="true" cyclomaticComplexity="3" nPathComplexity="4" sequenceCoverage="100" branchCoverage="60" crapScore="3" isConstructor="true" isStatic="true" isGetter="false" isSetter="false">
              <Summary numSequencePoints="14" visitedSequencePoints="14" numBranchPoints="5" visitedBranchPoints="3" sequenceCoverage="100" branchCoverage="60" maxCyclomaticComplexity="3" minCyclomaticComplexity="3" maxCrapScore="3" minCrapScore="3" visitedClasses="0" numClasses="0" visitedMethods="1" numMethods="1" />
              <MetadataToken>100663595</MetadataToken>
              <Name>System.Void NUnit.VisualStudio.TestAdapter.TfsTestFilter::.cctor()</Name>
              <FileRef uid="20" />
              <SequencePoints>
                <SequencePoint vc="1" uspid="1545" ordinal="0" offset="0" sl="142" sc="9" el="142" ec="104" bec="0" bev="0" fileid="20" />
                <SequencePoint vc="1" uspid="1546" ordinal="1" offset="10" sl="59" sc="13" el="65" ec="15" bec="0" bev="0" fileid="20" />
                <SequencePoint vc="1" uspid="1547" ordinal="2" offset="89" sl="67" sc="13" el="67" ec="60" bec="0" bev="0" fileid="20" />
                <SequencePoint vc="1" uspid="1548" ordinal="3" offset="105" sl="68" sc="13" el="68" ec="60" bec="0" bev="0" fileid="20" />
                <SequencePoint vc="1" uspid="1549" ordinal="4" offset="121" sl="69" sc="13" el="72" ec="15" bec="0" bev="0" fileid="20" />
                <SequencePoint vc="1" uspid="1550" ordinal="5" offset="172" sl="74" sc="13" el="74" ec="95" bec="0" bev="0" fileid="20" />
                <SequencePoint vc="1" uspid="1551" ordinal="6" offset="187" sl="75" sc="13" el="76" ec="103" bec="2" bev="1" fileid="20" />
                <SequencePoint vc="1" uspid="1552" ordinal="7" offset="237" sl="77" sc="13" el="77" ec="64" bec="0" bev="0" fileid="20" />
                <SequencePoint vc="1" uspid="1553" ordinal="8" offset="249" sl="78" sc="13" el="79" ec="113" bec="2" bev="1" fileid="20" />
                <SequencePoint vc="1" uspid="1554" ordinal="9" offset="299" sl="80" sc="13" el="80" ec="64" bec="0" bev="0" fileid="20" />
                <SequencePoint vc="1" uspid="1555" ordinal="10" offset="311" sl="82" sc="13" el="82" ec="54" bec="0" bev="0" fileid="20" />
                <SequencePoint vc="1" uspid="1556" ordinal="11" offset="321" sl="83" sc="13" el="83" ec="73" bec="0" bev="0" fileid="20" />
                <SequencePoint vc="1" uspid="1557" ordinal="12" offset="341" sl="84" sc="13" el="84" ec="68" bec="0" bev="0" fileid="20" />
                <SequencePoint vc="1" uspid="1558" ordinal="13" offset="361" sl="85" sc="9" el="85" ec="10" bec="0" bev="0" fileid="20" />
              </SequencePoints>
              <BranchPoints>
                <BranchPoint vc="1" uspid="1559" ordinal="0" offset="198" sl="75" path="0" offsetend="200" fileid="20" />
                <BranchPoint vc="0" uspid="1560" ordinal="1" offset="198" sl="75" path="1" offsetend="236" fileid="20" />
                <BranchPoint vc="1" uspid="1561" ordinal="2" offset="260" sl="78" path="0" offsetend="262" fileid="20" />
                <BranchPoint vc="0" uspid="1562" ordinal="3" offset="260" sl="78" path="1" offsetend="298" fileid="20" />
              </BranchPoints>
              <MethodPoint xsi:type="SequencePoint" vc="1" uspid="1545" ordinal="0" offset="0" sl="142" sc="9" el="142" ec="104" bec="0" bev="0" fileid="20" />
            </Method>
            <Method visited="true" cyclomaticComplexity="1" nPathComplexity="0" sequenceCoverage="100" branchCoverage="100" crapScore="1" isConstructor="true" isStatic="false" isGetter="false" isSetter="false">
              <Summary numSequencePoints="3" visitedSequencePoints="3" numBranchPoints="1" visitedBranchPoints="1" sequenceCoverage="100" branchCoverage="100" maxCyclomaticComplexity="1" minCyclomaticComplexity="1" maxCrapScore="1" minCrapScore="1" visitedClasses="0" numClasses="0" visitedMethods="1" numMethods="1" />
              <MetadataToken>100663596</MetadataToken>
              <Name>System.Void NUnit.VisualStudio.TestAdapter.TfsTestFilter::.ctor(Microsoft.VisualStudio.TestPlatform.ObjectModel.Adapter.IRunContext)</Name>
              <FileRef uid="20" />
              <SequencePoints>
                <SequencePoint vc="1" uspid="1563" ordinal="0" offset="0" sl="88" sc="9" el="88" ec="53" bec="0" bev="0" fileid="20" />
                <SequencePoint vc="1" uspid="1564" ordinal="1" offset="6" sl="90" sc="13" el="90" ec="42" bec="0" bev="0" fileid="20" />
                <SequencePoint vc="1" uspid="1565" ordinal="2" offset="13" sl="91" sc="9" el="91" ec="10" bec="0" bev="0" fileid="20" />
              </SequencePoints>
              <BranchPoints />
              <MethodPoint xsi:type="SequencePoint" vc="1" uspid="1563" ordinal="0" offset="0" sl="88" sc="9" el="88" ec="53" bec="0" bev="0" fileid="20" />
            </Method>
            <Method visited="false" cyclomaticComplexity="1" nPathComplexity="0" sequenceCoverage="0" branchCoverage="0" crapScore="2" isConstructor="false" isStatic="false" isGetter="false" isSetter="false">
              <Summary numSequencePoints="1" visitedSequencePoints="0" numBranchPoints="1" visitedBranchPoints="0" sequenceCoverage="0" branchCoverage="0" maxCyclomaticComplexity="1" minCyclomaticComplexity="1" maxCrapScore="2" minCrapScore="2" visitedClasses="0" numClasses="0" visitedMethods="0" numMethods="1" />
              <MetadataToken>100663599</MetadataToken>
              <Name>System.Collections.Generic.IEnumerable`1&lt;Microsoft.VisualStudio.TestPlatform.ObjectModel.TestCase&gt; NUnit.VisualStudio.TestAdapter.TfsTestFilter::CheckFilter(System.Collections.Generic.IEnumerable`1&lt;Microsoft.VisualStudio.TestPlatform.ObjectModel.TestCase&gt;)</Name>
              <FileRef uid="20" />
              <SequencePoints>
                <SequencePoint vc="0" uspid="1566" ordinal="0" offset="0" sl="103" sc="13" el="103" ec="54" bec="0" bev="0" fileid="20" />
              </SequencePoints>
              <BranchPoints />
              <MethodPoint xsi:type="SequencePoint" vc="0" uspid="1566" ordinal="0" offset="0" sl="103" sc="13" el="103" ec="54" bec="0" bev="0" fileid="20" />
            </Method>
            <Method visited="false" cyclomaticComplexity="3" nPathComplexity="4" sequenceCoverage="0" branchCoverage="0" crapScore="12" isConstructor="false" isStatic="false" isGetter="false" isSetter="false">
              <Summary numSequencePoints="2" visitedSequencePoints="0" numBranchPoints="5" visitedBranchPoints="0" sequenceCoverage="0" branchCoverage="0" maxCyclomaticComplexity="3" minCyclomaticComplexity="3" maxCrapScore="12" minCrapScore="12" visitedClasses="0" numClasses="0" visitedMethods="0" numMethods="1" />
              <MetadataToken>100663600</MetadataToken>
              <Name>System.Boolean NUnit.VisualStudio.TestAdapter.TfsTestFilter::CheckFilter(Microsoft.VisualStudio.TestPlatform.ObjectModel.TestCase)</Name>
              <FileRef uid="20" />
              <SequencePoints>
                <SequencePoint vc="0" uspid="1567" ordinal="0" offset="13" sl="108" sc="13" el="108" ec="99" bec="0" bev="0" fileid="20" />
                <SequencePoint vc="0" uspid="1568" ordinal="1" offset="30" sl="110" sc="13" el="110" ec="138" bec="4" bev="0" fileid="20" />
              </SequencePoints>
              <BranchPoints>
                <BranchPoint vc="0" uspid="1569" ordinal="0" offset="30" sl="110" path="0" offsetend="32" fileid="20" />
                <BranchPoint vc="0" uspid="1570" ordinal="1" offset="30" sl="110" path="1" offsetend="68" fileid="20" />
                <BranchPoint vc="0" uspid="1571" ordinal="2" offset="39" sl="110" path="0" offsetend="41" fileid="20" />
                <BranchPoint vc="0" uspid="1572" ordinal="3" offset="39" sl="110" path="1" offsetend="44" fileid="20" />
              </BranchPoints>
              <MethodPoint vc="0" uspid="1573" ordinal="0" offset="0" />
            </Method>
            <Method visited="false" cyclomaticComplexity="6" nPathComplexity="32" sequenceCoverage="0" branchCoverage="0" crapScore="42" isConstructor="false" isStatic="true" isGetter="false" isSetter="false">
              <Summary numSequencePoints="13" visitedSequencePoints="0" numBranchPoints="11" visitedBranchPoints="0" sequenceCoverage="0" branchCoverage="0" maxCyclomaticComplexity="6" minCyclomaticComplexity="6" maxCrapScore="42" minCrapScore="42" visitedClasses="0" numClasses="0" visitedMethods="0" numMethods="1" />
              <MetadataToken>100663601</MetadataToken>
              <Name>System.Object NUnit.VisualStudio.TestAdapter.TfsTestFilter::PropertyValueProvider(Microsoft.VisualStudio.TestPlatform.ObjectModel.TestCase,System.String)</Name>
              <FileRef uid="20" />
              <SequencePoints>
                <SequencePoint vc="0" uspid="1574" ordinal="0" offset="0" sl="119" sc="13" el="119" ec="68" bec="0" bev="0" fileid="20" />
                <SequencePoint vc="0" uspid="1575" ordinal="1" offset="7" sl="120" sc="13" el="120" ec="38" bec="2" bev="0" fileid="20" />
                <SequencePoint vc="0" uspid="1576" ordinal="2" offset="10" sl="124" sc="17" el="124" ec="67" bec="2" bev="0" fileid="20" />
                <SequencePoint vc="0" uspid="1577" ordinal="3" offset="24" sl="126" sc="21" el="126" ec="71" bec="0" bev="0" fileid="20" />
                <SequencePoint vc="0" uspid="1578" ordinal="4" offset="32" sl="130" sc="13" el="130" ec="57" bec="0" bev="0" fileid="20" />
                <SequencePoint vc="0" uspid="1579" ordinal="5" offset="39" sl="131" sc="13" el="131" ec="35" bec="2" bev="0" fileid="20" />
                <SequencePoint vc="0" uspid="1580" ordinal="6" offset="42" sl="133" sc="17" el="133" ec="84" bec="0" bev="0" fileid="20" />
                <SequencePoint vc="0" uspid="1581" ordinal="7" offset="60" sl="134" sc="17" el="134" ec="37" bec="2" bev="0" fileid="20" />
                <SequencePoint vc="0" uspid="1582" ordinal="8" offset="64" sl="134" sc="38" el="134" ec="50" bec="0" bev="0" fileid="20" />
                <SequencePoint vc="0" uspid="1583" ordinal="9" offset="66" sl="135" sc="17" el="135" ec="37" bec="2" bev="0" fileid="20" />
                <SequencePoint vc="0" uspid="1584" ordinal="10" offset="72" sl="136" sc="21" el="136" ec="35" bec="0" bev="0" fileid="20" />
                <SequencePoint vc="0" uspid="1585" ordinal="11" offset="76" sl="137" sc="17" el="137" ec="28" bec="0" bev="0" fileid="20" />
                <SequencePoint vc="0" uspid="1586" ordinal="12" offset="78" sl="139" sc="13" el="139" ec="25" bec="0" bev="0" fileid="20" />
              </SequencePoints>
              <BranchPoints>
                <BranchPoint vc="0" uspid="1587" ordinal="0" offset="8" sl="120" path="0" offsetend="10" fileid="20" />
                <BranchPoint vc="0" uspid="1588" ordinal="1" offset="8" sl="120" path="1" offsetend="32" fileid="20" />
                <BranchPoint vc="0" uspid="1589" ordinal="2" offset="22" sl="124" path="0" offsetend="24" fileid="20" />
                <BranchPoint vc="0" uspid="1590" ordinal="3" offset="22" sl="124" path="1" offsetend="32" fileid="20" />
                <BranchPoint vc="0" uspid="1591" ordinal="4" offset="40" sl="131" path="0" offsetend="42" fileid="20" />
                <BranchPoint vc="0" uspid="1592" ordinal="5" offset="40" sl="131" path="1" offsetend="78" fileid="20" />
                <BranchPoint vc="0" uspid="1593" ordinal="6" offset="62" sl="134" path="0" offsetend="64" fileid="20" />
                <BranchPoint vc="0" uspid="1594" ordinal="7" offset="62" sl="134" path="1" offsetend="66" fileid="20" />
                <BranchPoint vc="0" uspid="1595" ordinal="8" offset="70" sl="135" path="0" offsetend="72" fileid="20" />
                <BranchPoint vc="0" uspid="1596" ordinal="9" offset="70" sl="135" path="1" offsetend="76" fileid="20" />
              </BranchPoints>
              <MethodPoint xsi:type="SequencePoint" vc="0" uspid="1574" ordinal="0" offset="0" sl="119" sc="13" el="119" ec="68" bec="0" bev="0" fileid="20" />
            </Method>
            <Method visited="true" cyclomaticComplexity="2" nPathComplexity="2" sequenceCoverage="100" branchCoverage="66.67" crapScore="2" isConstructor="false" isStatic="true" isGetter="false" isSetter="false">
              <Summary numSequencePoints="1" visitedSequencePoints="1" numBranchPoints="3" visitedBranchPoints="2" sequenceCoverage="100" branchCoverage="66.67" maxCyclomaticComplexity="2" minCyclomaticComplexity="2" maxCrapScore="2" minCrapScore="2" visitedClasses="0" numClasses="0" visitedMethods="1" numMethods="1" />
              <MetadataToken>100663602</MetadataToken>
              <Name>System.Func`3&lt;Microsoft.VisualStudio.TestPlatform.ObjectModel.TestCase,System.String,System.String[]&gt; NUnit.VisualStudio.TestAdapter.TfsTestFilter::TraitContains()</Name>
              <FileRef uid="20" />
              <SequencePoints>
                <SequencePoint vc="1" uspid="1597" ordinal="0" offset="0" sl="151" sc="13" el="159" ec="15" bec="2" bev="1" fileid="20" />
              </SequencePoints>
              <BranchPoints>
                <BranchPoint vc="1" uspid="1598" ordinal="0" offset="6" sl="151" path="0" offsetend="8" fileid="20" />
                <BranchPoint vc="0" uspid="1599" ordinal="1" offset="6" sl="151" path="1" offsetend="31" fileid="20" />
              </BranchPoints>
              <MethodPoint xsi:type="SequencePoint" vc="1" uspid="1597" ordinal="0" offset="0" sl="151" sc="13" el="159" ec="15" bec="2" bev="1" fileid="20" />
            </Method>
            <Method visited="false" cyclomaticComplexity="1" nPathComplexity="0" sequenceCoverage="0" branchCoverage="0" crapScore="2" isConstructor="false" isStatic="true" isGetter="false" isSetter="false">
              <Summary numSequencePoints="2" visitedSequencePoints="0" numBranchPoints="1" visitedBranchPoints="0" sequenceCoverage="0" branchCoverage="0" maxCyclomaticComplexity="1" minCyclomaticComplexity="1" maxCrapScore="2" minCrapScore="2" visitedClasses="0" numClasses="0" visitedMethods="0" numMethods="1" />
              <MetadataToken>100663603</MetadataToken>
              <Name>Microsoft.VisualStudio.TestPlatform.ObjectModel.TestProperty NUnit.VisualStudio.TestAdapter.TfsTestFilter::LocalPropertyProvider(System.String)</Name>
              <FileRef uid="20" />
              <SequencePoints>
                <SequencePoint vc="0" uspid="1600" ordinal="0" offset="0" sl="167" sc="13" el="167" ec="86" bec="0" bev="0" fileid="20" />
                <SequencePoint vc="0" uspid="1601" ordinal="1" offset="14" sl="168" sc="13" el="168" ec="33" bec="0" bev="0" fileid="20" />
              </SequencePoints>
              <BranchPoints />
              <MethodPoint xsi:type="SequencePoint" vc="0" uspid="1600" ordinal="0" offset="0" sl="167" sc="13" el="167" ec="86" bec="0" bev="0" fileid="20" />
            </Method>
            <Method visited="false" cyclomaticComplexity="4" nPathComplexity="8" sequenceCoverage="0" branchCoverage="0" crapScore="20" isConstructor="false" isStatic="true" isGetter="false" isSetter="false">
              <Summary numSequencePoints="7" visitedSequencePoints="0" numBranchPoints="7" visitedBranchPoints="0" sequenceCoverage="0" branchCoverage="0" maxCyclomaticComplexity="4" minCyclomaticComplexity="4" maxCrapScore="20" minCrapScore="20" visitedClasses="0" numClasses="0" visitedMethods="0" numMethods="1" />
              <MetadataToken>100663604</MetadataToken>
              <Name>Microsoft.VisualStudio.TestPlatform.ObjectModel.TestProperty NUnit.VisualStudio.TestAdapter.TfsTestFilter::PropertyProvider(System.String)</Name>
              <FileRef uid="20" />
              <SequencePoints>
                <SequencePoint vc="0" uspid="1602" ordinal="0" offset="0" sl="173" sc="13" el="173" ec="68" bec="0" bev="0" fileid="20" />
                <SequencePoint vc="0" uspid="1603" ordinal="1" offset="7" sl="174" sc="13" el="174" ec="38" bec="2" bev="0" fileid="20" />
                <SequencePoint vc="0" uspid="1604" ordinal="2" offset="10" sl="176" sc="17" el="176" ec="37" bec="0" bev="0" fileid="20" />
                <SequencePoint vc="0" uspid="1605" ordinal="3" offset="12" sl="178" sc="13" el="178" ec="57" bec="0" bev="0" fileid="20" />
                <SequencePoint vc="0" uspid="1606" ordinal="4" offset="19" sl="179" sc="13" el="179" ec="35" bec="2" bev="0" fileid="20" />
                <SequencePoint vc="0" uspid="1607" ordinal="5" offset="22" sl="180" sc="17" el="180" ec="29" bec="0" bev="0" fileid="20" />
                <SequencePoint vc="0" uspid="1608" ordinal="6" offset="24" sl="181" sc="13" el="181" ec="84" bec="2" bev="0" fileid="20" />
              </SequencePoints>
              <BranchPoints>
                <BranchPoint vc="0" uspid="1609" ordinal="0" offset="8" sl="174" path="0" offsetend="10" fileid="20" />
                <BranchPoint vc="0" uspid="1610" ordinal="1" offset="8" sl="174" path="1" offsetend="12" fileid="20" />
                <BranchPoint vc="0" uspid="1611" ordinal="2" offset="20" sl="179" path="0" offsetend="22" fileid="20" />
                <BranchPoint vc="0" uspid="1612" ordinal="3" offset="20" sl="179" path="1" offsetend="24" fileid="20" />
                <BranchPoint vc="0" uspid="1613" ordinal="4" offset="37" sl="181" path="0" offsetend="39" fileid="20" />
                <BranchPoint vc="0" uspid="1614" ordinal="5" offset="37" sl="181" path="1" offsetend="41" fileid="20" />
              </BranchPoints>
              <MethodPoint xsi:type="SequencePoint" vc="0" uspid="1602" ordinal="0" offset="0" sl="173" sc="13" el="173" ec="68" bec="0" bev="0" fileid="20" />
            </Method>
            <Method visited="false" cyclomaticComplexity="1" nPathComplexity="0" sequenceCoverage="0" branchCoverage="0" crapScore="2" isConstructor="false" isStatic="true" isGetter="false" isSetter="false">
              <Summary numSequencePoints="2" visitedSequencePoints="0" numBranchPoints="1" visitedBranchPoints="0" sequenceCoverage="0" branchCoverage="0" maxCyclomaticComplexity="1" minCyclomaticComplexity="1" maxCrapScore="2" minCrapScore="2" visitedClasses="0" numClasses="0" visitedMethods="0" numMethods="1" />
              <MetadataToken>100663605</MetadataToken>
              <Name>NUnit.VisualStudio.TestAdapter.NTrait NUnit.VisualStudio.TestAdapter.TfsTestFilter::TraitProvider(System.String)</Name>
              <FileRef uid="20" />
              <SequencePoints>
                <SequencePoint vc="0" uspid="1615" ordinal="0" offset="0" sl="186" sc="13" el="186" ec="75" bec="0" bev="0" fileid="20" />
                <SequencePoint vc="0" uspid="1616" ordinal="1" offset="14" sl="187" sc="13" el="187" ec="30" bec="0" bev="0" fileid="20" />
              </SequencePoints>
              <BranchPoints />
              <MethodPoint xsi:type="SequencePoint" vc="0" uspid="1615" ordinal="0" offset="0" sl="186" sc="13" el="186" ec="75" bec="0" bev="0" fileid="20" />
            </Method>
          </Methods>
        </Class>
        <Class>
          <Summary numSequencePoints="1" visitedSequencePoints="0" numBranchPoints="1" visitedBranchPoints="0" sequenceCoverage="0" branchCoverage="0" maxCyclomaticComplexity="1" minCyclomaticComplexity="1" maxCrapScore="2" minCrapScore="2" visitedClasses="0" numClasses="1" visitedMethods="0" numMethods="1" />
          <FullName>NUnit.VisualStudio.TestAdapter.TfsTestFilter/&lt;&gt;c__DisplayClass13_0</FullName>
          <Methods>
            <Method visited="false" cyclomaticComplexity="1" nPathComplexity="0" sequenceCoverage="0" branchCoverage="0" crapScore="2" isConstructor="true" isStatic="false" isGetter="false" isSetter="false">
              <Summary numSequencePoints="0" visitedSequencePoints="0" numBranchPoints="0" visitedBranchPoints="0" sequenceCoverage="0" branchCoverage="0" maxCyclomaticComplexity="1" minCyclomaticComplexity="1" maxCrapScore="2" minCrapScore="2" visitedClasses="0" numClasses="0" visitedMethods="0" numMethods="0" />
              <MetadataToken>100663841</MetadataToken>
              <Name>System.Void NUnit.VisualStudio.TestAdapter.TfsTestFilter/&lt;&gt;c__DisplayClass13_0::.ctor()</Name>
              <SequencePoints />
              <BranchPoints />
              <MethodPoint vc="0" uspid="1617" ordinal="0" offset="0" />
            </Method>
            <Method visited="false" cyclomaticComplexity="1" nPathComplexity="0" sequenceCoverage="0" branchCoverage="0" crapScore="2" isConstructor="false" isStatic="false" isGetter="false" isSetter="false">
              <Summary numSequencePoints="1" visitedSequencePoints="0" numBranchPoints="1" visitedBranchPoints="0" sequenceCoverage="0" branchCoverage="0" maxCyclomaticComplexity="1" minCyclomaticComplexity="1" maxCrapScore="2" minCrapScore="2" visitedClasses="0" numClasses="0" visitedMethods="0" numMethods="1" />
              <MetadataToken>100663842</MetadataToken>
              <Name>System.Object NUnit.VisualStudio.TestAdapter.TfsTestFilter/&lt;&gt;c__DisplayClass13_0::&lt;CheckFilter&gt;b__0(System.String)</Name>
              <FileRef uid="20" />
              <SequencePoints>
                <SequencePoint vc="0" uspid="1618" ordinal="0" offset="0" sl="110" sc="93" el="110" ec="127" bec="0" bev="0" fileid="20" />
              </SequencePoints>
              <BranchPoints />
              <MethodPoint xsi:type="SequencePoint" vc="0" uspid="1618" ordinal="0" offset="0" sl="110" sc="93" el="110" ec="127" bec="0" bev="0" fileid="20" />
            </Method>
          </Methods>
        </Class>
        <Class>
          <Summary numSequencePoints="1" visitedSequencePoints="0" numBranchPoints="1" visitedBranchPoints="0" sequenceCoverage="0" branchCoverage="0" maxCyclomaticComplexity="1" minCyclomaticComplexity="1" maxCrapScore="2" minCrapScore="2" visitedClasses="0" numClasses="1" visitedMethods="0" numMethods="1" />
          <FullName>NUnit.VisualStudio.TestAdapter.TfsTestFilter/&lt;&gt;c__DisplayClass16_0</FullName>
          <Methods>
            <Method visited="false" cyclomaticComplexity="1" nPathComplexity="0" sequenceCoverage="0" branchCoverage="0" crapScore="2" isConstructor="true" isStatic="false" isGetter="false" isSetter="false">
              <Summary numSequencePoints="0" visitedSequencePoints="0" numBranchPoints="0" visitedBranchPoints="0" sequenceCoverage="0" branchCoverage="0" maxCyclomaticComplexity="1" minCyclomaticComplexity="1" maxCrapScore="2" minCrapScore="2" visitedClasses="0" numClasses="0" visitedMethods="0" numMethods="0" />
              <MetadataToken>100663843</MetadataToken>
              <Name>System.Void NUnit.VisualStudio.TestAdapter.TfsTestFilter/&lt;&gt;c__DisplayClass16_0::.ctor()</Name>
              <SequencePoints />
              <BranchPoints />
              <MethodPoint vc="0" uspid="1619" ordinal="0" offset="0" />
            </Method>
            <Method visited="false" cyclomaticComplexity="1" nPathComplexity="0" sequenceCoverage="0" branchCoverage="0" crapScore="2" isConstructor="false" isStatic="false" isGetter="false" isSetter="false">
              <Summary numSequencePoints="1" visitedSequencePoints="0" numBranchPoints="1" visitedBranchPoints="0" sequenceCoverage="0" branchCoverage="0" maxCyclomaticComplexity="1" minCyclomaticComplexity="1" maxCrapScore="2" minCrapScore="2" visitedClasses="0" numClasses="0" visitedMethods="0" numMethods="1" />
              <MetadataToken>100663844</MetadataToken>
              <Name>System.Boolean NUnit.VisualStudio.TestAdapter.TfsTestFilter/&lt;&gt;c__DisplayClass16_0::&lt;TraitContains&gt;b__2(&lt;&gt;f__AnonymousType0`2&lt;System.Object,System.String&gt;)</Name>
              <FileRef uid="20" />
              <SequencePoints>
                <SequencePoint vc="0" uspid="1620" ordinal="0" offset="0" sl="158" sc="140" el="158" ec="157" bec="0" bev="0" fileid="20" />
              </SequencePoints>
              <BranchPoints />
              <MethodPoint xsi:type="SequencePoint" vc="0" uspid="1620" ordinal="0" offset="0" sl="158" sc="140" el="158" ec="157" bec="0" bev="0" fileid="20" />
            </Method>
          </Methods>
        </Class>
        <Class>
          <Summary numSequencePoints="8" visitedSequencePoints="0" numBranchPoints="9" visitedBranchPoints="0" sequenceCoverage="0" branchCoverage="0" maxCyclomaticComplexity="4" minCyclomaticComplexity="1" maxCrapScore="20" minCrapScore="2" visitedClasses="0" numClasses="1" visitedMethods="0" numMethods="3" />
          <FullName>NUnit.VisualStudio.TestAdapter.TfsTestFilter/&lt;&gt;c</FullName>
          <Methods>
            <Method visited="false" cyclomaticComplexity="1" nPathComplexity="0" sequenceCoverage="0" branchCoverage="0" crapScore="2" isConstructor="true" isStatic="true" isGetter="false" isSetter="false">
              <Summary numSequencePoints="0" visitedSequencePoints="0" numBranchPoints="0" visitedBranchPoints="0" sequenceCoverage="0" branchCoverage="0" maxCyclomaticComplexity="1" minCyclomaticComplexity="1" maxCrapScore="2" minCrapScore="2" visitedClasses="0" numClasses="0" visitedMethods="0" numMethods="0" />
              <MetadataToken>100663845</MetadataToken>
              <Name>System.Void NUnit.VisualStudio.TestAdapter.TfsTestFilter/&lt;&gt;c::.cctor()</Name>
              <SequencePoints />
              <BranchPoints />
              <MethodPoint vc="0" uspid="1621" ordinal="0" offset="0" />
            </Method>
            <Method visited="false" cyclomaticComplexity="1" nPathComplexity="0" sequenceCoverage="0" branchCoverage="0" crapScore="2" isConstructor="true" isStatic="false" isGetter="false" isSetter="false">
              <Summary numSequencePoints="0" visitedSequencePoints="0" numBranchPoints="0" visitedBranchPoints="0" sequenceCoverage="0" branchCoverage="0" maxCyclomaticComplexity="1" minCyclomaticComplexity="1" maxCrapScore="2" minCrapScore="2" visitedClasses="0" numClasses="0" visitedMethods="0" numMethods="0" />
              <MetadataToken>100663846</MetadataToken>
              <Name>System.Void NUnit.VisualStudio.TestAdapter.TfsTestFilter/&lt;&gt;c::.ctor()</Name>
              <SequencePoints />
              <BranchPoints />
              <MethodPoint vc="0" uspid="1622" ordinal="0" offset="0" />
            </Method>
            <Method visited="false" cyclomaticComplexity="4" nPathComplexity="8" sequenceCoverage="0" branchCoverage="0" crapScore="20" isConstructor="false" isStatic="false" isGetter="false" isSetter="false">
              <Summary numSequencePoints="6" visitedSequencePoints="0" numBranchPoints="7" visitedBranchPoints="0" sequenceCoverage="0" branchCoverage="0" maxCyclomaticComplexity="4" minCyclomaticComplexity="4" maxCrapScore="20" minCrapScore="20" visitedClasses="0" numClasses="0" visitedMethods="0" numMethods="1" />
              <MetadataToken>100663847</MetadataToken>
              <Name>System.String[] NUnit.VisualStudio.TestAdapter.TfsTestFilter/&lt;&gt;c::&lt;TraitContains&gt;b__16_0(Microsoft.VisualStudio.TestPlatform.ObjectModel.TestCase,System.String)</Name>
              <FileRef uid="20" />
              <SequencePoints>
                <SequencePoint vc="0" uspid="1623" ordinal="0" offset="13" sl="153" sc="17" el="153" ec="53" bec="0" bev="0" fileid="20" />
                <SequencePoint vc="0" uspid="1624" ordinal="1" offset="23" sl="154" sc="17" el="154" ec="81" bec="0" bev="0" fileid="20" />
                <SequencePoint vc="0" uspid="1625" ordinal="2" offset="39" sl="155" sc="17" el="155" ec="38" bec="2" bev="0" fileid="20" />
                <SequencePoint vc="0" uspid="1626" ordinal="3" offset="48" sl="156" sc="21" el="156" ec="33" bec="0" bev="0" fileid="20" />
                <SequencePoint vc="0" uspid="1627" ordinal="4" offset="50" sl="157" sc="17" el="157" ec="79" bec="0" bev="0" fileid="20" />
                <SequencePoint vc="0" uspid="1628" ordinal="5" offset="63" sl="158" sc="17" el="158" ec="237" bec="4" bev="0" fileid="20" />
              </SequencePoints>
              <BranchPoints>
                <BranchPoint vc="0" uspid="1629" ordinal="0" offset="46" sl="155" path="0" offsetend="48" fileid="20" />
                <BranchPoint vc="0" uspid="1630" ordinal="1" offset="46" sl="155" path="1" offsetend="50" fileid="20" />
                <BranchPoint vc="0" uspid="1631" ordinal="2" offset="74" sl="158" path="0" offsetend="76" fileid="20" />
                <BranchPoint vc="0" uspid="1632" ordinal="3" offset="74" sl="158" path="1" offsetend="99" fileid="20" />
                <BranchPoint vc="0" uspid="1633" ordinal="4" offset="127" sl="158" path="0" offsetend="129" fileid="20" />
                <BranchPoint vc="0" uspid="1634" ordinal="5" offset="127" sl="158" path="1" offsetend="152" fileid="20" />
              </BranchPoints>
              <MethodPoint vc="0" uspid="1635" ordinal="0" offset="0" />
            </Method>
            <Method visited="false" cyclomaticComplexity="1" nPathComplexity="0" sequenceCoverage="0" branchCoverage="0" crapScore="2" isConstructor="false" isStatic="false" isGetter="false" isSetter="false">
              <Summary numSequencePoints="1" visitedSequencePoints="0" numBranchPoints="1" visitedBranchPoints="0" sequenceCoverage="0" branchCoverage="0" maxCyclomaticComplexity="1" minCyclomaticComplexity="1" maxCrapScore="2" minCrapScore="2" visitedClasses="0" numClasses="0" visitedMethods="0" numMethods="1" />
              <MetadataToken>100663848</MetadataToken>
              <Name>&lt;&gt;f__AnonymousType0`2&lt;System.Object,System.String&gt; NUnit.VisualStudio.TestAdapter.TfsTestFilter/&lt;&gt;c::&lt;TraitContains&gt;b__16_1(System.Object)</Name>
              <FileRef uid="20" />
              <SequencePoints>
                <SequencePoint vc="0" uspid="1636" ordinal="0" offset="0" sl="158" sc="60" el="158" ec="133" bec="0" bev="0" fileid="20" />
              </SequencePoints>
              <BranchPoints />
              <MethodPoint xsi:type="SequencePoint" vc="0" uspid="1636" ordinal="0" offset="0" sl="158" sc="60" el="158" ec="133" bec="0" bev="0" fileid="20" />
            </Method>
            <Method visited="false" cyclomaticComplexity="1" nPathComplexity="0" sequenceCoverage="0" branchCoverage="0" crapScore="2" isConstructor="false" isStatic="false" isGetter="false" isSetter="false">
              <Summary numSequencePoints="1" visitedSequencePoints="0" numBranchPoints="1" visitedBranchPoints="0" sequenceCoverage="0" branchCoverage="0" maxCyclomaticComplexity="1" minCyclomaticComplexity="1" maxCrapScore="2" minCrapScore="2" visitedClasses="0" numClasses="0" visitedMethods="0" numMethods="1" />
              <MetadataToken>100663849</MetadataToken>
              <Name>System.String NUnit.VisualStudio.TestAdapter.TfsTestFilter/&lt;&gt;c::&lt;TraitContains&gt;b__16_3(&lt;&gt;f__AnonymousType0`2&lt;System.Object,System.String&gt;)</Name>
              <FileRef uid="20" />
              <SequencePoints>
                <SequencePoint vc="0" uspid="1637" ordinal="0" offset="0" sl="158" sc="165" el="158" ec="225" bec="0" bev="0" fileid="20" />
              </SequencePoints>
              <BranchPoints />
              <MethodPoint xsi:type="SequencePoint" vc="0" uspid="1637" ordinal="0" offset="0" sl="158" sc="165" el="158" ec="225" bec="0" bev="0" fileid="20" />
            </Method>
          </Methods>
        </Class>
        <Class>
          <Summary numSequencePoints="2" visitedSequencePoints="1" numBranchPoints="2" visitedBranchPoints="1" sequenceCoverage="50" branchCoverage="50" maxCyclomaticComplexity="1" minCyclomaticComplexity="1" maxCrapScore="2" minCrapScore="1" visitedClasses="1" numClasses="1" visitedMethods="1" numMethods="2" />
          <FullName>NUnit.VisualStudio.TestAdapter.NTraitNameComparer</FullName>
          <Methods>
            <Method visited="false" cyclomaticComplexity="1" nPathComplexity="0" sequenceCoverage="0" branchCoverage="0" crapScore="2" isConstructor="false" isStatic="false" isGetter="false" isSetter="false">
              <Summary numSequencePoints="1" visitedSequencePoints="0" numBranchPoints="1" visitedBranchPoints="0" sequenceCoverage="0" branchCoverage="0" maxCyclomaticComplexity="1" minCyclomaticComplexity="1" maxCrapScore="2" minCrapScore="2" visitedClasses="0" numClasses="0" visitedMethods="0" numMethods="1" />
              <MetadataToken>100663606</MetadataToken>
              <Name>System.Boolean NUnit.VisualStudio.TestAdapter.NTraitNameComparer::Equals(NUnit.VisualStudio.TestAdapter.NTrait,NUnit.VisualStudio.TestAdapter.NTrait)</Name>
              <FileRef uid="20" />
              <SequencePoints>
                <SequencePoint vc="0" uspid="1638" ordinal="0" offset="0" sl="195" sc="13" el="195" ec="37" bec="0" bev="0" fileid="20" />
              </SequencePoints>
              <BranchPoints />
              <MethodPoint xsi:type="SequencePoint" vc="0" uspid="1638" ordinal="0" offset="0" sl="195" sc="13" el="195" ec="37" bec="0" bev="0" fileid="20" />
            </Method>
            <Method visited="true" cyclomaticComplexity="1" nPathComplexity="0" sequenceCoverage="100" branchCoverage="100" crapScore="1" isConstructor="false" isStatic="false" isGetter="false" isSetter="false">
              <Summary numSequencePoints="1" visitedSequencePoints="1" numBranchPoints="1" visitedBranchPoints="1" sequenceCoverage="100" branchCoverage="100" maxCyclomaticComplexity="1" minCyclomaticComplexity="1" maxCrapScore="1" minCrapScore="1" visitedClasses="0" numClasses="0" visitedMethods="1" numMethods="1" />
              <MetadataToken>100663607</MetadataToken>
              <Name>System.Int32 NUnit.VisualStudio.TestAdapter.NTraitNameComparer::GetHashCode(NUnit.VisualStudio.TestAdapter.NTrait)</Name>
              <FileRef uid="20" />
              <SequencePoints>
                <SequencePoint vc="2" uspid="1639" ordinal="0" offset="0" sl="200" sc="13" el="200" ec="43" bec="0" bev="0" fileid="20" />
              </SequencePoints>
              <BranchPoints />
              <MethodPoint xsi:type="SequencePoint" vc="2" uspid="1639" ordinal="0" offset="0" sl="200" sc="13" el="200" ec="43" bec="0" bev="0" fileid="20" />
            </Method>
            <Method visited="false" cyclomaticComplexity="1" nPathComplexity="0" sequenceCoverage="0" branchCoverage="0" crapScore="2" isConstructor="true" isStatic="false" isGetter="false" isSetter="false">
              <Summary numSequencePoints="0" visitedSequencePoints="0" numBranchPoints="0" visitedBranchPoints="0" sequenceCoverage="0" branchCoverage="0" maxCyclomaticComplexity="1" minCyclomaticComplexity="1" maxCrapScore="2" minCrapScore="2" visitedClasses="0" numClasses="0" visitedMethods="0" numMethods="0" />
              <MetadataToken>100663608</MetadataToken>
              <Name>System.Void NUnit.VisualStudio.TestAdapter.NTraitNameComparer::.ctor()</Name>
              <SequencePoints />
              <BranchPoints />
              <MethodPoint vc="0" uspid="1640" ordinal="0" offset="0" />
            </Method>
          </Methods>
        </Class>
        <Class>
          <Summary numSequencePoints="28" visitedSequencePoints="17" numBranchPoints="40" visitedBranchPoints="20" sequenceCoverage="60.71" branchCoverage="50" maxCyclomaticComplexity="15" minCyclomaticComplexity="1" maxCrapScore="56" minCrapScore="2" visitedClasses="1" numClasses="1" visitedMethods="1" numMethods="4" />
          <FullName>NUnit.VisualStudio.TestAdapter.TraitsFeature</FullName>
          <Methods>
            <Method visited="false" cyclomaticComplexity="2" nPathComplexity="2" sequenceCoverage="0" branchCoverage="0" crapScore="6" isConstructor="false" isStatic="true" isGetter="false" isSetter="false">
              <Summary numSequencePoints="2" visitedSequencePoints="0" numBranchPoints="3" visitedBranchPoints="0" sequenceCoverage="0" branchCoverage="0" maxCyclomaticComplexity="2" minCyclomaticComplexity="2" maxCrapScore="6" minCrapScore="6" visitedClasses="0" numClasses="0" visitedMethods="0" numMethods="1" />
              <MetadataToken>100663609</MetadataToken>
              <Name>System.Void NUnit.VisualStudio.TestAdapter.TraitsFeature::AddTrait(Microsoft.VisualStudio.TestPlatform.ObjectModel.TestCase,System.String,System.String)</Name>
              <FileRef uid="25" />
              <SequencePoints>
                <SequencePoint vc="0" uspid="1641" ordinal="0" offset="0" sl="35" sc="13" el="35" ec="58" bec="2" bev="0" fileid="25" />
                <SequencePoint vc="0" uspid="1642" ordinal="1" offset="21" sl="36" sc="9" el="36" ec="10" bec="0" bev="0" fileid="25" />
              </SequencePoints>
              <BranchPoints>
                <BranchPoint vc="0" uspid="1643" ordinal="0" offset="1" sl="35" path="0" offsetend="3" fileid="25" />
                <BranchPoint vc="0" uspid="1644" ordinal="1" offset="1" sl="35" path="1" offsetend="21" fileid="25" />
              </BranchPoints>
              <MethodPoint xsi:type="SequencePoint" vc="0" uspid="1641" ordinal="0" offset="0" sl="35" sc="13" el="35" ec="58" bec="2" bev="0" fileid="25" />
            </Method>
            <Method visited="true" cyclomaticComplexity="15" nPathComplexity="4096" sequenceCoverage="85" branchCoverage="80" crapScore="15.76" isConstructor="false" isStatic="true" isGetter="false" isSetter="false">
              <Summary numSequencePoints="20" visitedSequencePoints="17" numBranchPoints="25" visitedBranchPoints="20" sequenceCoverage="85" branchCoverage="80" maxCyclomaticComplexity="15" minCyclomaticComplexity="15" maxCrapScore="15.76" minCrapScore="15.76" visitedClasses="0" numClasses="0" visitedMethods="1" numMethods="1" />
              <MetadataToken>100663610</MetadataToken>
              <Name>System.Void NUnit.VisualStudio.TestAdapter.TraitsFeature::AddTraitsFromTestNode(Microsoft.VisualStudio.TestPlatform.ObjectModel.TestCase,NUnit.VisualStudio.TestAdapter.NUnitEngine.NUnitTestCase,System.Collections.Generic.IDictionary`2&lt;System.String,NUnit.VisualStudio.TestAdapter.TraitsFeature/CachedTestCaseInfo&gt;,NUnit.VisualStudio.TestAdapter.ITestLogger,NUnit.VisualStudio.TestAdapter.IAdapterSettings)</Name>
              <FileRef uid="25" />
              <SequencePoints>
                <SequencePoint vc="9" uspid="1645" ordinal="0" offset="0" sl="65" sc="13" el="65" ec="45" bec="0" bev="0" fileid="25" />
                <SequencePoint vc="9" uspid="1646" ordinal="1" offset="7" sl="66" sc="13" el="66" ec="36" bec="2" bev="1" fileid="25" />
                <SequencePoint vc="9" uspid="1647" ordinal="2" offset="20" sl="67" sc="13" el="67" ec="76" bec="0" bev="0" fileid="25" />
                <SequencePoint vc="35" uspid="1648" ordinal="3" offset="34" sl="71" sc="17" el="71" ec="50" bec="2" bev="2" fileid="25" />
                <SequencePoint vc="22" uspid="1649" ordinal="4" offset="46" sl="73" sc="21" el="73" ec="149" bec="4" bev="4" fileid="25" />
                <SequencePoint vc="22" uspid="1650" ordinal="5" offset="141" sl="75" sc="21" el="75" ec="51" bec="2" bev="1" fileid="25" />
                <SequencePoint vc="0" uspid="1651" ordinal="6" offset="155" sl="76" sc="25" el="76" ec="93" bec="0" bev="0" fileid="25" />
                <SequencePoint vc="22" uspid="1652" ordinal="7" offset="167" sl="78" sc="21" el="78" ec="116" bec="2" bev="2" fileid="25" />
                <SequencePoint vc="22" uspid="1653" ordinal="8" offset="221" sl="79" sc="21" el="79" ec="46" bec="2" bev="1" fileid="25" />
                <SequencePoint vc="0" uspid="1654" ordinal="9" offset="230" sl="80" sc="25" el="80" ec="62" bec="0" bev="0" fileid="25" />
                <SequencePoint vc="0" uspid="1655" ordinal="10" offset="242" sl="81" sc="17" el="81" ec="18" bec="0" bev="0" fileid="25" />
                <SequencePoint vc="13" uspid="1656" ordinal="11" offset="244" sl="84" sc="21" el="84" ec="94" bec="0" bev="0" fileid="25" />
                <SequencePoint vc="13" uspid="1657" ordinal="12" offset="255" sl="86" sc="21" el="86" ec="94" bec="3" bev="3" fileid="25" />
                <SequencePoint vc="4" uspid="1658" ordinal="13" offset="272" sl="88" sc="25" el="88" ec="69" bec="0" bev="0" fileid="25" />
                <SequencePoint vc="35" uspid="1659" ordinal="14" offset="284" sl="91" sc="17" el="91" ec="44" bec="0" bev="0" fileid="25" />
                <SequencePoint vc="35" uspid="1660" ordinal="15" offset="291" sl="92" sc="17" el="92" ec="36" bec="2" bev="1" fileid="25" />
                <SequencePoint vc="44" uspid="1661" ordinal="16" offset="304" sl="69" sc="13" el="69" ec="52" bec="3" bev="3" fileid="25" />
                <SequencePoint vc="9" uspid="1662" ordinal="17" offset="313" sl="96" sc="13" el="96" ec="70" bec="0" bev="0" fileid="25" />
                <SequencePoint vc="9" uspid="1663" ordinal="18" offset="324" sl="97" sc="13" el="97" ec="49" bec="0" bev="0" fileid="25" />
                <SequencePoint vc="9" uspid="1664" ordinal="19" offset="330" sl="98" sc="9" el="98" ec="10" bec="0" bev="0" fileid="25" />
              </SequencePoints>
              <BranchPoints>
                <BranchPoint vc="0" uspid="1665" ordinal="0" offset="8" sl="66" path="0" offsetend="10" fileid="25" />
                <BranchPoint vc="9" uspid="1666" ordinal="1" offset="8" sl="66" path="1" offsetend="13" fileid="25" />
                <BranchPoint vc="22" uspid="1667" ordinal="2" offset="41" sl="71" path="0" offsetend="46" fileid="25" />
                <BranchPoint vc="13" uspid="1668" ordinal="3" offset="41" sl="71" path="1" offsetend="244" fileid="25" />
                <BranchPoint vc="1" uspid="1669" ordinal="4" offset="65" sl="73" path="0" offsetend="67" fileid="25" />
                <BranchPoint vc="21" uspid="1670" ordinal="5" offset="65" sl="73" path="1" offsetend="90" fileid="25" />
                <BranchPoint vc="1" uspid="1671" ordinal="6" offset="101" sl="73" path="0" offsetend="103" fileid="25" />
                <BranchPoint vc="21" uspid="1672" ordinal="7" offset="101" sl="73" path="1" offsetend="126" fileid="25" />
                <BranchPoint vc="0" uspid="1673" ordinal="8" offset="153" sl="75" path="0" offsetend="155" fileid="25" />
                <BranchPoint vc="22" uspid="1674" ordinal="9" offset="153" sl="75" path="1" offsetend="167" fileid="25" />
                <BranchPoint vc="1" uspid="1675" ordinal="10" offset="185" sl="78" path="0" offsetend="187" fileid="25" />
                <BranchPoint vc="21" uspid="1676" ordinal="11" offset="185" sl="78" path="1" offsetend="210" fileid="25" />
                <BranchPoint vc="0" uspid="1677" ordinal="12" offset="228" sl="79" path="0" offsetend="230" fileid="25" />
                <BranchPoint vc="22" uspid="1678" ordinal="13" offset="228" sl="79" path="1" offsetend="284" fileid="25" />
                <BranchPoint vc="4" uspid="1679" ordinal="14" offset="261" sl="86" path="0" offsetend="263" fileid="25" />
                <BranchPoint vc="9" uspid="1680" ordinal="15" offset="261" sl="86" path="1" offsetend="284" fileid="25" />
                <BranchPoint vc="4" uspid="1681" ordinal="16" offset="270" sl="86" path="0" offsetend="272" fileid="25" />
                <BranchPoint vc="9" uspid="1682" ordinal="17" offset="270" sl="86" path="1" offsetend="284" fileid="25" />
                <BranchPoint vc="0" uspid="1683" ordinal="18" offset="292" sl="92" path="0" offsetend="294" fileid="25" />
                <BranchPoint vc="35" uspid="1684" ordinal="19" offset="292" sl="92" path="1" offsetend="297" fileid="25" />
                <BranchPoint vc="44" uspid="1685" ordinal="20" offset="305" sl="69" path="0" offsetend="307" fileid="25" />
                <BranchPoint vc="0" uspid="1686" ordinal="21" offset="305" sl="69" path="1" offsetend="313" fileid="25" />
                <BranchPoint vc="9" uspid="1687" ordinal="22" offset="308" sl="69" path="0" offsetend="313" fileid="25" />
                <BranchPoint vc="35" uspid="1688" ordinal="23" offset="308" sl="69" path="1" offsetend="34" fileid="25" />
              </BranchPoints>
              <MethodPoint xsi:type="SequencePoint" vc="9" uspid="1645" ordinal="0" offset="0" sl="65" sc="13" el="65" ec="45" bec="0" bev="0" fileid="25" />
            </Method>
            <Method visited="false" cyclomaticComplexity="7" nPathComplexity="32" sequenceCoverage="0" branchCoverage="0" crapScore="56" isConstructor="false" isStatic="true" isGetter="false" isSetter="false">
              <Summary numSequencePoints="4" visitedSequencePoints="0" numBranchPoints="11" visitedBranchPoints="0" sequenceCoverage="0" branchCoverage="0" maxCyclomaticComplexity="7" minCyclomaticComplexity="7" maxCrapScore="56" minCrapScore="56" visitedClasses="0" numClasses="0" visitedMethods="0" numMethods="1" />
              <MetadataToken>100663611</MetadataToken>
              <Name>System.Collections.Generic.IEnumerable`1&lt;NUnit.VisualStudio.TestAdapter.NTrait&gt; NUnit.VisualStudio.TestAdapter.TraitsFeature::GetTraits(Microsoft.VisualStudio.TestPlatform.ObjectModel.TestCase)</Name>
              <FileRef uid="25" />
              <SequencePoints>
                <SequencePoint vc="0" uspid="1689" ordinal="0" offset="0" sl="103" sc="13" el="103" ec="45" bec="0" bev="0" fileid="25" />
                <SequencePoint vc="0" uspid="1690" ordinal="1" offset="6" sl="105" sc="13" el="105" ec="42" bec="4" bev="0" fileid="25" />
                <SequencePoint vc="0" uspid="1691" ordinal="2" offset="20" sl="107" sc="17" el="107" ec="141" bec="6" bev="0" fileid="25" />
                <SequencePoint vc="0" uspid="1692" ordinal="3" offset="140" sl="109" sc="13" el="109" ec="27" bec="0" bev="0" fileid="25" />
              </SequencePoints>
              <BranchPoints>
                <BranchPoint vc="0" uspid="1693" ordinal="0" offset="7" sl="105" path="0" offsetend="9" fileid="25" />
                <BranchPoint vc="0" uspid="1694" ordinal="1" offset="7" sl="105" path="1" offsetend="12" fileid="25" />
                <BranchPoint vc="0" uspid="1695" ordinal="2" offset="18" sl="105" path="0" offsetend="20" fileid="25" />
                <BranchPoint vc="0" uspid="1696" ordinal="3" offset="18" sl="105" path="1" offsetend="140" fileid="25" />
                <BranchPoint vc="0" uspid="1697" ordinal="4" offset="33" sl="107" path="0" offsetend="35" fileid="25" />
                <BranchPoint vc="0" uspid="1698" ordinal="5" offset="33" sl="107" path="1" offsetend="58" fileid="25" />
                <BranchPoint vc="0" uspid="1699" ordinal="6" offset="69" sl="107" path="0" offsetend="71" fileid="25" />
                <BranchPoint vc="0" uspid="1700" ordinal="7" offset="69" sl="107" path="1" offsetend="94" fileid="25" />
                <BranchPoint vc="0" uspid="1701" ordinal="8" offset="105" sl="107" path="0" offsetend="107" fileid="25" />
                <BranchPoint vc="0" uspid="1702" ordinal="9" offset="105" sl="107" path="1" offsetend="130" fileid="25" />
              </BranchPoints>
              <MethodPoint xsi:type="SequencePoint" vc="0" uspid="1689" ordinal="0" offset="0" sl="103" sc="13" el="103" ec="45" bec="0" bev="0" fileid="25" />
            </Method>
            <Method visited="false" cyclomaticComplexity="1" nPathComplexity="0" sequenceCoverage="0" branchCoverage="0" crapScore="2" isConstructor="false" isStatic="true" isGetter="false" isSetter="false">
              <Summary numSequencePoints="2" visitedSequencePoints="0" numBranchPoints="1" visitedBranchPoints="0" sequenceCoverage="0" branchCoverage="0" maxCyclomaticComplexity="1" minCyclomaticComplexity="1" maxCrapScore="2" minCrapScore="2" visitedClasses="0" numClasses="0" visitedMethods="0" numMethods="1" />
              <MetadataToken>100663612</MetadataToken>
              <Name>System.Collections.Generic.IEnumerable`1&lt;System.String&gt; NUnit.VisualStudio.TestAdapter.TraitsFeature::GetCategories(Microsoft.VisualStudio.TestPlatform.ObjectModel.TestCase)</Name>
              <FileRef uid="25" />
              <SequencePoints>
                <SequencePoint vc="0" uspid="1703" ordinal="0" offset="0" sl="114" sc="13" el="114" ec="108" bec="0" bev="0" fileid="25" />
                <SequencePoint vc="0" uspid="1704" ordinal="1" offset="16" sl="115" sc="13" el="115" ec="31" bec="0" bev="0" fileid="25" />
              </SequencePoints>
              <BranchPoints />
              <MethodPoint xsi:type="SequencePoint" vc="0" uspid="1703" ordinal="0" offset="0" sl="114" sc="13" el="114" ec="108" bec="0" bev="0" fileid="25" />
            </Method>
          </Methods>
        </Class>
        <Class>
          <Summary numSequencePoints="4" visitedSequencePoints="3" numBranchPoints="4" visitedBranchPoints="3" sequenceCoverage="75" branchCoverage="75" maxCyclomaticComplexity="1" minCyclomaticComplexity="1" maxCrapScore="2" minCrapScore="1" visitedClasses="1" numClasses="1" visitedMethods="3" numMethods="4" />
          <FullName>NUnit.VisualStudio.TestAdapter.TraitsFeature/CachedTestCaseInfo</FullName>
          <Methods>
            <Method visited="true" cyclomaticComplexity="1" nPathComplexity="0" sequenceCoverage="100" branchCoverage="100" crapScore="1" isConstructor="false" isStatic="false" isGetter="true" isSetter="false">
              <Summary numSequencePoints="1" visitedSequencePoints="1" numBranchPoints="1" visitedBranchPoints="1" sequenceCoverage="100" branchCoverage="100" maxCyclomaticComplexity="1" minCyclomaticComplexity="1" maxCrapScore="1" minCrapScore="1" visitedClasses="0" numClasses="0" visitedMethods="1" numMethods="1" />
              <MetadataToken>100663850</MetadataToken>
              <Name>System.Collections.Generic.List`1&lt;Microsoft.VisualStudio.TestPlatform.ObjectModel.Trait&gt; NUnit.VisualStudio.TestAdapter.TraitsFeature/CachedTestCaseInfo::get_Traits()</Name>
              <FileRef uid="25" />
              <SequencePoints>
                <SequencePoint vc="44" uspid="1705" ordinal="0" offset="0" sl="51" sc="41" el="51" ec="45" bec="0" bev="0" fileid="25" />
              </SequencePoints>
              <BranchPoints />
              <MethodPoint xsi:type="SequencePoint" vc="44" uspid="1705" ordinal="0" offset="0" sl="51" sc="41" el="51" ec="45" bec="0" bev="0" fileid="25" />
            </Method>
            <Method visited="true" cyclomaticComplexity="1" nPathComplexity="0" sequenceCoverage="100" branchCoverage="100" crapScore="1" isConstructor="false" isStatic="false" isGetter="true" isSetter="false">
              <Summary numSequencePoints="1" visitedSequencePoints="1" numBranchPoints="1" visitedBranchPoints="1" sequenceCoverage="100" branchCoverage="100" maxCyclomaticComplexity="1" minCyclomaticComplexity="1" maxCrapScore="1" minCrapScore="1" visitedClasses="0" numClasses="0" visitedMethods="1" numMethods="1" />
              <MetadataToken>100663851</MetadataToken>
              <Name>System.Boolean NUnit.VisualStudio.TestAdapter.TraitsFeature/CachedTestCaseInfo::get_Explicit()</Name>
              <FileRef uid="25" />
              <SequencePoints>
                <SequencePoint vc="22" uspid="1706" ordinal="0" offset="0" sl="56" sc="36" el="56" ec="40" bec="0" bev="0" fileid="25" />
              </SequencePoints>
              <BranchPoints />
              <MethodPoint xsi:type="SequencePoint" vc="22" uspid="1706" ordinal="0" offset="0" sl="56" sc="36" el="56" ec="40" bec="0" bev="0" fileid="25" />
            </Method>
            <Method visited="false" cyclomaticComplexity="1" nPathComplexity="0" sequenceCoverage="0" branchCoverage="0" crapScore="2" isConstructor="false" isStatic="false" isGetter="false" isSetter="true">
              <Summary numSequencePoints="1" visitedSequencePoints="0" numBranchPoints="1" visitedBranchPoints="0" sequenceCoverage="0" branchCoverage="0" maxCyclomaticComplexity="1" minCyclomaticComplexity="1" maxCrapScore="2" minCrapScore="2" visitedClasses="0" numClasses="0" visitedMethods="0" numMethods="1" />
              <MetadataToken>100663852</MetadataToken>
              <Name>System.Void NUnit.VisualStudio.TestAdapter.TraitsFeature/CachedTestCaseInfo::set_Explicit(System.Boolean)</Name>
              <FileRef uid="25" />
              <SequencePoints>
                <SequencePoint vc="0" uspid="1707" ordinal="0" offset="0" sl="56" sc="41" el="56" ec="45" bec="0" bev="0" fileid="25" />
              </SequencePoints>
              <BranchPoints />
              <MethodPoint xsi:type="SequencePoint" vc="0" uspid="1707" ordinal="0" offset="0" sl="56" sc="41" el="56" ec="45" bec="0" bev="0" fileid="25" />
            </Method>
            <Method visited="true" cyclomaticComplexity="1" nPathComplexity="0" sequenceCoverage="100" branchCoverage="100" crapScore="1" isConstructor="true" isStatic="false" isGetter="false" isSetter="false">
              <Summary numSequencePoints="1" visitedSequencePoints="1" numBranchPoints="1" visitedBranchPoints="1" sequenceCoverage="100" branchCoverage="100" maxCyclomaticComplexity="1" minCyclomaticComplexity="1" maxCrapScore="1" minCrapScore="1" visitedClasses="0" numClasses="0" visitedMethods="1" numMethods="1" />
              <MetadataToken>100663853</MetadataToken>
              <Name>System.Void NUnit.VisualStudio.TestAdapter.TraitsFeature/CachedTestCaseInfo::.ctor()</Name>
              <FileRef uid="25" />
              <SequencePoints>
                <SequencePoint vc="4" uspid="1708" ordinal="0" offset="0" sl="51" sc="50" el="51" ec="67" bec="0" bev="0" fileid="25" />
              </SequencePoints>
              <BranchPoints />
              <MethodPoint xsi:type="SequencePoint" vc="4" uspid="1708" ordinal="0" offset="0" sl="51" sc="50" el="51" ec="67" bec="0" bev="0" fileid="25" />
            </Method>
          </Methods>
        </Class>
        <Class>
          <Summary numSequencePoints="6" visitedSequencePoints="0" numBranchPoints="6" visitedBranchPoints="0" sequenceCoverage="0" branchCoverage="0" maxCyclomaticComplexity="1" minCyclomaticComplexity="1" maxCrapScore="2" minCrapScore="2" visitedClasses="0" numClasses="1" visitedMethods="0" numMethods="6" />
          <FullName>NUnit.VisualStudio.TestAdapter.TraitsFeature/&lt;&gt;c</FullName>
          <Methods>
            <Method visited="false" cyclomaticComplexity="1" nPathComplexity="0" sequenceCoverage="0" branchCoverage="0" crapScore="2" isConstructor="true" isStatic="true" isGetter="false" isSetter="false">
              <Summary numSequencePoints="0" visitedSequencePoints="0" numBranchPoints="0" visitedBranchPoints="0" sequenceCoverage="0" branchCoverage="0" maxCyclomaticComplexity="1" minCyclomaticComplexity="1" maxCrapScore="2" minCrapScore="2" visitedClasses="0" numClasses="0" visitedMethods="0" numMethods="0" />
              <MetadataToken>100663854</MetadataToken>
              <Name>System.Void NUnit.VisualStudio.TestAdapter.TraitsFeature/&lt;&gt;c::.cctor()</Name>
              <SequencePoints />
              <BranchPoints />
              <MethodPoint vc="0" uspid="1709" ordinal="0" offset="0" />
            </Method>
            <Method visited="false" cyclomaticComplexity="1" nPathComplexity="0" sequenceCoverage="0" branchCoverage="0" crapScore="2" isConstructor="true" isStatic="false" isGetter="false" isSetter="false">
              <Summary numSequencePoints="0" visitedSequencePoints="0" numBranchPoints="0" visitedBranchPoints="0" sequenceCoverage="0" branchCoverage="0" maxCyclomaticComplexity="1" minCyclomaticComplexity="1" maxCrapScore="2" minCrapScore="2" visitedClasses="0" numClasses="0" visitedMethods="0" numMethods="0" />
              <MetadataToken>100663855</MetadataToken>
              <Name>System.Void NUnit.VisualStudio.TestAdapter.TraitsFeature/&lt;&gt;c::.ctor()</Name>
              <SequencePoints />
              <BranchPoints />
              <MethodPoint vc="0" uspid="1710" ordinal="0" offset="0" />
            </Method>
            <Method visited="false" cyclomaticComplexity="1" nPathComplexity="0" sequenceCoverage="0" branchCoverage="0" crapScore="2" isConstructor="false" isStatic="false" isGetter="false" isSetter="false">
              <Summary numSequencePoints="1" visitedSequencePoints="0" numBranchPoints="1" visitedBranchPoints="0" sequenceCoverage="0" branchCoverage="0" maxCyclomaticComplexity="1" minCyclomaticComplexity="1" maxCrapScore="2" minCrapScore="2" visitedClasses="0" numClasses="0" visitedMethods="0" numMethods="1" />
              <MetadataToken>100663856</MetadataToken>
              <Name>System.Boolean NUnit.VisualStudio.TestAdapter.TraitsFeature/&lt;&gt;c::&lt;AddTraitsFromTestNode&gt;b__3_0(Microsoft.VisualStudio.TestPlatform.ObjectModel.Trait)</Name>
              <FileRef uid="25" />
              <SequencePoints>
                <SequencePoint vc="0" uspid="1711" ordinal="0" offset="0" sl="73" sc="78" el="73" ec="110" bec="0" bev="0" fileid="25" />
              </SequencePoints>
              <BranchPoints />
              <MethodPoint xsi:type="SequencePoint" vc="0" uspid="1711" ordinal="0" offset="0" sl="73" sc="78" el="73" ec="110" bec="0" bev="0" fileid="25" />
            </Method>
            <Method visited="false" cyclomaticComplexity="1" nPathComplexity="0" sequenceCoverage="0" branchCoverage="0" crapScore="2" isConstructor="false" isStatic="false" isGetter="false" isSetter="false">
              <Summary numSequencePoints="1" visitedSequencePoints="0" numBranchPoints="1" visitedBranchPoints="0" sequenceCoverage="0" branchCoverage="0" maxCyclomaticComplexity="1" minCyclomaticComplexity="1" maxCrapScore="2" minCrapScore="2" visitedClasses="0" numClasses="0" visitedMethods="0" numMethods="1" />
              <MetadataToken>100663857</MetadataToken>
              <Name>System.String NUnit.VisualStudio.TestAdapter.TraitsFeature/&lt;&gt;c::&lt;AddTraitsFromTestNode&gt;b__3_1(Microsoft.VisualStudio.TestPlatform.ObjectModel.Trait)</Name>
              <FileRef uid="25" />
              <SequencePoints>
                <SequencePoint vc="0" uspid="1712" ordinal="0" offset="0" sl="73" sc="127" el="73" ec="137" bec="0" bev="0" fileid="25" />
              </SequencePoints>
              <BranchPoints />
              <MethodPoint xsi:type="SequencePoint" vc="0" uspid="1712" ordinal="0" offset="0" sl="73" sc="127" el="73" ec="137" bec="0" bev="0" fileid="25" />
            </Method>
            <Method visited="false" cyclomaticComplexity="1" nPathComplexity="0" sequenceCoverage="0" branchCoverage="0" crapScore="2" isConstructor="false" isStatic="false" isGetter="false" isSetter="false">
              <Summary numSequencePoints="1" visitedSequencePoints="0" numBranchPoints="1" visitedBranchPoints="0" sequenceCoverage="0" branchCoverage="0" maxCyclomaticComplexity="1" minCyclomaticComplexity="1" maxCrapScore="2" minCrapScore="2" visitedClasses="0" numClasses="0" visitedMethods="0" numMethods="1" />
              <MetadataToken>100663858</MetadataToken>
              <Name>System.Boolean NUnit.VisualStudio.TestAdapter.TraitsFeature/&lt;&gt;c::&lt;AddTraitsFromTestNode&gt;b__3_2(Microsoft.VisualStudio.TestPlatform.ObjectModel.Trait)</Name>
              <FileRef uid="25" />
              <SequencePoints>
                <SequencePoint vc="0" uspid="1713" ordinal="0" offset="0" sl="78" sc="73" el="78" ec="105" bec="0" bev="0" fileid="25" />
              </SequencePoints>
              <BranchPoints />
              <MethodPoint xsi:type="SequencePoint" vc="0" uspid="1713" ordinal="0" offset="0" sl="78" sc="73" el="78" ec="105" bec="0" bev="0" fileid="25" />
            </Method>
            <Method visited="false" cyclomaticComplexity="1" nPathComplexity="0" sequenceCoverage="0" branchCoverage="0" crapScore="2" isConstructor="false" isStatic="false" isGetter="false" isSetter="false">
              <Summary numSequencePoints="1" visitedSequencePoints="0" numBranchPoints="1" visitedBranchPoints="0" sequenceCoverage="0" branchCoverage="0" maxCyclomaticComplexity="1" minCyclomaticComplexity="1" maxCrapScore="2" minCrapScore="2" visitedClasses="0" numClasses="0" visitedMethods="0" numMethods="1" />
              <MetadataToken>100663859</MetadataToken>
              <Name>&lt;&gt;f__AnonymousType1`2&lt;Microsoft.VisualStudio.TestPlatform.ObjectModel.Trait,System.String&gt; NUnit.VisualStudio.TestAdapter.TraitsFeature/&lt;&gt;c::&lt;GetTraits&gt;b__4_0(Microsoft.VisualStudio.TestPlatform.ObjectModel.Trait)</Name>
              <FileRef uid="25" />
              <SequencePoints>
                <SequencePoint vc="0" uspid="1714" ordinal="0" offset="0" sl="107" sc="74" el="107" ec="84" bec="0" bev="0" fileid="25" />
              </SequencePoints>
              <BranchPoints />
              <MethodPoint xsi:type="SequencePoint" vc="0" uspid="1714" ordinal="0" offset="0" sl="107" sc="74" el="107" ec="84" bec="0" bev="0" fileid="25" />
            </Method>
            <Method visited="false" cyclomaticComplexity="1" nPathComplexity="0" sequenceCoverage="0" branchCoverage="0" crapScore="2" isConstructor="false" isStatic="false" isGetter="false" isSetter="false">
              <Summary numSequencePoints="1" visitedSequencePoints="0" numBranchPoints="1" visitedBranchPoints="0" sequenceCoverage="0" branchCoverage="0" maxCyclomaticComplexity="1" minCyclomaticComplexity="1" maxCrapScore="2" minCrapScore="2" visitedClasses="0" numClasses="0" visitedMethods="0" numMethods="1" />
              <MetadataToken>100663860</MetadataToken>
              <Name>&lt;&gt;f__AnonymousType2`2&lt;&lt;&gt;f__AnonymousType1`2&lt;Microsoft.VisualStudio.TestPlatform.ObjectModel.Trait,System.String&gt;,System.String&gt; NUnit.VisualStudio.TestAdapter.TraitsFeature/&lt;&gt;c::&lt;GetTraits&gt;b__4_1(&lt;&gt;f__AnonymousType1`2&lt;Microsoft.VisualStudio.TestPlatform.ObjectModel.Trait,System.String&gt;)</Name>
              <FileRef uid="25" />
              <SequencePoints>
                <SequencePoint vc="0" uspid="1715" ordinal="0" offset="0" sl="107" sc="97" el="107" ec="108" bec="0" bev="0" fileid="25" />
              </SequencePoints>
              <BranchPoints />
              <MethodPoint xsi:type="SequencePoint" vc="0" uspid="1715" ordinal="0" offset="0" sl="107" sc="97" el="107" ec="108" bec="0" bev="0" fileid="25" />
            </Method>
            <Method visited="false" cyclomaticComplexity="1" nPathComplexity="0" sequenceCoverage="0" branchCoverage="0" crapScore="2" isConstructor="false" isStatic="false" isGetter="false" isSetter="false">
              <Summary numSequencePoints="1" visitedSequencePoints="0" numBranchPoints="1" visitedBranchPoints="0" sequenceCoverage="0" branchCoverage="0" maxCyclomaticComplexity="1" minCyclomaticComplexity="1" maxCrapScore="2" minCrapScore="2" visitedClasses="0" numClasses="0" visitedMethods="0" numMethods="1" />
              <MetadataToken>100663861</MetadataToken>
              <Name>NUnit.VisualStudio.TestAdapter.NTrait NUnit.VisualStudio.TestAdapter.TraitsFeature/&lt;&gt;c::&lt;GetTraits&gt;b__4_2(&lt;&gt;f__AnonymousType2`2&lt;&lt;&gt;f__AnonymousType1`2&lt;Microsoft.VisualStudio.TestPlatform.ObjectModel.Trait,System.String&gt;,System.String&gt;)</Name>
              <FileRef uid="25" />
              <SequencePoints>
                <SequencePoint vc="0" uspid="1716" ordinal="0" offset="0" sl="107" sc="116" el="107" ec="139" bec="0" bev="0" fileid="25" />
              </SequencePoints>
              <BranchPoints />
              <MethodPoint xsi:type="SequencePoint" vc="0" uspid="1716" ordinal="0" offset="0" sl="107" sc="116" el="107" ec="139" bec="0" bev="0" fileid="25" />
            </Method>
          </Methods>
        </Class>
        <Class>
          <Summary numSequencePoints="6" visitedSequencePoints="5" numBranchPoints="3" visitedBranchPoints="2" sequenceCoverage="83.33" branchCoverage="66.67" maxCyclomaticComplexity="1" minCyclomaticComplexity="1" maxCrapScore="2" minCrapScore="1" visitedClasses="1" numClasses="1" visitedMethods="2" numMethods="3" />
          <FullName>NUnit.VisualStudio.TestAdapter.NTrait</FullName>
          <Methods>
            <Method visited="true" cyclomaticComplexity="1" nPathComplexity="0" sequenceCoverage="100" branchCoverage="100" crapScore="1" isConstructor="false" isStatic="false" isGetter="true" isSetter="false">
              <Summary numSequencePoints="1" visitedSequencePoints="1" numBranchPoints="1" visitedBranchPoints="1" sequenceCoverage="100" branchCoverage="100" maxCyclomaticComplexity="1" minCyclomaticComplexity="1" maxCrapScore="1" minCrapScore="1" visitedClasses="0" numClasses="0" visitedMethods="1" numMethods="1" />
              <MetadataToken>100663613</MetadataToken>
              <Name>System.String NUnit.VisualStudio.TestAdapter.NTrait::get_Name()</Name>
              <FileRef uid="25" />
              <SequencePoints>
                <SequencePoint vc="2" uspid="1717" ordinal="0" offset="0" sl="121" sc="30" el="121" ec="34" bec="0" bev="0" fileid="25" />
              </SequencePoints>
              <BranchPoints />
              <MethodPoint xsi:type="SequencePoint" vc="2" uspid="1717" ordinal="0" offset="0" sl="121" sc="30" el="121" ec="34" bec="0" bev="0" fileid="25" />
            </Method>
            <Method visited="false" cyclomaticComplexity="1" nPathComplexity="0" sequenceCoverage="0" branchCoverage="0" crapScore="2" isConstructor="false" isStatic="false" isGetter="true" isSetter="false">
              <Summary numSequencePoints="1" visitedSequencePoints="0" numBranchPoints="1" visitedBranchPoints="0" sequenceCoverage="0" branchCoverage="0" maxCyclomaticComplexity="1" minCyclomaticComplexity="1" maxCrapScore="2" minCrapScore="2" visitedClasses="0" numClasses="0" visitedMethods="0" numMethods="1" />
              <MetadataToken>100663614</MetadataToken>
              <Name>System.String NUnit.VisualStudio.TestAdapter.NTrait::get_Value()</Name>
              <FileRef uid="25" />
              <SequencePoints>
                <SequencePoint vc="0" uspid="1718" ordinal="0" offset="0" sl="122" sc="31" el="122" ec="35" bec="0" bev="0" fileid="25" />
              </SequencePoints>
              <BranchPoints />
              <MethodPoint xsi:type="SequencePoint" vc="0" uspid="1718" ordinal="0" offset="0" sl="122" sc="31" el="122" ec="35" bec="0" bev="0" fileid="25" />
            </Method>
            <Method visited="true" cyclomaticComplexity="1" nPathComplexity="0" sequenceCoverage="100" branchCoverage="100" crapScore="1" isConstructor="true" isStatic="false" isGetter="false" isSetter="false">
              <Summary numSequencePoints="4" visitedSequencePoints="4" numBranchPoints="1" visitedBranchPoints="1" sequenceCoverage="100" branchCoverage="100" maxCyclomaticComplexity="1" minCyclomaticComplexity="1" maxCrapScore="1" minCrapScore="1" visitedClasses="0" numClasses="0" visitedMethods="1" numMethods="1" />
              <MetadataToken>100663615</MetadataToken>
              <Name>System.Void NUnit.VisualStudio.TestAdapter.NTrait::.ctor(System.String,System.String)</Name>
              <FileRef uid="25" />
              <SequencePoints>
                <SequencePoint vc="2" uspid="1719" ordinal="0" offset="0" sl="124" sc="9" el="124" ec="49" bec="0" bev="0" fileid="25" />
                <SequencePoint vc="2" uspid="1720" ordinal="1" offset="6" sl="126" sc="13" el="126" ec="25" bec="0" bev="0" fileid="25" />
                <SequencePoint vc="2" uspid="1721" ordinal="2" offset="13" sl="127" sc="13" el="127" ec="27" bec="0" bev="0" fileid="25" />
                <SequencePoint vc="2" uspid="1722" ordinal="3" offset="20" sl="128" sc="9" el="128" ec="10" bec="0" bev="0" fileid="25" />
              </SequencePoints>
              <BranchPoints />
              <MethodPoint xsi:type="SequencePoint" vc="2" uspid="1719" ordinal="0" offset="0" sl="124" sc="9" el="124" ec="49" bec="0" bev="0" fileid="25" />
            </Method>
          </Methods>
        </Class>
        <Class>
          <Summary numSequencePoints="8" visitedSequencePoints="0" numBranchPoints="3" visitedBranchPoints="0" sequenceCoverage="0" branchCoverage="0" maxCyclomaticComplexity="2" minCyclomaticComplexity="2" maxCrapScore="6" minCrapScore="6" visitedClasses="0" numClasses="1" visitedMethods="0" numMethods="1" />
          <FullName>NUnit.VisualStudio.TestAdapter.TryParse</FullName>
          <Methods>
            <Method visited="false" cyclomaticComplexity="2" nPathComplexity="2" sequenceCoverage="0" branchCoverage="0" crapScore="6" isConstructor="false" isStatic="true" isGetter="false" isSetter="false">
              <Summary numSequencePoints="8" visitedSequencePoints="0" numBranchPoints="3" visitedBranchPoints="0" sequenceCoverage="0" branchCoverage="0" maxCyclomaticComplexity="2" minCyclomaticComplexity="2" maxCrapScore="6" minCrapScore="6" visitedClasses="0" numClasses="0" visitedMethods="0" numMethods="1" />
              <MetadataToken>100663616</MetadataToken>
              <Name>System.Boolean NUnit.VisualStudio.TestAdapter.TryParse::EnumTryParse(System.String,T&amp;)</Name>
              <FileRef uid="29" />
              <SequencePoints>
                <SequencePoint vc="0" uspid="1723" ordinal="0" offset="0" sl="13" sc="13" el="13" ec="30" bec="0" bev="0" fileid="29" />
                <SequencePoint vc="0" uspid="1724" ordinal="1" offset="7" sl="14" sc="13" el="14" ec="45" bec="2" bev="0" fileid="29" />
                <SequencePoint vc="0" uspid="1725" ordinal="2" offset="15" sl="15" sc="17" el="15" ec="30" bec="0" bev="0" fileid="29" />
                <SequencePoint vc="0" uspid="1726" ordinal="3" offset="18" sl="18" sc="17" el="18" ec="64" bec="0" bev="0" fileid="29" />
                <SequencePoint vc="0" uspid="1727" ordinal="4" offset="46" sl="19" sc="17" el="19" ec="58" bec="0" bev="0" fileid="29" />
                <SequencePoint vc="0" uspid="1728" ordinal="5" offset="75" sl="21" sc="13" el="21" ec="38" bec="0" bev="0" fileid="29" />
                <SequencePoint vc="0" uspid="1729" ordinal="6" offset="76" sl="23" sc="17" el="23" ec="30" bec="0" bev="0" fileid="29" />
                <SequencePoint vc="0" uspid="1730" ordinal="7" offset="80" sl="25" sc="9" el="25" ec="10" bec="0" bev="0" fileid="29" />
              </SequencePoints>
              <BranchPoints>
                <BranchPoint vc="0" uspid="1731" ordinal="0" offset="13" sl="14" path="0" offsetend="15" fileid="29" />
                <BranchPoint vc="0" uspid="1732" ordinal="1" offset="13" sl="14" path="1" offsetend="17" fileid="29" />
              </BranchPoints>
              <MethodPoint xsi:type="SequencePoint" vc="0" uspid="1723" ordinal="0" offset="0" sl="13" sc="13" el="13" ec="30" bec="0" bev="0" fileid="29" />
            </Method>
          </Methods>
        </Class>
        <Class>
          <Summary numSequencePoints="31" visitedSequencePoints="7" numBranchPoints="22" visitedBranchPoints="8" sequenceCoverage="22.58" branchCoverage="36.36" maxCyclomaticComplexity="4" minCyclomaticComplexity="1" maxCrapScore="12" minCrapScore="1" visitedClasses="1" numClasses="1" visitedMethods="3" numMethods="10" />
          <FullName>NUnit.VisualStudio.TestAdapter.XmlHelper</FullName>
          <Methods>
            <Method visited="false" cyclomaticComplexity="1" nPathComplexity="0" sequenceCoverage="0" branchCoverage="0" crapScore="2" isConstructor="false" isStatic="true" isGetter="false" isSetter="false">
              <Summary numSequencePoints="3" visitedSequencePoints="0" numBranchPoints="1" visitedBranchPoints="0" sequenceCoverage="0" branchCoverage="0" maxCyclomaticComplexity="1" minCyclomaticComplexity="1" maxCrapScore="2" minCrapScore="2" visitedClasses="0" numClasses="0" visitedMethods="0" numMethods="1" />
              <MetadataToken>100663617</MetadataToken>
              <Name>System.Xml.XmlNode NUnit.VisualStudio.TestAdapter.XmlHelper::CreateTopLevelElement(System.String)</Name>
              <FileRef uid="30" />
              <SequencePoints>
                <SequencePoint vc="0" uspid="1733" ordinal="0" offset="0" sl="42" sc="13" el="42" ec="41" bec="0" bev="0" fileid="30" />
                <SequencePoint vc="0" uspid="1734" ordinal="1" offset="5" sl="43" sc="13" el="43" ec="44" bec="0" bev="0" fileid="30" />
                <SequencePoint vc="0" uspid="1735" ordinal="2" offset="27" sl="44" sc="13" el="44" ec="35" bec="0" bev="0" fileid="30" />
              </SequencePoints>
              <BranchPoints />
              <MethodPoint xsi:type="SequencePoint" vc="0" uspid="1733" ordinal="0" offset="0" sl="42" sc="13" el="42" ec="41" bec="0" bev="0" fileid="30" />
            </Method>
            <Method visited="true" cyclomaticComplexity="1" nPathComplexity="0" sequenceCoverage="100" branchCoverage="100" crapScore="1" isConstructor="false" isStatic="true" isGetter="false" isSetter="false">
              <Summary numSequencePoints="3" visitedSequencePoints="3" numBranchPoints="1" visitedBranchPoints="1" sequenceCoverage="100" branchCoverage="100" maxCyclomaticComplexity="1" minCyclomaticComplexity="1" maxCrapScore="1" minCrapScore="1" visitedClasses="0" numClasses="0" visitedMethods="1" numMethods="1" />
              <MetadataToken>100663618</MetadataToken>
              <Name>System.Xml.XmlNode NUnit.VisualStudio.TestAdapter.XmlHelper::CreateXmlNode(System.String)</Name>
              <FileRef uid="30" />
              <SequencePoints>
                <SequencePoint vc="28" uspid="1736" ordinal="0" offset="0" sl="49" sc="13" el="49" ec="41" bec="0" bev="0" fileid="30" />
                <SequencePoint vc="28" uspid="1737" ordinal="1" offset="5" sl="50" sc="13" el="50" ec="30" bec="0" bev="0" fileid="30" />
                <SequencePoint vc="28" uspid="1738" ordinal="2" offset="12" sl="51" sc="13" el="51" ec="35" bec="0" bev="0" fileid="30" />
              </SequencePoints>
              <BranchPoints />
              <MethodPoint xsi:type="SequencePoint" vc="28" uspid="1736" ordinal="0" offset="0" sl="49" sc="13" el="49" ec="41" bec="0" bev="0" fileid="30" />
            </Method>
            <Method visited="false" cyclomaticComplexity="1" nPathComplexity="0" sequenceCoverage="0" branchCoverage="0" crapScore="2" isConstructor="false" isStatic="true" isGetter="false" isSetter="false">
              <Summary numSequencePoints="5" visitedSequencePoints="0" numBranchPoints="1" visitedBranchPoints="0" sequenceCoverage="0" branchCoverage="0" maxCyclomaticComplexity="1" minCyclomaticComplexity="1" maxCrapScore="2" minCrapScore="2" visitedClasses="0" numClasses="0" visitedMethods="0" numMethods="1" />
              <MetadataToken>100663619</MetadataToken>
              <Name>System.Xml.XmlNode NUnit.VisualStudio.TestAdapter.XmlHelper::ToXml(System.String)</Name>
              <FileRef uid="30" />
              <SequencePoints>
                <SequencePoint vc="0" uspid="1739" ordinal="0" offset="0" sl="56" sc="13" el="56" ec="41" bec="0" bev="0" fileid="30" />
                <SequencePoint vc="0" uspid="1740" ordinal="1" offset="5" sl="57" sc="13" el="57" ec="57" bec="0" bev="0" fileid="30" />
                <SequencePoint vc="0" uspid="1741" ordinal="2" offset="12" sl="58" sc="13" el="58" ec="37" bec="0" bev="0" fileid="30" />
                <SequencePoint vc="0" uspid="1742" ordinal="3" offset="19" sl="59" sc="13" el="59" ec="39" bec="0" bev="0" fileid="30" />
                <SequencePoint vc="0" uspid="1743" ordinal="4" offset="27" sl="60" sc="13" el="60" ec="35" bec="0" bev="0" fileid="30" />
              </SequencePoints>
              <BranchPoints />
              <MethodPoint xsi:type="SequencePoint" vc="0" uspid="1739" ordinal="0" offset="0" sl="56" sc="13" el="56" ec="41" bec="0" bev="0" fileid="30" />
            </Method>
            <Method visited="false" cyclomaticComplexity="1" nPathComplexity="0" sequenceCoverage="0" branchCoverage="0" crapScore="2" isConstructor="false" isStatic="true" isGetter="false" isSetter="false">
              <Summary numSequencePoints="4" visitedSequencePoints="0" numBranchPoints="1" visitedBranchPoints="0" sequenceCoverage="0" branchCoverage="0" maxCyclomaticComplexity="1" minCyclomaticComplexity="1" maxCrapScore="2" minCrapScore="2" visitedClasses="0" numClasses="0" visitedMethods="0" numMethods="1" />
              <MetadataToken>100663620</MetadataToken>
              <Name>System.Void NUnit.VisualStudio.TestAdapter.XmlHelper::AddAttribute(System.Xml.XmlNode,System.String,System.String)</Name>
              <FileRef uid="30" />
              <SequencePoints>
                <SequencePoint vc="0" uspid="1744" ordinal="0" offset="0" sl="71" sc="13" el="71" ec="65" bec="0" bev="0" fileid="30" />
                <SequencePoint vc="0" uspid="1745" ordinal="1" offset="13" sl="72" sc="13" el="72" ec="32" bec="0" bev="0" fileid="30" />
                <SequencePoint vc="0" uspid="1746" ordinal="2" offset="20" sl="73" sc="13" el="73" ec="42" bec="0" bev="0" fileid="30" />
                <SequencePoint vc="0" uspid="1747" ordinal="3" offset="33" sl="74" sc="9" el="74" ec="10" bec="0" bev="0" fileid="30" />
              </SequencePoints>
              <BranchPoints />
              <MethodPoint xsi:type="SequencePoint" vc="0" uspid="1744" ordinal="0" offset="0" sl="71" sc="13" el="71" ec="65" bec="0" bev="0" fileid="30" />
            </Method>
            <Method visited="false" cyclomaticComplexity="1" nPathComplexity="0" sequenceCoverage="0" branchCoverage="0" crapScore="2" isConstructor="false" isStatic="true" isGetter="false" isSetter="false">
              <Summary numSequencePoints="3" visitedSequencePoints="0" numBranchPoints="1" visitedBranchPoints="0" sequenceCoverage="0" branchCoverage="0" maxCyclomaticComplexity="1" minCyclomaticComplexity="1" maxCrapScore="2" minCrapScore="2" visitedClasses="0" numClasses="0" visitedMethods="0" numMethods="1" />
              <MetadataToken>100663621</MetadataToken>
              <Name>System.Xml.XmlNode NUnit.VisualStudio.TestAdapter.XmlHelper::AddElement(System.Xml.XmlNode,System.String)</Name>
              <FileRef uid="30" />
              <SequencePoints>
                <SequencePoint vc="0" uspid="1748" ordinal="0" offset="0" sl="84" sc="13" el="84" ec="72" bec="0" bev="0" fileid="30" />
                <SequencePoint vc="0" uspid="1749" ordinal="1" offset="13" sl="85" sc="13" el="85" ec="41" bec="0" bev="0" fileid="30" />
                <SequencePoint vc="0" uspid="1750" ordinal="2" offset="21" sl="86" sc="13" el="86" ec="30" bec="0" bev="0" fileid="30" />
              </SequencePoints>
              <BranchPoints />
              <MethodPoint xsi:type="SequencePoint" vc="0" uspid="1748" ordinal="0" offset="0" sl="84" sc="13" el="84" ec="72" bec="0" bev="0" fileid="30" />
            </Method>
            <Method visited="false" cyclomaticComplexity="1" nPathComplexity="0" sequenceCoverage="0" branchCoverage="0" crapScore="2" isConstructor="false" isStatic="true" isGetter="false" isSetter="false">
              <Summary numSequencePoints="3" visitedSequencePoints="0" numBranchPoints="1" visitedBranchPoints="0" sequenceCoverage="0" branchCoverage="0" maxCyclomaticComplexity="1" minCyclomaticComplexity="1" maxCrapScore="2" minCrapScore="2" visitedClasses="0" numClasses="0" visitedMethods="0" numMethods="1" />
              <MetadataToken>100663622</MetadataToken>
              <Name>System.Xml.XmlNode NUnit.VisualStudio.TestAdapter.XmlHelper::AddElementWithCDataSection(System.Xml.XmlNode,System.String,System.String)</Name>
              <FileRef uid="30" />
              <SequencePoints>
                <SequencePoint vc="0" uspid="1751" ordinal="0" offset="0" sl="98" sc="13" el="98" ec="51" bec="0" bev="0" fileid="30" />
                <SequencePoint vc="0" uspid="1752" ordinal="1" offset="7" sl="99" sc="13" el="99" ec="80" bec="0" bev="0" fileid="30" />
                <SequencePoint vc="0" uspid="1753" ordinal="2" offset="26" sl="100" sc="13" el="100" ec="30" bec="0" bev="0" fileid="30" />
              </SequencePoints>
              <BranchPoints />
              <MethodPoint xsi:type="SequencePoint" vc="0" uspid="1751" ordinal="0" offset="0" sl="98" sc="13" el="98" ec="51" bec="0" bev="0" fileid="30" />
            </Method>
            <Method visited="true" cyclomaticComplexity="4" nPathComplexity="4" sequenceCoverage="100" branchCoverage="100" crapScore="4" isConstructor="false" isStatic="true" isGetter="false" isSetter="false">
              <Summary numSequencePoints="2" visitedSequencePoints="2" numBranchPoints="5" visitedBranchPoints="5" sequenceCoverage="100" branchCoverage="100" maxCyclomaticComplexity="4" minCyclomaticComplexity="4" maxCrapScore="4" minCrapScore="4" visitedClasses="0" numClasses="0" visitedMethods="1" numMethods="1" />
              <MetadataToken>100663623</MetadataToken>
              <Name>System.String NUnit.VisualStudio.TestAdapter.XmlHelper::GetAttribute(System.Xml.XmlNode,System.String)</Name>
              <FileRef uid="30" />
              <SequencePoints>
                <SequencePoint vc="193" uspid="1754" ordinal="0" offset="0" sl="112" sc="13" el="112" ec="49" bec="2" bev="2" fileid="30" />
                <SequencePoint vc="193" uspid="1755" ordinal="1" offset="19" sl="114" sc="13" el="114" ec="32" bec="2" bev="2" fileid="30" />
              </SequencePoints>
              <BranchPoints>
                <BranchPoint vc="9" uspid="1756" ordinal="0" offset="7" sl="112" path="0" offsetend="9" fileid="30" />
                <BranchPoint vc="184" uspid="1757" ordinal="1" offset="7" sl="112" path="1" offsetend="13" fileid="30" />
                <BranchPoint vc="10" uspid="1758" ordinal="2" offset="20" sl="114" path="0" offsetend="22" fileid="30" />
                <BranchPoint vc="183" uspid="1759" ordinal="3" offset="20" sl="114" path="1" offsetend="25" fileid="30" />
              </BranchPoints>
              <MethodPoint xsi:type="SequencePoint" vc="193" uspid="1754" ordinal="0" offset="0" sl="112" sc="13" el="112" ec="49" bec="2" bev="2" fileid="30" />
            </Method>
            <Method visited="false" cyclomaticComplexity="2" nPathComplexity="2" sequenceCoverage="0" branchCoverage="0" crapScore="6" isConstructor="false" isStatic="true" isGetter="false" isSetter="false">
              <Summary numSequencePoints="2" visitedSequencePoints="0" numBranchPoints="3" visitedBranchPoints="0" sequenceCoverage="0" branchCoverage="0" maxCyclomaticComplexity="2" minCyclomaticComplexity="2" maxCrapScore="6" minCrapScore="6" visitedClasses="0" numClasses="0" visitedMethods="0" numMethods="1" />
              <MetadataToken>100663624</MetadataToken>
              <Name>System.Int32 NUnit.VisualStudio.TestAdapter.XmlHelper::GetAttribute(System.Xml.XmlNode,System.String,System.Int32)</Name>
              <FileRef uid="30" />
              <SequencePoints>
                <SequencePoint vc="0" uspid="1760" ordinal="0" offset="0" sl="125" sc="13" el="125" ec="48" bec="0" bev="0" fileid="30" />
                <SequencePoint vc="0" uspid="1761" ordinal="1" offset="13" sl="127" sc="13" el="129" ec="71" bec="2" bev="0" fileid="30" />
              </SequencePoints>
              <BranchPoints>
                <BranchPoint vc="0" uspid="1762" ordinal="0" offset="14" sl="127" path="0" offsetend="16" fileid="30" />
                <BranchPoint vc="0" uspid="1763" ordinal="1" offset="14" sl="127" path="1" offsetend="33" fileid="30" />
              </BranchPoints>
              <MethodPoint xsi:type="SequencePoint" vc="0" uspid="1760" ordinal="0" offset="0" sl="125" sc="13" el="125" ec="48" bec="0" bev="0" fileid="30" />
            </Method>
            <Method visited="true" cyclomaticComplexity="2" nPathComplexity="2" sequenceCoverage="100" branchCoverage="66.67" crapScore="2" isConstructor="false" isStatic="true" isGetter="false" isSetter="false">
              <Summary numSequencePoints="2" visitedSequencePoints="2" numBranchPoints="3" visitedBranchPoints="2" sequenceCoverage="100" branchCoverage="66.67" maxCyclomaticComplexity="2" minCyclomaticComplexity="2" maxCrapScore="2" minCrapScore="2" visitedClasses="0" numClasses="0" visitedMethods="1" numMethods="1" />
              <MetadataToken>100663625</MetadataToken>
              <Name>System.Double NUnit.VisualStudio.TestAdapter.XmlHelper::GetAttribute(System.Xml.XmlNode,System.String,System.Double)</Name>
              <FileRef uid="30" />
              <SequencePoints>
                <SequencePoint vc="9" uspid="1764" ordinal="0" offset="0" sl="140" sc="13" el="140" ec="48" bec="0" bev="0" fileid="30" />
                <SequencePoint vc="9" uspid="1765" ordinal="1" offset="13" sl="142" sc="13" el="144" ec="74" bec="2" bev="1" fileid="30" />
              </SequencePoints>
              <BranchPoints>
                <BranchPoint vc="9" uspid="1766" ordinal="0" offset="14" sl="142" path="0" offsetend="16" fileid="30" />
                <BranchPoint vc="0" uspid="1767" ordinal="1" offset="14" sl="142" path="1" offsetend="33" fileid="30" />
              </BranchPoints>
              <MethodPoint xsi:type="SequencePoint" vc="9" uspid="1764" ordinal="0" offset="0" sl="140" sc="13" el="140" ec="48" bec="0" bev="0" fileid="30" />
            </Method>
            <Method visited="false" cyclomaticComplexity="3" nPathComplexity="4" sequenceCoverage="0" branchCoverage="0" crapScore="12" isConstructor="false" isStatic="true" isGetter="false" isSetter="false">
              <Summary numSequencePoints="4" visitedSequencePoints="0" numBranchPoints="5" visitedBranchPoints="0" sequenceCoverage="0" branchCoverage="0" maxCyclomaticComplexity="3" minCyclomaticComplexity="3" maxCrapScore="12" minCrapScore="12" visitedClasses="0" numClasses="0" visitedMethods="0" numMethods="1" />
              <MetadataToken>100663626</MetadataToken>
              <Name>System.DateTime NUnit.VisualStudio.TestAdapter.XmlHelper::GetAttribute(System.Xml.XmlNode,System.String,System.DateTime)</Name>
              <FileRef uid="30" />
              <SequencePoints>
                <SequencePoint vc="0" uspid="1768" ordinal="0" offset="0" sl="155" sc="13" el="155" ec="57" bec="0" bev="0" fileid="30" />
                <SequencePoint vc="0" uspid="1769" ordinal="1" offset="8" sl="156" sc="13" el="156" ec="33" bec="2" bev="0" fileid="30" />
                <SequencePoint vc="0" uspid="1770" ordinal="2" offset="11" sl="157" sc="17" el="157" ec="37" bec="0" bev="0" fileid="30" />
                <SequencePoint vc="0" uspid="1771" ordinal="3" offset="13" sl="159" sc="13" el="161" ec="24" bec="2" bev="0" fileid="30" />
              </SequencePoints>
              <BranchPoints>
                <BranchPoint vc="0" uspid="1772" ordinal="0" offset="9" sl="156" path="0" offsetend="11" fileid="30" />
                <BranchPoint vc="0" uspid="1773" ordinal="1" offset="9" sl="156" path="1" offsetend="13" fileid="30" />
                <BranchPoint vc="0" uspid="1774" ordinal="2" offset="28" sl="159" path="0" offsetend="30" fileid="30" />
                <BranchPoint vc="0" uspid="1775" ordinal="3" offset="28" sl="159" path="1" offsetend="32" fileid="30" />
              </BranchPoints>
              <MethodPoint xsi:type="SequencePoint" vc="0" uspid="1768" ordinal="0" offset="0" sl="155" sc="13" el="155" ec="57" bec="0" bev="0" fileid="30" />
            </Method>
          </Methods>
        </Class>
        <Class>
          <Summary numSequencePoints="11" visitedSequencePoints="11" numBranchPoints="3" visitedBranchPoints="3" sequenceCoverage="100" branchCoverage="100" maxCyclomaticComplexity="3" minCyclomaticComplexity="1" maxCrapScore="3" minCrapScore="1" visitedClasses="1" numClasses="1" visitedMethods="3" numMethods="3" />
          <FullName>NUnit.VisualStudio.TestAdapter.NUnitEngine.DiscoveryExtensions</FullName>
          <Methods>
            <Method visited="true" cyclomaticComplexity="1" nPathComplexity="0" sequenceCoverage="100" branchCoverage="100" crapScore="1" isConstructor="false" isStatic="false" isGetter="true" isSetter="false">
              <Summary numSequencePoints="1" visitedSequencePoints="1" numBranchPoints="1" visitedBranchPoints="1" sequenceCoverage="100" branchCoverage="100" maxCyclomaticComplexity="1" minCyclomaticComplexity="1" maxCrapScore="1" minCrapScore="1" visitedClasses="0" numClasses="0" visitedMethods="1" numMethods="1" />
              <MetadataToken>100663627</MetadataToken>
              <Name>NUnit.VisualStudio.TestAdapter.TestConverter NUnit.VisualStudio.TestAdapter.NUnitEngine.DiscoveryExtensions::get_TestConverter()</Name>
              <FileRef uid="31" />
              <SequencePoints>
                <SequencePoint vc="10" uspid="1776" ordinal="0" offset="0" sl="9" sc="46" el="9" ec="50" bec="0" bev="0" fileid="31" />
              </SequencePoints>
              <BranchPoints />
              <MethodPoint xsi:type="SequencePoint" vc="10" uspid="1776" ordinal="0" offset="0" sl="9" sc="46" el="9" ec="50" bec="0" bev="0" fileid="31" />
            </Method>
            <Method visited="true" cyclomaticComplexity="1" nPathComplexity="0" sequenceCoverage="100" branchCoverage="100" crapScore="1" isConstructor="false" isStatic="false" isGetter="false" isSetter="true">
              <Summary numSequencePoints="1" visitedSequencePoints="1" numBranchPoints="1" visitedBranchPoints="1" sequenceCoverage="100" branchCoverage="100" maxCyclomaticComplexity="1" minCyclomaticComplexity="1" maxCrapScore="1" minCrapScore="1" visitedClasses="0" numClasses="0" visitedMethods="1" numMethods="1" />
              <MetadataToken>100663628</MetadataToken>
              <Name>System.Void NUnit.VisualStudio.TestAdapter.NUnitEngine.DiscoveryExtensions::set_TestConverter(NUnit.VisualStudio.TestAdapter.TestConverter)</Name>
              <FileRef uid="31" />
              <SequencePoints>
                <SequencePoint vc="1" uspid="1777" ordinal="0" offset="0" sl="9" sc="51" el="9" ec="63" bec="0" bev="0" fileid="31" />
              </SequencePoints>
              <BranchPoints />
              <MethodPoint xsi:type="SequencePoint" vc="1" uspid="1777" ordinal="0" offset="0" sl="9" sc="51" el="9" ec="63" bec="0" bev="0" fileid="31" />
            </Method>
            <Method visited="true" cyclomaticComplexity="3" nPathComplexity="0" sequenceCoverage="100" branchCoverage="100" crapScore="3" isConstructor="false" isStatic="false" isGetter="false" isSetter="false">
              <Summary numSequencePoints="9" visitedSequencePoints="9" numBranchPoints="1" visitedBranchPoints="1" sequenceCoverage="100" branchCoverage="100" maxCyclomaticComplexity="3" minCyclomaticComplexity="3" maxCrapScore="3" minCrapScore="3" visitedClasses="0" numClasses="0" visitedMethods="1" numMethods="1" />
              <MetadataToken>100663629</MetadataToken>
              <Name>System.Collections.Generic.IList`1&lt;Microsoft.VisualStudio.TestPlatform.ObjectModel.TestCase&gt; NUnit.VisualStudio.TestAdapter.NUnitEngine.DiscoveryExtensions::Convert(NUnit.VisualStudio.TestAdapter.NUnitEngine.NUnitResults,NUnit.VisualStudio.TestAdapter.ITestLogger,System.String,NUnit.VisualStudio.TestAdapter.IAdapterSettings)</Name>
              <FileRef uid="31" />
              <SequencePoints>
                <SequencePoint vc="1" uspid="1778" ordinal="0" offset="0" sl="13" sc="13" el="13" ec="63" bec="0" bev="0" fileid="31" />
                <SequencePoint vc="1" uspid="1779" ordinal="1" offset="7" sl="15" sc="13" el="15" ec="79" bec="0" bev="0" fileid="31" />
                <SequencePoint vc="1" uspid="1780" ordinal="2" offset="22" sl="16" sc="13" el="16" ec="56" bec="0" bev="0" fileid="31" />
                <SequencePoint vc="1" uspid="1781" ordinal="3" offset="28" sl="21" sc="42" el="21" ec="56" bec="0" bev="0" fileid="31" />
                <SequencePoint vc="9" uspid="1782" ordinal="4" offset="37" sl="21" sc="22" el="21" ec="38" bec="0" bev="0" fileid="31" />
                <SequencePoint vc="9" uspid="1783" ordinal="5" offset="49" sl="22" sc="17" el="22" ec="97" bec="0" bev="0" fileid="31" />
                <SequencePoint vc="10" uspid="1784" ordinal="6" offset="72" sl="21" sc="39" el="21" ec="41" bec="0" bev="0" fileid="31" />
                <SequencePoint vc="1" uspid="1785" ordinal="7" offset="102" sl="23" sc="13" el="23" ec="129" bec="0" bev="0" fileid="31" />
                <SequencePoint vc="1" uspid="1786" ordinal="8" offset="140" sl="25" sc="13" el="25" ec="36" bec="0" bev="0" fileid="31" />
              </SequencePoints>
              <BranchPoints />
              <MethodPoint xsi:type="SequencePoint" vc="1" uspid="1778" ordinal="0" offset="0" sl="13" sc="13" el="13" ec="63" bec="0" bev="0" fileid="31" />
            </Method>
            <Method visited="false" cyclomaticComplexity="1" nPathComplexity="0" sequenceCoverage="0" branchCoverage="0" crapScore="2" isConstructor="true" isStatic="false" isGetter="false" isSetter="false">
              <Summary numSequencePoints="0" visitedSequencePoints="0" numBranchPoints="0" visitedBranchPoints="0" sequenceCoverage="0" branchCoverage="0" maxCyclomaticComplexity="1" minCyclomaticComplexity="1" maxCrapScore="2" minCrapScore="2" visitedClasses="0" numClasses="0" visitedMethods="0" numMethods="0" />
              <MetadataToken>100663630</MetadataToken>
              <Name>System.Void NUnit.VisualStudio.TestAdapter.NUnitEngine.DiscoveryExtensions::.ctor()</Name>
              <SequencePoints />
              <BranchPoints />
              <MethodPoint vc="0" uspid="1789" ordinal="0" offset="0" />
            </Method>
          </Methods>
        </Class>
        <Class>
          <Summary numSequencePoints="43" visitedSequencePoints="31" numBranchPoints="30" visitedBranchPoints="20" sequenceCoverage="72.09" branchCoverage="66.67" maxCyclomaticComplexity="3" minCyclomaticComplexity="1" maxCrapScore="6" minCrapScore="1" visitedClasses="1" numClasses="1" visitedMethods="13" numMethods="16" />
          <FullName>NUnit.VisualStudio.TestAdapter.NUnitEngine.NUnitEngineAdapter</FullName>
          <Methods>
            <Method visited="true" cyclomaticComplexity="1" nPathComplexity="0" sequenceCoverage="100" branchCoverage="100" crapScore="1" isConstructor="false" isStatic="false" isGetter="true" isSetter="false">
              <Summary numSequencePoints="1" visitedSequencePoints="1" numBranchPoints="1" visitedBranchPoints="1" sequenceCoverage="100" branchCoverage="100" maxCyclomaticComplexity="1" minCyclomaticComplexity="1" maxCrapScore="1" minCrapScore="1" visitedClasses="0" numClasses="0" visitedMethods="1" numMethods="1" />
              <MetadataToken>100663636</MetadataToken>
              <Name>NUnit.Engine.ITestEngine NUnit.VisualStudio.TestAdapter.NUnitEngine.NUnitEngineAdapter::get_TestEngine()</Name>
              <FileRef uid="32" />
              <SequencePoints>
                <SequencePoint vc="3" uspid="1790" ordinal="0" offset="0" sl="50" sc="42" el="50" ec="46" bec="0" bev="0" fileid="32" />
              </SequencePoints>
              <BranchPoints />
              <MethodPoint xsi:type="SequencePoint" vc="3" uspid="1790" ordinal="0" offset="0" sl="50" sc="42" el="50" ec="46" bec="0" bev="0" fileid="32" />
            </Method>
            <Method visited="true" cyclomaticComplexity="1" nPathComplexity="0" sequenceCoverage="100" branchCoverage="100" crapScore="1" isConstructor="false" isStatic="false" isGetter="false" isSetter="true">
              <Summary numSequencePoints="1" visitedSequencePoints="1" numBranchPoints="1" visitedBranchPoints="1" sequenceCoverage="100" branchCoverage="100" maxCyclomaticComplexity="1" minCyclomaticComplexity="1" maxCrapScore="1" minCrapScore="1" visitedClasses="0" numClasses="0" visitedMethods="1" numMethods="1" />
              <MetadataToken>100663637</MetadataToken>
              <Name>System.Void NUnit.VisualStudio.TestAdapter.NUnitEngine.NUnitEngineAdapter::set_TestEngine(NUnit.Engine.ITestEngine)</Name>
              <FileRef uid="32" />
              <SequencePoints>
                <SequencePoint vc="1" uspid="1791" ordinal="0" offset="0" sl="50" sc="47" el="50" ec="51" bec="0" bev="0" fileid="32" />
              </SequencePoints>
              <BranchPoints />
              <MethodPoint xsi:type="SequencePoint" vc="1" uspid="1791" ordinal="0" offset="0" sl="50" sc="47" el="50" ec="51" bec="0" bev="0" fileid="32" />
            </Method>
            <Method visited="true" cyclomaticComplexity="1" nPathComplexity="0" sequenceCoverage="100" branchCoverage="100" crapScore="1" isConstructor="false" isStatic="false" isGetter="true" isSetter="false">
              <Summary numSequencePoints="1" visitedSequencePoints="1" numBranchPoints="1" visitedBranchPoints="1" sequenceCoverage="100" branchCoverage="100" maxCyclomaticComplexity="1" minCyclomaticComplexity="1" maxCrapScore="1" minCrapScore="1" visitedClasses="0" numClasses="0" visitedMethods="1" numMethods="1" />
              <MetadataToken>100663638</MetadataToken>
              <Name>NUnit.Engine.ITestRunner NUnit.VisualStudio.TestAdapter.NUnitEngine.NUnitEngineAdapter::get_Runner()</Name>
              <FileRef uid="32" />
              <SequencePoints>
                <SequencePoint vc="7" uspid="1792" ordinal="0" offset="0" sl="51" sc="38" el="51" ec="42" bec="0" bev="0" fileid="32" />
              </SequencePoints>
              <BranchPoints />
              <MethodPoint xsi:type="SequencePoint" vc="7" uspid="1792" ordinal="0" offset="0" sl="51" sc="38" el="51" ec="42" bec="0" bev="0" fileid="32" />
            </Method>
            <Method visited="true" cyclomaticComplexity="1" nPathComplexity="0" sequenceCoverage="100" branchCoverage="100" crapScore="1" isConstructor="false" isStatic="false" isGetter="false" isSetter="true">
              <Summary numSequencePoints="1" visitedSequencePoints="1" numBranchPoints="1" visitedBranchPoints="1" sequenceCoverage="100" branchCoverage="100" maxCyclomaticComplexity="1" minCyclomaticComplexity="1" maxCrapScore="1" minCrapScore="1" visitedClasses="0" numClasses="0" visitedMethods="1" numMethods="1" />
              <MetadataToken>100663639</MetadataToken>
              <Name>System.Void NUnit.VisualStudio.TestAdapter.NUnitEngine.NUnitEngineAdapter::set_Runner(NUnit.Engine.ITestRunner)</Name>
              <FileRef uid="32" />
              <SequencePoints>
                <SequencePoint vc="2" uspid="1793" ordinal="0" offset="0" sl="51" sc="43" el="51" ec="47" bec="0" bev="0" fileid="32" />
              </SequencePoints>
              <BranchPoints />
              <MethodPoint xsi:type="SequencePoint" vc="2" uspid="1793" ordinal="0" offset="0" sl="51" sc="43" el="51" ec="47" bec="0" bev="0" fileid="32" />
            </Method>
            <Method visited="false" cyclomaticComplexity="1" nPathComplexity="0" sequenceCoverage="0" branchCoverage="0" crapScore="2" isConstructor="false" isStatic="false" isGetter="true" isSetter="false">
              <Summary numSequencePoints="1" visitedSequencePoints="0" numBranchPoints="1" visitedBranchPoints="0" sequenceCoverage="0" branchCoverage="0" maxCyclomaticComplexity="1" minCyclomaticComplexity="1" maxCrapScore="2" minCrapScore="2" visitedClasses="0" numClasses="0" visitedMethods="0" numMethods="1" />
              <MetadataToken>100663642</MetadataToken>
              <Name>System.Boolean NUnit.VisualStudio.TestAdapter.NUnitEngine.NUnitEngineAdapter::get_EngineEnabled()</Name>
              <FileRef uid="32" />
              <SequencePoints>
                <SequencePoint vc="0" uspid="1794" ordinal="0" offset="0" sl="55" sc="38" el="55" ec="56" bec="0" bev="0" fileid="32" />
              </SequencePoints>
              <BranchPoints />
              <MethodPoint xsi:type="SequencePoint" vc="0" uspid="1794" ordinal="0" offset="0" sl="55" sc="38" el="55" ec="56" bec="0" bev="0" fileid="32" />
            </Method>
            <Method visited="false" cyclomaticComplexity="2" nPathComplexity="0" sequenceCoverage="0" branchCoverage="0" crapScore="6" isConstructor="false" isStatic="false" isGetter="false" isSetter="false">
              <Summary numSequencePoints="0" visitedSequencePoints="0" numBranchPoints="0" visitedBranchPoints="0" sequenceCoverage="0" branchCoverage="0" maxCyclomaticComplexity="2" minCyclomaticComplexity="2" maxCrapScore="6" minCrapScore="6" visitedClasses="0" numClasses="0" visitedMethods="0" numMethods="0" />
              <MetadataToken>100663640</MetadataToken>
              <Name>System.Void NUnit.VisualStudio.TestAdapter.NUnitEngine.NUnitEngineAdapter::add_InternalEngineCreated(System.Action`1&lt;NUnit.Engine.TestEngine&gt;)</Name>
              <SequencePoints />
              <BranchPoints />
              <MethodPoint vc="0" uspid="1795" ordinal="0" offset="0" />
            </Method>
            <Method visited="false" cyclomaticComplexity="2" nPathComplexity="0" sequenceCoverage="0" branchCoverage="0" crapScore="6" isConstructor="false" isStatic="false" isGetter="false" isSetter="false">
              <Summary numSequencePoints="0" visitedSequencePoints="0" numBranchPoints="0" visitedBranchPoints="0" sequenceCoverage="0" branchCoverage="0" maxCyclomaticComplexity="2" minCyclomaticComplexity="2" maxCrapScore="6" minCrapScore="6" visitedClasses="0" numClasses="0" visitedMethods="0" numMethods="0" />
              <MetadataToken>100663641</MetadataToken>
              <Name>System.Void NUnit.VisualStudio.TestAdapter.NUnitEngine.NUnitEngineAdapter::remove_InternalEngineCreated(System.Action`1&lt;NUnit.Engine.TestEngine&gt;)</Name>
              <SequencePoints />
              <BranchPoints />
              <MethodPoint vc="0" uspid="1796" ordinal="0" offset="0" />
            </Method>
            <Method visited="true" cyclomaticComplexity="2" nPathComplexity="2" sequenceCoverage="100" branchCoverage="66.67" crapScore="2" isConstructor="false" isStatic="false" isGetter="false" isSetter="false">
              <Summary numSequencePoints="4" visitedSequencePoints="4" numBranchPoints="3" visitedBranchPoints="2" sequenceCoverage="100" branchCoverage="66.67" maxCyclomaticComplexity="2" minCyclomaticComplexity="2" maxCrapScore="2" minCrapScore="2" visitedClasses="0" numClasses="0" visitedMethods="1" numMethods="1" />
              <MetadataToken>100663643</MetadataToken>
              <Name>System.Void NUnit.VisualStudio.TestAdapter.NUnitEngine.NUnitEngineAdapter::Initialize()</Name>
              <FileRef uid="32" />
              <SequencePoints>
                <SequencePoint vc="1" uspid="1797" ordinal="0" offset="0" sl="59" sc="13" el="59" ec="49" bec="0" bev="0" fileid="32" />
                <SequencePoint vc="1" uspid="1798" ordinal="1" offset="6" sl="60" sc="13" el="60" ec="52" bec="2" bev="1" fileid="32" />
                <SequencePoint vc="1" uspid="1799" ordinal="2" offset="24" sl="61" sc="13" el="61" ec="34" bec="0" bev="0" fileid="32" />
                <SequencePoint vc="1" uspid="1800" ordinal="3" offset="31" sl="62" sc="9" el="62" ec="10" bec="0" bev="0" fileid="32" />
              </SequencePoints>
              <BranchPoints>
                <BranchPoint vc="1" uspid="1801" ordinal="0" offset="13" sl="60" path="0" offsetend="15" fileid="32" />
                <BranchPoint vc="0" uspid="1802" ordinal="1" offset="13" sl="60" path="1" offsetend="18" fileid="32" />
              </BranchPoints>
              <MethodPoint xsi:type="SequencePoint" vc="1" uspid="1797" ordinal="0" offset="0" sl="59" sc="13" el="59" ec="49" bec="0" bev="0" fileid="32" />
            </Method>
            <Method visited="true" cyclomaticComplexity="1" nPathComplexity="0" sequenceCoverage="100" branchCoverage="100" crapScore="1" isConstructor="false" isStatic="false" isGetter="false" isSetter="false">
              <Summary numSequencePoints="3" visitedSequencePoints="3" numBranchPoints="1" visitedBranchPoints="1" sequenceCoverage="100" branchCoverage="100" maxCyclomaticComplexity="1" minCyclomaticComplexity="1" maxCrapScore="1" minCrapScore="1" visitedClasses="0" numClasses="0" visitedMethods="1" numMethods="1" />
              <MetadataToken>100663644</MetadataToken>
              <Name>System.Void NUnit.VisualStudio.TestAdapter.NUnitEngine.NUnitEngineAdapter::InitializeSettingsAndLogging(NUnit.VisualStudio.TestAdapter.IAdapterSettings,NUnit.VisualStudio.TestAdapter.ITestLogger)</Name>
              <FileRef uid="32" />
              <SequencePoints>
                <SequencePoint vc="1" uspid="1803" ordinal="0" offset="0" sl="66" sc="13" el="66" ec="30" bec="0" bev="0" fileid="32" />
                <SequencePoint vc="1" uspid="1804" ordinal="1" offset="7" sl="67" sc="13" el="67" ec="32" bec="0" bev="0" fileid="32" />
                <SequencePoint vc="1" uspid="1805" ordinal="2" offset="14" sl="68" sc="9" el="68" ec="10" bec="0" bev="0" fileid="32" />
              </SequencePoints>
              <BranchPoints />
              <MethodPoint xsi:type="SequencePoint" vc="1" uspid="1803" ordinal="0" offset="0" sl="66" sc="13" el="66" ec="30" bec="0" bev="0" fileid="32" />
            </Method>
            <Method visited="true" cyclomaticComplexity="1" nPathComplexity="0" sequenceCoverage="100" branchCoverage="100" crapScore="1" isConstructor="false" isStatic="false" isGetter="false" isSetter="false">
              <Summary numSequencePoints="3" visitedSequencePoints="3" numBranchPoints="1" visitedBranchPoints="1" sequenceCoverage="100" branchCoverage="100" maxCyclomaticComplexity="1" minCyclomaticComplexity="1" maxCrapScore="1" minCrapScore="1" visitedClasses="0" numClasses="0" visitedMethods="1" numMethods="1" />
              <MetadataToken>100663645</MetadataToken>
              <Name>System.Void NUnit.VisualStudio.TestAdapter.NUnitEngine.NUnitEngineAdapter::CreateRunner(NUnit.Engine.TestPackage)</Name>
              <FileRef uid="32" />
              <SequencePoints>
                <SequencePoint vc="1" uspid="1806" ordinal="0" offset="0" sl="72" sc="13" el="72" ec="35" bec="0" bev="0" fileid="32" />
                <SequencePoint vc="1" uspid="1807" ordinal="1" offset="7" sl="73" sc="13" el="73" ec="52" bec="0" bev="0" fileid="32" />
                <SequencePoint vc="1" uspid="1808" ordinal="2" offset="30" sl="74" sc="9" el="74" ec="10" bec="0" bev="0" fileid="32" />
              </SequencePoints>
              <BranchPoints />
              <MethodPoint xsi:type="SequencePoint" vc="1" uspid="1806" ordinal="0" offset="0" sl="72" sc="13" el="72" ec="35" bec="0" bev="0" fileid="32" />
            </Method>
            <Method visited="false" cyclomaticComplexity="1" nPathComplexity="0" sequenceCoverage="0" branchCoverage="0" crapScore="2" isConstructor="false" isStatic="false" isGetter="false" isSetter="false">
              <Summary numSequencePoints="1" visitedSequencePoints="0" numBranchPoints="1" visitedBranchPoints="0" sequenceCoverage="0" branchCoverage="0" maxCyclomaticComplexity="1" minCyclomaticComplexity="1" maxCrapScore="2" minCrapScore="2" visitedClasses="0" numClasses="0" visitedMethods="0" numMethods="1" />
              <MetadataToken>100663646</MetadataToken>
              <Name>NUnit.VisualStudio.TestAdapter.NUnitEngine.NUnitResults NUnit.VisualStudio.TestAdapter.NUnitEngine.NUnitEngineAdapter::Explore()</Name>
              <FileRef uid="32" />
              <SequencePoints>
                <SequencePoint vc="0" uspid="1809" ordinal="0" offset="0" sl="78" sc="13" el="78" ec="71" bec="0" bev="0" fileid="32" />
              </SequencePoints>
              <BranchPoints />
              <MethodPoint xsi:type="SequencePoint" vc="0" uspid="1809" ordinal="0" offset="0" sl="78" sc="13" el="78" ec="71" bec="0" bev="0" fileid="32" />
            </Method>
            <Method visited="true" cyclomaticComplexity="1" nPathComplexity="0" sequenceCoverage="100" branchCoverage="100" crapScore="1" isConstructor="false" isStatic="false" isGetter="false" isSetter="false">
              <Summary numSequencePoints="1" visitedSequencePoints="1" numBranchPoints="1" visitedBranchPoints="1" sequenceCoverage="100" branchCoverage="100" maxCyclomaticComplexity="1" minCyclomaticComplexity="1" maxCrapScore="1" minCrapScore="1" visitedClasses="0" numClasses="0" visitedMethods="1" numMethods="1" />
              <MetadataToken>100663647</MetadataToken>
              <Name>NUnit.VisualStudio.TestAdapter.NUnitEngine.NUnitResults NUnit.VisualStudio.TestAdapter.NUnitEngine.NUnitEngineAdapter::Explore(NUnit.Engine.TestFilter)</Name>
              <FileRef uid="32" />
              <SequencePoints>
                <SequencePoint vc="1" uspid="1810" ordinal="0" offset="0" sl="83" sc="13" el="83" ec="61" bec="0" bev="0" fileid="32" />
              </SequencePoints>
              <BranchPoints />
              <MethodPoint xsi:type="SequencePoint" vc="1" uspid="1810" ordinal="0" offset="0" sl="83" sc="13" el="83" ec="61" bec="0" bev="0" fileid="32" />
            </Method>
            <Method visited="true" cyclomaticComplexity="1" nPathComplexity="0" sequenceCoverage="100" branchCoverage="100" crapScore="1" isConstructor="false" isStatic="false" isGetter="false" isSetter="false">
              <Summary numSequencePoints="1" visitedSequencePoints="1" numBranchPoints="1" visitedBranchPoints="1" sequenceCoverage="100" branchCoverage="100" maxCyclomaticComplexity="1" minCyclomaticComplexity="1" maxCrapScore="1" minCrapScore="1" visitedClasses="0" numClasses="0" visitedMethods="1" numMethods="1" />
              <MetadataToken>100663648</MetadataToken>
              <Name>NUnit.VisualStudio.TestAdapter.NUnitEngine.NUnitResults NUnit.VisualStudio.TestAdapter.NUnitEngine.NUnitEngineAdapter::Run(NUnit.Engine.ITestEventListener,NUnit.Engine.TestFilter)</Name>
              <FileRef uid="32" />
              <SequencePoints>
                <SequencePoint vc="1" uspid="1811" ordinal="0" offset="0" sl="88" sc="13" el="88" ec="67" bec="0" bev="0" fileid="32" />
              </SequencePoints>
              <BranchPoints />
              <MethodPoint xsi:type="SequencePoint" vc="1" uspid="1811" ordinal="0" offset="0" sl="88" sc="13" el="88" ec="67" bec="0" bev="0" fileid="32" />
            </Method>
            <Method visited="true" cyclomaticComplexity="2" nPathComplexity="2" sequenceCoverage="75" branchCoverage="66.67" crapScore="2.06" isConstructor="false" isStatic="false" isGetter="false" isSetter="false">
              <Summary numSequencePoints="4" visitedSequencePoints="3" numBranchPoints="3" visitedBranchPoints="2" sequenceCoverage="75" branchCoverage="66.67" maxCyclomaticComplexity="2" minCyclomaticComplexity="2" maxCrapScore="2.06" minCrapScore="2.06" visitedClasses="0" numClasses="0" visitedMethods="1" numMethods="1" />
              <MetadataToken>100663649</MetadataToken>
              <Name>T NUnit.VisualStudio.TestAdapter.NUnitEngine.NUnitEngineAdapter::GetService()</Name>
              <FileRef uid="32" />
              <SequencePoints>
                <SequencePoint vc="1" uspid="1812" ordinal="0" offset="0" sl="94" sc="13" el="94" ec="63" bec="0" bev="0" fileid="32" />
                <SequencePoint vc="1" uspid="1813" ordinal="1" offset="16" sl="95" sc="13" el="95" ec="33" bec="2" bev="1" fileid="32" />
                <SequencePoint vc="0" uspid="1814" ordinal="2" offset="24" sl="97" sc="17" el="97" ec="88" bec="0" bev="0" fileid="32" />
                <SequencePoint vc="1" uspid="1815" ordinal="3" offset="55" sl="99" sc="13" el="99" ec="28" bec="0" bev="0" fileid="32" />
              </SequencePoints>
              <BranchPoints>
                <BranchPoint vc="0" uspid="1816" ordinal="0" offset="22" sl="95" path="0" offsetend="24" fileid="32" />
                <BranchPoint vc="1" uspid="1817" ordinal="1" offset="22" sl="95" path="1" offsetend="55" fileid="32" />
              </BranchPoints>
              <MethodPoint xsi:type="SequencePoint" vc="1" uspid="1812" ordinal="0" offset="0" sl="94" sc="13" el="94" ec="63" bec="0" bev="0" fileid="32" />
            </Method>
            <Method visited="false" cyclomaticComplexity="2" nPathComplexity="2" sequenceCoverage="0" branchCoverage="0" crapScore="6" isConstructor="false" isStatic="false" isGetter="false" isSetter="false">
              <Summary numSequencePoints="2" visitedSequencePoints="0" numBranchPoints="3" visitedBranchPoints="0" sequenceCoverage="0" branchCoverage="0" maxCyclomaticComplexity="2" minCyclomaticComplexity="2" maxCrapScore="6" minCrapScore="6" visitedClasses="0" numClasses="0" visitedMethods="0" numMethods="1" />
              <MetadataToken>100663650</MetadataToken>
              <Name>System.Void NUnit.VisualStudio.TestAdapter.NUnitEngine.NUnitEngineAdapter::StopRun()</Name>
              <FileRef uid="32" />
              <SequencePoints>
                <SequencePoint vc="0" uspid="1818" ordinal="0" offset="0" sl="104" sc="13" el="104" ec="35" bec="2" bev="0" fileid="32" />
                <SequencePoint vc="0" uspid="1819" ordinal="1" offset="17" sl="105" sc="9" el="105" ec="10" bec="0" bev="0" fileid="32" />
              </SequencePoints>
              <BranchPoints>
                <BranchPoint vc="0" uspid="1820" ordinal="0" offset="7" sl="104" path="0" offsetend="9" fileid="32" />
                <BranchPoint vc="0" uspid="1821" ordinal="1" offset="7" sl="104" path="1" offsetend="11" fileid="32" />
              </BranchPoints>
              <MethodPoint xsi:type="SequencePoint" vc="0" uspid="1818" ordinal="0" offset="0" sl="104" sc="13" el="104" ec="35" bec="2" bev="0" fileid="32" />
            </Method>
            <Method visited="true" cyclomaticComplexity="3" nPathComplexity="4" sequenceCoverage="87.5" branchCoverage="80" crapScore="3.02" isConstructor="false" isStatic="false" isGetter="false" isSetter="false">
              <Summary numSequencePoints="8" visitedSequencePoints="7" numBranchPoints="5" visitedBranchPoints="4" sequenceCoverage="87.5" branchCoverage="80" maxCyclomaticComplexity="3" minCyclomaticComplexity="3" maxCrapScore="3.02" minCrapScore="3.02" visitedClasses="0" numClasses="0" visitedMethods="1" numMethods="1" />
              <MetadataToken>100663651</MetadataToken>
              <Name>System.Void NUnit.VisualStudio.TestAdapter.NUnitEngine.NUnitEngineAdapter::CloseRunner()</Name>
              <FileRef uid="32" />
              <SequencePoints>
                <SequencePoint vc="2" uspid="1822" ordinal="0" offset="0" sl="109" sc="13" el="109" ec="32" bec="2" bev="2" fileid="32" />
                <SequencePoint vc="1" uspid="1823" ordinal="1" offset="8" sl="110" sc="17" el="110" ec="24" bec="0" bev="0" fileid="32" />
                <SequencePoint vc="1" uspid="1824" ordinal="2" offset="9" sl="111" sc="13" el="111" ec="38" bec="2" bev="1" fileid="32" />
                <SequencePoint vc="0" uspid="1825" ordinal="3" offset="22" sl="112" sc="17" el="112" ec="38" bec="0" bev="0" fileid="32" />
                <SequencePoint vc="1" uspid="1826" ordinal="4" offset="34" sl="114" sc="13" el="114" ec="29" bec="0" bev="0" fileid="32" />
                <SequencePoint vc="1" uspid="1827" ordinal="5" offset="45" sl="115" sc="13" el="115" ec="30" bec="0" bev="0" fileid="32" />
                <SequencePoint vc="1" uspid="1828" ordinal="6" offset="56" sl="116" sc="13" el="116" ec="27" bec="0" bev="0" fileid="32" />
                <SequencePoint vc="1" uspid="1829" ordinal="7" offset="63" sl="117" sc="9" el="117" ec="10" bec="0" bev="0" fileid="32" />
              </SequencePoints>
              <BranchPoints>
                <BranchPoint vc="1" uspid="1830" ordinal="0" offset="6" sl="109" path="0" offsetend="8" fileid="32" />
                <BranchPoint vc="1" uspid="1831" ordinal="1" offset="6" sl="109" path="1" offsetend="9" fileid="32" />
                <BranchPoint vc="0" uspid="1832" ordinal="2" offset="20" sl="111" path="0" offsetend="22" fileid="32" />
                <BranchPoint vc="1" uspid="1833" ordinal="3" offset="20" sl="111" path="1" offsetend="34" fileid="32" />
              </BranchPoints>
              <MethodPoint xsi:type="SequencePoint" vc="2" uspid="1822" ordinal="0" offset="0" sl="109" sc="13" el="109" ec="32" bec="2" bev="2" fileid="32" />
            </Method>
            <Method visited="true" cyclomaticComplexity="2" nPathComplexity="2" sequenceCoverage="100" branchCoverage="66.67" crapScore="2" isConstructor="false" isStatic="false" isGetter="false" isSetter="false">
              <Summary numSequencePoints="3" visitedSequencePoints="3" numBranchPoints="3" visitedBranchPoints="2" sequenceCoverage="100" branchCoverage="66.67" maxCyclomaticComplexity="2" minCyclomaticComplexity="2" maxCrapScore="2" minCrapScore="2" visitedClasses="0" numClasses="0" visitedMethods="1" numMethods="1" />
              <MetadataToken>100663652</MetadataToken>
              <Name>System.Void NUnit.VisualStudio.TestAdapter.NUnitEngine.NUnitEngineAdapter::Dispose()</Name>
              <FileRef uid="32" />
              <SequencePoints>
                <SequencePoint vc="1" uspid="1834" ordinal="0" offset="0" sl="121" sc="13" el="121" ec="27" bec="0" bev="0" fileid="32" />
                <SequencePoint vc="1" uspid="1835" ordinal="1" offset="6" sl="122" sc="13" el="122" ec="35" bec="2" bev="1" fileid="32" />
                <SequencePoint vc="1" uspid="1836" ordinal="2" offset="22" sl="123" sc="9" el="123" ec="10" bec="0" bev="0" fileid="32" />
              </SequencePoints>
              <BranchPoints>
                <BranchPoint vc="0" uspid="1837" ordinal="0" offset="13" sl="122" path="0" offsetend="15" fileid="32" />
                <BranchPoint vc="1" uspid="1838" ordinal="1" offset="13" sl="122" path="1" offsetend="17" fileid="32" />
              </BranchPoints>
              <MethodPoint xsi:type="SequencePoint" vc="1" uspid="1834" ordinal="0" offset="0" sl="121" sc="13" el="121" ec="27" bec="0" bev="0" fileid="32" />
            </Method>
            <Method visited="true" cyclomaticComplexity="2" nPathComplexity="2" sequenceCoverage="25" branchCoverage="66.67" crapScore="3.69" isConstructor="false" isStatic="false" isGetter="false" isSetter="false">
              <Summary numSequencePoints="8" visitedSequencePoints="2" numBranchPoints="3" visitedBranchPoints="2" sequenceCoverage="25" branchCoverage="66.67" maxCyclomaticComplexity="2" minCyclomaticComplexity="2" maxCrapScore="3.69" minCrapScore="3.69" visitedClasses="0" numClasses="0" visitedMethods="1" numMethods="1" />
              <MetadataToken>100663653</MetadataToken>
              <Name>System.Void NUnit.VisualStudio.TestAdapter.NUnitEngine.NUnitEngineAdapter::GenerateTestOutput(NUnit.VisualStudio.TestAdapter.NUnitEngine.NUnitResults,System.String,NUnit.VisualStudio.TestAdapter.NUnit3TestExecutor)</Name>
              <FileRef uid="32" />
              <SequencePoints>
                <SequencePoint vc="1" uspid="1839" ordinal="0" offset="0" sl="127" sc="13" el="127" ec="44" bec="2" bev="1" fileid="32" />
                <SequencePoint vc="1" uspid="1840" ordinal="1" offset="13" sl="128" sc="17" el="128" ec="24" bec="0" bev="0" fileid="32" />
                <SequencePoint vc="0" uspid="1841" ordinal="2" offset="14" sl="130" sc="13" el="130" ec="137" bec="0" bev="0" fileid="32" />
                <SequencePoint vc="0" uspid="1842" ordinal="3" offset="42" sl="131" sc="13" el="131" ec="62" bec="0" bev="0" fileid="32" />
                <SequencePoint vc="0" uspid="1843" ordinal="4" offset="48" sl="135" sc="13" el="135" ec="78" bec="0" bev="0" fileid="32" />
                <SequencePoint vc="0" uspid="1844" ordinal="5" offset="59" sl="136" sc="13" el="136" ec="69" bec="0" bev="0" fileid="32" />
                <SequencePoint vc="0" uspid="1845" ordinal="6" offset="71" sl="137" sc="13" el="137" ec="63" bec="0" bev="0" fileid="32" />
                <SequencePoint vc="0" uspid="1846" ordinal="7" offset="93" sl="138" sc="9" el="138" ec="10" bec="0" bev="0" fileid="32" />
              </SequencePoints>
              <BranchPoints>
                <BranchPoint vc="1" uspid="1847" ordinal="0" offset="11" sl="127" path="0" offsetend="13" fileid="32" />
                <BranchPoint vc="0" uspid="1848" ordinal="1" offset="11" sl="127" path="1" offsetend="14" fileid="32" />
              </BranchPoints>
              <MethodPoint xsi:type="SequencePoint" vc="1" uspid="1839" ordinal="0" offset="0" sl="127" sc="13" el="127" ec="44" bec="2" bev="1" fileid="32" />
            </Method>
            <Method visited="false" cyclomaticComplexity="1" nPathComplexity="0" sequenceCoverage="0" branchCoverage="0" crapScore="2" isConstructor="true" isStatic="false" isGetter="false" isSetter="false">
              <Summary numSequencePoints="0" visitedSequencePoints="0" numBranchPoints="0" visitedBranchPoints="0" sequenceCoverage="0" branchCoverage="0" maxCyclomaticComplexity="1" minCyclomaticComplexity="1" maxCrapScore="2" minCrapScore="2" visitedClasses="0" numClasses="0" visitedMethods="0" numMethods="0" />
              <MetadataToken>100663654</MetadataToken>
              <Name>System.Void NUnit.VisualStudio.TestAdapter.NUnitEngine.NUnitEngineAdapter::.ctor()</Name>
              <SequencePoints />
              <BranchPoints />
              <MethodPoint vc="0" uspid="1849" ordinal="0" offset="0" />
            </Method>
          </Methods>
        </Class>
        <Class>
          <Summary numSequencePoints="15" visitedSequencePoints="8" numBranchPoints="14" visitedBranchPoints="5" sequenceCoverage="53.33" branchCoverage="35.71" maxCyclomaticComplexity="3" minCyclomaticComplexity="1" maxCrapScore="12" minCrapScore="1" visitedClasses="1" numClasses="1" visitedMethods="4" numMethods="8" />
          <FullName>NUnit.VisualStudio.TestAdapter.NUnitEngine.NUnitResults</FullName>
          <Methods>
            <Method visited="true" cyclomaticComplexity="1" nPathComplexity="0" sequenceCoverage="100" branchCoverage="100" crapScore="1" isConstructor="false" isStatic="false" isGetter="true" isSetter="false">
              <Summary numSequencePoints="1" visitedSequencePoints="1" numBranchPoints="1" visitedBranchPoints="1" sequenceCoverage="100" branchCoverage="100" maxCyclomaticComplexity="1" minCyclomaticComplexity="1" maxCrapScore="1" minCrapScore="1" visitedClasses="0" numClasses="0" visitedMethods="1" numMethods="1" />
              <MetadataToken>100663655</MetadataToken>
              <Name>System.Xml.XmlNode NUnit.VisualStudio.TestAdapter.NUnitEngine.NUnitResults::get_TopNode()</Name>
              <FileRef uid="33" />
              <SequencePoints>
                <SequencePoint vc="3" uspid="1850" ordinal="0" offset="0" sl="39" sc="34" el="39" ec="38" bec="0" bev="0" fileid="33" />
              </SequencePoints>
              <BranchPoints />
              <MethodPoint xsi:type="SequencePoint" vc="3" uspid="1850" ordinal="0" offset="0" sl="39" sc="34" el="39" ec="38" bec="0" bev="0" fileid="33" />
            </Method>
            <Method visited="true" cyclomaticComplexity="1" nPathComplexity="0" sequenceCoverage="100" branchCoverage="100" crapScore="1" isConstructor="false" isStatic="false" isGetter="true" isSetter="false">
              <Summary numSequencePoints="1" visitedSequencePoints="1" numBranchPoints="1" visitedBranchPoints="1" sequenceCoverage="100" branchCoverage="100" maxCyclomaticComplexity="1" minCyclomaticComplexity="1" maxCrapScore="1" minCrapScore="1" visitedClasses="0" numClasses="0" visitedMethods="1" numMethods="1" />
              <MetadataToken>100663656</MetadataToken>
              <Name>System.Boolean NUnit.VisualStudio.TestAdapter.NUnitEngine.NUnitResults::get_IsRunnable()</Name>
              <FileRef uid="33" />
              <SequencePoints>
                <SequencePoint vc="1" uspid="1851" ordinal="0" offset="0" sl="41" sc="34" el="41" ec="38" bec="0" bev="0" fileid="33" />
              </SequencePoints>
              <BranchPoints />
              <MethodPoint xsi:type="SequencePoint" vc="1" uspid="1851" ordinal="0" offset="0" sl="41" sc="34" el="41" ec="38" bec="0" bev="0" fileid="33" />
            </Method>
            <Method visited="false" cyclomaticComplexity="1" nPathComplexity="0" sequenceCoverage="0" branchCoverage="0" crapScore="2" isConstructor="false" isStatic="false" isGetter="true" isSetter="false">
              <Summary numSequencePoints="1" visitedSequencePoints="0" numBranchPoints="1" visitedBranchPoints="0" sequenceCoverage="0" branchCoverage="0" maxCyclomaticComplexity="1" minCyclomaticComplexity="1" maxCrapScore="2" minCrapScore="2" visitedClasses="0" numClasses="0" visitedMethods="0" numMethods="1" />
              <MetadataToken>100663658</MetadataToken>
              <Name>System.Xml.XmlNode NUnit.VisualStudio.TestAdapter.NUnitEngine.NUnitResults::get_FullTopNode()</Name>
              <FileRef uid="33" />
              <SequencePoints>
                <SequencePoint vc="0" uspid="1852" ordinal="0" offset="0" sl="45" sc="39" el="45" ec="43" bec="0" bev="0" fileid="33" />
              </SequencePoints>
              <BranchPoints />
              <MethodPoint xsi:type="SequencePoint" vc="0" uspid="1852" ordinal="0" offset="0" sl="45" sc="39" el="45" ec="43" bec="0" bev="0" fileid="33" />
            </Method>
            <Method visited="false" cyclomaticComplexity="1" nPathComplexity="0" sequenceCoverage="0" branchCoverage="0" crapScore="2" isConstructor="false" isStatic="false" isGetter="true" isSetter="false">
              <Summary numSequencePoints="1" visitedSequencePoints="0" numBranchPoints="1" visitedBranchPoints="0" sequenceCoverage="0" branchCoverage="0" maxCyclomaticComplexity="1" minCyclomaticComplexity="1" maxCrapScore="2" minCrapScore="2" visitedClasses="0" numClasses="0" visitedMethods="0" numMethods="1" />
              <MetadataToken>100663661</MetadataToken>
              <Name>System.Boolean NUnit.VisualStudio.TestAdapter.NUnitEngine.NUnitResults::get_HasNoNUnitTests()</Name>
              <FileRef uid="33" />
              <SequencePoints>
                <SequencePoint vc="0" uspid="1853" ordinal="0" offset="0" sl="66" sc="40" el="66" ec="83" bec="0" bev="0" fileid="33" />
              </SequencePoints>
              <BranchPoints />
              <MethodPoint xsi:type="SequencePoint" vc="0" uspid="1853" ordinal="0" offset="0" sl="66" sc="40" el="66" ec="83" bec="0" bev="0" fileid="33" />
            </Method>
            <Method visited="false" cyclomaticComplexity="1" nPathComplexity="0" sequenceCoverage="0" branchCoverage="0" crapScore="2" isConstructor="false" isStatic="false" isGetter="false" isSetter="false">
              <Summary numSequencePoints="1" visitedSequencePoints="0" numBranchPoints="1" visitedBranchPoints="0" sequenceCoverage="0" branchCoverage="0" maxCyclomaticComplexity="1" minCyclomaticComplexity="1" maxCrapScore="2" minCrapScore="2" visitedClasses="0" numClasses="0" visitedMethods="0" numMethods="1" />
              <MetadataToken>100663657</MetadataToken>
              <Name>System.String NUnit.VisualStudio.TestAdapter.NUnitEngine.NUnitResults::AsString()</Name>
              <FileRef uid="33" />
              <SequencePoints>
                <SequencePoint vc="0" uspid="1854" ordinal="0" offset="0" sl="43" sc="37" el="43" ec="59" bec="0" bev="0" fileid="33" />
              </SequencePoints>
              <BranchPoints />
              <MethodPoint xsi:type="SequencePoint" vc="0" uspid="1854" ordinal="0" offset="0" sl="43" sc="37" el="43" ec="59" bec="0" bev="0" fileid="33" />
            </Method>
            <Method visited="true" cyclomaticComplexity="3" nPathComplexity="2" sequenceCoverage="100" branchCoverage="66.67" crapScore="3" isConstructor="true" isStatic="false" isGetter="false" isSetter="false">
              <Summary numSequencePoints="5" visitedSequencePoints="5" numBranchPoints="3" visitedBranchPoints="2" sequenceCoverage="100" branchCoverage="66.67" maxCyclomaticComplexity="3" minCyclomaticComplexity="3" maxCrapScore="3" minCrapScore="3" visitedClasses="0" numClasses="0" visitedMethods="1" numMethods="1" />
              <MetadataToken>100663659</MetadataToken>
              <Name>System.Void NUnit.VisualStudio.TestAdapter.NUnitEngine.NUnitResults::.ctor(System.Xml.XmlNode)</Name>
              <FileRef uid="33" />
              <SequencePoints>
                <SequencePoint vc="2" uspid="1855" ordinal="0" offset="0" sl="46" sc="9" el="46" ec="45" bec="0" bev="0" fileid="33" />
                <SequencePoint vc="2" uspid="1856" ordinal="1" offset="6" sl="48" sc="13" el="48" ec="35" bec="0" bev="0" fileid="33" />
                <SequencePoint vc="2" uspid="1857" ordinal="2" offset="13" sl="50" sc="13" el="50" ec="81" bec="2" bev="1" fileid="33" />
                <SequencePoint vc="2" uspid="1858" ordinal="3" offset="46" sl="52" sc="13" el="52" ec="73" bec="0" bev="0" fileid="33" />
                <SequencePoint vc="2" uspid="1859" ordinal="4" offset="78" sl="53" sc="9" el="53" ec="10" bec="0" bev="0" fileid="33" />
              </SequencePoints>
              <BranchPoints>
                <BranchPoint vc="0" uspid="1860" ordinal="0" offset="30" sl="50" path="0" offsetend="32" fileid="33" />
                <BranchPoint vc="2" uspid="1861" ordinal="1" offset="30" sl="50" path="1" offsetend="35" fileid="33" />
              </BranchPoints>
              <MethodPoint xsi:type="SequencePoint" vc="2" uspid="1855" ordinal="0" offset="0" sl="46" sc="9" el="46" ec="45" bec="0" bev="0" fileid="33" />
            </Method>
            <Method visited="false" cyclomaticComplexity="3" nPathComplexity="4" sequenceCoverage="0" branchCoverage="0" crapScore="12" isConstructor="false" isStatic="false" isGetter="false" isSetter="false">
              <Summary numSequencePoints="4" visitedSequencePoints="0" numBranchPoints="5" visitedBranchPoints="0" sequenceCoverage="0" branchCoverage="0" maxCyclomaticComplexity="3" minCyclomaticComplexity="3" maxCrapScore="12" minCrapScore="12" visitedClasses="0" numClasses="0" visitedMethods="0" numMethods="1" />
              <MetadataToken>100663660</MetadataToken>
              <Name>NUnit.VisualStudio.TestAdapter.NUnitEngine.NUnitResults/SkipReason NUnit.VisualStudio.TestAdapter.NUnitEngine.NUnitResults::WhatSkipReason()</Name>
              <FileRef uid="33" />
              <SequencePoints>
                <SequencePoint vc="0" uspid="1862" ordinal="0" offset="0" sl="58" sc="13" el="58" ec="96" bec="0" bev="0" fileid="33" />
                <SequencePoint vc="0" uspid="1863" ordinal="1" offset="17" sl="59" sc="13" el="61" ec="32" bec="3" bev="0" fileid="33" />
                <SequencePoint vc="0" uspid="1864" ordinal="2" offset="71" sl="62" sc="17" el="62" ec="48" bec="0" bev="0" fileid="33" />
                <SequencePoint vc="0" uspid="1865" ordinal="3" offset="73" sl="63" sc="13" el="63" ec="43" bec="0" bev="0" fileid="33" />
              </SequencePoints>
              <BranchPoints>
                <BranchPoint vc="0" uspid="1866" ordinal="0" offset="18" sl="59" path="0" offsetend="20" fileid="33" />
                <BranchPoint vc="0" uspid="1867" ordinal="1" offset="18" sl="59" path="1" offsetend="73" fileid="33" />
                <BranchPoint vc="0" uspid="1868" ordinal="2" offset="69" sl="59" path="0" offsetend="71" fileid="33" />
                <BranchPoint vc="0" uspid="1869" ordinal="3" offset="69" sl="59" path="1" offsetend="73" fileid="33" />
              </BranchPoints>
              <MethodPoint xsi:type="SequencePoint" vc="0" uspid="1862" ordinal="0" offset="0" sl="58" sc="13" el="58" ec="96" bec="0" bev="0" fileid="33" />
            </Method>
            <Method visited="true" cyclomaticComplexity="1" nPathComplexity="0" sequenceCoverage="100" branchCoverage="100" crapScore="1" isConstructor="false" isStatic="false" isGetter="false" isSetter="false">
              <Summary numSequencePoints="1" visitedSequencePoints="1" numBranchPoints="1" visitedBranchPoints="1" sequenceCoverage="100" branchCoverage="100" maxCyclomaticComplexity="1" minCyclomaticComplexity="1" maxCrapScore="1" minCrapScore="1" visitedClasses="0" numClasses="0" visitedMethods="1" numMethods="1" />
              <MetadataToken>100663662</MetadataToken>
              <Name>System.Xml.XmlNodeList NUnit.VisualStudio.TestAdapter.NUnitEngine.NUnitResults::TestCases()</Name>
              <FileRef uid="33" />
              <SequencePoints>
                <SequencePoint vc="1" uspid="1870" ordinal="0" offset="0" sl="70" sc="13" el="70" ec="55" bec="0" bev="0" fileid="33" />
              </SequencePoints>
              <BranchPoints />
              <MethodPoint xsi:type="SequencePoint" vc="1" uspid="1870" ordinal="0" offset="0" sl="70" sc="13" el="70" ec="55" bec="0" bev="0" fileid="33" />
            </Method>
          </Methods>
        </Class>
        <Class>
          <Summary numSequencePoints="13" visitedSequencePoints="9" numBranchPoints="20" visitedBranchPoints="10" sequenceCoverage="69.23" branchCoverage="50" maxCyclomaticComplexity="5" minCyclomaticComplexity="1" maxCrapScore="5" minCrapScore="1" visitedClasses="1" numClasses="1" visitedMethods="4" numMethods="8" />
          <FullName>NUnit.VisualStudio.TestAdapter.NUnitEngine.NUnitTestCase</FullName>
          <Methods>
            <Method visited="true" cyclomaticComplexity="2" nPathComplexity="2" sequenceCoverage="100" branchCoverage="66.67" crapScore="2" isConstructor="false" isStatic="false" isGetter="true" isSetter="false">
              <Summary numSequencePoints="1" visitedSequencePoints="1" numBranchPoints="3" visitedBranchPoints="2" sequenceCoverage="100" branchCoverage="66.67" maxCyclomaticComplexity="2" minCyclomaticComplexity="2" maxCrapScore="2" minCrapScore="2" visitedClasses="0" numClasses="0" visitedMethods="1" numMethods="1" />
              <MetadataToken>100663670</MetadataToken>
              <Name>System.Boolean NUnit.VisualStudio.TestAdapter.NUnitEngine.NUnitTestCase::get_IsTestCase()</Name>
              <FileRef uid="34" />
              <SequencePoints>
                <SequencePoint vc="9" uspid="1871" ordinal="0" offset="0" sl="48" sc="35" el="48" ec="70" bec="2" bev="1" fileid="34" />
              </SequencePoints>
              <BranchPoints>
                <BranchPoint vc="9" uspid="1872" ordinal="0" offset="6" sl="48" path="0" offsetend="8" fileid="34" />
                <BranchPoint vc="0" uspid="1873" ordinal="1" offset="6" sl="48" path="1" offsetend="30" fileid="34" />
              </BranchPoints>
              <MethodPoint xsi:type="SequencePoint" vc="9" uspid="1871" ordinal="0" offset="0" sl="48" sc="35" el="48" ec="70" bec="2" bev="1" fileid="34" />
            </Method>
            <Method visited="false" cyclomaticComplexity="1" nPathComplexity="0" sequenceCoverage="0" branchCoverage="0" crapScore="2" isConstructor="false" isStatic="false" isGetter="true" isSetter="false">
              <Summary numSequencePoints="1" visitedSequencePoints="0" numBranchPoints="1" visitedBranchPoints="0" sequenceCoverage="0" branchCoverage="0" maxCyclomaticComplexity="1" minCyclomaticComplexity="1" maxCrapScore="2" minCrapScore="2" visitedClasses="0" numClasses="0" visitedMethods="0" numMethods="1" />
              <MetadataToken>100663671</MetadataToken>
              <Name>System.Boolean NUnit.VisualStudio.TestAdapter.NUnitEngine.NUnitTestCase::get_IsParameterizedMethod()</Name>
              <FileRef uid="34" />
              <SequencePoints>
                <SequencePoint vc="0" uspid="1874" ordinal="0" offset="0" sl="49" sc="46" el="49" ec="75" bec="0" bev="0" fileid="34" />
              </SequencePoints>
              <BranchPoints />
              <MethodPoint xsi:type="SequencePoint" vc="0" uspid="1874" ordinal="0" offset="0" sl="49" sc="46" el="49" ec="75" bec="0" bev="0" fileid="34" />
            </Method>
            <Method visited="false" cyclomaticComplexity="1" nPathComplexity="0" sequenceCoverage="0" branchCoverage="0" crapScore="2" isConstructor="false" isStatic="false" isGetter="true" isSetter="false">
              <Summary numSequencePoints="1" visitedSequencePoints="0" numBranchPoints="1" visitedBranchPoints="0" sequenceCoverage="0" branchCoverage="0" maxCyclomaticComplexity="1" minCyclomaticComplexity="1" maxCrapScore="2" minCrapScore="2" visitedClasses="0" numClasses="0" visitedMethods="0" numMethods="1" />
              <MetadataToken>100663672</MetadataToken>
              <Name>System.String NUnit.VisualStudio.TestAdapter.NUnitEngine.NUnitTestCase::get_Type()</Name>
              <FileRef uid="34" />
              <SequencePoints>
                <SequencePoint vc="0" uspid="1875" ordinal="0" offset="0" sl="50" sc="31" el="50" ec="56" bec="0" bev="0" fileid="34" />
              </SequencePoints>
              <BranchPoints />
              <MethodPoint xsi:type="SequencePoint" vc="0" uspid="1875" ordinal="0" offset="0" sl="50" sc="31" el="50" ec="56" bec="0" bev="0" fileid="34" />
            </Method>
            <Method visited="false" cyclomaticComplexity="1" nPathComplexity="0" sequenceCoverage="0" branchCoverage="0" crapScore="2" isConstructor="false" isStatic="false" isGetter="true" isSetter="false">
              <Summary numSequencePoints="1" visitedSequencePoints="0" numBranchPoints="1" visitedBranchPoints="0" sequenceCoverage="0" branchCoverage="0" maxCyclomaticComplexity="1" minCyclomaticComplexity="1" maxCrapScore="2" minCrapScore="2" visitedClasses="0" numClasses="0" visitedMethods="0" numMethods="1" />
              <MetadataToken>100663673</MetadataToken>
              <Name>System.String NUnit.VisualStudio.TestAdapter.NUnitEngine.NUnitTestCase::get_ClassName()</Name>
              <FileRef uid="34" />
              <SequencePoints>
                <SequencePoint vc="0" uspid="1876" ordinal="0" offset="0" sl="51" sc="36" el="51" ec="66" bec="0" bev="0" fileid="34" />
              </SequencePoints>
              <BranchPoints />
              <MethodPoint xsi:type="SequencePoint" vc="0" uspid="1876" ordinal="0" offset="0" sl="51" sc="36" el="51" ec="66" bec="0" bev="0" fileid="34" />
            </Method>
            <Method visited="false" cyclomaticComplexity="1" nPathComplexity="0" sequenceCoverage="0" branchCoverage="0" crapScore="2" isConstructor="false" isStatic="false" isGetter="true" isSetter="false">
              <Summary numSequencePoints="1" visitedSequencePoints="0" numBranchPoints="1" visitedBranchPoints="0" sequenceCoverage="0" branchCoverage="0" maxCyclomaticComplexity="1" minCyclomaticComplexity="1" maxCrapScore="2" minCrapScore="2" visitedClasses="0" numClasses="0" visitedMethods="0" numMethods="1" />
              <MetadataToken>100663674</MetadataToken>
              <Name>System.String NUnit.VisualStudio.TestAdapter.NUnitEngine.NUnitTestCase::get_MethodName()</Name>
              <FileRef uid="34" />
              <SequencePoints>
                <SequencePoint vc="0" uspid="1877" ordinal="0" offset="0" sl="52" sc="37" el="52" ec="68" bec="0" bev="0" fileid="34" />
              </SequencePoints>
              <BranchPoints />
              <MethodPoint xsi:type="SequencePoint" vc="0" uspid="1877" ordinal="0" offset="0" sl="52" sc="37" el="52" ec="68" bec="0" bev="0" fileid="34" />
            </Method>
            <Method visited="true" cyclomaticComplexity="5" nPathComplexity="16" sequenceCoverage="100" branchCoverage="44.44" crapScore="5" isConstructor="false" isStatic="false" isGetter="true" isSetter="false">
              <Summary numSequencePoints="3" visitedSequencePoints="3" numBranchPoints="9" visitedBranchPoints="4" sequenceCoverage="100" branchCoverage="44.44" maxCyclomaticComplexity="5" minCyclomaticComplexity="5" maxCrapScore="5" minCrapScore="5" visitedClasses="0" numClasses="0" visitedMethods="1" numMethods="1" />
              <MetadataToken>100663675</MetadataToken>
              <Name>NUnit.VisualStudio.TestAdapter.NUnitEngine.NUnitTestCase/eRunState NUnit.VisualStudio.TestAdapter.NUnitEngine.NUnitTestCase::get_RunState()</Name>
              <FileRef uid="34" />
              <SequencePoints>
                <SequencePoint vc="22" uspid="1878" ordinal="0" offset="0" sl="60" sc="17" el="60" ec="46" bec="2" bev="1" fileid="34" />
                <SequencePoint vc="22" uspid="1879" ordinal="1" offset="8" sl="62" sc="21" el="67" ec="23" bec="5" bev="2" fileid="34" />
                <SequencePoint vc="22" uspid="1880" ordinal="2" offset="78" sl="69" sc="17" el="69" ec="33" bec="0" bev="0" fileid="34" />
              </SequencePoints>
              <BranchPoints>
                <BranchPoint vc="22" uspid="1881" ordinal="0" offset="6" sl="60" path="0" offsetend="8" fileid="34" />
                <BranchPoint vc="0" uspid="1882" ordinal="1" offset="6" sl="60" path="1" offsetend="78" fileid="34" />
                <BranchPoint vc="22" uspid="1883" ordinal="2" offset="26" sl="62" path="0" offsetend="28" fileid="34" />
                <BranchPoint vc="0" uspid="1884" ordinal="3" offset="26" sl="62" path="1" offsetend="64" fileid="34" />
                <BranchPoint vc="0" uspid="1885" ordinal="4" offset="39" sl="62" path="0" offsetend="41" fileid="34" />
                <BranchPoint vc="22" uspid="1886" ordinal="5" offset="39" sl="62" path="1" offsetend="56" fileid="34" />
                <BranchPoint vc="0" uspid="1887" ordinal="6" offset="52" sl="62" path="0" offsetchain="54" offsetend="64" fileid="34" />
                <BranchPoint vc="0" uspid="1888" ordinal="7" offset="52" sl="62" path="1" offsetend="60" fileid="34" />
              </BranchPoints>
              <MethodPoint xsi:type="SequencePoint" vc="22" uspid="1878" ordinal="0" offset="0" sl="60" sc="17" el="60" ec="46" bec="2" bev="1" fileid="34" />
            </Method>
            <Method visited="true" cyclomaticComplexity="1" nPathComplexity="0" sequenceCoverage="100" branchCoverage="100" crapScore="1" isConstructor="false" isStatic="false" isGetter="true" isSetter="false">
              <Summary numSequencePoints="1" visitedSequencePoints="1" numBranchPoints="1" visitedBranchPoints="1" sequenceCoverage="100" branchCoverage="100" maxCyclomaticComplexity="1" minCyclomaticComplexity="1" maxCrapScore="1" minCrapScore="1" visitedClasses="0" numClasses="0" visitedMethods="1" numMethods="1" />
              <MetadataToken>100663677</MetadataToken>
              <Name>NUnit.VisualStudio.TestAdapter.NUnitEngine.NUnitTestCase NUnit.VisualStudio.TestAdapter.NUnitEngine.NUnitTestCase::get_Parent()</Name>
              <FileRef uid="34" />
              <SequencePoints>
                <SequencePoint vc="44" uspid="1889" ordinal="0" offset="0" sl="79" sc="39" el="79" ec="43" bec="0" bev="0" fileid="34" />
              </SequencePoints>
              <BranchPoints />
              <MethodPoint xsi:type="SequencePoint" vc="44" uspid="1889" ordinal="0" offset="0" sl="79" sc="39" el="79" ec="43" bec="0" bev="0" fileid="34" />
            </Method>
            <Method visited="true" cyclomaticComplexity="2" nPathComplexity="2" sequenceCoverage="100" branchCoverage="100" crapScore="2" isConstructor="true" isStatic="false" isGetter="false" isSetter="false">
              <Summary numSequencePoints="4" visitedSequencePoints="4" numBranchPoints="3" visitedBranchPoints="3" sequenceCoverage="100" branchCoverage="100" maxCyclomaticComplexity="2" minCyclomaticComplexity="2" maxCrapScore="2" minCrapScore="2" visitedClasses="0" numClasses="0" visitedMethods="1" numMethods="1" />
              <MetadataToken>100663676</MetadataToken>
              <Name>System.Void NUnit.VisualStudio.TestAdapter.NUnitEngine.NUnitTestCase::.ctor(System.Xml.XmlNode)</Name>
              <FileRef uid="34" />
              <SequencePoints>
                <SequencePoint vc="53" uspid="1890" ordinal="0" offset="0" sl="73" sc="50" el="73" ec="64" bec="0" bev="0" fileid="34" />
                <SequencePoint vc="53" uspid="1891" ordinal="1" offset="7" sl="75" sc="13" el="75" ec="41" bec="2" bev="2" fileid="34" />
                <SequencePoint vc="44" uspid="1892" ordinal="2" offset="20" sl="76" sc="17" el="76" ec="61" bec="0" bev="0" fileid="34" />
                <SequencePoint vc="53" uspid="1893" ordinal="3" offset="42" sl="77" sc="9" el="77" ec="10" bec="0" bev="0" fileid="34" />
              </SequencePoints>
              <BranchPoints>
                <BranchPoint vc="44" uspid="1894" ordinal="0" offset="18" sl="75" path="0" offsetend="20" fileid="34" />
                <BranchPoint vc="9" uspid="1895" ordinal="1" offset="18" sl="75" path="1" offsetend="42" fileid="34" />
              </BranchPoints>
              <MethodPoint xsi:type="SequencePoint" vc="53" uspid="1890" ordinal="0" offset="0" sl="73" sc="50" el="73" ec="64" bec="0" bev="0" fileid="34" />
            </Method>
          </Methods>
        </Class>
        <Class>
          <Summary numSequencePoints="31" visitedSequencePoints="16" numBranchPoints="51" visitedBranchPoints="15" sequenceCoverage="51.61" branchCoverage="29.41" maxCyclomaticComplexity="9" minCyclomaticComplexity="1" maxCrapScore="20" minCrapScore="1" visitedClasses="1" numClasses="1" visitedMethods="8" numMethods="15" />
          <FullName>NUnit.VisualStudio.TestAdapter.NUnitEngine.NUnitTestEvent</FullName>
          <Methods>
            <Method visited="true" cyclomaticComplexity="1" nPathComplexity="0" sequenceCoverage="100" branchCoverage="100" crapScore="1" isConstructor="false" isStatic="false" isGetter="true" isSetter="false">
              <Summary numSequencePoints="1" visitedSequencePoints="1" numBranchPoints="1" visitedBranchPoints="1" sequenceCoverage="100" branchCoverage="100" maxCyclomaticComplexity="1" minCyclomaticComplexity="1" maxCrapScore="1" minCrapScore="1" visitedClasses="0" numClasses="0" visitedMethods="1" numMethods="1" />
              <MetadataToken>100663690</MetadataToken>
              <Name>System.Boolean NUnit.VisualStudio.TestAdapter.NUnitEngine.NUnitTestEvent::get_IsFailed()</Name>
              <FileRef uid="35" />
              <SequencePoints>
                <SequencePoint vc="4" uspid="1896" ordinal="0" offset="0" sl="101" sc="33" el="101" ec="62" bec="0" bev="0" fileid="35" />
              </SequencePoints>
              <BranchPoints />
              <MethodPoint xsi:type="SequencePoint" vc="4" uspid="1896" ordinal="0" offset="0" sl="101" sc="33" el="101" ec="62" bec="0" bev="0" fileid="35" />
            </Method>
            <Method visited="false" cyclomaticComplexity="1" nPathComplexity="0" sequenceCoverage="0" branchCoverage="0" crapScore="2" isConstructor="false" isStatic="false" isGetter="true" isSetter="false">
              <Summary numSequencePoints="1" visitedSequencePoints="0" numBranchPoints="1" visitedBranchPoints="0" sequenceCoverage="0" branchCoverage="0" maxCyclomaticComplexity="1" minCyclomaticComplexity="1" maxCrapScore="2" minCrapScore="2" visitedClasses="0" numClasses="0" visitedMethods="0" numMethods="1" />
              <MetadataToken>100663692</MetadataToken>
              <Name>System.String NUnit.VisualStudio.TestAdapter.NUnitEngine.NUnitTestEvent::get_Label()</Name>
              <FileRef uid="35" />
              <SequencePoints>
                <SequencePoint vc="0" uspid="1897" ordinal="0" offset="0" sl="114" sc="32" el="114" ec="58" bec="0" bev="0" fileid="35" />
              </SequencePoints>
              <BranchPoints />
              <MethodPoint xsi:type="SequencePoint" vc="0" uspid="1897" ordinal="0" offset="0" sl="114" sc="32" el="114" ec="58" bec="0" bev="0" fileid="35" />
            </Method>
            <Method visited="false" cyclomaticComplexity="1" nPathComplexity="0" sequenceCoverage="0" branchCoverage="0" crapScore="2" isConstructor="false" isStatic="false" isGetter="true" isSetter="false">
              <Summary numSequencePoints="1" visitedSequencePoints="0" numBranchPoints="1" visitedBranchPoints="0" sequenceCoverage="0" branchCoverage="0" maxCyclomaticComplexity="1" minCyclomaticComplexity="1" maxCrapScore="2" minCrapScore="2" visitedClasses="0" numClasses="0" visitedMethods="0" numMethods="1" />
              <MetadataToken>100663693</MetadataToken>
              <Name>System.Boolean NUnit.VisualStudio.TestAdapter.NUnitEngine.NUnitTestEvent::get_IsIgnored()</Name>
              <FileRef uid="35" />
              <SequencePoints>
                <SequencePoint vc="0" uspid="1898" ordinal="0" offset="0" sl="116" sc="34" el="116" ec="52" bec="0" bev="0" fileid="35" />
              </SequencePoints>
              <BranchPoints />
              <MethodPoint xsi:type="SequencePoint" vc="0" uspid="1898" ordinal="0" offset="0" sl="116" sc="34" el="116" ec="52" bec="0" bev="0" fileid="35" />
            </Method>
            <Method visited="true" cyclomaticComplexity="1" nPathComplexity="0" sequenceCoverage="100" branchCoverage="100" crapScore="1" isConstructor="false" isStatic="false" isGetter="true" isSetter="false">
              <Summary numSequencePoints="1" visitedSequencePoints="1" numBranchPoints="1" visitedBranchPoints="1" sequenceCoverage="100" branchCoverage="100" maxCyclomaticComplexity="1" minCyclomaticComplexity="1" maxCrapScore="1" minCrapScore="1" visitedClasses="0" numClasses="0" visitedMethods="1" numMethods="1" />
              <MetadataToken>100663694</MetadataToken>
              <Name>System.TimeSpan NUnit.VisualStudio.TestAdapter.NUnitEngine.NUnitTestEvent::get_Duration()</Name>
              <FileRef uid="35" />
              <SequencePoints>
                <SequencePoint vc="9" uspid="1899" ordinal="0" offset="0" sl="118" sc="37" el="118" ec="93" bec="0" bev="0" fileid="35" />
              </SequencePoints>
              <BranchPoints />
              <MethodPoint xsi:type="SequencePoint" vc="9" uspid="1899" ordinal="0" offset="0" sl="118" sc="37" el="118" ec="93" bec="0" bev="0" fileid="35" />
            </Method>
            <Method visited="false" cyclomaticComplexity="1" nPathComplexity="0" sequenceCoverage="0" branchCoverage="0" crapScore="2" isConstructor="false" isStatic="false" isGetter="true" isSetter="false">
              <Summary numSequencePoints="1" visitedSequencePoints="0" numBranchPoints="1" visitedBranchPoints="0" sequenceCoverage="0" branchCoverage="0" maxCyclomaticComplexity="1" minCyclomaticComplexity="1" maxCrapScore="2" minCrapScore="2" visitedClasses="0" numClasses="0" visitedMethods="0" numMethods="1" />
              <MetadataToken>100663697</MetadataToken>
              <Name>System.String NUnit.VisualStudio.TestAdapter.NUnitEngine.NUnitTestEvent::get_MethodName()</Name>
              <FileRef uid="35" />
              <SequencePoints>
                <SequencePoint vc="0" uspid="1900" ordinal="0" offset="0" sl="127" sc="37" el="127" ec="68" bec="0" bev="0" fileid="35" />
              </SequencePoints>
              <BranchPoints />
              <MethodPoint xsi:type="SequencePoint" vc="0" uspid="1900" ordinal="0" offset="0" sl="127" sc="37" el="127" ec="68" bec="0" bev="0" fileid="35" />
            </Method>
            <Method visited="false" cyclomaticComplexity="1" nPathComplexity="0" sequenceCoverage="0" branchCoverage="0" crapScore="2" isConstructor="false" isStatic="false" isGetter="true" isSetter="false">
              <Summary numSequencePoints="1" visitedSequencePoints="0" numBranchPoints="1" visitedBranchPoints="0" sequenceCoverage="0" branchCoverage="0" maxCyclomaticComplexity="1" minCyclomaticComplexity="1" maxCrapScore="2" minCrapScore="2" visitedClasses="0" numClasses="0" visitedMethods="0" numMethods="1" />
              <MetadataToken>100663698</MetadataToken>
              <Name>System.String NUnit.VisualStudio.TestAdapter.NUnitEngine.NUnitTestEvent::get_ClassName()</Name>
              <FileRef uid="35" />
              <SequencePoints>
                <SequencePoint vc="0" uspid="1901" ordinal="0" offset="0" sl="128" sc="36" el="128" ec="66" bec="0" bev="0" fileid="35" />
              </SequencePoints>
              <BranchPoints />
              <MethodPoint xsi:type="SequencePoint" vc="0" uspid="1901" ordinal="0" offset="0" sl="128" sc="36" el="128" ec="66" bec="0" bev="0" fileid="35" />
            </Method>
            <Method visited="true" cyclomaticComplexity="2" nPathComplexity="2" sequenceCoverage="100" branchCoverage="66.67" crapScore="2" isConstructor="false" isStatic="false" isGetter="true" isSetter="false">
              <Summary numSequencePoints="1" visitedSequencePoints="1" numBranchPoints="3" visitedBranchPoints="2" sequenceCoverage="100" branchCoverage="66.67" maxCyclomaticComplexity="2" minCyclomaticComplexity="2" maxCrapScore="2" minCrapScore="2" visitedClasses="0" numClasses="0" visitedMethods="1" numMethods="1" />
              <MetadataToken>100663699</MetadataToken>
              <Name>System.String NUnit.VisualStudio.TestAdapter.NUnitEngine.NUnitTestEvent::get_Output()</Name>
              <FileRef uid="35" />
              <SequencePoints>
                <SequencePoint vc="18" uspid="1902" ordinal="0" offset="0" sl="129" sc="33" el="129" ec="75" bec="2" bev="1" fileid="35" />
              </SequencePoints>
              <BranchPoints>
                <BranchPoint vc="18" uspid="1903" ordinal="0" offset="17" sl="129" path="0" offsetend="19" fileid="35" />
                <BranchPoint vc="0" uspid="1904" ordinal="1" offset="17" sl="129" path="1" offsetend="22" fileid="35" />
              </BranchPoints>
              <MethodPoint xsi:type="SequencePoint" vc="18" uspid="1902" ordinal="0" offset="0" sl="129" sc="33" el="129" ec="75" bec="2" bev="1" fileid="35" />
            </Method>
            <Method visited="true" cyclomaticComplexity="9" nPathComplexity="16" sequenceCoverage="50" branchCoverage="22.22" crapScore="19.12" isConstructor="false" isStatic="false" isGetter="true" isSetter="false">
              <Summary numSequencePoints="10" visitedSequencePoints="5" numBranchPoints="9" visitedBranchPoints="2" sequenceCoverage="50" branchCoverage="22.22" maxCyclomaticComplexity="9" minCyclomaticComplexity="9" maxCrapScore="19.12" minCrapScore="19.12" visitedClasses="0" numClasses="0" visitedMethods="1" numMethods="1" />
              <MetadataToken>100663702</MetadataToken>
              <Name>System.Collections.Generic.IEnumerable`1&lt;NUnit.VisualStudio.TestAdapter.NUnitEngine.NUnitAttachment&gt; NUnit.VisualStudio.TestAdapter.NUnitEngine.NUnitTestEvent::get_NUnitAttachments()</Name>
              <FileRef uid="35" />
              <SequencePoints>
                <SequencePoint vc="9" uspid="1905" ordinal="0" offset="0" sl="161" sc="17" el="161" ec="46" bec="2" bev="1" fileid="35" />
                <SequencePoint vc="0" uspid="1906" ordinal="1" offset="8" sl="162" sc="21" el="162" ec="45" bec="0" bev="0" fileid="35" />
                <SequencePoint vc="9" uspid="1907" ordinal="2" offset="15" sl="163" sc="17" el="163" ec="64" bec="0" bev="0" fileid="35" />
                <SequencePoint vc="9" uspid="1908" ordinal="3" offset="26" sl="164" sc="48" el="164" ec="90" bec="0" bev="0" fileid="35" />
                <SequencePoint vc="0" uspid="1909" ordinal="4" offset="50" sl="164" sc="26" el="164" ec="44" bec="0" bev="0" fileid="35" />
                <SequencePoint vc="0" uspid="1910" ordinal="5" offset="61" sl="166" sc="21" el="166" ec="99" bec="4" bev="0" fileid="35" />
                <SequencePoint vc="0" uspid="1911" ordinal="6" offset="94" sl="167" sc="21" el="167" ec="93" bec="2" bev="0" fileid="35" />
                <SequencePoint vc="0" uspid="1912" ordinal="7" offset="117" sl="168" sc="21" el="168" ec="82" bec="0" bev="0" fileid="35" />
                <SequencePoint vc="9" uspid="1913" ordinal="8" offset="135" sl="164" sc="45" el="164" ec="47" bec="0" bev="0" fileid="35" />
                <SequencePoint vc="9" uspid="1914" ordinal="9" offset="162" sl="170" sc="17" el="170" ec="41" bec="0" bev="0" fileid="35" />
              </SequencePoints>
              <BranchPoints>
                <BranchPoint vc="0" uspid="1915" ordinal="0" offset="6" sl="161" path="0" offsetend="8" fileid="35" />
                <BranchPoint vc="9" uspid="1916" ordinal="1" offset="6" sl="161" path="1" offsetend="15" fileid="35" />
                <BranchPoint vc="0" uspid="1917" ordinal="2" offset="73" sl="166" path="0" offsetend="75" fileid="35" />
                <BranchPoint vc="0" uspid="1918" ordinal="3" offset="73" sl="166" path="1" offsetend="79" fileid="35" />
                <BranchPoint vc="0" uspid="1919" ordinal="4" offset="85" sl="166" path="0" offsetend="87" fileid="35" />
                <BranchPoint vc="0" uspid="1920" ordinal="5" offset="85" sl="166" path="1" offsetend="93" fileid="35" />
                <BranchPoint vc="0" uspid="1921" ordinal="6" offset="105" sl="167" path="0" offsetend="107" fileid="35" />
                <BranchPoint vc="0" uspid="1922" ordinal="7" offset="105" sl="167" path="1" offsetend="111" fileid="35" />
              </BranchPoints>
              <MethodPoint xsi:type="SequencePoint" vc="9" uspid="1905" ordinal="0" offset="0" sl="161" sc="17" el="161" ec="46" bec="2" bev="1" fileid="35" />
            </Method>
            <Method visited="false" cyclomaticComplexity="4" nPathComplexity="8" sequenceCoverage="0" branchCoverage="0" crapScore="20" isConstructor="false" isStatic="false" isGetter="false" isSetter="false">
              <Summary numSequencePoints="2" visitedSequencePoints="0" numBranchPoints="7" visitedBranchPoints="0" sequenceCoverage="0" branchCoverage="0" maxCyclomaticComplexity="4" minCyclomaticComplexity="4" maxCrapScore="20" minCrapScore="20" visitedClasses="0" numClasses="0" visitedMethods="0" numMethods="1" />
              <MetadataToken>100663688</MetadataToken>
              <Name>NUnit.VisualStudio.TestAdapter.NUnitEngine.NUnitTestEvent/TestTypes NUnit.VisualStudio.TestAdapter.NUnitEngine.NUnitTestEvent::TestType()</Name>
              <FileRef uid="35" />
              <SequencePoints>
                <SequencePoint vc="0" uspid="1925" ordinal="0" offset="0" sl="79" sc="13" el="79" ec="53" bec="0" bev="0" fileid="35" />
                <SequencePoint vc="0" uspid="1926" ordinal="1" offset="17" sl="80" sc="13" el="85" ec="15" bec="5" bev="0" fileid="35" />
              </SequencePoints>
              <BranchPoints>
                <BranchPoint vc="0" uspid="1927" ordinal="0" offset="18" sl="80" path="0" offsetend="20" fileid="35" />
                <BranchPoint vc="0" uspid="1928" ordinal="1" offset="18" sl="80" path="1" offsetend="56" fileid="35" />
                <BranchPoint vc="0" uspid="1929" ordinal="2" offset="31" sl="80" path="0" offsetend="33" fileid="35" />
                <BranchPoint vc="0" uspid="1930" ordinal="3" offset="31" sl="80" path="1" offsetend="48" fileid="35" />
                <BranchPoint vc="0" uspid="1931" ordinal="4" offset="44" sl="80" path="0" offsetchain="46" offsetend="56" fileid="35" />
                <BranchPoint vc="0" uspid="1932" ordinal="5" offset="44" sl="80" path="1" offsetend="52" fileid="35" />
              </BranchPoints>
              <MethodPoint xsi:type="SequencePoint" vc="0" uspid="1925" ordinal="0" offset="0" sl="79" sc="13" el="79" ec="53" bec="0" bev="0" fileid="35" />
            </Method>
            <Method visited="true" cyclomaticComplexity="6" nPathComplexity="32" sequenceCoverage="100" branchCoverage="36.36" crapScore="6" isConstructor="false" isStatic="false" isGetter="false" isSetter="false">
              <Summary numSequencePoints="2" visitedSequencePoints="2" numBranchPoints="11" visitedBranchPoints="4" sequenceCoverage="100" branchCoverage="36.36" maxCyclomaticComplexity="6" minCyclomaticComplexity="6" maxCrapScore="6" minCrapScore="6" visitedClasses="0" numClasses="0" visitedMethods="1" numMethods="1" />
              <MetadataToken>100663689</MetadataToken>
              <Name>NUnit.VisualStudio.TestAdapter.NUnitEngine.NUnitTestEvent/ResultType NUnit.VisualStudio.TestAdapter.NUnitEngine.NUnitTestEvent::Result()</Name>
              <FileRef uid="35" />
              <SequencePoints>
                <SequencePoint vc="13" uspid="1933" ordinal="0" offset="0" sl="90" sc="13" el="90" ec="54" bec="0" bev="0" fileid="35" />
                <SequencePoint vc="13" uspid="1934" ordinal="1" offset="17" sl="91" sc="13" el="98" ec="15" bec="9" bev="3" fileid="35" />
              </SequencePoints>
              <BranchPoints>
                <BranchPoint vc="13" uspid="1935" ordinal="0" offset="18" sl="91" path="0" offsetend="20" fileid="35" />
                <BranchPoint vc="0" uspid="1936" ordinal="1" offset="18" sl="91" path="1" offsetend="90" fileid="35" />
                <BranchPoint vc="13" uspid="1937" ordinal="2" offset="31" sl="91" path="0" offsetend="33" fileid="35" />
                <BranchPoint vc="0" uspid="1938" ordinal="3" offset="31" sl="91" path="1" offsetend="74" fileid="35" />
                <BranchPoint vc="0" uspid="1939" ordinal="4" offset="44" sl="91" path="0" offsetend="46" fileid="35" />
                <BranchPoint vc="13" uspid="1940" ordinal="5" offset="44" sl="91" path="1" offsetend="78" fileid="35" />
                <BranchPoint vc="0" uspid="1941" ordinal="6" offset="57" sl="91" path="0" offsetend="59" fileid="35" />
                <BranchPoint vc="0" uspid="1942" ordinal="7" offset="57" sl="91" path="1" offsetend="82" fileid="35" />
                <BranchPoint vc="0" uspid="1943" ordinal="8" offset="70" sl="91" path="0" offsetchain="72" offsetend="90" fileid="35" />
                <BranchPoint vc="0" uspid="1944" ordinal="9" offset="70" sl="91" path="1" offsetend="86" fileid="35" />
              </BranchPoints>
              <MethodPoint xsi:type="SequencePoint" vc="13" uspid="1933" ordinal="0" offset="0" sl="90" sc="13" el="90" ec="54" bec="0" bev="0" fileid="35" />
            </Method>
            <Method visited="false" cyclomaticComplexity="4" nPathComplexity="8" sequenceCoverage="0" branchCoverage="0" crapScore="20" isConstructor="false" isStatic="false" isGetter="false" isSetter="false">
              <Summary numSequencePoints="2" visitedSequencePoints="0" numBranchPoints="7" visitedBranchPoints="0" sequenceCoverage="0" branchCoverage="0" maxCyclomaticComplexity="4" minCyclomaticComplexity="4" maxCrapScore="20" minCrapScore="20" visitedClasses="0" numClasses="0" visitedMethods="0" numMethods="1" />
              <MetadataToken>100663691</MetadataToken>
              <Name>NUnit.VisualStudio.TestAdapter.NUnitEngine.NUnitTestEvent/SiteType NUnit.VisualStudio.TestAdapter.NUnitEngine.NUnitTestEvent::Site()</Name>
              <FileRef uid="35" />
              <SequencePoints>
                <SequencePoint vc="0" uspid="1945" ordinal="0" offset="0" sl="105" sc="13" el="105" ec="53" bec="0" bev="0" fileid="35" />
                <SequencePoint vc="0" uspid="1946" ordinal="1" offset="17" sl="106" sc="13" el="111" ec="15" bec="5" bev="0" fileid="35" />
              </SequencePoints>
              <BranchPoints>
                <BranchPoint vc="0" uspid="1947" ordinal="0" offset="18" sl="106" path="0" offsetend="20" fileid="35" />
                <BranchPoint vc="0" uspid="1948" ordinal="1" offset="18" sl="106" path="1" offsetend="56" fileid="35" />
                <BranchPoint vc="0" uspid="1949" ordinal="2" offset="31" sl="106" path="0" offsetend="33" fileid="35" />
                <BranchPoint vc="0" uspid="1950" ordinal="3" offset="31" sl="106" path="1" offsetend="48" fileid="35" />
                <BranchPoint vc="0" uspid="1951" ordinal="4" offset="44" sl="106" path="0" offsetchain="46" offsetend="56" fileid="35" />
                <BranchPoint vc="0" uspid="1952" ordinal="5" offset="44" sl="106" path="1" offsetend="52" fileid="35" />
              </BranchPoints>
              <MethodPoint xsi:type="SequencePoint" vc="0" uspid="1945" ordinal="0" offset="0" sl="105" sc="13" el="105" ec="53" bec="0" bev="0" fileid="35" />
            </Method>
            <Method visited="false" cyclomaticComplexity="1" nPathComplexity="0" sequenceCoverage="0" branchCoverage="0" crapScore="2" isConstructor="true" isStatic="false" isGetter="false" isSetter="false">
              <Summary numSequencePoints="2" visitedSequencePoints="0" numBranchPoints="1" visitedBranchPoints="0" sequenceCoverage="0" branchCoverage="0" maxCyclomaticComplexity="1" minCyclomaticComplexity="1" maxCrapScore="2" minCrapScore="2" visitedClasses="0" numClasses="0" visitedMethods="0" numMethods="1" />
              <MetadataToken>100663695</MetadataToken>
              <Name>System.Void NUnit.VisualStudio.TestAdapter.NUnitEngine.NUnitTestEvent::.ctor(System.String)</Name>
              <FileRef uid="35" />
              <SequencePoints>
                <SequencePoint vc="0" uspid="1953" ordinal="0" offset="0" sl="120" sc="54" el="120" ec="94" bec="0" bev="0" fileid="35" />
                <SequencePoint vc="0" uspid="1954" ordinal="1" offset="12" sl="121" sc="11" el="121" ec="12" bec="0" bev="0" fileid="35" />
              </SequencePoints>
              <BranchPoints />
              <MethodPoint xsi:type="SequencePoint" vc="0" uspid="1953" ordinal="0" offset="0" sl="120" sc="54" el="120" ec="94" bec="0" bev="0" fileid="35" />
            </Method>
            <Method visited="true" cyclomaticComplexity="1" nPathComplexity="0" sequenceCoverage="100" branchCoverage="100" crapScore="1" isConstructor="true" isStatic="false" isGetter="false" isSetter="false">
              <Summary numSequencePoints="2" visitedSequencePoints="2" numBranchPoints="1" visitedBranchPoints="1" sequenceCoverage="100" branchCoverage="100" maxCyclomaticComplexity="1" minCyclomaticComplexity="1" maxCrapScore="1" minCrapScore="1" visitedClasses="0" numClasses="0" visitedMethods="1" numMethods="1" />
              <MetadataToken>100663696</MetadataToken>
              <Name>System.Void NUnit.VisualStudio.TestAdapter.NUnitEngine.NUnitTestEvent::.ctor(System.Xml.XmlNode)</Name>
              <FileRef uid="35" />
              <SequencePoints>
                <SequencePoint vc="22" uspid="1955" ordinal="0" offset="0" sl="123" sc="50" el="123" ec="60" bec="0" bev="0" fileid="35" />
                <SequencePoint vc="22" uspid="1956" ordinal="1" offset="7" sl="125" sc="9" el="125" ec="10" bec="0" bev="0" fileid="35" />
              </SequencePoints>
              <BranchPoints />
              <MethodPoint xsi:type="SequencePoint" vc="22" uspid="1955" ordinal="0" offset="0" sl="123" sc="50" el="123" ec="60" bec="0" bev="0" fileid="35" />
            </Method>
            <Method visited="true" cyclomaticComplexity="2" nPathComplexity="2" sequenceCoverage="100" branchCoverage="66.67" crapScore="2" isConstructor="false" isStatic="false" isGetter="false" isSetter="false">
              <Summary numSequencePoints="2" visitedSequencePoints="2" numBranchPoints="3" visitedBranchPoints="2" sequenceCoverage="100" branchCoverage="66.67" maxCyclomaticComplexity="2" minCyclomaticComplexity="2" maxCrapScore="2" minCrapScore="2" visitedClasses="0" numClasses="0" visitedMethods="1" numMethods="1" />
              <MetadataToken>100663700</MetadataToken>
              <Name>NUnit.VisualStudio.TestAdapter.NUnitEngine.NUnitTestEvent/CheckedTime NUnit.VisualStudio.TestAdapter.NUnitEngine.NUnitTestEvent::StartTime()</Name>
              <FileRef uid="35" />
              <SequencePoints>
                <SequencePoint vc="9" uspid="1957" ordinal="0" offset="0" sl="134" sc="13" el="134" ec="64" bec="0" bev="0" fileid="35" />
                <SequencePoint vc="9" uspid="1958" ordinal="1" offset="17" sl="135" sc="13" el="137" ec="77" bec="2" bev="1" fileid="35" />
              </SequencePoints>
              <BranchPoints>
                <BranchPoint vc="0" uspid="1959" ordinal="0" offset="18" sl="135" path="0" offsetend="20" fileid="35" />
                <BranchPoint vc="9" uspid="1960" ordinal="1" offset="18" sl="135" path="1" offsetend="50" fileid="35" />
              </BranchPoints>
              <MethodPoint xsi:type="SequencePoint" vc="9" uspid="1957" ordinal="0" offset="0" sl="134" sc="13" el="134" ec="64" bec="0" bev="0" fileid="35" />
            </Method>
            <Method visited="true" cyclomaticComplexity="2" nPathComplexity="2" sequenceCoverage="100" branchCoverage="66.67" crapScore="2" isConstructor="false" isStatic="false" isGetter="false" isSetter="false">
              <Summary numSequencePoints="2" visitedSequencePoints="2" numBranchPoints="3" visitedBranchPoints="2" sequenceCoverage="100" branchCoverage="66.67" maxCyclomaticComplexity="2" minCyclomaticComplexity="2" maxCrapScore="2" minCrapScore="2" visitedClasses="0" numClasses="0" visitedMethods="1" numMethods="1" />
              <MetadataToken>100663701</MetadataToken>
              <Name>NUnit.VisualStudio.TestAdapter.NUnitEngine.NUnitTestEvent/CheckedTime NUnit.VisualStudio.TestAdapter.NUnitEngine.NUnitTestEvent::EndTime()</Name>
              <FileRef uid="35" />
              <SequencePoints>
                <SequencePoint vc="9" uspid="1961" ordinal="0" offset="0" sl="142" sc="13" el="142" ec="60" bec="0" bev="0" fileid="35" />
                <SequencePoint vc="9" uspid="1962" ordinal="1" offset="17" sl="143" sc="13" el="145" ec="77" bec="2" bev="1" fileid="35" />
              </SequencePoints>
              <BranchPoints>
                <BranchPoint vc="0" uspid="1963" ordinal="0" offset="18" sl="143" path="0" offsetend="20" fileid="35" />
                <BranchPoint vc="9" uspid="1964" ordinal="1" offset="18" sl="143" path="1" offsetend="50" fileid="35" />
              </BranchPoints>
              <MethodPoint xsi:type="SequencePoint" vc="9" uspid="1961" ordinal="0" offset="0" sl="142" sc="13" el="142" ec="60" bec="0" bev="0" fileid="35" />
            </Method>
          </Methods>
        </Class>
        <Class>
          <Summary numSequencePoints="6" visitedSequencePoints="0" numBranchPoints="3" visitedBranchPoints="0" sequenceCoverage="0" branchCoverage="0" maxCyclomaticComplexity="1" minCyclomaticComplexity="1" maxCrapScore="2" minCrapScore="2" visitedClasses="0" numClasses="1" visitedMethods="0" numMethods="3" />
          <FullName>NUnit.VisualStudio.TestAdapter.NUnitEngine.NUnitAttachment</FullName>
          <Methods>
            <Method visited="false" cyclomaticComplexity="1" nPathComplexity="0" sequenceCoverage="0" branchCoverage="0" crapScore="2" isConstructor="false" isStatic="false" isGetter="true" isSetter="false">
              <Summary numSequencePoints="1" visitedSequencePoints="0" numBranchPoints="1" visitedBranchPoints="0" sequenceCoverage="0" branchCoverage="0" maxCyclomaticComplexity="1" minCyclomaticComplexity="1" maxCrapScore="2" minCrapScore="2" visitedClasses="0" numClasses="0" visitedMethods="0" numMethods="1" />
              <MetadataToken>100663704</MetadataToken>
              <Name>System.String NUnit.VisualStudio.TestAdapter.NUnitEngine.NUnitAttachment::get_FilePath()</Name>
              <FileRef uid="35" />
              <SequencePoints>
                <SequencePoint vc="0" uspid="1965" ordinal="0" offset="0" sl="184" sc="34" el="184" ec="38" bec="0" bev="0" fileid="35" />
              </SequencePoints>
              <BranchPoints />
              <MethodPoint xsi:type="SequencePoint" vc="0" uspid="1965" ordinal="0" offset="0" sl="184" sc="34" el="184" ec="38" bec="0" bev="0" fileid="35" />
            </Method>
            <Method visited="false" cyclomaticComplexity="1" nPathComplexity="0" sequenceCoverage="0" branchCoverage="0" crapScore="2" isConstructor="false" isStatic="false" isGetter="true" isSetter="false">
              <Summary numSequencePoints="1" visitedSequencePoints="0" numBranchPoints="1" visitedBranchPoints="0" sequenceCoverage="0" branchCoverage="0" maxCyclomaticComplexity="1" minCyclomaticComplexity="1" maxCrapScore="2" minCrapScore="2" visitedClasses="0" numClasses="0" visitedMethods="0" numMethods="1" />
              <MetadataToken>100663705</MetadataToken>
              <Name>System.String NUnit.VisualStudio.TestAdapter.NUnitEngine.NUnitAttachment::get_Description()</Name>
              <FileRef uid="35" />
              <SequencePoints>
                <SequencePoint vc="0" uspid="1966" ordinal="0" offset="0" sl="186" sc="37" el="186" ec="41" bec="0" bev="0" fileid="35" />
              </SequencePoints>
              <BranchPoints />
              <MethodPoint xsi:type="SequencePoint" vc="0" uspid="1966" ordinal="0" offset="0" sl="186" sc="37" el="186" ec="41" bec="0" bev="0" fileid="35" />
            </Method>
            <Method visited="false" cyclomaticComplexity="1" nPathComplexity="0" sequenceCoverage="0" branchCoverage="0" crapScore="2" isConstructor="true" isStatic="false" isGetter="false" isSetter="false">
              <Summary numSequencePoints="4" visitedSequencePoints="0" numBranchPoints="1" visitedBranchPoints="0" sequenceCoverage="0" branchCoverage="0" maxCyclomaticComplexity="1" minCyclomaticComplexity="1" maxCrapScore="2" minCrapScore="2" visitedClasses="0" numClasses="0" visitedMethods="0" numMethods="1" />
              <MetadataToken>100663703</MetadataToken>
              <Name>System.Void NUnit.VisualStudio.TestAdapter.NUnitEngine.NUnitAttachment::.ctor(System.String,System.String)</Name>
              <FileRef uid="35" />
              <SequencePoints>
                <SequencePoint vc="0" uspid="1967" ordinal="0" offset="0" sl="178" sc="9" el="178" ec="64" bec="0" bev="0" fileid="35" />
                <SequencePoint vc="0" uspid="1968" ordinal="1" offset="6" sl="180" sc="13" el="180" ec="29" bec="0" bev="0" fileid="35" />
                <SequencePoint vc="0" uspid="1969" ordinal="2" offset="13" sl="181" sc="13" el="181" ec="39" bec="0" bev="0" fileid="35" />
                <SequencePoint vc="0" uspid="1970" ordinal="3" offset="20" sl="182" sc="9" el="182" ec="10" bec="0" bev="0" fileid="35" />
              </SequencePoints>
              <BranchPoints />
              <MethodPoint xsi:type="SequencePoint" vc="0" uspid="1967" ordinal="0" offset="0" sl="178" sc="9" el="178" ec="64" bec="0" bev="0" fileid="35" />
            </Method>
          </Methods>
        </Class>
        <Class>
          <Summary numSequencePoints="6" visitedSequencePoints="5" numBranchPoints="3" visitedBranchPoints="2" sequenceCoverage="83.33" branchCoverage="66.67" maxCyclomaticComplexity="1" minCyclomaticComplexity="1" maxCrapScore="2" minCrapScore="1" visitedClasses="1" numClasses="1" visitedMethods="2" numMethods="3" />
          <FullName>NUnit.VisualStudio.TestAdapter.NUnitEngine.NUnitProperty</FullName>
          <Methods>
            <Method visited="true" cyclomaticComplexity="1" nPathComplexity="0" sequenceCoverage="100" branchCoverage="100" crapScore="1" isConstructor="false" isStatic="false" isGetter="true" isSetter="false">
              <Summary numSequencePoints="1" visitedSequencePoints="1" numBranchPoints="1" visitedBranchPoints="1" sequenceCoverage="100" branchCoverage="100" maxCyclomaticComplexity="1" minCyclomaticComplexity="1" maxCrapScore="1" minCrapScore="1" visitedClasses="0" numClasses="0" visitedMethods="1" numMethods="1" />
              <MetadataToken>100663706</MetadataToken>
              <Name>System.String NUnit.VisualStudio.TestAdapter.NUnitEngine.NUnitProperty::get_Name()</Name>
              <FileRef uid="35" />
              <SequencePoints>
                <SequencePoint vc="144" uspid="1971" ordinal="0" offset="0" sl="191" sc="30" el="191" ec="34" bec="0" bev="0" fileid="35" />
              </SequencePoints>
              <BranchPoints />
              <MethodPoint xsi:type="SequencePoint" vc="144" uspid="1971" ordinal="0" offset="0" sl="191" sc="30" el="191" ec="34" bec="0" bev="0" fileid="35" />
            </Method>
            <Method visited="false" cyclomaticComplexity="1" nPathComplexity="0" sequenceCoverage="0" branchCoverage="0" crapScore="2" isConstructor="false" isStatic="false" isGetter="true" isSetter="false">
              <Summary numSequencePoints="1" visitedSequencePoints="0" numBranchPoints="1" visitedBranchPoints="0" sequenceCoverage="0" branchCoverage="0" maxCyclomaticComplexity="1" minCyclomaticComplexity="1" maxCrapScore="2" minCrapScore="2" visitedClasses="0" numClasses="0" visitedMethods="0" numMethods="1" />
              <MetadataToken>100663707</MetadataToken>
              <Name>System.String NUnit.VisualStudio.TestAdapter.NUnitEngine.NUnitProperty::get_Value()</Name>
              <FileRef uid="35" />
              <SequencePoints>
                <SequencePoint vc="0" uspid="1972" ordinal="0" offset="0" sl="192" sc="31" el="192" ec="35" bec="0" bev="0" fileid="35" />
              </SequencePoints>
              <BranchPoints />
              <MethodPoint xsi:type="SequencePoint" vc="0" uspid="1972" ordinal="0" offset="0" sl="192" sc="31" el="192" ec="35" bec="0" bev="0" fileid="35" />
            </Method>
            <Method visited="true" cyclomaticComplexity="1" nPathComplexity="0" sequenceCoverage="100" branchCoverage="100" crapScore="1" isConstructor="true" isStatic="false" isGetter="false" isSetter="false">
              <Summary numSequencePoints="4" visitedSequencePoints="4" numBranchPoints="1" visitedBranchPoints="1" sequenceCoverage="100" branchCoverage="100" maxCyclomaticComplexity="1" minCyclomaticComplexity="1" maxCrapScore="1" minCrapScore="1" visitedClasses="0" numClasses="0" visitedMethods="1" numMethods="1" />
              <MetadataToken>100663708</MetadataToken>
              <Name>System.Void NUnit.VisualStudio.TestAdapter.NUnitEngine.NUnitProperty::.ctor(System.String,System.String)</Name>
              <FileRef uid="35" />
              <SequencePoints>
                <SequencePoint vc="29" uspid="1973" ordinal="0" offset="0" sl="194" sc="9" el="194" ec="56" bec="0" bev="0" fileid="35" />
                <SequencePoint vc="29" uspid="1974" ordinal="1" offset="6" sl="196" sc="13" el="196" ec="25" bec="0" bev="0" fileid="35" />
                <SequencePoint vc="29" uspid="1975" ordinal="2" offset="13" sl="197" sc="13" el="197" ec="27" bec="0" bev="0" fileid="35" />
                <SequencePoint vc="29" uspid="1976" ordinal="3" offset="20" sl="198" sc="9" el="198" ec="10" bec="0" bev="0" fileid="35" />
              </SequencePoints>
              <BranchPoints />
              <MethodPoint xsi:type="SequencePoint" vc="29" uspid="1973" ordinal="0" offset="0" sl="194" sc="9" el="194" ec="56" bec="0" bev="0" fileid="35" />
            </Method>
          </Methods>
        </Class>
        <Class>
          <Summary numSequencePoints="6" visitedSequencePoints="0" numBranchPoints="3" visitedBranchPoints="0" sequenceCoverage="0" branchCoverage="0" maxCyclomaticComplexity="1" minCyclomaticComplexity="1" maxCrapScore="2" minCrapScore="2" visitedClasses="0" numClasses="1" visitedMethods="0" numMethods="3" />
          <FullName>NUnit.VisualStudio.TestAdapter.NUnitEngine.NUnitFailure</FullName>
          <Methods>
            <Method visited="false" cyclomaticComplexity="1" nPathComplexity="0" sequenceCoverage="0" branchCoverage="0" crapScore="2" isConstructor="false" isStatic="false" isGetter="true" isSetter="false">
              <Summary numSequencePoints="1" visitedSequencePoints="0" numBranchPoints="1" visitedBranchPoints="0" sequenceCoverage="0" branchCoverage="0" maxCyclomaticComplexity="1" minCyclomaticComplexity="1" maxCrapScore="2" minCrapScore="2" visitedClasses="0" numClasses="0" visitedMethods="0" numMethods="1" />
              <MetadataToken>100663709</MetadataToken>
              <Name>System.String NUnit.VisualStudio.TestAdapter.NUnitEngine.NUnitFailure::get_Message()</Name>
              <FileRef uid="35" />
              <SequencePoints>
                <SequencePoint vc="0" uspid="1977" ordinal="0" offset="0" sl="203" sc="33" el="203" ec="37" bec="0" bev="0" fileid="35" />
              </SequencePoints>
              <BranchPoints />
              <MethodPoint xsi:type="SequencePoint" vc="0" uspid="1977" ordinal="0" offset="0" sl="203" sc="33" el="203" ec="37" bec="0" bev="0" fileid="35" />
            </Method>
            <Method visited="false" cyclomaticComplexity="1" nPathComplexity="0" sequenceCoverage="0" branchCoverage="0" crapScore="2" isConstructor="false" isStatic="false" isGetter="true" isSetter="false">
              <Summary numSequencePoints="1" visitedSequencePoints="0" numBranchPoints="1" visitedBranchPoints="0" sequenceCoverage="0" branchCoverage="0" maxCyclomaticComplexity="1" minCyclomaticComplexity="1" maxCrapScore="2" minCrapScore="2" visitedClasses="0" numClasses="0" visitedMethods="0" numMethods="1" />
              <MetadataToken>100663710</MetadataToken>
              <Name>System.String NUnit.VisualStudio.TestAdapter.NUnitEngine.NUnitFailure::get_Stacktrace()</Name>
              <FileRef uid="35" />
              <SequencePoints>
                <SequencePoint vc="0" uspid="1978" ordinal="0" offset="0" sl="204" sc="36" el="204" ec="40" bec="0" bev="0" fileid="35" />
              </SequencePoints>
              <BranchPoints />
              <MethodPoint xsi:type="SequencePoint" vc="0" uspid="1978" ordinal="0" offset="0" sl="204" sc="36" el="204" ec="40" bec="0" bev="0" fileid="35" />
            </Method>
            <Method visited="false" cyclomaticComplexity="1" nPathComplexity="0" sequenceCoverage="0" branchCoverage="0" crapScore="2" isConstructor="true" isStatic="false" isGetter="false" isSetter="false">
              <Summary numSequencePoints="4" visitedSequencePoints="0" numBranchPoints="1" visitedBranchPoints="0" sequenceCoverage="0" branchCoverage="0" maxCyclomaticComplexity="1" minCyclomaticComplexity="1" maxCrapScore="2" minCrapScore="2" visitedClasses="0" numClasses="0" visitedMethods="0" numMethods="1" />
              <MetadataToken>100663711</MetadataToken>
              <Name>System.Void NUnit.VisualStudio.TestAdapter.NUnitEngine.NUnitFailure::.ctor(System.String,System.String)</Name>
              <FileRef uid="35" />
              <SequencePoints>
                <SequencePoint vc="0" uspid="1979" ordinal="0" offset="0" sl="206" sc="9" el="206" ec="63" bec="0" bev="0" fileid="35" />
                <SequencePoint vc="0" uspid="1980" ordinal="1" offset="6" sl="208" sc="13" el="208" ec="31" bec="0" bev="0" fileid="35" />
                <SequencePoint vc="0" uspid="1981" ordinal="2" offset="13" sl="209" sc="13" el="209" ec="37" bec="0" bev="0" fileid="35" />
                <SequencePoint vc="0" uspid="1982" ordinal="3" offset="20" sl="210" sc="9" el="210" ec="10" bec="0" bev="0" fileid="35" />
              </SequencePoints>
              <BranchPoints />
              <MethodPoint xsi:type="SequencePoint" vc="0" uspid="1979" ordinal="0" offset="0" sl="206" sc="9" el="206" ec="63" bec="0" bev="0" fileid="35" />
            </Method>
          </Methods>
        </Class>
        <Class>
          <Summary numSequencePoints="8" visitedSequencePoints="0" numBranchPoints="4" visitedBranchPoints="0" sequenceCoverage="0" branchCoverage="0" maxCyclomaticComplexity="1" minCyclomaticComplexity="1" maxCrapScore="2" minCrapScore="2" visitedClasses="0" numClasses="1" visitedMethods="0" numMethods="4" />
          <FullName>NUnit.VisualStudio.TestAdapter.NUnitEngine.NUnitEventWrongTypeException</FullName>
          <Methods>
            <Method visited="false" cyclomaticComplexity="1" nPathComplexity="0" sequenceCoverage="0" branchCoverage="0" crapScore="2" isConstructor="true" isStatic="false" isGetter="false" isSetter="false">
              <Summary numSequencePoints="2" visitedSequencePoints="0" numBranchPoints="1" visitedBranchPoints="0" sequenceCoverage="0" branchCoverage="0" maxCyclomaticComplexity="1" minCyclomaticComplexity="1" maxCrapScore="2" minCrapScore="2" visitedClasses="0" numClasses="0" visitedMethods="0" numMethods="1" />
              <MetadataToken>100663712</MetadataToken>
              <Name>System.Void NUnit.VisualStudio.TestAdapter.NUnitEngine.NUnitEventWrongTypeException::.ctor()</Name>
              <FileRef uid="35" />
              <SequencePoints>
                <SequencePoint vc="0" uspid="1983" ordinal="0" offset="0" sl="222" sc="9" el="222" ec="46" bec="0" bev="0" fileid="35" />
                <SequencePoint vc="0" uspid="1984" ordinal="1" offset="6" sl="224" sc="9" el="224" ec="10" bec="0" bev="0" fileid="35" />
              </SequencePoints>
              <BranchPoints />
              <MethodPoint xsi:type="SequencePoint" vc="0" uspid="1983" ordinal="0" offset="0" sl="222" sc="9" el="222" ec="46" bec="0" bev="0" fileid="35" />
            </Method>
            <Method visited="false" cyclomaticComplexity="1" nPathComplexity="0" sequenceCoverage="0" branchCoverage="0" crapScore="2" isConstructor="true" isStatic="false" isGetter="false" isSetter="false">
              <Summary numSequencePoints="2" visitedSequencePoints="0" numBranchPoints="1" visitedBranchPoints="0" sequenceCoverage="0" branchCoverage="0" maxCyclomaticComplexity="1" minCyclomaticComplexity="1" maxCrapScore="2" minCrapScore="2" visitedClasses="0" numClasses="0" visitedMethods="0" numMethods="1" />
              <MetadataToken>100663713</MetadataToken>
              <Name>System.Void NUnit.VisualStudio.TestAdapter.NUnitEngine.NUnitEventWrongTypeException::.ctor(System.String)</Name>
              <FileRef uid="35" />
              <SequencePoints>
                <SequencePoint vc="0" uspid="1985" ordinal="0" offset="0" sl="226" sc="63" el="226" ec="76" bec="0" bev="0" fileid="35" />
                <SequencePoint vc="0" uspid="1986" ordinal="1" offset="7" sl="228" sc="9" el="228" ec="10" bec="0" bev="0" fileid="35" />
              </SequencePoints>
              <BranchPoints />
              <MethodPoint xsi:type="SequencePoint" vc="0" uspid="1985" ordinal="0" offset="0" sl="226" sc="63" el="226" ec="76" bec="0" bev="0" fileid="35" />
            </Method>
            <Method visited="false" cyclomaticComplexity="1" nPathComplexity="0" sequenceCoverage="0" branchCoverage="0" crapScore="2" isConstructor="true" isStatic="false" isGetter="false" isSetter="false">
              <Summary numSequencePoints="2" visitedSequencePoints="0" numBranchPoints="1" visitedBranchPoints="0" sequenceCoverage="0" branchCoverage="0" maxCyclomaticComplexity="1" minCyclomaticComplexity="1" maxCrapScore="2" minCrapScore="2" visitedClasses="0" numClasses="0" visitedMethods="0" numMethods="1" />
              <MetadataToken>100663714</MetadataToken>
              <Name>System.Void NUnit.VisualStudio.TestAdapter.NUnitEngine.NUnitEventWrongTypeException::.ctor(System.String,System.Exception)</Name>
              <FileRef uid="35" />
              <SequencePoints>
                <SequencePoint vc="0" uspid="1987" ordinal="0" offset="0" sl="230" sc="80" el="230" ec="100" bec="0" bev="0" fileid="35" />
                <SequencePoint vc="0" uspid="1988" ordinal="1" offset="8" sl="232" sc="9" el="232" ec="10" bec="0" bev="0" fileid="35" />
              </SequencePoints>
              <BranchPoints />
              <MethodPoint xsi:type="SequencePoint" vc="0" uspid="1987" ordinal="0" offset="0" sl="230" sc="80" el="230" ec="100" bec="0" bev="0" fileid="35" />
            </Method>
            <Method visited="false" cyclomaticComplexity="1" nPathComplexity="0" sequenceCoverage="0" branchCoverage="0" crapScore="2" isConstructor="true" isStatic="false" isGetter="false" isSetter="false">
              <Summary numSequencePoints="2" visitedSequencePoints="0" numBranchPoints="1" visitedBranchPoints="0" sequenceCoverage="0" branchCoverage="0" maxCyclomaticComplexity="1" minCyclomaticComplexity="1" maxCrapScore="2" minCrapScore="2" visitedClasses="0" numClasses="0" visitedMethods="0" numMethods="1" />
              <MetadataToken>100663715</MetadataToken>
              <Name>System.Void NUnit.VisualStudio.TestAdapter.NUnitEngine.NUnitEventWrongTypeException::.ctor(System.Runtime.Serialization.SerializationInfo,System.Runtime.Serialization.StreamingContext)</Name>
              <FileRef uid="35" />
              <SequencePoints>
                <SequencePoint vc="0" uspid="1989" ordinal="0" offset="0" sl="236" sc="41" el="236" ec="60" bec="0" bev="0" fileid="35" />
                <SequencePoint vc="0" uspid="1990" ordinal="1" offset="8" sl="238" sc="9" el="238" ec="10" bec="0" bev="0" fileid="35" />
              </SequencePoints>
              <BranchPoints />
              <MethodPoint xsi:type="SequencePoint" vc="0" uspid="1989" ordinal="0" offset="0" sl="236" sc="41" el="236" ec="60" bec="0" bev="0" fileid="35" />
            </Method>
          </Methods>
        </Class>
        <Class>
          <Summary numSequencePoints="9" visitedSequencePoints="6" numBranchPoints="20" visitedBranchPoints="15" sequenceCoverage="66.67" branchCoverage="75" maxCyclomaticComplexity="8" minCyclomaticComplexity="1" maxCrapScore="8" minCrapScore="1" visitedClasses="1" numClasses="1" visitedMethods="3" numMethods="6" />
          <FullName>NUnit.VisualStudio.TestAdapter.NUnitEngine.NUnitTestEventHeader</FullName>
          <Methods>
            <Method visited="true" cyclomaticComplexity="1" nPathComplexity="0" sequenceCoverage="100" branchCoverage="100" crapScore="1" isConstructor="false" isStatic="false" isGetter="true" isSetter="false">
              <Summary numSequencePoints="1" visitedSequencePoints="1" numBranchPoints="1" visitedBranchPoints="1" sequenceCoverage="100" branchCoverage="100" maxCyclomaticComplexity="1" minCyclomaticComplexity="1" maxCrapScore="1" minCrapScore="1" visitedClasses="0" numClasses="0" visitedMethods="1" numMethods="1" />
              <MetadataToken>100663716</MetadataToken>
              <Name>System.Xml.XmlNode NUnit.VisualStudio.TestAdapter.NUnitEngine.NUnitTestEventHeader::get_Node()</Name>
              <FileRef uid="40" />
              <SequencePoints>
                <SequencePoint vc="50" uspid="1991" ordinal="0" offset="0" sl="41" sc="31" el="41" ec="35" bec="0" bev="0" fileid="40" />
              </SequencePoints>
              <BranchPoints />
              <MethodPoint xsi:type="SequencePoint" vc="50" uspid="1991" ordinal="0" offset="0" sl="41" sc="31" el="41" ec="35" bec="0" bev="0" fileid="40" />
            </Method>
            <Method visited="false" cyclomaticComplexity="1" nPathComplexity="0" sequenceCoverage="0" branchCoverage="0" crapScore="2" isConstructor="false" isStatic="false" isGetter="true" isSetter="false">
              <Summary numSequencePoints="1" visitedSequencePoints="0" numBranchPoints="1" visitedBranchPoints="0" sequenceCoverage="0" branchCoverage="0" maxCyclomaticComplexity="1" minCyclomaticComplexity="1" maxCrapScore="2" minCrapScore="2" visitedClasses="0" numClasses="0" visitedMethods="0" numMethods="1" />
              <MetadataToken>100663718</MetadataToken>
              <Name>System.String NUnit.VisualStudio.TestAdapter.NUnitEngine.NUnitTestEventHeader::get_FullName()</Name>
              <FileRef uid="40" />
              <SequencePoints>
                <SequencePoint vc="0" uspid="1992" ordinal="0" offset="0" sl="43" sc="35" el="43" ec="64" bec="0" bev="0" fileid="40" />
              </SequencePoints>
              <BranchPoints />
              <MethodPoint xsi:type="SequencePoint" vc="0" uspid="1992" ordinal="0" offset="0" sl="43" sc="35" el="43" ec="64" bec="0" bev="0" fileid="40" />
            </Method>
            <Method visited="false" cyclomaticComplexity="1" nPathComplexity="0" sequenceCoverage="0" branchCoverage="0" crapScore="2" isConstructor="false" isStatic="false" isGetter="true" isSetter="false">
              <Summary numSequencePoints="1" visitedSequencePoints="0" numBranchPoints="1" visitedBranchPoints="0" sequenceCoverage="0" branchCoverage="0" maxCyclomaticComplexity="1" minCyclomaticComplexity="1" maxCrapScore="2" minCrapScore="2" visitedClasses="0" numClasses="0" visitedMethods="0" numMethods="1" />
              <MetadataToken>100663719</MetadataToken>
              <Name>System.String NUnit.VisualStudio.TestAdapter.NUnitEngine.NUnitTestEventHeader::get_Name()</Name>
              <FileRef uid="40" />
              <SequencePoints>
                <SequencePoint vc="0" uspid="1993" ordinal="0" offset="0" sl="44" sc="31" el="44" ec="56" bec="0" bev="0" fileid="40" />
              </SequencePoints>
              <BranchPoints />
              <MethodPoint xsi:type="SequencePoint" vc="0" uspid="1993" ordinal="0" offset="0" sl="44" sc="31" el="44" ec="56" bec="0" bev="0" fileid="40" />
            </Method>
            <Method visited="true" cyclomaticComplexity="1" nPathComplexity="0" sequenceCoverage="100" branchCoverage="100" crapScore="1" isConstructor="false" isStatic="false" isGetter="true" isSetter="false">
              <Summary numSequencePoints="1" visitedSequencePoints="1" numBranchPoints="1" visitedBranchPoints="1" sequenceCoverage="100" branchCoverage="100" maxCyclomaticComplexity="1" minCyclomaticComplexity="1" maxCrapScore="1" minCrapScore="1" visitedClasses="0" numClasses="0" visitedMethods="1" numMethods="1" />
              <MetadataToken>100663720</MetadataToken>
              <Name>NUnit.VisualStudio.TestAdapter.NUnitEngine.NUnitTestEventHeader/EventType NUnit.VisualStudio.TestAdapter.NUnitEngine.NUnitTestEventHeader::get_Type()</Name>
              <FileRef uid="40" />
              <SequencePoints>
                <SequencePoint vc="28" uspid="1994" ordinal="0" offset="0" sl="45" sc="33" el="45" ec="37" bec="0" bev="0" fileid="40" />
              </SequencePoints>
              <BranchPoints />
              <MethodPoint xsi:type="SequencePoint" vc="28" uspid="1994" ordinal="0" offset="0" sl="45" sc="33" el="45" ec="37" bec="0" bev="0" fileid="40" />
            </Method>
            <Method visited="false" cyclomaticComplexity="1" nPathComplexity="0" sequenceCoverage="0" branchCoverage="0" crapScore="2" isConstructor="false" isStatic="false" isGetter="false" isSetter="false">
              <Summary numSequencePoints="1" visitedSequencePoints="0" numBranchPoints="1" visitedBranchPoints="0" sequenceCoverage="0" branchCoverage="0" maxCyclomaticComplexity="1" minCyclomaticComplexity="1" maxCrapScore="2" minCrapScore="2" visitedClasses="0" numClasses="0" visitedMethods="0" numMethods="1" />
              <MetadataToken>100663717</MetadataToken>
              <Name>System.String NUnit.VisualStudio.TestAdapter.NUnitEngine.NUnitTestEventHeader::AsString()</Name>
              <FileRef uid="40" />
              <SequencePoints>
                <SequencePoint vc="0" uspid="1995" ordinal="0" offset="0" sl="42" sc="37" el="42" ec="52" bec="0" bev="0" fileid="40" />
              </SequencePoints>
              <BranchPoints />
              <MethodPoint xsi:type="SequencePoint" vc="0" uspid="1995" ordinal="0" offset="0" sl="42" sc="37" el="42" ec="52" bec="0" bev="0" fileid="40" />
            </Method>
            <Method visited="true" cyclomaticComplexity="8" nPathComplexity="128" sequenceCoverage="100" branchCoverage="86.67" crapScore="8" isConstructor="true" isStatic="false" isGetter="false" isSetter="false">
              <Summary numSequencePoints="4" visitedSequencePoints="4" numBranchPoints="15" visitedBranchPoints="13" sequenceCoverage="100" branchCoverage="86.67" maxCyclomaticComplexity="8" minCyclomaticComplexity="8" maxCrapScore="8" minCrapScore="8" visitedClasses="0" numClasses="0" visitedMethods="1" numMethods="1" />
              <MetadataToken>100663721</MetadataToken>
              <Name>System.Void NUnit.VisualStudio.TestAdapter.NUnitEngine.NUnitTestEventHeader::.ctor(System.String)</Name>
              <FileRef uid="40" />
              <SequencePoints>
                <SequencePoint vc="28" uspid="1996" ordinal="0" offset="0" sl="46" sc="9" el="46" ec="50" bec="0" bev="0" fileid="40" />
                <SequencePoint vc="28" uspid="1997" ordinal="1" offset="6" sl="48" sc="13" el="48" ec="51" bec="0" bev="0" fileid="40" />
                <SequencePoint vc="28" uspid="1998" ordinal="2" offset="18" sl="49" sc="13" el="58" ec="15" bec="13" bev="12" fileid="40" />
                <SequencePoint vc="28" uspid="1999" ordinal="3" offset="146" sl="59" sc="9" el="59" ec="10" bec="0" bev="0" fileid="40" />
              </SequencePoints>
              <BranchPoints>
                <BranchPoint vc="28" uspid="2000" ordinal="0" offset="31" sl="49" path="0" offsetend="33" fileid="40" />
                <BranchPoint vc="0" uspid="2001" ordinal="1" offset="31" sl="49" path="1" offsetend="137" fileid="40" />
                <BranchPoint vc="19" uspid="2002" ordinal="2" offset="44" sl="49" path="0" offsetend="46" fileid="40" />
                <BranchPoint vc="9" uspid="2003" ordinal="3" offset="44" sl="49" path="1" offsetend="113" fileid="40" />
                <BranchPoint vc="10" uspid="2004" ordinal="4" offset="57" sl="49" path="0" offsetend="59" fileid="40" />
                <BranchPoint vc="9" uspid="2005" ordinal="5" offset="57" sl="49" path="1" offsetend="117" fileid="40" />
                <BranchPoint vc="6" uspid="2006" ordinal="6" offset="70" sl="49" path="0" offsetend="72" fileid="40" />
                <BranchPoint vc="4" uspid="2007" ordinal="7" offset="70" sl="49" path="1" offsetend="121" fileid="40" />
                <BranchPoint vc="6" uspid="2008" ordinal="8" offset="83" sl="49" path="0" offsetend="85" fileid="40" />
                <BranchPoint vc="0" uspid="2009" ordinal="9" offset="83" sl="49" path="1" offsetend="125" fileid="40" />
                <BranchPoint vc="5" uspid="2010" ordinal="10" offset="96" sl="49" path="0" offsetend="98" fileid="40" />
                <BranchPoint vc="1" uspid="2011" ordinal="11" offset="96" sl="49" path="1" offsetend="129" fileid="40" />
                <BranchPoint vc="1" uspid="2012" ordinal="12" offset="109" sl="49" path="0" offsetchain="111" offsetend="137" fileid="40" />
                <BranchPoint vc="4" uspid="2013" ordinal="13" offset="109" sl="49" path="1" offsetend="133" fileid="40" />
              </BranchPoints>
              <MethodPoint xsi:type="SequencePoint" vc="28" uspid="1996" ordinal="0" offset="0" sl="46" sc="9" el="46" ec="50" bec="0" bev="0" fileid="40" />
            </Method>
          </Methods>
        </Class>
        <Class>
          <Summary numSequencePoints="8" visitedSequencePoints="5" numBranchPoints="5" visitedBranchPoints="3" sequenceCoverage="62.5" branchCoverage="60" maxCyclomaticComplexity="2" minCyclomaticComplexity="1" maxCrapScore="2.06" minCrapScore="1" visitedClasses="1" numClasses="1" visitedMethods="2" numMethods="3" />
          <FullName>NUnit.VisualStudio.TestAdapter.NUnitEngine.NUnitTestEventStartTest</FullName>
          <Methods>
            <Method visited="true" cyclomaticComplexity="1" nPathComplexity="0" sequenceCoverage="100" branchCoverage="100" crapScore="1" isConstructor="true" isStatic="false" isGetter="false" isSetter="false">
              <Summary numSequencePoints="2" visitedSequencePoints="2" numBranchPoints="1" visitedBranchPoints="1" sequenceCoverage="100" branchCoverage="100" maxCyclomaticComplexity="1" minCyclomaticComplexity="1" maxCrapScore="1" minCrapScore="1" visitedClasses="0" numClasses="0" visitedMethods="1" numMethods="1" />
              <MetadataToken>100663722</MetadataToken>
              <Name>System.Void NUnit.VisualStudio.TestAdapter.NUnitEngine.NUnitTestEventStartTest::.ctor(NUnit.VisualStudio.TestAdapter.NUnitEngine.INUnitTestEventForXml)</Name>
              <FileRef uid="41" />
              <SequencePoints>
                <SequencePoint vc="9" uspid="2014" ordinal="0" offset="0" sl="14" sc="70" el="14" ec="85" bec="0" bev="0" fileid="41" />
                <SequencePoint vc="9" uspid="2015" ordinal="1" offset="12" sl="15" sc="11" el="15" ec="12" bec="0" bev="0" fileid="41" />
              </SequencePoints>
              <BranchPoints />
              <MethodPoint xsi:type="SequencePoint" vc="9" uspid="2014" ordinal="0" offset="0" sl="14" sc="70" el="14" ec="85" bec="0" bev="0" fileid="41" />
            </Method>
            <Method visited="false" cyclomaticComplexity="1" nPathComplexity="0" sequenceCoverage="0" branchCoverage="0" crapScore="2" isConstructor="true" isStatic="false" isGetter="false" isSetter="false">
              <Summary numSequencePoints="2" visitedSequencePoints="0" numBranchPoints="1" visitedBranchPoints="0" sequenceCoverage="0" branchCoverage="0" maxCyclomaticComplexity="1" minCyclomaticComplexity="1" maxCrapScore="2" minCrapScore="2" visitedClasses="0" numClasses="0" visitedMethods="0" numMethods="1" />
              <MetadataToken>100663723</MetadataToken>
              <Name>System.Void NUnit.VisualStudio.TestAdapter.NUnitEngine.NUnitTestEventStartTest::.ctor(System.String)</Name>
              <FileRef uid="41" />
              <SequencePoints>
                <SequencePoint vc="0" uspid="2016" ordinal="0" offset="0" sl="16" sc="60" el="16" ec="100" bec="0" bev="0" fileid="41" />
                <SequencePoint vc="0" uspid="2017" ordinal="1" offset="12" sl="17" sc="11" el="17" ec="12" bec="0" bev="0" fileid="41" />
              </SequencePoints>
              <BranchPoints />
              <MethodPoint xsi:type="SequencePoint" vc="0" uspid="2016" ordinal="0" offset="0" sl="16" sc="60" el="16" ec="100" bec="0" bev="0" fileid="41" />
            </Method>
            <Method visited="true" cyclomaticComplexity="2" nPathComplexity="2" sequenceCoverage="75" branchCoverage="66.67" crapScore="2.06" isConstructor="true" isStatic="false" isGetter="false" isSetter="false">
              <Summary numSequencePoints="4" visitedSequencePoints="3" numBranchPoints="3" visitedBranchPoints="2" sequenceCoverage="75" branchCoverage="66.67" maxCyclomaticComplexity="2" minCyclomaticComplexity="2" maxCrapScore="2.06" minCrapScore="2.06" visitedClasses="0" numClasses="0" visitedMethods="1" numMethods="1" />
              <MetadataToken>100663724</MetadataToken>
              <Name>System.Void NUnit.VisualStudio.TestAdapter.NUnitEngine.NUnitTestEventStartTest::.ctor(System.Xml.XmlNode)</Name>
              <FileRef uid="41" />
              <SequencePoints>
                <SequencePoint vc="9" uspid="2018" ordinal="0" offset="0" sl="19" sc="56" el="19" ec="66" bec="0" bev="0" fileid="41" />
                <SequencePoint vc="9" uspid="2019" ordinal="1" offset="7" sl="21" sc="13" el="21" ec="43" bec="2" bev="1" fileid="41" />
                <SequencePoint vc="0" uspid="2020" ordinal="2" offset="25" sl="22" sc="17" el="22" ec="99" bec="0" bev="0" fileid="41" />
                <SequencePoint vc="9" uspid="2021" ordinal="3" offset="47" sl="23" sc="9" el="23" ec="10" bec="0" bev="0" fileid="41" />
              </SequencePoints>
              <BranchPoints>
                <BranchPoint vc="0" uspid="2022" ordinal="0" offset="23" sl="21" path="0" offsetend="25" fileid="41" />
                <BranchPoint vc="9" uspid="2023" ordinal="1" offset="23" sl="21" path="1" offsetend="47" fileid="41" />
              </BranchPoints>
              <MethodPoint xsi:type="SequencePoint" vc="9" uspid="2018" ordinal="0" offset="0" sl="19" sc="56" el="19" ec="66" bec="0" bev="0" fileid="41" />
            </Method>
          </Methods>
        </Class>
        <Class>
          <Summary numSequencePoints="16" visitedSequencePoints="8" numBranchPoints="15" visitedBranchPoints="5" sequenceCoverage="50" branchCoverage="33.33" maxCyclomaticComplexity="7" minCyclomaticComplexity="1" maxCrapScore="7.77" minCrapScore="1" visitedClasses="1" numClasses="1" visitedMethods="2" numMethods="7" />
          <FullName>NUnit.VisualStudio.TestAdapter.NUnitEngine.NUnitTestEventSuiteFinished</FullName>
          <Methods>
            <Method visited="false" cyclomaticComplexity="1" nPathComplexity="0" sequenceCoverage="0" branchCoverage="0" crapScore="2" isConstructor="false" isStatic="false" isGetter="true" isSetter="false">
              <Summary numSequencePoints="1" visitedSequencePoints="0" numBranchPoints="1" visitedBranchPoints="0" sequenceCoverage="0" branchCoverage="0" maxCyclomaticComplexity="1" minCyclomaticComplexity="1" maxCrapScore="2" minCrapScore="2" visitedClasses="0" numClasses="0" visitedMethods="0" numMethods="1" />
              <MetadataToken>100663732</MetadataToken>
              <Name>System.String NUnit.VisualStudio.TestAdapter.NUnitEngine.NUnitTestEventSuiteFinished::get_ReasonMessage()</Name>
              <FileRef uid="42" />
              <SequencePoints>
                <SequencePoint vc="0" uspid="2024" ordinal="0" offset="0" sl="35" sc="39" el="35" ec="43" bec="0" bev="0" fileid="42" />
              </SequencePoints>
              <BranchPoints />
              <MethodPoint xsi:type="SequencePoint" vc="0" uspid="2024" ordinal="0" offset="0" sl="35" sc="39" el="35" ec="43" bec="0" bev="0" fileid="42" />
            </Method>
            <Method visited="false" cyclomaticComplexity="1" nPathComplexity="0" sequenceCoverage="0" branchCoverage="0" crapScore="2" isConstructor="false" isStatic="false" isGetter="true" isSetter="false">
              <Summary numSequencePoints="1" visitedSequencePoints="0" numBranchPoints="1" visitedBranchPoints="0" sequenceCoverage="0" branchCoverage="0" maxCyclomaticComplexity="1" minCyclomaticComplexity="1" maxCrapScore="2" minCrapScore="2" visitedClasses="0" numClasses="0" visitedMethods="0" numMethods="1" />
              <MetadataToken>100663733</MetadataToken>
              <Name>System.Boolean NUnit.VisualStudio.TestAdapter.NUnitEngine.NUnitTestEventSuiteFinished::get_HasReason()</Name>
              <FileRef uid="42" />
              <SequencePoints>
                <SequencePoint vc="0" uspid="2025" ordinal="0" offset="0" sl="37" sc="34" el="37" ec="70" bec="0" bev="0" fileid="42" />
              </SequencePoints>
              <BranchPoints />
              <MethodPoint xsi:type="SequencePoint" vc="0" uspid="2025" ordinal="0" offset="0" sl="37" sc="34" el="37" ec="70" bec="0" bev="0" fileid="42" />
            </Method>
            <Method visited="false" cyclomaticComplexity="1" nPathComplexity="0" sequenceCoverage="0" branchCoverage="0" crapScore="2" isConstructor="false" isStatic="false" isGetter="true" isSetter="false">
              <Summary numSequencePoints="1" visitedSequencePoints="0" numBranchPoints="1" visitedBranchPoints="0" sequenceCoverage="0" branchCoverage="0" maxCyclomaticComplexity="1" minCyclomaticComplexity="1" maxCrapScore="2" minCrapScore="2" visitedClasses="0" numClasses="0" visitedMethods="0" numMethods="1" />
              <MetadataToken>100663734</MetadataToken>
              <Name>System.String NUnit.VisualStudio.TestAdapter.NUnitEngine.NUnitTestEventSuiteFinished::get_FailureMessage()</Name>
              <FileRef uid="42" />
              <SequencePoints>
                <SequencePoint vc="0" uspid="2026" ordinal="0" offset="0" sl="38" sc="40" el="38" ec="44" bec="0" bev="0" fileid="42" />
              </SequencePoints>
              <BranchPoints />
              <MethodPoint xsi:type="SequencePoint" vc="0" uspid="2026" ordinal="0" offset="0" sl="38" sc="40" el="38" ec="44" bec="0" bev="0" fileid="42" />
            </Method>
            <Method visited="false" cyclomaticComplexity="1" nPathComplexity="0" sequenceCoverage="0" branchCoverage="0" crapScore="2" isConstructor="false" isStatic="false" isGetter="true" isSetter="false">
              <Summary numSequencePoints="1" visitedSequencePoints="0" numBranchPoints="1" visitedBranchPoints="0" sequenceCoverage="0" branchCoverage="0" maxCyclomaticComplexity="1" minCyclomaticComplexity="1" maxCrapScore="2" minCrapScore="2" visitedClasses="0" numClasses="0" visitedMethods="0" numMethods="1" />
              <MetadataToken>100663735</MetadataToken>
              <Name>System.Boolean NUnit.VisualStudio.TestAdapter.NUnitEngine.NUnitTestEventSuiteFinished::get_HasFailure()</Name>
              <FileRef uid="42" />
              <SequencePoints>
                <SequencePoint vc="0" uspid="2027" ordinal="0" offset="0" sl="40" sc="35" el="40" ec="72" bec="0" bev="0" fileid="42" />
              </SequencePoints>
              <BranchPoints />
              <MethodPoint xsi:type="SequencePoint" vc="0" uspid="2027" ordinal="0" offset="0" sl="40" sc="35" el="40" ec="72" bec="0" bev="0" fileid="42" />
            </Method>
            <Method visited="true" cyclomaticComplexity="1" nPathComplexity="0" sequenceCoverage="100" branchCoverage="100" crapScore="1" isConstructor="true" isStatic="false" isGetter="false" isSetter="false">
              <Summary numSequencePoints="2" visitedSequencePoints="2" numBranchPoints="1" visitedBranchPoints="1" sequenceCoverage="100" branchCoverage="100" maxCyclomaticComplexity="1" minCyclomaticComplexity="1" maxCrapScore="1" minCrapScore="1" visitedClasses="0" numClasses="0" visitedMethods="1" numMethods="1" />
              <MetadataToken>100663729</MetadataToken>
              <Name>System.Void NUnit.VisualStudio.TestAdapter.NUnitEngine.NUnitTestEventSuiteFinished::.ctor(NUnit.VisualStudio.TestAdapter.NUnitEngine.INUnitTestEventForXml)</Name>
              <FileRef uid="42" />
              <SequencePoints>
                <SequencePoint vc="4" uspid="2028" ordinal="0" offset="0" sl="18" sc="74" el="18" ec="89" bec="0" bev="0" fileid="42" />
                <SequencePoint vc="4" uspid="2029" ordinal="1" offset="12" sl="19" sc="11" el="19" ec="12" bec="0" bev="0" fileid="42" />
              </SequencePoints>
              <BranchPoints />
              <MethodPoint xsi:type="SequencePoint" vc="4" uspid="2028" ordinal="0" offset="0" sl="18" sc="74" el="18" ec="89" bec="0" bev="0" fileid="42" />
            </Method>
            <Method visited="false" cyclomaticComplexity="1" nPathComplexity="0" sequenceCoverage="0" branchCoverage="0" crapScore="2" isConstructor="true" isStatic="false" isGetter="false" isSetter="false">
              <Summary numSequencePoints="2" visitedSequencePoints="0" numBranchPoints="1" visitedBranchPoints="0" sequenceCoverage="0" branchCoverage="0" maxCyclomaticComplexity="1" minCyclomaticComplexity="1" maxCrapScore="2" minCrapScore="2" visitedClasses="0" numClasses="0" visitedMethods="0" numMethods="1" />
              <MetadataToken>100663730</MetadataToken>
              <Name>System.Void NUnit.VisualStudio.TestAdapter.NUnitEngine.NUnitTestEventSuiteFinished::.ctor(System.String)</Name>
              <FileRef uid="42" />
              <SequencePoints>
                <SequencePoint vc="0" uspid="2030" ordinal="0" offset="0" sl="20" sc="64" el="20" ec="104" bec="0" bev="0" fileid="42" />
                <SequencePoint vc="0" uspid="2031" ordinal="1" offset="12" sl="21" sc="11" el="21" ec="12" bec="0" bev="0" fileid="42" />
              </SequencePoints>
              <BranchPoints />
              <MethodPoint xsi:type="SequencePoint" vc="0" uspid="2030" ordinal="0" offset="0" sl="20" sc="64" el="20" ec="104" bec="0" bev="0" fileid="42" />
            </Method>
            <Method visited="true" cyclomaticComplexity="7" nPathComplexity="16" sequenceCoverage="75" branchCoverage="44.44" crapScore="7.77" isConstructor="true" isStatic="false" isGetter="false" isSetter="false">
              <Summary numSequencePoints="8" visitedSequencePoints="6" numBranchPoints="9" visitedBranchPoints="4" sequenceCoverage="75" branchCoverage="44.44" maxCyclomaticComplexity="7" minCyclomaticComplexity="7" maxCrapScore="7.77" minCrapScore="7.77" visitedClasses="0" numClasses="0" visitedMethods="1" numMethods="1" />
              <MetadataToken>100663731</MetadataToken>
              <Name>System.Void NUnit.VisualStudio.TestAdapter.NUnitEngine.NUnitTestEventSuiteFinished::.ctor(System.Xml.XmlNode)</Name>
              <FileRef uid="42" />
              <SequencePoints>
                <SequencePoint vc="4" uspid="2032" ordinal="0" offset="0" sl="23" sc="60" el="23" ec="70" bec="0" bev="0" fileid="42" />
                <SequencePoint vc="4" uspid="2033" ordinal="1" offset="7" sl="25" sc="13" el="25" ec="43" bec="2" bev="1" fileid="42" />
                <SequencePoint vc="0" uspid="2034" ordinal="2" offset="25" sl="26" sc="17" el="26" ec="99" bec="0" bev="0" fileid="42" />
                <SequencePoint vc="4" uspid="2035" ordinal="3" offset="47" sl="27" sc="13" el="27" ec="64" bec="0" bev="0" fileid="42" />
                <SequencePoint vc="4" uspid="2036" ordinal="4" offset="64" sl="28" sc="13" el="28" ec="37" bec="2" bev="1" fileid="42" />
                <SequencePoint vc="0" uspid="2037" ordinal="5" offset="67" sl="30" sc="17" el="30" ec="85" bec="2" bev="0" fileid="42" />
                <SequencePoint vc="4" uspid="2038" ordinal="6" offset="96" sl="32" sc="13" el="32" ec="80" bec="2" bev="1" fileid="42" />
                <SequencePoint vc="4" uspid="2039" ordinal="7" offset="130" sl="33" sc="9" el="33" ec="10" bec="0" bev="0" fileid="42" />
              </SequencePoints>
              <BranchPoints>
                <BranchPoint vc="0" uspid="2040" ordinal="0" offset="23" sl="25" path="0" offsetend="25" fileid="42" />
                <BranchPoint vc="4" uspid="2041" ordinal="1" offset="23" sl="25" path="1" offsetend="47" fileid="42" />
                <BranchPoint vc="0" uspid="2042" ordinal="2" offset="65" sl="28" path="0" offsetend="67" fileid="42" />
                <BranchPoint vc="4" uspid="2043" ordinal="3" offset="65" sl="28" path="1" offsetend="96" fileid="42" />
                <BranchPoint vc="0" uspid="2044" ordinal="4" offset="80" sl="30" path="0" offsetend="82" fileid="42" />
                <BranchPoint vc="0" uspid="2045" ordinal="5" offset="80" sl="30" path="1" offsetend="86" fileid="42" />
                <BranchPoint vc="4" uspid="2046" ordinal="6" offset="114" sl="32" path="0" offsetend="116" fileid="42" />
                <BranchPoint vc="0" uspid="2047" ordinal="7" offset="114" sl="32" path="1" offsetend="120" fileid="42" />
              </BranchPoints>
              <MethodPoint xsi:type="SequencePoint" vc="4" uspid="2032" ordinal="0" offset="0" sl="23" sc="60" el="23" ec="70" bec="0" bev="0" fileid="42" />
            </Method>
          </Methods>
        </Class>
        <Class>
          <Summary numSequencePoints="22" visitedSequencePoints="9" numBranchPoints="18" visitedBranchPoints="6" sequenceCoverage="40.91" branchCoverage="33.33" maxCyclomaticComplexity="9" minCyclomaticComplexity="1" maxCrapScore="12" minCrapScore="1" visitedClasses="1" numClasses="1" visitedMethods="3" numMethods="8" />
          <FullName>NUnit.VisualStudio.TestAdapter.NUnitEngine.NUnitTestEventTestCase</FullName>
          <Methods>
            <Method visited="false" cyclomaticComplexity="1" nPathComplexity="0" sequenceCoverage="0" branchCoverage="0" crapScore="2" isConstructor="false" isStatic="false" isGetter="true" isSetter="false">
              <Summary numSequencePoints="1" visitedSequencePoints="0" numBranchPoints="1" visitedBranchPoints="0" sequenceCoverage="0" branchCoverage="0" maxCyclomaticComplexity="1" minCyclomaticComplexity="1" maxCrapScore="2" minCrapScore="2" visitedClasses="0" numClasses="0" visitedMethods="0" numMethods="1" />
              <MetadataToken>100663743</MetadataToken>
              <Name>NUnit.VisualStudio.TestAdapter.NUnitEngine.NUnitFailure NUnit.VisualStudio.TestAdapter.NUnitEngine.NUnitTestEventTestCase::get_Failure()</Name>
              <FileRef uid="43" />
              <SequencePoints>
                <SequencePoint vc="0" uspid="2048" ordinal="0" offset="0" sl="34" sc="39" el="34" ec="43" bec="0" bev="0" fileid="43" />
              </SequencePoints>
              <BranchPoints />
              <MethodPoint xsi:type="SequencePoint" vc="0" uspid="2048" ordinal="0" offset="0" sl="34" sc="39" el="34" ec="43" bec="0" bev="0" fileid="43" />
            </Method>
            <Method visited="true" cyclomaticComplexity="1" nPathComplexity="0" sequenceCoverage="100" branchCoverage="100" crapScore="1" isConstructor="false" isStatic="false" isGetter="true" isSetter="false">
              <Summary numSequencePoints="1" visitedSequencePoints="1" numBranchPoints="1" visitedBranchPoints="1" sequenceCoverage="100" branchCoverage="100" maxCyclomaticComplexity="1" minCyclomaticComplexity="1" maxCrapScore="1" minCrapScore="1" visitedClasses="0" numClasses="0" visitedMethods="1" numMethods="1" />
              <MetadataToken>100663745</MetadataToken>
              <Name>System.String NUnit.VisualStudio.TestAdapter.NUnitEngine.NUnitTestEventTestCase::get_ReasonMessage()</Name>
              <FileRef uid="43" />
              <SequencePoints>
                <SequencePoint vc="18" uspid="2049" ordinal="0" offset="0" sl="50" sc="39" el="50" ec="43" bec="0" bev="0" fileid="43" />
              </SequencePoints>
              <BranchPoints />
              <MethodPoint xsi:type="SequencePoint" vc="18" uspid="2049" ordinal="0" offset="0" sl="50" sc="39" el="50" ec="43" bec="0" bev="0" fileid="43" />
            </Method>
            <Method visited="false" cyclomaticComplexity="1" nPathComplexity="0" sequenceCoverage="0" branchCoverage="0" crapScore="2" isConstructor="false" isStatic="false" isGetter="true" isSetter="false">
              <Summary numSequencePoints="1" visitedSequencePoints="0" numBranchPoints="1" visitedBranchPoints="0" sequenceCoverage="0" branchCoverage="0" maxCyclomaticComplexity="1" minCyclomaticComplexity="1" maxCrapScore="2" minCrapScore="2" visitedClasses="0" numClasses="0" visitedMethods="0" numMethods="1" />
              <MetadataToken>100663746</MetadataToken>
              <Name>System.Boolean NUnit.VisualStudio.TestAdapter.NUnitEngine.NUnitTestEventTestCase::get_HasReason()</Name>
              <FileRef uid="43" />
              <SequencePoints>
                <SequencePoint vc="0" uspid="2050" ordinal="0" offset="0" sl="52" sc="34" el="52" ec="70" bec="0" bev="0" fileid="43" />
              </SequencePoints>
              <BranchPoints />
              <MethodPoint xsi:type="SequencePoint" vc="0" uspid="2050" ordinal="0" offset="0" sl="52" sc="34" el="52" ec="70" bec="0" bev="0" fileid="43" />
            </Method>
            <Method visited="false" cyclomaticComplexity="1" nPathComplexity="0" sequenceCoverage="0" branchCoverage="0" crapScore="2" isConstructor="false" isStatic="false" isGetter="true" isSetter="false">
              <Summary numSequencePoints="1" visitedSequencePoints="0" numBranchPoints="1" visitedBranchPoints="0" sequenceCoverage="0" branchCoverage="0" maxCyclomaticComplexity="1" minCyclomaticComplexity="1" maxCrapScore="2" minCrapScore="2" visitedClasses="0" numClasses="0" visitedMethods="0" numMethods="1" />
              <MetadataToken>100663747</MetadataToken>
              <Name>System.Boolean NUnit.VisualStudio.TestAdapter.NUnitEngine.NUnitTestEventTestCase::get_HasFailure()</Name>
              <FileRef uid="43" />
              <SequencePoints>
                <SequencePoint vc="0" uspid="2051" ordinal="0" offset="0" sl="53" sc="35" el="53" ec="50" bec="0" bev="0" fileid="43" />
              </SequencePoints>
              <BranchPoints />
              <MethodPoint xsi:type="SequencePoint" vc="0" uspid="2051" ordinal="0" offset="0" sl="53" sc="35" el="53" ec="50" bec="0" bev="0" fileid="43" />
            </Method>
            <Method visited="false" cyclomaticComplexity="3" nPathComplexity="0" sequenceCoverage="0" branchCoverage="0" crapScore="12" isConstructor="false" isStatic="false" isGetter="true" isSetter="false">
              <Summary numSequencePoints="6" visitedSequencePoints="0" numBranchPoints="1" visitedBranchPoints="0" sequenceCoverage="0" branchCoverage="0" maxCyclomaticComplexity="3" minCyclomaticComplexity="3" maxCrapScore="12" minCrapScore="12" visitedClasses="0" numClasses="0" visitedMethods="0" numMethods="1" />
              <MetadataToken>100663748</MetadataToken>
              <Name>System.String NUnit.VisualStudio.TestAdapter.NUnitEngine.NUnitTestEventTestCase::get_StackTrace()</Name>
              <FileRef uid="43" />
              <SequencePoints>
                <SequencePoint vc="0" uspid="2052" ordinal="0" offset="0" sl="62" sc="17" el="62" ec="50" bec="0" bev="0" fileid="43" />
                <SequencePoint vc="0" uspid="2053" ordinal="1" offset="6" sl="63" sc="61" el="63" ec="113" bec="0" bev="0" fileid="43" />
                <SequencePoint vc="0" uspid="2054" ordinal="2" offset="30" sl="63" sc="26" el="63" ec="57" bec="0" bev="0" fileid="43" />
                <SequencePoint vc="0" uspid="2055" ordinal="3" offset="42" sl="65" sc="21" el="65" ec="69" bec="0" bev="0" fileid="43" />
                <SequencePoint vc="0" uspid="2056" ordinal="4" offset="55" sl="63" sc="58" el="63" ec="60" bec="0" bev="0" fileid="43" />
                <SequencePoint vc="0" uspid="2057" ordinal="5" offset="82" sl="68" sc="17" el="68" ec="35" bec="0" bev="0" fileid="43" />
              </SequencePoints>
              <BranchPoints />
              <MethodPoint xsi:type="SequencePoint" vc="0" uspid="2052" ordinal="0" offset="0" sl="62" sc="17" el="62" ec="50" bec="0" bev="0" fileid="43" />
            </Method>
            <Method visited="true" cyclomaticComplexity="1" nPathComplexity="0" sequenceCoverage="100" branchCoverage="100" crapScore="1" isConstructor="true" isStatic="false" isGetter="false" isSetter="false">
              <Summary numSequencePoints="2" visitedSequencePoints="2" numBranchPoints="1" visitedBranchPoints="1" sequenceCoverage="100" branchCoverage="100" maxCyclomaticComplexity="1" minCyclomaticComplexity="1" maxCrapScore="1" minCrapScore="1" visitedClasses="0" numClasses="0" visitedMethods="1" numMethods="1" />
              <MetadataToken>100663741</MetadataToken>
              <Name>System.Void NUnit.VisualStudio.TestAdapter.NUnitEngine.NUnitTestEventTestCase::.ctor(NUnit.VisualStudio.TestAdapter.NUnitEngine.INUnitTestEventForXml)</Name>
              <FileRef uid="43" />
              <SequencePoints>
                <SequencePoint vc="9" uspid="2060" ordinal="0" offset="0" sl="26" sc="69" el="26" ec="84" bec="0" bev="0" fileid="43" />
                <SequencePoint vc="9" uspid="2061" ordinal="1" offset="12" sl="28" sc="9" el="28" ec="10" bec="0" bev="0" fileid="43" />
              </SequencePoints>
              <BranchPoints />
              <MethodPoint xsi:type="SequencePoint" vc="9" uspid="2060" ordinal="0" offset="0" sl="26" sc="69" el="26" ec="84" bec="0" bev="0" fileid="43" />
            </Method>
            <Method visited="false" cyclomaticComplexity="1" nPathComplexity="0" sequenceCoverage="0" branchCoverage="0" crapScore="2" isConstructor="true" isStatic="false" isGetter="false" isSetter="false">
              <Summary numSequencePoints="2" visitedSequencePoints="0" numBranchPoints="1" visitedBranchPoints="0" sequenceCoverage="0" branchCoverage="0" maxCyclomaticComplexity="1" minCyclomaticComplexity="1" maxCrapScore="2" minCrapScore="2" visitedClasses="0" numClasses="0" visitedMethods="0" numMethods="1" />
              <MetadataToken>100663742</MetadataToken>
              <Name>System.Void NUnit.VisualStudio.TestAdapter.NUnitEngine.NUnitTestEventTestCase::.ctor(System.String)</Name>
              <FileRef uid="43" />
              <SequencePoints>
                <SequencePoint vc="0" uspid="2062" ordinal="0" offset="0" sl="30" sc="59" el="30" ec="99" bec="0" bev="0" fileid="43" />
                <SequencePoint vc="0" uspid="2063" ordinal="1" offset="12" sl="32" sc="9" el="32" ec="10" bec="0" bev="0" fileid="43" />
              </SequencePoints>
              <BranchPoints />
              <MethodPoint xsi:type="SequencePoint" vc="0" uspid="2062" ordinal="0" offset="0" sl="30" sc="59" el="30" ec="99" bec="0" bev="0" fileid="43" />
            </Method>
            <Method visited="true" cyclomaticComplexity="9" nPathComplexity="32" sequenceCoverage="75" branchCoverage="36.36" crapScore="10.27" isConstructor="true" isStatic="false" isGetter="false" isSetter="false">
              <Summary numSequencePoints="8" visitedSequencePoints="6" numBranchPoints="11" visitedBranchPoints="4" sequenceCoverage="75" branchCoverage="36.36" maxCyclomaticComplexity="9" minCyclomaticComplexity="9" maxCrapScore="10.27" minCrapScore="10.27" visitedClasses="0" numClasses="0" visitedMethods="1" numMethods="1" />
              <MetadataToken>100663744</MetadataToken>
              <Name>System.Void NUnit.VisualStudio.TestAdapter.NUnitEngine.NUnitTestEventTestCase::.ctor(System.Xml.XmlNode)</Name>
              <FileRef uid="43" />
              <SequencePoints>
                <SequencePoint vc="9" uspid="2064" ordinal="0" offset="0" sl="36" sc="55" el="36" ec="65" bec="0" bev="0" fileid="43" />
                <SequencePoint vc="9" uspid="2065" ordinal="1" offset="7" sl="38" sc="13" el="38" ec="42" bec="2" bev="1" fileid="43" />
                <SequencePoint vc="0" uspid="2066" ordinal="2" offset="25" sl="39" sc="17" el="39" ec="98" bec="0" bev="0" fileid="43" />
                <SequencePoint vc="9" uspid="2067" ordinal="3" offset="47" sl="40" sc="13" el="40" ec="64" bec="0" bev="0" fileid="43" />
                <SequencePoint vc="9" uspid="2068" ordinal="4" offset="64" sl="41" sc="13" el="41" ec="37" bec="2" bev="1" fileid="43" />
                <SequencePoint vc="0" uspid="2069" ordinal="5" offset="67" sl="43" sc="17" el="45" ec="77" bec="4" bev="0" fileid="43" />
                <SequencePoint vc="9" uspid="2070" ordinal="6" offset="124" sl="47" sc="13" el="47" ec="80" bec="2" bev="1" fileid="43" />
                <SequencePoint vc="9" uspid="2071" ordinal="7" offset="158" sl="48" sc="9" el="48" ec="10" bec="0" bev="0" fileid="43" />
              </SequencePoints>
              <BranchPoints>
                <BranchPoint vc="0" uspid="2072" ordinal="0" offset="23" sl="38" path="0" offsetend="25" fileid="43" />
                <BranchPoint vc="9" uspid="2073" ordinal="1" offset="23" sl="38" path="1" offsetend="47" fileid="43" />
                <BranchPoint vc="0" uspid="2074" ordinal="2" offset="65" sl="41" path="0" offsetend="67" fileid="43" />
                <BranchPoint vc="9" uspid="2075" ordinal="3" offset="65" sl="41" path="1" offsetend="124" fileid="43" />
                <BranchPoint vc="0" uspid="2076" ordinal="4" offset="80" sl="43" path="0" offsetend="82" fileid="43" />
                <BranchPoint vc="0" uspid="2077" ordinal="5" offset="80" sl="43" path="1" offsetend="86" fileid="43" />
                <BranchPoint vc="0" uspid="2078" ordinal="6" offset="103" sl="43" path="0" offsetend="105" fileid="43" />
                <BranchPoint vc="0" uspid="2079" ordinal="7" offset="103" sl="43" path="1" offsetend="109" fileid="43" />
                <BranchPoint vc="9" uspid="2080" ordinal="8" offset="142" sl="47" path="0" offsetend="144" fileid="43" />
                <BranchPoint vc="0" uspid="2081" ordinal="9" offset="142" sl="47" path="1" offsetend="148" fileid="43" />
              </BranchPoints>
              <MethodPoint xsi:type="SequencePoint" vc="9" uspid="2064" ordinal="0" offset="0" sl="36" sc="55" el="36" ec="65" bec="0" bev="0" fileid="43" />
            </Method>
          </Methods>
        </Class>
        <Class>
          <Summary numSequencePoints="14" visitedSequencePoints="0" numBranchPoints="17" visitedBranchPoints="0" sequenceCoverage="0" branchCoverage="0" maxCyclomaticComplexity="4" minCyclomaticComplexity="1" maxCrapScore="20" minCrapScore="2" visitedClasses="0" numClasses="1" visitedMethods="0" numMethods="9" />
          <FullName>NUnit.VisualStudio.TestAdapter.NUnitEngine.NUnitTestEventTestOutput</FullName>
          <Methods>
            <Method visited="false" cyclomaticComplexity="1" nPathComplexity="0" sequenceCoverage="0" branchCoverage="0" crapScore="2" isConstructor="false" isStatic="false" isGetter="true" isSetter="false">
              <Summary numSequencePoints="1" visitedSequencePoints="0" numBranchPoints="1" visitedBranchPoints="0" sequenceCoverage="0" branchCoverage="0" maxCyclomaticComplexity="1" minCyclomaticComplexity="1" maxCrapScore="2" minCrapScore="2" visitedClasses="0" numClasses="0" visitedMethods="0" numMethods="1" />
              <MetadataToken>100663756</MetadataToken>
              <Name>NUnit.VisualStudio.TestAdapter.NUnitEngine.NUnitTestEventTestOutput/Streams NUnit.VisualStudio.TestAdapter.NUnitEngine.NUnitTestEventTestOutput::get_Stream()</Name>
              <FileRef uid="44" />
              <SequencePoints>
                <SequencePoint vc="0" uspid="2082" ordinal="0" offset="0" sl="56" sc="33" el="56" ec="37" bec="0" bev="0" fileid="44" />
              </SequencePoints>
              <BranchPoints />
              <MethodPoint xsi:type="SequencePoint" vc="0" uspid="2082" ordinal="0" offset="0" sl="56" sc="33" el="56" ec="37" bec="0" bev="0" fileid="44" />
            </Method>
            <Method visited="false" cyclomaticComplexity="1" nPathComplexity="0" sequenceCoverage="0" branchCoverage="0" crapScore="2" isConstructor="false" isStatic="false" isGetter="true" isSetter="false">
              <Summary numSequencePoints="1" visitedSequencePoints="0" numBranchPoints="1" visitedBranchPoints="0" sequenceCoverage="0" branchCoverage="0" maxCyclomaticComplexity="1" minCyclomaticComplexity="1" maxCrapScore="2" minCrapScore="2" visitedClasses="0" numClasses="0" visitedMethods="0" numMethods="1" />
              <MetadataToken>100663757</MetadataToken>
              <Name>System.String NUnit.VisualStudio.TestAdapter.NUnitEngine.NUnitTestEventTestOutput::get_TestId()</Name>
              <FileRef uid="44" />
              <SequencePoints>
                <SequencePoint vc="0" uspid="2083" ordinal="0" offset="0" sl="57" sc="33" el="57" ec="60" bec="0" bev="0" fileid="44" />
              </SequencePoints>
              <BranchPoints />
              <MethodPoint xsi:type="SequencePoint" vc="0" uspid="2083" ordinal="0" offset="0" sl="57" sc="33" el="57" ec="60" bec="0" bev="0" fileid="44" />
            </Method>
            <Method visited="false" cyclomaticComplexity="1" nPathComplexity="0" sequenceCoverage="0" branchCoverage="0" crapScore="2" isConstructor="false" isStatic="false" isGetter="true" isSetter="false">
              <Summary numSequencePoints="1" visitedSequencePoints="0" numBranchPoints="1" visitedBranchPoints="0" sequenceCoverage="0" branchCoverage="0" maxCyclomaticComplexity="1" minCyclomaticComplexity="1" maxCrapScore="2" minCrapScore="2" visitedClasses="0" numClasses="0" visitedMethods="0" numMethods="1" />
              <MetadataToken>100663758</MetadataToken>
              <Name>System.String NUnit.VisualStudio.TestAdapter.NUnitEngine.NUnitTestEventTestOutput::get_TestName()</Name>
              <FileRef uid="44" />
              <SequencePoints>
                <SequencePoint vc="0" uspid="2084" ordinal="0" offset="0" sl="59" sc="35" el="59" ec="64" bec="0" bev="0" fileid="44" />
              </SequencePoints>
              <BranchPoints />
              <MethodPoint xsi:type="SequencePoint" vc="0" uspid="2084" ordinal="0" offset="0" sl="59" sc="35" el="59" ec="64" bec="0" bev="0" fileid="44" />
            </Method>
            <Method visited="false" cyclomaticComplexity="1" nPathComplexity="0" sequenceCoverage="0" branchCoverage="0" crapScore="2" isConstructor="false" isStatic="false" isGetter="true" isSetter="false">
              <Summary numSequencePoints="1" visitedSequencePoints="0" numBranchPoints="1" visitedBranchPoints="0" sequenceCoverage="0" branchCoverage="0" maxCyclomaticComplexity="1" minCyclomaticComplexity="1" maxCrapScore="2" minCrapScore="2" visitedClasses="0" numClasses="0" visitedMethods="0" numMethods="1" />
              <MetadataToken>100663761</MetadataToken>
              <Name>System.Boolean NUnit.VisualStudio.TestAdapter.NUnitEngine.NUnitTestEventTestOutput::get_IsProgressStream()</Name>
              <FileRef uid="44" />
              <SequencePoints>
                <SequencePoint vc="0" uspid="2085" ordinal="0" offset="0" sl="77" sc="41" el="77" ec="67" bec="0" bev="0" fileid="44" />
              </SequencePoints>
              <BranchPoints />
              <MethodPoint xsi:type="SequencePoint" vc="0" uspid="2085" ordinal="0" offset="0" sl="77" sc="41" el="77" ec="67" bec="0" bev="0" fileid="44" />
            </Method>
            <Method visited="false" cyclomaticComplexity="1" nPathComplexity="0" sequenceCoverage="0" branchCoverage="0" crapScore="2" isConstructor="false" isStatic="false" isGetter="true" isSetter="false">
              <Summary numSequencePoints="1" visitedSequencePoints="0" numBranchPoints="1" visitedBranchPoints="0" sequenceCoverage="0" branchCoverage="0" maxCyclomaticComplexity="1" minCyclomaticComplexity="1" maxCrapScore="2" minCrapScore="2" visitedClasses="0" numClasses="0" visitedMethods="0" numMethods="1" />
              <MetadataToken>100663762</MetadataToken>
              <Name>System.Boolean NUnit.VisualStudio.TestAdapter.NUnitEngine.NUnitTestEventTestOutput::get_IsErrorStream()</Name>
              <FileRef uid="44" />
              <SequencePoints>
                <SequencePoint vc="0" uspid="2086" ordinal="0" offset="0" sl="78" sc="38" el="78" ec="61" bec="0" bev="0" fileid="44" />
              </SequencePoints>
              <BranchPoints />
              <MethodPoint xsi:type="SequencePoint" vc="0" uspid="2086" ordinal="0" offset="0" sl="78" sc="38" el="78" ec="61" bec="0" bev="0" fileid="44" />
            </Method>
            <Method visited="false" cyclomaticComplexity="1" nPathComplexity="0" sequenceCoverage="0" branchCoverage="0" crapScore="2" isConstructor="false" isStatic="false" isGetter="true" isSetter="false">
              <Summary numSequencePoints="1" visitedSequencePoints="0" numBranchPoints="1" visitedBranchPoints="0" sequenceCoverage="0" branchCoverage="0" maxCyclomaticComplexity="1" minCyclomaticComplexity="1" maxCrapScore="2" minCrapScore="2" visitedClasses="0" numClasses="0" visitedMethods="0" numMethods="1" />
              <MetadataToken>100663763</MetadataToken>
              <Name>System.Boolean NUnit.VisualStudio.TestAdapter.NUnitEngine.NUnitTestEventTestOutput::get_IsNullOrEmptyStream()</Name>
              <FileRef uid="44" />
              <SequencePoints>
                <SequencePoint vc="0" uspid="2087" ordinal="0" offset="0" sl="80" sc="44" el="80" ec="68" bec="0" bev="0" fileid="44" />
              </SequencePoints>
              <BranchPoints />
              <MethodPoint xsi:type="SequencePoint" vc="0" uspid="2087" ordinal="0" offset="0" sl="80" sc="44" el="80" ec="68" bec="0" bev="0" fileid="44" />
            </Method>
            <Method visited="false" cyclomaticComplexity="1" nPathComplexity="0" sequenceCoverage="0" branchCoverage="0" crapScore="2" isConstructor="false" isStatic="false" isGetter="true" isSetter="false">
              <Summary numSequencePoints="1" visitedSequencePoints="0" numBranchPoints="1" visitedBranchPoints="0" sequenceCoverage="0" branchCoverage="0" maxCyclomaticComplexity="1" minCyclomaticComplexity="1" maxCrapScore="2" minCrapScore="2" visitedClasses="0" numClasses="0" visitedMethods="0" numMethods="1" />
              <MetadataToken>100663764</MetadataToken>
              <Name>System.String NUnit.VisualStudio.TestAdapter.NUnitEngine.NUnitTestEventTestOutput::get_Content()</Name>
              <FileRef uid="44" />
              <SequencePoints>
                <SequencePoint vc="0" uspid="2088" ordinal="0" offset="0" sl="85" sc="34" el="85" ec="48" bec="0" bev="0" fileid="44" />
              </SequencePoints>
              <BranchPoints />
              <MethodPoint xsi:type="SequencePoint" vc="0" uspid="2088" ordinal="0" offset="0" sl="85" sc="34" el="85" ec="48" bec="0" bev="0" fileid="44" />
            </Method>
            <Method visited="false" cyclomaticComplexity="2" nPathComplexity="2" sequenceCoverage="0" branchCoverage="0" crapScore="6" isConstructor="true" isStatic="false" isGetter="false" isSetter="false">
              <Summary numSequencePoints="4" visitedSequencePoints="0" numBranchPoints="3" visitedBranchPoints="0" sequenceCoverage="0" branchCoverage="0" maxCyclomaticComplexity="2" minCyclomaticComplexity="2" maxCrapScore="6" minCrapScore="6" visitedClasses="0" numClasses="0" visitedMethods="0" numMethods="1" />
              <MetadataToken>100663759</MetadataToken>
              <Name>System.Void NUnit.VisualStudio.TestAdapter.NUnitEngine.NUnitTestEventTestOutput::.ctor(NUnit.VisualStudio.TestAdapter.NUnitEngine.INUnitTestEventForXml)</Name>
              <FileRef uid="44" />
              <SequencePoints>
                <SequencePoint vc="0" uspid="2089" ordinal="0" offset="0" sl="62" sc="75" el="62" ec="94" bec="0" bev="0" fileid="44" />
                <SequencePoint vc="0" uspid="2090" ordinal="1" offset="12" sl="64" sc="13" el="64" ec="53" bec="2" bev="0" fileid="44" />
                <SequencePoint vc="0" uspid="2091" ordinal="2" offset="35" sl="65" sc="17" el="65" ec="109" bec="0" bev="0" fileid="44" />
                <SequencePoint vc="0" uspid="2092" ordinal="3" offset="62" sl="66" sc="9" el="66" ec="10" bec="0" bev="0" fileid="44" />
              </SequencePoints>
              <BranchPoints>
                <BranchPoint vc="0" uspid="2093" ordinal="0" offset="33" sl="64" path="0" offsetend="35" fileid="44" />
                <BranchPoint vc="0" uspid="2094" ordinal="1" offset="33" sl="64" path="1" offsetend="62" fileid="44" />
              </BranchPoints>
              <MethodPoint xsi:type="SequencePoint" vc="0" uspid="2089" ordinal="0" offset="0" sl="62" sc="75" el="62" ec="94" bec="0" bev="0" fileid="44" />
            </Method>
            <Method visited="false" cyclomaticComplexity="4" nPathComplexity="8" sequenceCoverage="0" branchCoverage="0" crapScore="20" isConstructor="true" isStatic="false" isGetter="false" isSetter="false">
              <Summary numSequencePoints="3" visitedSequencePoints="0" numBranchPoints="7" visitedBranchPoints="0" sequenceCoverage="0" branchCoverage="0" maxCyclomaticComplexity="4" minCyclomaticComplexity="4" maxCrapScore="20" minCrapScore="20" visitedClasses="0" numClasses="0" visitedMethods="0" numMethods="1" />
              <MetadataToken>100663760</MetadataToken>
              <Name>System.Void NUnit.VisualStudio.TestAdapter.NUnitEngine.NUnitTestEventTestOutput::.ctor(System.Xml.XmlNode)</Name>
              <FileRef uid="44" />
              <SequencePoints>
                <SequencePoint vc="0" uspid="2095" ordinal="0" offset="0" sl="67" sc="57" el="67" ec="67" bec="0" bev="0" fileid="44" />
                <SequencePoint vc="0" uspid="2096" ordinal="1" offset="7" sl="69" sc="13" el="74" ec="15" bec="5" bev="0" fileid="44" />
                <SequencePoint vc="0" uspid="2097" ordinal="2" offset="67" sl="75" sc="9" el="75" ec="10" bec="0" bev="0" fileid="44" />
              </SequencePoints>
              <BranchPoints>
                <BranchPoint vc="0" uspid="2098" ordinal="0" offset="20" sl="69" path="0" offsetend="22" fileid="44" />
                <BranchPoint vc="0" uspid="2099" ordinal="1" offset="20" sl="69" path="1" offsetend="58" fileid="44" />
                <BranchPoint vc="0" uspid="2100" ordinal="2" offset="33" sl="69" path="0" offsetend="35" fileid="44" />
                <BranchPoint vc="0" uspid="2101" ordinal="3" offset="33" sl="69" path="1" offsetend="50" fileid="44" />
                <BranchPoint vc="0" uspid="2102" ordinal="4" offset="46" sl="69" path="0" offsetchain="48" offsetend="58" fileid="44" />
                <BranchPoint vc="0" uspid="2103" ordinal="5" offset="46" sl="69" path="1" offsetend="54" fileid="44" />
              </BranchPoints>
              <MethodPoint xsi:type="SequencePoint" vc="0" uspid="2095" ordinal="0" offset="0" sl="67" sc="57" el="67" ec="67" bec="0" bev="0" fileid="44" />
            </Method>
          </Methods>
        </Class>
        <Class>
          <Summary numSequencePoints="17" visitedSequencePoints="17" numBranchPoints="10" visitedBranchPoints="9" sequenceCoverage="100" branchCoverage="90" maxCyclomaticComplexity="4" minCyclomaticComplexity="1" maxCrapScore="4" minCrapScore="1" visitedClasses="1" numClasses="1" visitedMethods="8" numMethods="8" />
          <FullName>NUnit.VisualStudio.TestAdapter.NUnitEngine.NUnitTestNode</FullName>
          <Methods>
            <Method visited="true" cyclomaticComplexity="1" nPathComplexity="0" sequenceCoverage="100" branchCoverage="100" crapScore="1" isConstructor="false" isStatic="false" isGetter="true" isSetter="false">
              <Summary numSequencePoints="1" visitedSequencePoints="1" numBranchPoints="1" visitedBranchPoints="1" sequenceCoverage="100" branchCoverage="100" maxCyclomaticComplexity="1" minCyclomaticComplexity="1" maxCrapScore="1" minCrapScore="1" visitedClasses="0" numClasses="0" visitedMethods="1" numMethods="1" />
              <MetadataToken>100663769</MetadataToken>
              <Name>System.Xml.XmlNode NUnit.VisualStudio.TestAdapter.NUnitEngine.NUnitTestNode::get_Node()</Name>
              <FileRef uid="45" />
              <SequencePoints>
                <SequencePoint vc="403" uspid="2104" ordinal="0" offset="0" sl="16" sc="34" el="16" ec="38" bec="0" bev="0" fileid="45" />
              </SequencePoints>
              <BranchPoints />
              <MethodPoint xsi:type="SequencePoint" vc="403" uspid="2104" ordinal="0" offset="0" sl="16" sc="34" el="16" ec="38" bec="0" bev="0" fileid="45" />
            </Method>
            <Method visited="true" cyclomaticComplexity="1" nPathComplexity="0" sequenceCoverage="100" branchCoverage="100" crapScore="1" isConstructor="false" isStatic="false" isGetter="false" isSetter="true">
              <Summary numSequencePoints="1" visitedSequencePoints="1" numBranchPoints="1" visitedBranchPoints="1" sequenceCoverage="100" branchCoverage="100" maxCyclomaticComplexity="1" minCyclomaticComplexity="1" maxCrapScore="1" minCrapScore="1" visitedClasses="0" numClasses="0" visitedMethods="1" numMethods="1" />
              <MetadataToken>100663770</MetadataToken>
              <Name>System.Void NUnit.VisualStudio.TestAdapter.NUnitEngine.NUnitTestNode::set_Node(System.Xml.XmlNode)</Name>
              <FileRef uid="45" />
              <SequencePoints>
                <SequencePoint vc="75" uspid="2105" ordinal="0" offset="0" sl="16" sc="39" el="16" ec="43" bec="0" bev="0" fileid="45" />
              </SequencePoints>
              <BranchPoints />
              <MethodPoint xsi:type="SequencePoint" vc="75" uspid="2105" ordinal="0" offset="0" sl="16" sc="39" el="16" ec="43" bec="0" bev="0" fileid="45" />
            </Method>
            <Method visited="true" cyclomaticComplexity="1" nPathComplexity="0" sequenceCoverage="100" branchCoverage="100" crapScore="1" isConstructor="false" isStatic="false" isGetter="true" isSetter="false">
              <Summary numSequencePoints="1" visitedSequencePoints="1" numBranchPoints="1" visitedBranchPoints="1" sequenceCoverage="100" branchCoverage="100" maxCyclomaticComplexity="1" minCyclomaticComplexity="1" maxCrapScore="1" minCrapScore="1" visitedClasses="0" numClasses="0" visitedMethods="1" numMethods="1" />
              <MetadataToken>100663771</MetadataToken>
              <Name>System.String NUnit.VisualStudio.TestAdapter.NUnitEngine.NUnitTestNode::get_Id()</Name>
              <FileRef uid="45" />
              <SequencePoints>
                <SequencePoint vc="80" uspid="2106" ordinal="0" offset="0" sl="17" sc="37" el="17" ec="60" bec="0" bev="0" fileid="45" />
              </SequencePoints>
              <BranchPoints />
              <MethodPoint xsi:type="SequencePoint" vc="80" uspid="2106" ordinal="0" offset="0" sl="17" sc="37" el="17" ec="60" bec="0" bev="0" fileid="45" />
            </Method>
            <Method visited="true" cyclomaticComplexity="1" nPathComplexity="0" sequenceCoverage="100" branchCoverage="100" crapScore="1" isConstructor="false" isStatic="false" isGetter="true" isSetter="false">
              <Summary numSequencePoints="1" visitedSequencePoints="1" numBranchPoints="1" visitedBranchPoints="1" sequenceCoverage="100" branchCoverage="100" maxCyclomaticComplexity="1" minCyclomaticComplexity="1" maxCrapScore="1" minCrapScore="1" visitedClasses="0" numClasses="0" visitedMethods="1" numMethods="1" />
              <MetadataToken>100663772</MetadataToken>
              <Name>System.String NUnit.VisualStudio.TestAdapter.NUnitEngine.NUnitTestNode::get_FullName()</Name>
              <FileRef uid="45" />
              <SequencePoints>
                <SequencePoint vc="9" uspid="2107" ordinal="0" offset="0" sl="18" sc="35" el="18" ec="64" bec="0" bev="0" fileid="45" />
              </SequencePoints>
              <BranchPoints />
              <MethodPoint xsi:type="SequencePoint" vc="9" uspid="2107" ordinal="0" offset="0" sl="18" sc="35" el="18" ec="64" bec="0" bev="0" fileid="45" />
            </Method>
            <Method visited="true" cyclomaticComplexity="1" nPathComplexity="0" sequenceCoverage="100" branchCoverage="100" crapScore="1" isConstructor="false" isStatic="false" isGetter="true" isSetter="false">
              <Summary numSequencePoints="1" visitedSequencePoints="1" numBranchPoints="1" visitedBranchPoints="1" sequenceCoverage="100" branchCoverage="100" maxCyclomaticComplexity="1" minCyclomaticComplexity="1" maxCrapScore="1" minCrapScore="1" visitedClasses="0" numClasses="0" visitedMethods="1" numMethods="1" />
              <MetadataToken>100663773</MetadataToken>
              <Name>System.String NUnit.VisualStudio.TestAdapter.NUnitEngine.NUnitTestNode::get_Name()</Name>
              <FileRef uid="45" />
              <SequencePoints>
                <SequencePoint vc="9" uspid="2108" ordinal="0" offset="0" sl="19" sc="31" el="19" ec="56" bec="0" bev="0" fileid="45" />
              </SequencePoints>
              <BranchPoints />
              <MethodPoint xsi:type="SequencePoint" vc="9" uspid="2108" ordinal="0" offset="0" sl="19" sc="31" el="19" ec="56" bec="0" bev="0" fileid="45" />
            </Method>
            <Method visited="true" cyclomaticComplexity="1" nPathComplexity="0" sequenceCoverage="100" branchCoverage="100" crapScore="1" isConstructor="false" isStatic="false" isGetter="true" isSetter="false">
              <Summary numSequencePoints="1" visitedSequencePoints="1" numBranchPoints="1" visitedBranchPoints="1" sequenceCoverage="100" branchCoverage="100" maxCyclomaticComplexity="1" minCyclomaticComplexity="1" maxCrapScore="1" minCrapScore="1" visitedClasses="0" numClasses="0" visitedMethods="1" numMethods="1" />
              <MetadataToken>100663774</MetadataToken>
              <Name>System.Boolean NUnit.VisualStudio.TestAdapter.NUnitEngine.NUnitTestNode::get_IsNull()</Name>
              <FileRef uid="45" />
              <SequencePoints>
                <SequencePoint vc="9" uspid="2109" ordinal="0" offset="0" sl="20" sc="31" el="20" ec="43" bec="0" bev="0" fileid="45" />
              </SequencePoints>
              <BranchPoints />
              <MethodPoint xsi:type="SequencePoint" vc="9" uspid="2109" ordinal="0" offset="0" sl="20" sc="31" el="20" ec="43" bec="0" bev="0" fileid="45" />
            </Method>
            <Method visited="true" cyclomaticComplexity="1" nPathComplexity="0" sequenceCoverage="100" branchCoverage="100" crapScore="1" isConstructor="false" isStatic="false" isGetter="true" isSetter="false">
              <Summary numSequencePoints="1" visitedSequencePoints="1" numBranchPoints="1" visitedBranchPoints="1" sequenceCoverage="100" branchCoverage="100" maxCyclomaticComplexity="1" minCyclomaticComplexity="1" maxCrapScore="1" minCrapScore="1" visitedClasses="0" numClasses="0" visitedMethods="1" numMethods="1" />
              <MetadataToken>100663775</MetadataToken>
              <Name>System.Collections.Generic.List`1&lt;NUnit.VisualStudio.TestAdapter.NUnitEngine.NUnitProperty&gt; NUnit.VisualStudio.TestAdapter.NUnitEngine.NUnitTestNode::get_Properties()</Name>
              <FileRef uid="45" />
              <SequencePoints>
                <SequencePoint vc="51" uspid="2110" ordinal="0" offset="0" sl="21" sc="49" el="21" ec="53" bec="0" bev="0" fileid="45" />
              </SequencePoints>
              <BranchPoints />
              <MethodPoint xsi:type="SequencePoint" vc="51" uspid="2110" ordinal="0" offset="0" sl="21" sc="49" el="21" ec="53" bec="0" bev="0" fileid="45" />
            </Method>
            <Method visited="true" cyclomaticComplexity="4" nPathComplexity="2" sequenceCoverage="100" branchCoverage="66.67" crapScore="4" isConstructor="true" isStatic="false" isGetter="false" isSetter="false">
              <Summary numSequencePoints="10" visitedSequencePoints="10" numBranchPoints="3" visitedBranchPoints="2" sequenceCoverage="100" branchCoverage="66.67" maxCyclomaticComplexity="4" minCyclomaticComplexity="4" maxCrapScore="4" minCrapScore="4" visitedClasses="0" numClasses="0" visitedMethods="1" numMethods="1" />
              <MetadataToken>100663776</MetadataToken>
              <Name>System.Void NUnit.VisualStudio.TestAdapter.NUnitEngine.NUnitTestNode::.ctor(System.Xml.XmlNode)</Name>
              <FileRef uid="45" />
              <SequencePoints>
                <SequencePoint vc="75" uspid="2111" ordinal="0" offset="0" sl="21" sc="58" el="21" ec="83" bec="0" bev="0" fileid="45" />
                <SequencePoint vc="75" uspid="2112" ordinal="1" offset="11" sl="23" sc="9" el="23" ec="46" bec="0" bev="0" fileid="45" />
                <SequencePoint vc="75" uspid="2113" ordinal="2" offset="17" sl="25" sc="13" el="25" ec="25" bec="0" bev="0" fileid="45" />
                <SequencePoint vc="75" uspid="2114" ordinal="3" offset="24" sl="26" sc="13" el="26" ec="73" bec="0" bev="0" fileid="45" />
                <SequencePoint vc="75" uspid="2115" ordinal="4" offset="41" sl="27" sc="13" el="27" ec="39" bec="2" bev="1" fileid="45" />
                <SequencePoint vc="75" uspid="2116" ordinal="5" offset="44" sl="29" sc="42" el="29" ec="55" bec="0" bev="0" fileid="45" />
                <SequencePoint vc="20" uspid="2117" ordinal="6" offset="53" sl="29" sc="26" el="29" ec="38" bec="0" bev="0" fileid="45" />
                <SequencePoint vc="20" uspid="2118" ordinal="7" offset="65" sl="31" sc="21" el="31" ec="110" bec="0" bev="0" fileid="45" />
                <SequencePoint vc="95" uspid="2119" ordinal="8" offset="103" sl="29" sc="39" el="29" ec="41" bec="0" bev="0" fileid="45" />
                <SequencePoint vc="75" uspid="2120" ordinal="9" offset="130" sl="34" sc="9" el="34" ec="10" bec="0" bev="0" fileid="45" />
              </SequencePoints>
              <BranchPoints>
                <BranchPoint vc="75" uspid="2121" ordinal="0" offset="42" sl="27" path="0" offsetend="44" fileid="45" />
                <BranchPoint vc="0" uspid="2122" ordinal="1" offset="42" sl="27" path="1" offsetend="130" fileid="45" />
              </BranchPoints>
              <MethodPoint xsi:type="SequencePoint" vc="75" uspid="2111" ordinal="0" offset="0" sl="21" sc="58" el="21" ec="83" bec="0" bev="0" fileid="45" />
            </Method>
          </Methods>
        </Class>
        <Class>
          <Summary numSequencePoints="40" visitedSequencePoints="0" numBranchPoints="30" visitedBranchPoints="0" sequenceCoverage="0" branchCoverage="0" maxCyclomaticComplexity="11" minCyclomaticComplexity="1" maxCrapScore="132" minCrapScore="2" visitedClasses="0" numClasses="1" visitedMethods="0" numMethods="4" />
          <FullName>NUnit.VisualStudio.TestAdapter.Metadata.DirectReflectionMetadataProvider</FullName>
          <Methods>
            <Method visited="false" cyclomaticComplexity="5" nPathComplexity="8" sequenceCoverage="0" branchCoverage="0" crapScore="30" isConstructor="false" isStatic="false" isGetter="false" isSetter="false">
              <Summary numSequencePoints="6" visitedSequencePoints="0" numBranchPoints="7" visitedBranchPoints="0" sequenceCoverage="0" branchCoverage="0" maxCyclomaticComplexity="5" minCyclomaticComplexity="5" maxCrapScore="30" minCrapScore="30" visitedClasses="0" numClasses="0" visitedMethods="0" numMethods="1" />
              <MetadataToken>100663777</MetadataToken>
              <Name>System.Nullable`1&lt;NUnit.VisualStudio.TestAdapter.Metadata.TypeInfo&gt; NUnit.VisualStudio.TestAdapter.Metadata.DirectReflectionMetadataProvider::GetDeclaringType(System.String,System.String,System.String)</Name>
              <FileRef uid="46" />
              <SequencePoints>
                <SequencePoint vc="0" uspid="2125" ordinal="0" offset="0" sl="40" sc="13" el="40" ec="103" bec="2" bev="0" fileid="46" />
                <SequencePoint vc="0" uspid="2126" ordinal="1" offset="21" sl="41" sc="13" el="41" ec="30" bec="2" bev="0" fileid="46" />
                <SequencePoint vc="0" uspid="2127" ordinal="2" offset="30" sl="41" sc="31" el="41" ec="43" bec="0" bev="0" fileid="46" />
                <SequencePoint vc="0" uspid="2128" ordinal="3" offset="40" sl="46" sc="13" el="46" ec="47" bec="2" bev="0" fileid="46" />
                <SequencePoint vc="0" uspid="2129" ordinal="4" offset="48" sl="49" sc="17" el="49" ec="56" bec="0" bev="0" fileid="46" />
                <SequencePoint vc="0" uspid="2130" ordinal="5" offset="55" sl="52" sc="13" el="52" ec="39" bec="0" bev="0" fileid="46" />
              </SequencePoints>
              <BranchPoints>
                <BranchPoint vc="0" uspid="2131" ordinal="0" offset="9" sl="40" path="0" offsetend="11" fileid="46" />
                <BranchPoint vc="0" uspid="2132" ordinal="1" offset="9" sl="40" path="1" offsetend="15" fileid="46" />
                <BranchPoint vc="0" uspid="2133" ordinal="2" offset="28" sl="41" path="0" offsetend="30" fileid="46" />
                <BranchPoint vc="0" uspid="2134" ordinal="3" offset="28" sl="41" path="1" offsetend="40" fileid="46" />
                <BranchPoint vc="0" uspid="2135" ordinal="4" offset="46" sl="46" path="0" offsetend="48" fileid="46" />
                <BranchPoint vc="0" uspid="2136" ordinal="5" offset="46" sl="46" path="1" offsetend="55" fileid="46" />
              </BranchPoints>
              <MethodPoint xsi:type="SequencePoint" vc="0" uspid="2125" ordinal="0" offset="0" sl="40" sc="13" el="40" ec="103" bec="2" bev="0" fileid="46" />
            </Method>
            <Method visited="false" cyclomaticComplexity="11" nPathComplexity="256" sequenceCoverage="0" branchCoverage="0" crapScore="132" isConstructor="false" isStatic="false" isGetter="false" isSetter="false">
              <Summary numSequencePoints="24" visitedSequencePoints="0" numBranchPoints="17" visitedBranchPoints="0" sequenceCoverage="0" branchCoverage="0" maxCyclomaticComplexity="11" minCyclomaticComplexity="11" maxCrapScore="132" minCrapScore="132" visitedClasses="0" numClasses="0" visitedMethods="0" numMethods="1" />
              <MetadataToken>100663778</MetadataToken>
              <Name>System.Nullable`1&lt;NUnit.VisualStudio.TestAdapter.Metadata.TypeInfo&gt; NUnit.VisualStudio.TestAdapter.Metadata.DirectReflectionMetadataProvider::GetStateMachineType(System.String,System.String,System.String)</Name>
              <FileRef uid="46" />
              <SequencePoints>
                <SequencePoint vc="0" uspid="2137" ordinal="0" offset="0" sl="57" sc="13" el="57" ec="90" bec="0" bev="0" fileid="46" />
                <SequencePoint vc="0" uspid="2138" ordinal="1" offset="9" sl="58" sc="13" el="58" ec="32" bec="2" bev="0" fileid="46" />
                <SequencePoint vc="0" uspid="2139" ordinal="2" offset="18" sl="58" sc="33" el="58" ec="45" bec="0" bev="0" fileid="46" />
                <SequencePoint vc="0" uspid="2140" ordinal="3" offset="28" sl="60" sc="13" el="60" ec="40" bec="0" bev="0" fileid="46" />
                <SequencePoint vc="0" uspid="2141" ordinal="4" offset="30" sl="62" sc="43" el="62" ec="90" bec="0" bev="0" fileid="46" />
                <SequencePoint vc="0" uspid="2142" ordinal="5" offset="47" sl="62" sc="22" el="62" ec="39" bec="0" bev="0" fileid="46" />
                <SequencePoint vc="0" uspid="2143" ordinal="6" offset="55" sl="64" sc="22" el="64" ec="75" bec="0" bev="0" fileid="46" />
                <SequencePoint vc="0" uspid="2144" ordinal="7" offset="74" sl="66" sc="21" el="66" ec="101" bec="2" bev="0" fileid="46" />
                <SequencePoint vc="0" uspid="2145" ordinal="8" offset="93" sl="68" sc="21" el="68" ec="80" bec="0" bev="0" fileid="46" />
                <SequencePoint vc="0" uspid="2146" ordinal="9" offset="107" sl="69" sc="26" el="69" ec="35" bec="0" bev="0" fileid="46" />
                <SequencePoint vc="0" uspid="2147" ordinal="10" offset="112" sl="71" sc="25" el="71" ec="70" bec="2" bev="0" fileid="46" />
                <SequencePoint vc="0" uspid="2148" ordinal="11" offset="134" sl="72" sc="25" el="72" ec="90" bec="2" bev="0" fileid="46" />
                <SequencePoint vc="0" uspid="2149" ordinal="12" offset="168" sl="74" sc="29" el="74" ec="51" bec="2" bev="0" fileid="46" />
                <SequencePoint vc="0" uspid="2150" ordinal="13" offset="177" sl="75" sc="33" el="75" ec="45" bec="0" bev="0" fileid="46" />
                <SequencePoint vc="0" uspid="2151" ordinal="14" offset="189" sl="76" sc="29" el="76" ec="50" bec="0" bev="0" fileid="46" />
                <SequencePoint vc="0" uspid="2152" ordinal="15" offset="192" sl="69" sc="60" el="69" ec="63" bec="0" bev="0" fileid="46" />
                <SequencePoint vc="0" uspid="2153" ordinal="16" offset="198" sl="69" sc="37" el="69" ec="58" bec="2" bev="0" fileid="46" />
                <SequencePoint vc="0" uspid="2154" ordinal="17" offset="206" sl="64" sc="94" el="64" ec="134" bec="0" bev="0" fileid="46" />
                <SequencePoint vc="0" uspid="2155" ordinal="18" offset="220" sl="64" sc="77" el="64" ec="92" bec="2" bev="0" fileid="46" />
                <SequencePoint vc="0" uspid="2156" ordinal="19" offset="233" sl="62" sc="40" el="62" ec="42" bec="0" bev="0" fileid="46" />
                <SequencePoint vc="0" uspid="2157" ordinal="20" offset="256" sl="82" sc="13" el="82" ec="35" bec="2" bev="0" fileid="46" />
                <SequencePoint vc="0" uspid="2158" ordinal="21" offset="265" sl="83" sc="17" el="83" ec="29" bec="0" bev="0" fileid="46" />
                <SequencePoint vc="0" uspid="2159" ordinal="22" offset="276" sl="84" sc="13" el="84" ec="44" bec="0" bev="0" fileid="46" />
                <SequencePoint vc="0" uspid="2160" ordinal="23" offset="288" sl="85" sc="9" el="85" ec="10" bec="0" bev="0" fileid="46" />
              </SequencePoints>
              <BranchPoints>
                <BranchPoint vc="0" uspid="2161" ordinal="0" offset="16" sl="58" path="0" offsetend="18" fileid="46" />
                <BranchPoint vc="0" uspid="2162" ordinal="1" offset="16" sl="58" path="1" offsetend="28" fileid="46" />
                <BranchPoint vc="0" uspid="2163" ordinal="2" offset="91" sl="66" path="0" offsetend="93" fileid="46" />
                <BranchPoint vc="0" uspid="2164" ordinal="3" offset="91" sl="66" path="1" offsetend="206" fileid="46" />
                <BranchPoint vc="0" uspid="2165" ordinal="4" offset="132" sl="71" path="0" offsetend="134" fileid="46" />
                <BranchPoint vc="0" uspid="2166" ordinal="5" offset="132" sl="71" path="1" offsetend="192" fileid="46" />
                <BranchPoint vc="0" uspid="2167" ordinal="6" offset="166" sl="72" path="0" offsetend="168" fileid="46" />
                <BranchPoint vc="0" uspid="2168" ordinal="7" offset="166" sl="72" path="1" offsetend="192" fileid="46" />
                <BranchPoint vc="0" uspid="2169" ordinal="8" offset="175" sl="74" path="0" offsetend="177" fileid="46" />
                <BranchPoint vc="0" uspid="2170" ordinal="9" offset="175" sl="74" path="1" offsetend="189" fileid="46" />
                <BranchPoint vc="0" uspid="2171" ordinal="10" offset="204" sl="69" path="0" offsetend="206" fileid="46" />
                <BranchPoint vc="0" uspid="2172" ordinal="11" offset="204" sl="69" path="1" offsetend="112" fileid="46" />
                <BranchPoint vc="0" uspid="2173" ordinal="12" offset="228" sl="64" path="0" offsetend="233" fileid="46" />
                <BranchPoint vc="0" uspid="2174" ordinal="13" offset="228" sl="64" path="1" offsetend="74" fileid="46" />
                <BranchPoint vc="0" uspid="2177" ordinal="16" offset="263" sl="82" path="0" offsetend="265" fileid="46" />
                <BranchPoint vc="0" uspid="2178" ordinal="17" offset="263" sl="82" path="1" offsetend="276" fileid="46" />
              </BranchPoints>
              <MethodPoint xsi:type="SequencePoint" vc="0" uspid="2137" ordinal="0" offset="0" sl="57" sc="13" el="57" ec="90" bec="0" bev="0" fileid="46" />
            </Method>
            <Method visited="false" cyclomaticComplexity="4" nPathComplexity="4" sequenceCoverage="0" branchCoverage="0" crapScore="20" isConstructor="false" isStatic="true" isGetter="false" isSetter="false">
              <Summary numSequencePoints="9" visitedSequencePoints="0" numBranchPoints="5" visitedBranchPoints="0" sequenceCoverage="0" branchCoverage="0" maxCyclomaticComplexity="4" minCyclomaticComplexity="4" maxCrapScore="20" minCrapScore="20" visitedClasses="0" numClasses="0" visitedMethods="0" numMethods="1" />
              <MetadataToken>100663779</MetadataToken>
              <Name>System.Reflection.MethodInfo NUnit.VisualStudio.TestAdapter.Metadata.DirectReflectionMetadataProvider::TryGetSingleMethod(System.String,System.String,System.String)</Name>
              <FileRef uid="46" />
              <SequencePoints>
                <SequencePoint vc="0" uspid="2179" ordinal="0" offset="13" sl="92" sc="17" el="92" ec="95" bec="0" bev="0" fileid="46" />
                <SequencePoint vc="0" uspid="2180" ordinal="1" offset="24" sl="97" sc="17" el="97" ec="85" bec="0" bev="0" fileid="46" />
                <SequencePoint vc="0" uspid="2181" ordinal="2" offset="32" sl="98" sc="17" el="98" ec="34" bec="2" bev="0" fileid="46" />
                <SequencePoint vc="0" uspid="2182" ordinal="3" offset="41" sl="98" sc="35" el="98" ec="47" bec="0" bev="0" fileid="46" />
                <SequencePoint vc="0" uspid="2183" ordinal="4" offset="45" sl="100" sc="17" el="100" ec="99" bec="0" bev="0" fileid="46" />
                <SequencePoint vc="0" uspid="2184" ordinal="5" offset="80" sl="101" sc="17" el="101" ec="63" bec="2" bev="0" fileid="46" />
                <SequencePoint vc="0" uspid="2185" ordinal="6" offset="102" sl="103" sc="13" el="103" ec="42" bec="0" bev="0" fileid="46" />
                <SequencePoint vc="0" uspid="2186" ordinal="7" offset="103" sl="105" sc="17" el="105" ec="29" bec="0" bev="0" fileid="46" />
                <SequencePoint vc="0" uspid="2187" ordinal="8" offset="107" sl="107" sc="9" el="107" ec="10" bec="0" bev="0" fileid="46" />
              </SequencePoints>
              <BranchPoints>
                <BranchPoint vc="0" uspid="2188" ordinal="0" offset="39" sl="98" path="0" offsetend="41" fileid="46" />
                <BranchPoint vc="0" uspid="2189" ordinal="1" offset="39" sl="98" path="1" offsetend="45" fileid="46" />
                <BranchPoint vc="0" uspid="2190" ordinal="2" offset="87" sl="101" path="0" offsetend="89" fileid="46" />
                <BranchPoint vc="0" uspid="2191" ordinal="3" offset="87" sl="101" path="1" offsetend="92" fileid="46" />
              </BranchPoints>
              <MethodPoint vc="0" uspid="2192" ordinal="0" offset="0" />
            </Method>
            <Method visited="false" cyclomaticComplexity="1" nPathComplexity="0" sequenceCoverage="0" branchCoverage="0" crapScore="2" isConstructor="false" isStatic="false" isGetter="false" isSetter="false">
              <Summary numSequencePoints="1" visitedSequencePoints="0" numBranchPoints="1" visitedBranchPoints="0" sequenceCoverage="0" branchCoverage="0" maxCyclomaticComplexity="1" minCyclomaticComplexity="1" maxCrapScore="2" minCrapScore="2" visitedClasses="0" numClasses="0" visitedMethods="0" numMethods="1" />
              <MetadataToken>100663780</MetadataToken>
              <Name>System.Void NUnit.VisualStudio.TestAdapter.Metadata.DirectReflectionMetadataProvider::System.IDisposable.Dispose()</Name>
              <FileRef uid="46" />
              <SequencePoints>
                <SequencePoint vc="0" uspid="2193" ordinal="0" offset="0" sl="111" sc="9" el="111" ec="10" bec="0" bev="0" fileid="46" />
              </SequencePoints>
              <BranchPoints />
              <MethodPoint xsi:type="SequencePoint" vc="0" uspid="2193" ordinal="0" offset="0" sl="111" sc="9" el="111" ec="10" bec="0" bev="0" fileid="46" />
            </Method>
            <Method visited="false" cyclomaticComplexity="1" nPathComplexity="0" sequenceCoverage="0" branchCoverage="0" crapScore="2" isConstructor="true" isStatic="false" isGetter="false" isSetter="false">
              <Summary numSequencePoints="0" visitedSequencePoints="0" numBranchPoints="0" visitedBranchPoints="0" sequenceCoverage="0" branchCoverage="0" maxCyclomaticComplexity="1" minCyclomaticComplexity="1" maxCrapScore="2" minCrapScore="2" visitedClasses="0" numClasses="0" visitedMethods="0" numMethods="0" />
              <MetadataToken>100663781</MetadataToken>
              <Name>System.Void NUnit.VisualStudio.TestAdapter.Metadata.DirectReflectionMetadataProvider::.ctor()</Name>
              <SequencePoints />
              <BranchPoints />
              <MethodPoint vc="0" uspid="2194" ordinal="0" offset="0" />
            </Method>
          </Methods>
        </Class>
        <Class>
          <Summary numSequencePoints="1" visitedSequencePoints="0" numBranchPoints="1" visitedBranchPoints="0" sequenceCoverage="0" branchCoverage="0" maxCyclomaticComplexity="1" minCyclomaticComplexity="1" maxCrapScore="2" minCrapScore="2" visitedClasses="0" numClasses="1" visitedMethods="0" numMethods="1" />
          <FullName>NUnit.VisualStudio.TestAdapter.Metadata.DirectReflectionMetadataProvider/&lt;&gt;c__DisplayClass2_0</FullName>
          <Methods>
            <Method visited="false" cyclomaticComplexity="1" nPathComplexity="0" sequenceCoverage="0" branchCoverage="0" crapScore="2" isConstructor="true" isStatic="false" isGetter="false" isSetter="false">
              <Summary numSequencePoints="0" visitedSequencePoints="0" numBranchPoints="0" visitedBranchPoints="0" sequenceCoverage="0" branchCoverage="0" maxCyclomaticComplexity="1" minCyclomaticComplexity="1" maxCrapScore="2" minCrapScore="2" visitedClasses="0" numClasses="0" visitedMethods="0" numMethods="0" />
              <MetadataToken>100663862</MetadataToken>
              <Name>System.Void NUnit.VisualStudio.TestAdapter.Metadata.DirectReflectionMetadataProvider/&lt;&gt;c__DisplayClass2_0::.ctor()</Name>
              <SequencePoints />
              <BranchPoints />
              <MethodPoint vc="0" uspid="2195" ordinal="0" offset="0" />
            </Method>
            <Method visited="false" cyclomaticComplexity="1" nPathComplexity="0" sequenceCoverage="0" branchCoverage="0" crapScore="2" isConstructor="false" isStatic="false" isGetter="false" isSetter="false">
              <Summary numSequencePoints="1" visitedSequencePoints="0" numBranchPoints="1" visitedBranchPoints="0" sequenceCoverage="0" branchCoverage="0" maxCyclomaticComplexity="1" minCyclomaticComplexity="1" maxCrapScore="2" minCrapScore="2" visitedClasses="0" numClasses="0" visitedMethods="0" numMethods="1" />
              <MetadataToken>100663863</MetadataToken>
              <Name>System.Boolean NUnit.VisualStudio.TestAdapter.Metadata.DirectReflectionMetadataProvider/&lt;&gt;c__DisplayClass2_0::&lt;TryGetSingleMethod&gt;b__0(System.Reflection.MethodInfo)</Name>
              <FileRef uid="46" />
              <SequencePoints>
                <SequencePoint vc="0" uspid="2196" ordinal="0" offset="0" sl="100" sc="60" el="100" ec="80" bec="0" bev="0" fileid="46" />
              </SequencePoints>
              <BranchPoints />
              <MethodPoint xsi:type="SequencePoint" vc="0" uspid="2196" ordinal="0" offset="0" sl="100" sc="60" el="100" ec="80" bec="0" bev="0" fileid="46" />
            </Method>
          </Methods>
        </Class>
        <Class>
          <Summary numSequencePoints="8" visitedSequencePoints="0" numBranchPoints="4" visitedBranchPoints="0" sequenceCoverage="0" branchCoverage="0" maxCyclomaticComplexity="1" minCyclomaticComplexity="1" maxCrapScore="2" minCrapScore="2" visitedClasses="0" numClasses="1" visitedMethods="0" numMethods="4" />
          <FullName>NUnit.VisualStudio.TestAdapter.Metadata.TypeInfo</FullName>
          <Methods>
            <Method visited="false" cyclomaticComplexity="1" nPathComplexity="0" sequenceCoverage="0" branchCoverage="0" crapScore="2" isConstructor="false" isStatic="false" isGetter="true" isSetter="false">
              <Summary numSequencePoints="1" visitedSequencePoints="0" numBranchPoints="1" visitedBranchPoints="0" sequenceCoverage="0" branchCoverage="0" maxCyclomaticComplexity="1" minCyclomaticComplexity="1" maxCrapScore="2" minCrapScore="2" visitedClasses="0" numClasses="0" visitedMethods="0" numMethods="1" />
              <MetadataToken>100663786</MetadataToken>
              <Name>System.String NUnit.VisualStudio.TestAdapter.Metadata.TypeInfo::get_AssemblyPath()</Name>
              <FileRef uid="48" />
              <SequencePoints>
                <SequencePoint vc="0" uspid="2197" ordinal="0" offset="0" sl="47" sc="38" el="47" ec="42" bec="0" bev="0" fileid="48" />
              </SequencePoints>
              <BranchPoints />
              <MethodPoint xsi:type="SequencePoint" vc="0" uspid="2197" ordinal="0" offset="0" sl="47" sc="38" el="47" ec="42" bec="0" bev="0" fileid="48" />
            </Method>
            <Method visited="false" cyclomaticComplexity="1" nPathComplexity="0" sequenceCoverage="0" branchCoverage="0" crapScore="2" isConstructor="false" isStatic="false" isGetter="true" isSetter="false">
              <Summary numSequencePoints="1" visitedSequencePoints="0" numBranchPoints="1" visitedBranchPoints="0" sequenceCoverage="0" branchCoverage="0" maxCyclomaticComplexity="1" minCyclomaticComplexity="1" maxCrapScore="2" minCrapScore="2" visitedClasses="0" numClasses="0" visitedMethods="0" numMethods="1" />
              <MetadataToken>100663787</MetadataToken>
              <Name>System.String NUnit.VisualStudio.TestAdapter.Metadata.TypeInfo::get_FullName()</Name>
              <FileRef uid="48" />
              <SequencePoints>
                <SequencePoint vc="0" uspid="2198" ordinal="0" offset="0" sl="48" sc="34" el="48" ec="38" bec="0" bev="0" fileid="48" />
              </SequencePoints>
              <BranchPoints />
              <MethodPoint xsi:type="SequencePoint" vc="0" uspid="2198" ordinal="0" offset="0" sl="48" sc="34" el="48" ec="38" bec="0" bev="0" fileid="48" />
            </Method>
            <Method visited="false" cyclomaticComplexity="1" nPathComplexity="0" sequenceCoverage="0" branchCoverage="0" crapScore="2" isConstructor="true" isStatic="false" isGetter="false" isSetter="false">
              <Summary numSequencePoints="3" visitedSequencePoints="0" numBranchPoints="1" visitedBranchPoints="0" sequenceCoverage="0" branchCoverage="0" maxCyclomaticComplexity="1" minCyclomaticComplexity="1" maxCrapScore="2" minCrapScore="2" visitedClasses="0" numClasses="0" visitedMethods="0" numMethods="1" />
              <MetadataToken>100663784</MetadataToken>
              <Name>System.Void NUnit.VisualStudio.TestAdapter.Metadata.TypeInfo::.ctor(System.Type)</Name>
              <FileRef uid="48" />
              <SequencePoints>
                <SequencePoint vc="0" uspid="2199" ordinal="0" offset="0" sl="37" sc="13" el="37" ec="65" bec="0" bev="0" fileid="48" />
                <SequencePoint vc="0" uspid="2200" ordinal="1" offset="22" sl="38" sc="13" el="38" ec="38" bec="0" bev="0" fileid="48" />
                <SequencePoint vc="0" uspid="2201" ordinal="2" offset="34" sl="39" sc="9" el="39" ec="10" bec="0" bev="0" fileid="48" />
              </SequencePoints>
              <BranchPoints />
              <MethodPoint xsi:type="SequencePoint" vc="0" uspid="2199" ordinal="0" offset="0" sl="37" sc="13" el="37" ec="65" bec="0" bev="0" fileid="48" />
            </Method>
            <Method visited="false" cyclomaticComplexity="1" nPathComplexity="0" sequenceCoverage="0" branchCoverage="0" crapScore="2" isConstructor="true" isStatic="false" isGetter="false" isSetter="false">
              <Summary numSequencePoints="3" visitedSequencePoints="0" numBranchPoints="1" visitedBranchPoints="0" sequenceCoverage="0" branchCoverage="0" maxCyclomaticComplexity="1" minCyclomaticComplexity="1" maxCrapScore="2" minCrapScore="2" visitedClasses="0" numClasses="0" visitedMethods="0" numMethods="1" />
              <MetadataToken>100663785</MetadataToken>
              <Name>System.Void NUnit.VisualStudio.TestAdapter.Metadata.TypeInfo::.ctor(System.String,System.String)</Name>
              <FileRef uid="48" />
              <SequencePoints>
                <SequencePoint vc="0" uspid="2202" ordinal="0" offset="0" sl="43" sc="13" el="43" ec="41" bec="0" bev="0" fileid="48" />
                <SequencePoint vc="0" uspid="2203" ordinal="1" offset="7" sl="44" sc="13" el="44" ec="33" bec="0" bev="0" fileid="48" />
                <SequencePoint vc="0" uspid="2204" ordinal="2" offset="14" sl="45" sc="9" el="45" ec="10" bec="0" bev="0" fileid="48" />
              </SequencePoints>
              <BranchPoints />
              <MethodPoint xsi:type="SequencePoint" vc="0" uspid="2202" ordinal="0" offset="0" sl="43" sc="13" el="43" ec="41" bec="0" bev="0" fileid="48" />
            </Method>
          </Methods>
        </Class>
        <Class>
          <Summary numSequencePoints="1" visitedSequencePoints="0" numBranchPoints="3" visitedBranchPoints="0" sequenceCoverage="0" branchCoverage="0" maxCyclomaticComplexity="2" minCyclomaticComplexity="2" maxCrapScore="6" minCrapScore="6" visitedClasses="0" numClasses="1" visitedMethods="0" numMethods="1" />
          <FullName>NUnit.VisualStudio.TestAdapter.Internal.StringExtensions</FullName>
          <Methods>
            <Method visited="false" cyclomaticComplexity="2" nPathComplexity="2" sequenceCoverage="0" branchCoverage="0" crapScore="6" isConstructor="false" isStatic="true" isGetter="false" isSetter="false">
              <Summary numSequencePoints="1" visitedSequencePoints="0" numBranchPoints="3" visitedBranchPoints="0" sequenceCoverage="0" branchCoverage="0" maxCyclomaticComplexity="2" minCyclomaticComplexity="2" maxCrapScore="6" minCrapScore="6" visitedClasses="0" numClasses="0" visitedMethods="0" numMethods="1" />
              <MetadataToken>100663788</MetadataToken>
              <Name>System.Boolean NUnit.VisualStudio.TestAdapter.Internal.StringExtensions::IsNullOrWhiteSpace(System.String)</Name>
              <FileRef uid="49" />
              <SequencePoints>
                <SequencePoint vc="0" uspid="2205" ordinal="0" offset="0" sl="15" sc="13" el="15" ec="62" bec="2" bev="0" fileid="49" />
              </SequencePoints>
              <BranchPoints>
                <BranchPoint vc="0" uspid="2206" ordinal="0" offset="1" sl="15" path="0" offsetend="3" fileid="49" />
                <BranchPoint vc="0" uspid="2207" ordinal="1" offset="1" sl="15" path="1" offsetend="18" fileid="49" />
              </BranchPoints>
              <MethodPoint xsi:type="SequencePoint" vc="0" uspid="2205" ordinal="0" offset="0" sl="15" sc="13" el="15" ec="62" bec="2" bev="0" fileid="49" />
            </Method>
          </Methods>
        </Class>
        <Class>
          <Summary numSequencePoints="10" visitedSequencePoints="0" numBranchPoints="5" visitedBranchPoints="0" sequenceCoverage="0" branchCoverage="0" maxCyclomaticComplexity="1" minCyclomaticComplexity="1" maxCrapScore="2" minCrapScore="2" visitedClasses="0" numClasses="1" visitedMethods="0" numMethods="5" />
          <FullName>NUnit.VisualStudio.TestAdapter.Internal.StackFrame</FullName>
          <Methods>
            <Method visited="false" cyclomaticComplexity="1" nPathComplexity="0" sequenceCoverage="0" branchCoverage="0" crapScore="2" isConstructor="false" isStatic="false" isGetter="true" isSetter="false">
              <Summary numSequencePoints="1" visitedSequencePoints="0" numBranchPoints="1" visitedBranchPoints="0" sequenceCoverage="0" branchCoverage="0" maxCyclomaticComplexity="1" minCyclomaticComplexity="1" maxCrapScore="2" minCrapScore="2" visitedClasses="0" numClasses="0" visitedMethods="0" numMethods="1" />
              <MetadataToken>100663791</MetadataToken>
              <Name>System.String NUnit.VisualStudio.TestAdapter.Internal.StackFrame::get_FileName()</Name>
              <FileRef uid="50" />
              <SequencePoints>
                <SequencePoint vc="0" uspid="2208" ordinal="0" offset="0" sl="24" sc="34" el="24" ec="38" bec="0" bev="0" fileid="50" />
              </SequencePoints>
              <BranchPoints />
              <MethodPoint xsi:type="SequencePoint" vc="0" uspid="2208" ordinal="0" offset="0" sl="24" sc="34" el="24" ec="38" bec="0" bev="0" fileid="50" />
            </Method>
            <Method visited="false" cyclomaticComplexity="1" nPathComplexity="0" sequenceCoverage="0" branchCoverage="0" crapScore="2" isConstructor="false" isStatic="false" isGetter="true" isSetter="false">
              <Summary numSequencePoints="1" visitedSequencePoints="0" numBranchPoints="1" visitedBranchPoints="0" sequenceCoverage="0" branchCoverage="0" maxCyclomaticComplexity="1" minCyclomaticComplexity="1" maxCrapScore="2" minCrapScore="2" visitedClasses="0" numClasses="0" visitedMethods="0" numMethods="1" />
              <MetadataToken>100663792</MetadataToken>
              <Name>System.Int32 NUnit.VisualStudio.TestAdapter.Internal.StackFrame::get_LineNumber()</Name>
              <FileRef uid="50" />
              <SequencePoints>
                <SequencePoint vc="0" uspid="2209" ordinal="0" offset="0" sl="26" sc="33" el="26" ec="37" bec="0" bev="0" fileid="50" />
              </SequencePoints>
              <BranchPoints />
              <MethodPoint xsi:type="SequencePoint" vc="0" uspid="2209" ordinal="0" offset="0" sl="26" sc="33" el="26" ec="37" bec="0" bev="0" fileid="50" />
            </Method>
            <Method visited="false" cyclomaticComplexity="1" nPathComplexity="0" sequenceCoverage="0" branchCoverage="0" crapScore="2" isConstructor="false" isStatic="false" isGetter="true" isSetter="false">
              <Summary numSequencePoints="1" visitedSequencePoints="0" numBranchPoints="1" visitedBranchPoints="0" sequenceCoverage="0" branchCoverage="0" maxCyclomaticComplexity="1" minCyclomaticComplexity="1" maxCrapScore="2" minCrapScore="2" visitedClasses="0" numClasses="0" visitedMethods="0" numMethods="1" />
              <MetadataToken>100663793</MetadataToken>
              <Name>System.String NUnit.VisualStudio.TestAdapter.Internal.StackFrame::get_MethodName()</Name>
              <FileRef uid="50" />
              <SequencePoints>
                <SequencePoint vc="0" uspid="2210" ordinal="0" offset="0" sl="28" sc="36" el="28" ec="40" bec="0" bev="0" fileid="50" />
              </SequencePoints>
              <BranchPoints />
              <MethodPoint xsi:type="SequencePoint" vc="0" uspid="2210" ordinal="0" offset="0" sl="28" sc="36" el="28" ec="40" bec="0" bev="0" fileid="50" />
            </Method>
            <Method visited="false" cyclomaticComplexity="1" nPathComplexity="0" sequenceCoverage="0" branchCoverage="0" crapScore="2" isConstructor="true" isStatic="false" isGetter="false" isSetter="false">
              <Summary numSequencePoints="2" visitedSequencePoints="0" numBranchPoints="1" visitedBranchPoints="0" sequenceCoverage="0" branchCoverage="0" maxCyclomaticComplexity="1" minCyclomaticComplexity="1" maxCrapScore="2" minCrapScore="2" visitedClasses="0" numClasses="0" visitedMethods="0" numMethods="1" />
              <MetadataToken>100663789</MetadataToken>
              <Name>System.Void NUnit.VisualStudio.TestAdapter.Internal.StackFrame::.ctor(System.String)</Name>
              <FileRef uid="50" />
              <SequencePoints>
                <SequencePoint vc="0" uspid="2211" ordinal="0" offset="0" sl="13" sc="15" el="13" ec="40" bec="0" bev="0" fileid="50" />
                <SequencePoint vc="0" uspid="2212" ordinal="1" offset="9" sl="15" sc="9" el="15" ec="10" bec="0" bev="0" fileid="50" />
              </SequencePoints>
              <BranchPoints />
              <MethodPoint xsi:type="SequencePoint" vc="0" uspid="2211" ordinal="0" offset="0" sl="13" sc="15" el="13" ec="40" bec="0" bev="0" fileid="50" />
            </Method>
            <Method visited="false" cyclomaticComplexity="1" nPathComplexity="0" sequenceCoverage="0" branchCoverage="0" crapScore="2" isConstructor="true" isStatic="false" isGetter="false" isSetter="false">
              <Summary numSequencePoints="5" visitedSequencePoints="0" numBranchPoints="1" visitedBranchPoints="0" sequenceCoverage="0" branchCoverage="0" maxCyclomaticComplexity="1" minCyclomaticComplexity="1" maxCrapScore="2" minCrapScore="2" visitedClasses="0" numClasses="0" visitedMethods="0" numMethods="1" />
              <MetadataToken>100663790</MetadataToken>
              <Name>System.Void NUnit.VisualStudio.TestAdapter.Internal.StackFrame::.ctor(System.String,System.String,System.Int32)</Name>
              <FileRef uid="50" />
              <SequencePoints>
                <SequencePoint vc="0" uspid="2213" ordinal="0" offset="0" sl="17" sc="9" el="17" ec="78" bec="0" bev="0" fileid="50" />
                <SequencePoint vc="0" uspid="2214" ordinal="1" offset="6" sl="19" sc="13" el="19" ec="37" bec="0" bev="0" fileid="50" />
                <SequencePoint vc="0" uspid="2215" ordinal="2" offset="13" sl="20" sc="13" el="20" ec="33" bec="0" bev="0" fileid="50" />
                <SequencePoint vc="0" uspid="2216" ordinal="3" offset="20" sl="21" sc="13" el="21" ec="37" bec="0" bev="0" fileid="50" />
                <SequencePoint vc="0" uspid="2217" ordinal="4" offset="27" sl="22" sc="9" el="22" ec="10" bec="0" bev="0" fileid="50" />
              </SequencePoints>
              <BranchPoints />
              <MethodPoint xsi:type="SequencePoint" vc="0" uspid="2213" ordinal="0" offset="0" sl="17" sc="9" el="17" ec="78" bec="0" bev="0" fileid="50" />
            </Method>
          </Methods>
        </Class>
        <Class>
          <Summary numSequencePoints="23" visitedSequencePoints="0" numBranchPoints="13" visitedBranchPoints="0" sequenceCoverage="0" branchCoverage="0" maxCyclomaticComplexity="4" minCyclomaticComplexity="1" maxCrapScore="20" minCrapScore="2" visitedClasses="0" numClasses="1" visitedMethods="0" numMethods="3" />
          <FullName>NUnit.VisualStudio.TestAdapter.Internal.StackFrameParser</FullName>
          <Methods>
            <Method visited="false" cyclomaticComplexity="3" nPathComplexity="4" sequenceCoverage="0" branchCoverage="0" crapScore="12" isConstructor="false" isStatic="true" isGetter="false" isSetter="false">
              <Summary numSequencePoints="3" visitedSequencePoints="0" numBranchPoints="5" visitedBranchPoints="0" sequenceCoverage="0" branchCoverage="0" maxCyclomaticComplexity="3" minCyclomaticComplexity="3" maxCrapScore="12" minCrapScore="12" visitedClasses="0" numClasses="0" visitedMethods="0" numMethods="1" />
              <MetadataToken>100663794</MetadataToken>
              <Name>NUnit.VisualStudio.TestAdapter.Internal.StackFrameParser NUnit.VisualStudio.TestAdapter.Internal.StackFrameParser::CreateStackFrameParser()</Name>
              <FileRef uid="51" />
              <SequencePoints>
                <SequencePoint vc="0" uspid="2218" ordinal="0" offset="0" sl="23" sc="13" el="23" ec="34" bec="0" bev="0" fileid="51" />
                <SequencePoint vc="0" uspid="2219" ordinal="1" offset="1" sl="24" sc="13" el="24" ec="39" bec="0" bev="0" fileid="51" />
                <SequencePoint vc="0" uspid="2220" ordinal="2" offset="3" sl="36" sc="13" el="36" ec="91" bec="4" bev="0" fileid="51" />
              </SequencePoints>
              <BranchPoints>
                <BranchPoint vc="0" uspid="2221" ordinal="0" offset="4" sl="36" path="0" offsetend="6" fileid="51" />
                <BranchPoint vc="0" uspid="2222" ordinal="1" offset="4" sl="36" path="1" offsetend="12" fileid="51" />
                <BranchPoint vc="0" uspid="2223" ordinal="2" offset="14" sl="36" path="0" offsetend="16" fileid="51" />
                <BranchPoint vc="0" uspid="2224" ordinal="3" offset="14" sl="36" path="1" offsetend="22" fileid="51" />
              </BranchPoints>
              <MethodPoint xsi:type="SequencePoint" vc="0" uspid="2218" ordinal="0" offset="0" sl="23" sc="13" el="23" ec="34" bec="0" bev="0" fileid="51" />
            </Method>
            <Method visited="false" cyclomaticComplexity="1" nPathComplexity="0" sequenceCoverage="0" branchCoverage="0" crapScore="2" isConstructor="true" isStatic="false" isGetter="false" isSetter="false">
              <Summary numSequencePoints="7" visitedSequencePoints="0" numBranchPoints="1" visitedBranchPoints="0" sequenceCoverage="0" branchCoverage="0" maxCyclomaticComplexity="1" minCyclomaticComplexity="1" maxCrapScore="2" minCrapScore="2" visitedClasses="0" numClasses="0" visitedMethods="0" numMethods="1" />
              <MetadataToken>100663795</MetadataToken>
              <Name>System.Void NUnit.VisualStudio.TestAdapter.Internal.StackFrameParser::.ctor(System.String,System.String)</Name>
              <FileRef uid="51" />
              <SequencePoints>
                <SequencePoint vc="0" uspid="2225" ordinal="0" offset="0" sl="39" sc="9" el="39" ec="80" bec="0" bev="0" fileid="51" />
                <SequencePoint vc="0" uspid="2226" ordinal="1" offset="6" sl="41" sc="13" el="41" ec="128" bec="0" bev="0" fileid="51" />
                <SequencePoint vc="0" uspid="2227" ordinal="2" offset="23" sl="42" sc="13" el="42" ec="75" bec="0" bev="0" fileid="51" />
                <SequencePoint vc="0" uspid="2228" ordinal="3" offset="50" sl="44" sc="13" el="44" ec="139" bec="0" bev="0" fileid="51" />
                <SequencePoint vc="0" uspid="2229" ordinal="4" offset="72" sl="46" sc="13" el="46" ec="61" bec="0" bev="0" fileid="51" />
                <SequencePoint vc="0" uspid="2230" ordinal="5" offset="85" sl="47" sc="13" el="47" ec="69" bec="0" bev="0" fileid="51" />
                <SequencePoint vc="0" uspid="2231" ordinal="6" offset="112" sl="48" sc="9" el="48" ec="10" bec="0" bev="0" fileid="51" />
              </SequencePoints>
              <BranchPoints />
              <MethodPoint xsi:type="SequencePoint" vc="0" uspid="2225" ordinal="0" offset="0" sl="39" sc="9" el="39" ec="80" bec="0" bev="0" fileid="51" />
            </Method>
            <Method visited="false" cyclomaticComplexity="4" nPathComplexity="8" sequenceCoverage="0" branchCoverage="0" crapScore="20" isConstructor="false" isStatic="false" isGetter="false" isSetter="false">
              <Summary numSequencePoints="13" visitedSequencePoints="0" numBranchPoints="7" visitedBranchPoints="0" sequenceCoverage="0" branchCoverage="0" maxCyclomaticComplexity="4" minCyclomaticComplexity="4" maxCrapScore="20" minCrapScore="20" visitedClasses="0" numClasses="0" visitedMethods="0" numMethods="1" />
              <MetadataToken>100663796</MetadataToken>
              <Name>NUnit.VisualStudio.TestAdapter.Internal.StackFrame NUnit.VisualStudio.TestAdapter.Internal.StackFrameParser::GetStackFrame(System.String)</Name>
              <FileRef uid="51" />
              <SequencePoints>
                <SequencePoint vc="0" uspid="2232" ordinal="0" offset="0" sl="52" sc="13" el="52" ec="54" bec="0" bev="0" fileid="51" />
                <SequencePoint vc="0" uspid="2233" ordinal="1" offset="12" sl="54" sc="13" el="54" ec="62" bec="0" bev="0" fileid="51" />
                <SequencePoint vc="0" uspid="2234" ordinal="2" offset="25" sl="55" sc="13" el="55" ec="31" bec="2" bev="0" fileid="51" />
                <SequencePoint vc="0" uspid="2235" ordinal="3" offset="33" sl="57" sc="17" el="57" ec="70" bec="0" bev="0" fileid="51" />
                <SequencePoint vc="0" uspid="2236" ordinal="4" offset="54" sl="58" sc="17" el="58" ec="66" bec="0" bev="0" fileid="51" />
                <SequencePoint vc="0" uspid="2237" ordinal="5" offset="76" sl="60" sc="17" el="60" ec="89" bec="2" bev="0" fileid="51" />
                <SequencePoint vc="0" uspid="2238" ordinal="6" offset="106" sl="62" sc="21" el="62" ec="36" bec="0" bev="0" fileid="51" />
                <SequencePoint vc="0" uspid="2239" ordinal="7" offset="108" sl="65" sc="17" el="65" ec="73" bec="0" bev="0" fileid="51" />
                <SequencePoint vc="0" uspid="2240" ordinal="8" offset="116" sl="68" sc="13" el="68" ec="59" bec="0" bev="0" fileid="51" />
                <SequencePoint vc="0" uspid="2241" ordinal="9" offset="129" sl="69" sc="13" el="69" ec="31" bec="2" bev="0" fileid="51" />
                <SequencePoint vc="0" uspid="2242" ordinal="10" offset="137" sl="71" sc="17" el="71" ec="70" bec="0" bev="0" fileid="51" />
                <SequencePoint vc="0" uspid="2243" ordinal="11" offset="158" sl="72" sc="17" el="72" ec="51" bec="0" bev="0" fileid="51" />
                <SequencePoint vc="0" uspid="2244" ordinal="12" offset="164" sl="75" sc="13" el="75" ec="25" bec="0" bev="0" fileid="51" />
              </SequencePoints>
              <BranchPoints>
                <BranchPoint vc="0" uspid="2245" ordinal="0" offset="31" sl="55" path="0" offsetend="33" fileid="51" />
                <BranchPoint vc="0" uspid="2246" ordinal="1" offset="31" sl="55" path="1" offsetend="116" fileid="51" />
                <BranchPoint vc="0" uspid="2247" ordinal="2" offset="104" sl="60" path="0" offsetend="106" fileid="51" />
                <BranchPoint vc="0" uspid="2248" ordinal="3" offset="104" sl="60" path="1" offsetend="108" fileid="51" />
                <BranchPoint vc="0" uspid="2249" ordinal="4" offset="135" sl="69" path="0" offsetend="137" fileid="51" />
                <BranchPoint vc="0" uspid="2250" ordinal="5" offset="135" sl="69" path="1" offsetend="164" fileid="51" />
              </BranchPoints>
              <MethodPoint xsi:type="SequencePoint" vc="0" uspid="2232" ordinal="0" offset="0" sl="52" sc="13" el="52" ec="54" bec="0" bev="0" fileid="51" />
            </Method>
          </Methods>
        </Class>
        <Class>
          <Summary numSequencePoints="7" visitedSequencePoints="0" numBranchPoints="6" visitedBranchPoints="0" sequenceCoverage="0" branchCoverage="0" maxCyclomaticComplexity="2" minCyclomaticComplexity="2" maxCrapScore="6" minCrapScore="6" visitedClasses="0" numClasses="1" visitedMethods="0" numMethods="2" />
          <FullName>NUnit.VisualStudio.TestAdapter.Internal.Stacktrace</FullName>
          <Methods>
            <Method visited="false" cyclomaticComplexity="2" nPathComplexity="2" sequenceCoverage="0" branchCoverage="0" crapScore="6" isConstructor="true" isStatic="false" isGetter="false" isSetter="false">
              <Summary numSequencePoints="6" visitedSequencePoints="0" numBranchPoints="3" visitedBranchPoints="0" sequenceCoverage="0" branchCoverage="0" maxCyclomaticComplexity="2" minCyclomaticComplexity="2" maxCrapScore="6" minCrapScore="6" visitedClasses="0" numClasses="0" visitedMethods="0" numMethods="1" />
              <MetadataToken>100663797</MetadataToken>
              <Name>System.Void NUnit.VisualStudio.TestAdapter.Internal.Stacktrace::.ctor(System.String)</Name>
              <FileRef uid="52" />
              <SequencePoints>
                <SequencePoint vc="0" uspid="2251" ordinal="0" offset="0" sl="19" sc="9" el="19" ec="45" bec="0" bev="0" fileid="52" />
                <SequencePoint vc="0" uspid="2252" ordinal="1" offset="6" sl="21" sc="13" el="21" ec="66" bec="0" bev="0" fileid="52" />
                <SequencePoint vc="0" uspid="2253" ordinal="2" offset="18" sl="23" sc="13" el="23" ec="78" bec="0" bev="0" fileid="52" />
                <SequencePoint vc="0" uspid="2254" ordinal="3" offset="24" sl="25" sc="13" el="25" ec="112" bec="0" bev="0" fileid="52" />
                <SequencePoint vc="0" uspid="2255" ordinal="4" offset="46" sl="27" sc="13" el="27" ec="121" bec="2" bev="0" fileid="52" />
                <SequencePoint vc="0" uspid="2256" ordinal="5" offset="111" sl="28" sc="9" el="28" ec="10" bec="0" bev="0" fileid="52" />
              </SequencePoints>
              <BranchPoints>
                <BranchPoint vc="0" uspid="2257" ordinal="0" offset="71" sl="27" path="0" offsetend="73" fileid="52" />
                <BranchPoint vc="0" uspid="2258" ordinal="1" offset="71" sl="27" path="1" offsetend="96" fileid="52" />
              </BranchPoints>
              <MethodPoint xsi:type="SequencePoint" vc="0" uspid="2251" ordinal="0" offset="0" sl="19" sc="9" el="19" ec="45" bec="0" bev="0" fileid="52" />
            </Method>
            <Method visited="false" cyclomaticComplexity="2" nPathComplexity="2" sequenceCoverage="0" branchCoverage="0" crapScore="6" isConstructor="false" isStatic="false" isGetter="false" isSetter="false">
              <Summary numSequencePoints="1" visitedSequencePoints="0" numBranchPoints="3" visitedBranchPoints="0" sequenceCoverage="0" branchCoverage="0" maxCyclomaticComplexity="2" minCyclomaticComplexity="2" maxCrapScore="6" minCrapScore="6" visitedClasses="0" numClasses="0" visitedMethods="0" numMethods="1" />
              <MetadataToken>100663798</MetadataToken>
              <Name>NUnit.VisualStudio.TestAdapter.Internal.StackFrame NUnit.VisualStudio.TestAdapter.Internal.Stacktrace::GetTopStackFrame()</Name>
              <FileRef uid="52" />
              <SequencePoints>
                <SequencePoint vc="0" uspid="2259" ordinal="0" offset="0" sl="32" sc="13" el="32" ec="105" bec="2" bev="0" fileid="52" />
              </SequencePoints>
              <BranchPoints>
                <BranchPoint vc="0" uspid="2260" ordinal="0" offset="12" sl="32" path="0" offsetend="14" fileid="52" />
                <BranchPoint vc="0" uspid="2261" ordinal="1" offset="12" sl="32" path="1" offsetend="37" fileid="52" />
              </BranchPoints>
              <MethodPoint xsi:type="SequencePoint" vc="0" uspid="2259" ordinal="0" offset="0" sl="32" sc="13" el="32" ec="105" bec="2" bev="0" fileid="52" />
            </Method>
          </Methods>
        </Class>
        <Class>
          <Summary numSequencePoints="2" visitedSequencePoints="0" numBranchPoints="2" visitedBranchPoints="0" sequenceCoverage="0" branchCoverage="0" maxCyclomaticComplexity="1" minCyclomaticComplexity="1" maxCrapScore="2" minCrapScore="2" visitedClasses="0" numClasses="1" visitedMethods="0" numMethods="2" />
          <FullName>NUnit.VisualStudio.TestAdapter.Internal.Stacktrace/&lt;&gt;c</FullName>
          <Methods>
            <Method visited="false" cyclomaticComplexity="1" nPathComplexity="0" sequenceCoverage="0" branchCoverage="0" crapScore="2" isConstructor="true" isStatic="true" isGetter="false" isSetter="false">
              <Summary numSequencePoints="0" visitedSequencePoints="0" numBranchPoints="0" visitedBranchPoints="0" sequenceCoverage="0" branchCoverage="0" maxCyclomaticComplexity="1" minCyclomaticComplexity="1" maxCrapScore="2" minCrapScore="2" visitedClasses="0" numClasses="0" visitedMethods="0" numMethods="0" />
              <MetadataToken>100663864</MetadataToken>
              <Name>System.Void NUnit.VisualStudio.TestAdapter.Internal.Stacktrace/&lt;&gt;c::.cctor()</Name>
              <SequencePoints />
              <BranchPoints />
              <MethodPoint vc="0" uspid="2262" ordinal="0" offset="0" />
            </Method>
            <Method visited="false" cyclomaticComplexity="1" nPathComplexity="0" sequenceCoverage="0" branchCoverage="0" crapScore="2" isConstructor="true" isStatic="false" isGetter="false" isSetter="false">
              <Summary numSequencePoints="0" visitedSequencePoints="0" numBranchPoints="0" visitedBranchPoints="0" sequenceCoverage="0" branchCoverage="0" maxCyclomaticComplexity="1" minCyclomaticComplexity="1" maxCrapScore="2" minCrapScore="2" visitedClasses="0" numClasses="0" visitedMethods="0" numMethods="0" />
              <MetadataToken>100663865</MetadataToken>
              <Name>System.Void NUnit.VisualStudio.TestAdapter.Internal.Stacktrace/&lt;&gt;c::.ctor()</Name>
              <SequencePoints />
              <BranchPoints />
              <MethodPoint vc="0" uspid="2263" ordinal="0" offset="0" />
            </Method>
            <Method visited="false" cyclomaticComplexity="1" nPathComplexity="0" sequenceCoverage="0" branchCoverage="0" crapScore="2" isConstructor="false" isStatic="false" isGetter="false" isSetter="false">
              <Summary numSequencePoints="1" visitedSequencePoints="0" numBranchPoints="1" visitedBranchPoints="0" sequenceCoverage="0" branchCoverage="0" maxCyclomaticComplexity="1" minCyclomaticComplexity="1" maxCrapScore="2" minCrapScore="2" visitedClasses="0" numClasses="0" visitedMethods="0" numMethods="1" />
              <MetadataToken>100663866</MetadataToken>
              <Name>System.Boolean NUnit.VisualStudio.TestAdapter.Internal.Stacktrace/&lt;&gt;c::&lt;.ctor&gt;b__1_0(NUnit.VisualStudio.TestAdapter.Internal.StackFrame)</Name>
              <FileRef uid="52" />
              <SequencePoints>
                <SequencePoint vc="0" uspid="2264" ordinal="0" offset="0" sl="27" sc="92" el="27" ec="110" bec="0" bev="0" fileid="52" />
              </SequencePoints>
              <BranchPoints />
              <MethodPoint xsi:type="SequencePoint" vc="0" uspid="2264" ordinal="0" offset="0" sl="27" sc="92" el="27" ec="110" bec="0" bev="0" fileid="52" />
            </Method>
            <Method visited="false" cyclomaticComplexity="1" nPathComplexity="0" sequenceCoverage="0" branchCoverage="0" crapScore="2" isConstructor="false" isStatic="false" isGetter="false" isSetter="false">
              <Summary numSequencePoints="1" visitedSequencePoints="0" numBranchPoints="1" visitedBranchPoints="0" sequenceCoverage="0" branchCoverage="0" maxCyclomaticComplexity="1" minCyclomaticComplexity="1" maxCrapScore="2" minCrapScore="2" visitedClasses="0" numClasses="0" visitedMethods="0" numMethods="1" />
              <MetadataToken>100663867</MetadataToken>
              <Name>System.Boolean NUnit.VisualStudio.TestAdapter.Internal.Stacktrace/&lt;&gt;c::&lt;GetTopStackFrame&gt;b__2_0(NUnit.VisualStudio.TestAdapter.Internal.StackFrame)</Name>
              <FileRef uid="52" />
              <SequencePoints>
                <SequencePoint vc="0" uspid="2265" ordinal="0" offset="0" sl="32" sc="61" el="32" ec="103" bec="0" bev="0" fileid="52" />
              </SequencePoints>
              <BranchPoints />
              <MethodPoint xsi:type="SequencePoint" vc="0" uspid="2265" ordinal="0" offset="0" sl="32" sc="61" el="32" ec="103" bec="0" bev="0" fileid="52" />
            </Method>
          </Methods>
        </Class>
        <Class>
          <Summary numSequencePoints="5" visitedSequencePoints="0" numBranchPoints="3" visitedBranchPoints="0" sequenceCoverage="0" branchCoverage="0" maxCyclomaticComplexity="1" minCyclomaticComplexity="1" maxCrapScore="2" minCrapScore="2" visitedClasses="0" numClasses="1" visitedMethods="0" numMethods="3" />
          <FullName>NUnit.VisualStudio.TestAdapter.Dump.File</FullName>
          <Methods>
            <Method visited="false" cyclomaticComplexity="1" nPathComplexity="0" sequenceCoverage="0" branchCoverage="0" crapScore="2" isConstructor="false" isStatic="false" isGetter="false" isSetter="false">
              <Summary numSequencePoints="2" visitedSequencePoints="0" numBranchPoints="1" visitedBranchPoints="0" sequenceCoverage="0" branchCoverage="0" maxCyclomaticComplexity="1" minCyclomaticComplexity="1" maxCrapScore="2" minCrapScore="2" visitedClasses="0" numClasses="0" visitedMethods="0" numMethods="1" />
              <MetadataToken>100663802</MetadataToken>
              <Name>System.Void NUnit.VisualStudio.TestAdapter.Dump.File::WriteAllText(System.String,System.String)</Name>
              <FileRef uid="54" />
              <SequencePoints>
                <SequencePoint vc="0" uspid="2266" ordinal="0" offset="0" sl="20" sc="13" el="20" ec="52" bec="0" bev="0" fileid="54" />
                <SequencePoint vc="0" uspid="2267" ordinal="1" offset="7" sl="21" sc="9" el="21" ec="10" bec="0" bev="0" fileid="54" />
              </SequencePoints>
              <BranchPoints />
              <MethodPoint xsi:type="SequencePoint" vc="0" uspid="2266" ordinal="0" offset="0" sl="20" sc="13" el="20" ec="52" bec="0" bev="0" fileid="54" />
            </Method>
            <Method visited="false" cyclomaticComplexity="1" nPathComplexity="0" sequenceCoverage="0" branchCoverage="0" crapScore="2" isConstructor="false" isStatic="false" isGetter="false" isSetter="false">
              <Summary numSequencePoints="1" visitedSequencePoints="0" numBranchPoints="1" visitedBranchPoints="0" sequenceCoverage="0" branchCoverage="0" maxCyclomaticComplexity="1" minCyclomaticComplexity="1" maxCrapScore="2" minCrapScore="2" visitedClasses="0" numClasses="0" visitedMethods="0" numMethods="1" />
              <MetadataToken>100663803</MetadataToken>
              <Name>System.Boolean NUnit.VisualStudio.TestAdapter.Dump.File::DirectoryExist(System.String)</Name>
              <FileRef uid="54" />
              <SequencePoints>
                <SequencePoint vc="0" uspid="2268" ordinal="0" offset="0" sl="25" sc="13" el="25" ec="43" bec="0" bev="0" fileid="54" />
              </SequencePoints>
              <BranchPoints />
              <MethodPoint xsi:type="SequencePoint" vc="0" uspid="2268" ordinal="0" offset="0" sl="25" sc="13" el="25" ec="43" bec="0" bev="0" fileid="54" />
            </Method>
            <Method visited="false" cyclomaticComplexity="1" nPathComplexity="0" sequenceCoverage="0" branchCoverage="0" crapScore="2" isConstructor="false" isStatic="false" isGetter="false" isSetter="false">
              <Summary numSequencePoints="2" visitedSequencePoints="0" numBranchPoints="1" visitedBranchPoints="0" sequenceCoverage="0" branchCoverage="0" maxCyclomaticComplexity="1" minCyclomaticComplexity="1" maxCrapScore="2" minCrapScore="2" visitedClasses="0" numClasses="0" visitedMethods="0" numMethods="1" />
              <MetadataToken>100663804</MetadataToken>
              <Name>System.Void NUnit.VisualStudio.TestAdapter.Dump.File::CreateDirectory(System.String)</Name>
              <FileRef uid="54" />
              <SequencePoints>
                <SequencePoint vc="0" uspid="2269" ordinal="0" offset="0" sl="30" sc="13" el="30" ec="45" bec="0" bev="0" fileid="54" />
                <SequencePoint vc="0" uspid="2270" ordinal="1" offset="7" sl="31" sc="9" el="31" ec="10" bec="0" bev="0" fileid="54" />
              </SequencePoints>
              <BranchPoints />
              <MethodPoint xsi:type="SequencePoint" vc="0" uspid="2269" ordinal="0" offset="0" sl="30" sc="13" el="30" ec="45" bec="0" bev="0" fileid="54" />
            </Method>
            <Method visited="false" cyclomaticComplexity="1" nPathComplexity="0" sequenceCoverage="0" branchCoverage="0" crapScore="2" isConstructor="true" isStatic="false" isGetter="false" isSetter="false">
              <Summary numSequencePoints="0" visitedSequencePoints="0" numBranchPoints="0" visitedBranchPoints="0" sequenceCoverage="0" branchCoverage="0" maxCyclomaticComplexity="1" minCyclomaticComplexity="1" maxCrapScore="2" minCrapScore="2" visitedClasses="0" numClasses="0" visitedMethods="0" numMethods="0" />
              <MetadataToken>100663805</MetadataToken>
              <Name>System.Void NUnit.VisualStudio.TestAdapter.Dump.File::.ctor()</Name>
              <SequencePoints />
              <BranchPoints />
              <MethodPoint vc="0" uspid="2271" ordinal="0" offset="0" />
            </Method>
          </Methods>
        </Class>
        <Class>
          <Summary numSequencePoints="35" visitedSequencePoints="0" numBranchPoints="12" visitedBranchPoints="0" sequenceCoverage="0" branchCoverage="0" maxCyclomaticComplexity="2" minCyclomaticComplexity="1" maxCrapScore="6" minCrapScore="2" visitedClasses="0" numClasses="1" visitedMethods="0" numMethods="8" />
          <FullName>NUnit.VisualStudio.TestAdapter.Dump.DumpXml</FullName>
          <Methods>
            <Method visited="false" cyclomaticComplexity="2" nPathComplexity="2" sequenceCoverage="0" branchCoverage="0" crapScore="6" isConstructor="true" isStatic="false" isGetter="false" isSetter="false">
              <Summary numSequencePoints="8" visitedSequencePoints="0" numBranchPoints="3" visitedBranchPoints="0" sequenceCoverage="0" branchCoverage="0" maxCyclomaticComplexity="2" minCyclomaticComplexity="2" maxCrapScore="6" minCrapScore="6" visitedClasses="0" numClasses="0" visitedMethods="0" numMethods="1" />
              <MetadataToken>100663808</MetadataToken>
              <Name>System.Void NUnit.VisualStudio.TestAdapter.Dump.DumpXml::.ctor(System.String,NUnit.VisualStudio.TestAdapter.Dump.IFile)</Name>
              <FileRef uid="54" />
              <SequencePoints>
                <SequencePoint vc="0" uspid="2272" ordinal="0" offset="0" sl="51" sc="9" el="51" ec="55" bec="0" bev="0" fileid="54" />
                <SequencePoint vc="0" uspid="2273" ordinal="1" offset="6" sl="53" sc="13" el="53" ec="53" bec="0" bev="0" fileid="54" />
                <SequencePoint vc="0" uspid="2274" ordinal="2" offset="18" sl="54" sc="13" el="54" ec="47" bec="0" bev="0" fileid="54" />
                <SequencePoint vc="0" uspid="2275" ordinal="3" offset="30" sl="55" sc="13" el="55" ec="44" bec="2" bev="0" fileid="54" />
                <SequencePoint vc="0" uspid="2276" ordinal="4" offset="46" sl="56" sc="13" el="56" ec="39" bec="0" bev="0" fileid="54" />
                <SequencePoint vc="0" uspid="2277" ordinal="5" offset="57" sl="57" sc="13" el="57" ec="32" bec="0" bev="0" fileid="54" />
                <SequencePoint vc="0" uspid="2278" ordinal="6" offset="74" sl="58" sc="13" el="58" ec="35" bec="0" bev="0" fileid="54" />
                <SequencePoint vc="0" uspid="2279" ordinal="7" offset="91" sl="59" sc="9" el="59" ec="10" bec="0" bev="0" fileid="54" />
              </SequencePoints>
              <BranchPoints>
                <BranchPoint vc="0" uspid="2280" ordinal="0" offset="33" sl="55" path="0" offsetend="35" fileid="54" />
                <BranchPoint vc="0" uspid="2281" ordinal="1" offset="33" sl="55" path="1" offsetend="41" fileid="54" />
              </BranchPoints>
              <MethodPoint xsi:type="SequencePoint" vc="0" uspid="2272" ordinal="0" offset="0" sl="51" sc="9" el="51" ec="55" bec="0" bev="0" fileid="54" />
            </Method>
            <Method visited="false" cyclomaticComplexity="1" nPathComplexity="0" sequenceCoverage="0" branchCoverage="0" crapScore="2" isConstructor="false" isStatic="false" isGetter="false" isSetter="false">
              <Summary numSequencePoints="5" visitedSequencePoints="0" numBranchPoints="1" visitedBranchPoints="0" sequenceCoverage="0" branchCoverage="0" maxCyclomaticComplexity="1" minCyclomaticComplexity="1" maxCrapScore="2" minCrapScore="2" visitedClasses="0" numClasses="0" visitedMethods="0" numMethods="1" />
              <MetadataToken>100663809</MetadataToken>
              <Name>System.Void NUnit.VisualStudio.TestAdapter.Dump.DumpXml::Dump2File(System.String)</Name>
              <FileRef uid="54" />
              <SequencePoints>
                <SequencePoint vc="0" uspid="2282" ordinal="0" offset="0" sl="63" sc="13" el="63" ec="35" bec="0" bev="0" fileid="54" />
                <SequencePoint vc="0" uspid="2283" ordinal="1" offset="7" sl="64" sc="13" el="64" ec="33" bec="0" bev="0" fileid="54" />
                <SequencePoint vc="0" uspid="2284" ordinal="2" offset="24" sl="65" sc="13" el="65" ec="53" bec="0" bev="0" fileid="54" />
                <SequencePoint vc="0" uspid="2285" ordinal="3" offset="47" sl="66" sc="13" el="66" ec="39" bec="0" bev="0" fileid="54" />
                <SequencePoint vc="0" uspid="2286" ordinal="4" offset="58" sl="67" sc="9" el="67" ec="10" bec="0" bev="0" fileid="54" />
              </SequencePoints>
              <BranchPoints />
              <MethodPoint xsi:type="SequencePoint" vc="0" uspid="2282" ordinal="0" offset="0" sl="63" sc="13" el="63" ec="35" bec="0" bev="0" fileid="54" />
            </Method>
            <Method visited="false" cyclomaticComplexity="2" nPathComplexity="2" sequenceCoverage="0" branchCoverage="0" crapScore="6" isConstructor="false" isStatic="false" isGetter="false" isSetter="false">
              <Summary numSequencePoints="4" visitedSequencePoints="0" numBranchPoints="3" visitedBranchPoints="0" sequenceCoverage="0" branchCoverage="0" maxCyclomaticComplexity="2" minCyclomaticComplexity="2" maxCrapScore="6" minCrapScore="6" visitedClasses="0" numClasses="0" visitedMethods="0" numMethods="1" />
              <MetadataToken>100663810</MetadataToken>
              <Name>System.Void NUnit.VisualStudio.TestAdapter.Dump.DumpXml::EnsurePathExist(System.String)</Name>
              <FileRef uid="54" />
              <SequencePoints>
                <SequencePoint vc="0" uspid="2287" ordinal="0" offset="0" sl="71" sc="13" el="71" ec="54" bec="0" bev="0" fileid="54" />
                <SequencePoint vc="0" uspid="2288" ordinal="1" offset="7" sl="72" sc="13" el="72" ec="46" bec="2" bev="0" fileid="54" />
                <SequencePoint vc="0" uspid="2289" ordinal="2" offset="21" sl="73" sc="17" el="73" ec="46" bec="0" bev="0" fileid="54" />
                <SequencePoint vc="0" uspid="2290" ordinal="3" offset="33" sl="74" sc="9" el="74" ec="10" bec="0" bev="0" fileid="54" />
              </SequencePoints>
              <BranchPoints>
                <BranchPoint vc="0" uspid="2291" ordinal="0" offset="19" sl="72" path="0" offsetend="21" fileid="54" />
                <BranchPoint vc="0" uspid="2292" ordinal="1" offset="19" sl="72" path="1" offsetend="33" fileid="54" />
              </BranchPoints>
              <MethodPoint xsi:type="SequencePoint" vc="0" uspid="2287" ordinal="0" offset="0" sl="71" sc="13" el="71" ec="54" bec="0" bev="0" fileid="54" />
            </Method>
            <Method visited="false" cyclomaticComplexity="1" nPathComplexity="0" sequenceCoverage="0" branchCoverage="0" crapScore="2" isConstructor="false" isStatic="false" isGetter="false" isSetter="false">
              <Summary numSequencePoints="4" visitedSequencePoints="0" numBranchPoints="1" visitedBranchPoints="0" sequenceCoverage="0" branchCoverage="0" maxCyclomaticComplexity="1" minCyclomaticComplexity="1" maxCrapScore="2" minCrapScore="2" visitedClasses="0" numClasses="0" visitedMethods="0" numMethods="1" />
              <MetadataToken>100663811</MetadataToken>
              <Name>System.Void NUnit.VisualStudio.TestAdapter.Dump.DumpXml::Dump4Discovery()</Name>
              <FileRef uid="54" />
              <SequencePoints>
                <SequencePoint vc="0" uspid="2293" ordinal="0" offset="0" sl="78" sc="13" el="78" ec="62" bec="0" bev="0" fileid="54" />
                <SequencePoint vc="0" uspid="2294" ordinal="1" offset="16" sl="79" sc="13" el="79" ec="71" bec="0" bev="0" fileid="54" />
                <SequencePoint vc="0" uspid="2295" ordinal="2" offset="43" sl="80" sc="13" el="80" ec="29" bec="0" bev="0" fileid="54" />
                <SequencePoint vc="0" uspid="2296" ordinal="3" offset="50" sl="81" sc="9" el="81" ec="10" bec="0" bev="0" fileid="54" />
              </SequencePoints>
              <BranchPoints />
              <MethodPoint xsi:type="SequencePoint" vc="0" uspid="2293" ordinal="0" offset="0" sl="78" sc="13" el="78" ec="62" bec="0" bev="0" fileid="54" />
            </Method>
            <Method visited="false" cyclomaticComplexity="1" nPathComplexity="0" sequenceCoverage="0" branchCoverage="0" crapScore="2" isConstructor="false" isStatic="false" isGetter="false" isSetter="false">
              <Summary numSequencePoints="4" visitedSequencePoints="0" numBranchPoints="1" visitedBranchPoints="0" sequenceCoverage="0" branchCoverage="0" maxCyclomaticComplexity="1" minCyclomaticComplexity="1" maxCrapScore="2" minCrapScore="2" visitedClasses="0" numClasses="0" visitedMethods="0" numMethods="1" />
              <MetadataToken>100663812</MetadataToken>
              <Name>System.Void NUnit.VisualStudio.TestAdapter.Dump.DumpXml::Dump4Execution()</Name>
              <FileRef uid="54" />
              <SequencePoints>
                <SequencePoint vc="0" uspid="2297" ordinal="0" offset="0" sl="85" sc="13" el="85" ec="62" bec="0" bev="0" fileid="54" />
                <SequencePoint vc="0" uspid="2298" ordinal="1" offset="16" sl="86" sc="13" el="86" ec="71" bec="0" bev="0" fileid="54" />
                <SequencePoint vc="0" uspid="2299" ordinal="2" offset="43" sl="87" sc="13" el="87" ec="29" bec="0" bev="0" fileid="54" />
                <SequencePoint vc="0" uspid="2300" ordinal="3" offset="50" sl="88" sc="9" el="88" ec="10" bec="0" bev="0" fileid="54" />
              </SequencePoints>
              <BranchPoints />
              <MethodPoint xsi:type="SequencePoint" vc="0" uspid="2297" ordinal="0" offset="0" sl="85" sc="13" el="85" ec="62" bec="0" bev="0" fileid="54" />
            </Method>
            <Method visited="false" cyclomaticComplexity="1" nPathComplexity="0" sequenceCoverage="0" branchCoverage="0" crapScore="2" isConstructor="false" isStatic="false" isGetter="false" isSetter="false">
              <Summary numSequencePoints="4" visitedSequencePoints="0" numBranchPoints="1" visitedBranchPoints="0" sequenceCoverage="0" branchCoverage="0" maxCyclomaticComplexity="1" minCyclomaticComplexity="1" maxCrapScore="2" minCrapScore="2" visitedClasses="0" numClasses="0" visitedMethods="0" numMethods="1" />
              <MetadataToken>100663813</MetadataToken>
              <Name>System.String NUnit.VisualStudio.TestAdapter.Dump.DumpXml::RandomName()</Name>
              <FileRef uid="54" />
              <SequencePoints>
                <SequencePoint vc="0" uspid="2301" ordinal="0" offset="0" sl="92" sc="13" el="92" ec="39" bec="0" bev="0" fileid="54" />
                <SequencePoint vc="0" uspid="2302" ordinal="1" offset="6" sl="93" sc="13" el="93" ec="66" bec="0" bev="0" fileid="54" />
                <SequencePoint vc="0" uspid="2303" ordinal="2" offset="18" sl="94" sc="13" el="94" ec="64" bec="0" bev="0" fileid="54" />
                <SequencePoint vc="0" uspid="2304" ordinal="3" offset="33" sl="95" sc="13" el="95" ec="35" bec="0" bev="0" fileid="54" />
              </SequencePoints>
              <BranchPoints />
              <MethodPoint xsi:type="SequencePoint" vc="0" uspid="2301" ordinal="0" offset="0" sl="92" sc="13" el="92" ec="39" bec="0" bev="0" fileid="54" />
            </Method>
            <Method visited="false" cyclomaticComplexity="1" nPathComplexity="0" sequenceCoverage="0" branchCoverage="0" crapScore="2" isConstructor="false" isStatic="false" isGetter="false" isSetter="false">
              <Summary numSequencePoints="4" visitedSequencePoints="0" numBranchPoints="1" visitedBranchPoints="0" sequenceCoverage="0" branchCoverage="0" maxCyclomaticComplexity="1" minCyclomaticComplexity="1" maxCrapScore="2" minCrapScore="2" visitedClasses="0" numClasses="0" visitedMethods="0" numMethods="1" />
              <MetadataToken>100663814</MetadataToken>
              <Name>System.Void NUnit.VisualStudio.TestAdapter.Dump.DumpXml::AddTestEvent(System.String)</Name>
              <FileRef uid="54" />
              <SequencePoints>
                <SequencePoint vc="0" uspid="2305" ordinal="0" offset="0" sl="100" sc="13" el="100" ec="46" bec="0" bev="0" fileid="54" />
                <SequencePoint vc="0" uspid="2306" ordinal="1" offset="17" sl="101" sc="13" el="101" ec="30" bec="0" bev="0" fileid="54" />
                <SequencePoint vc="0" uspid="2307" ordinal="2" offset="30" sl="102" sc="13" el="102" ec="49" bec="0" bev="0" fileid="54" />
                <SequencePoint vc="0" uspid="2308" ordinal="3" offset="47" sl="103" sc="9" el="103" ec="10" bec="0" bev="0" fileid="54" />
              </SequencePoints>
              <BranchPoints />
              <MethodPoint xsi:type="SequencePoint" vc="0" uspid="2305" ordinal="0" offset="0" sl="100" sc="13" el="100" ec="46" bec="0" bev="0" fileid="54" />
            </Method>
            <Method visited="false" cyclomaticComplexity="1" nPathComplexity="0" sequenceCoverage="0" branchCoverage="0" crapScore="2" isConstructor="false" isStatic="false" isGetter="false" isSetter="false">
              <Summary numSequencePoints="2" visitedSequencePoints="0" numBranchPoints="1" visitedBranchPoints="0" sequenceCoverage="0" branchCoverage="0" maxCyclomaticComplexity="1" minCyclomaticComplexity="1" maxCrapScore="2" minCrapScore="2" visitedClasses="0" numClasses="0" visitedMethods="0" numMethods="1" />
              <MetadataToken>100663815</MetadataToken>
              <Name>System.Void NUnit.VisualStudio.TestAdapter.Dump.DumpXml::AddString(System.String)</Name>
              <FileRef uid="54" />
              <SequencePoints>
                <SequencePoint vc="0" uspid="2309" ordinal="0" offset="0" sl="111" sc="13" el="111" ec="30" bec="0" bev="0" fileid="54" />
                <SequencePoint vc="0" uspid="2310" ordinal="1" offset="13" sl="112" sc="9" el="112" ec="10" bec="0" bev="0" fileid="54" />
              </SequencePoints>
              <BranchPoints />
              <MethodPoint xsi:type="SequencePoint" vc="0" uspid="2309" ordinal="0" offset="0" sl="111" sc="13" el="111" ec="30" bec="0" bev="0" fileid="54" />
            </Method>
          </Methods>
        </Class>
        <Class>
          <Summary numSequencePoints="9" visitedSequencePoints="0" numBranchPoints="1" visitedBranchPoints="0" sequenceCoverage="0" branchCoverage="0" maxCyclomaticComplexity="3" minCyclomaticComplexity="3" maxCrapScore="12" minCrapScore="12" visitedClasses="0" numClasses="1" visitedMethods="0" numMethods="1" />
          <FullName>NUnit.VisualStudio.TestAdapter.Dump.XmlNodeExtension</FullName>
          <Methods>
            <Method visited="false" cyclomaticComplexity="3" nPathComplexity="0" sequenceCoverage="0" branchCoverage="0" crapScore="12" isConstructor="false" isStatic="true" isGetter="false" isSetter="false">
              <Summary numSequencePoints="9" visitedSequencePoints="0" numBranchPoints="1" visitedBranchPoints="0" sequenceCoverage="0" branchCoverage="0" maxCyclomaticComplexity="3" minCyclomaticComplexity="3" maxCrapScore="12" minCrapScore="12" visitedClasses="0" numClasses="0" visitedMethods="0" numMethods="1" />
              <MetadataToken>100663816</MetadataToken>
              <Name>System.String NUnit.VisualStudio.TestAdapter.Dump.XmlNodeExtension::AsString(System.Xml.XmlNode)</Name>
              <FileRef uid="54" />
              <SequencePoints>
                <SequencePoint vc="0" uspid="2311" ordinal="0" offset="0" sl="119" sc="20" el="119" ec="52" bec="0" bev="0" fileid="54" />
                <SequencePoint vc="0" uspid="2312" ordinal="1" offset="6" sl="121" sc="24" el="121" ec="75" bec="0" bev="0" fileid="54" />
                <SequencePoint vc="0" uspid="2313" ordinal="2" offset="13" sl="123" sc="21" el="123" ec="73" bec="0" bev="0" fileid="54" />
                <SequencePoint vc="0" uspid="2314" ordinal="3" offset="20" sl="124" sc="21" el="124" ec="45" bec="0" bev="0" fileid="54" />
                <SequencePoint vc="0" uspid="2315" ordinal="4" offset="27" sl="125" sc="21" el="125" ec="46" bec="0" bev="0" fileid="54" />
                <SequencePoint vc="0" uspid="2316" ordinal="5" offset="35" sl="126" sc="21" el="126" ec="43" bec="0" bev="0" fileid="54" />
                <SequencePoint vc="0" uspid="2317" ordinal="6" offset="42" sl="127" sc="17" el="127" ec="18" bec="0" bev="0" fileid="54" />
                <SequencePoint vc="0" uspid="2318" ordinal="7" offset="54" sl="128" sc="17" el="128" ec="43" bec="0" bev="0" fileid="54" />
                <SequencePoint vc="0" uspid="2319" ordinal="8" offset="73" sl="130" sc="9" el="130" ec="10" bec="0" bev="0" fileid="54" />
              </SequencePoints>
              <BranchPoints />
              <MethodPoint xsi:type="SequencePoint" vc="0" uspid="2311" ordinal="0" offset="0" sl="119" sc="20" el="119" ec="52" bec="0" bev="0" fileid="54" />
            </Method>
          </Methods>
        </Class>
      </Classes>
    </Module>
    <Module skippedDueTo="MissingPdb" hash="81-88-7E-DB-01-F2-F3-63-E1-A3-CD-DB-2E-98-4B-A6-B2-17-B1-92">
      <ModulePath>C:\Users\Etienne\Desktop\TACFDEV31 - Qualité logicielle dans les développements objets\projets-tp\csharp\banque-csharp\bin\Debug\netcoreapp3.1\nunit.engine.api.dll</ModulePath>
      <ModuleTime>2020-02-15T14:53:40Z</ModuleTime>
      <ModuleName>nunit.engine.api</ModuleName>
      <Classes />
    </Module>
    <Module skippedDueTo="Filter" hash="8A-E6-E5-E6-A7-53-B9-C3-4E-D3-5F-5A-B7-04-24-AA-71-ED-32-EF">
      <ModulePath>C:\Program Files\dotnet\shared\Microsoft.NETCore.App\3.1.10\System.Xml.ReaderWriter.dll</ModulePath>
      <ModuleTime>2020-10-19T18:22:38Z</ModuleTime>
      <ModuleName>System.Xml.ReaderWriter</ModuleName>
      <Classes />
    </Module>
    <Module skippedDueTo="Filter" hash="02-7E-B4-47-B8-77-8D-A6-1E-B8-CE-F0-AC-82-CB-29-78-E3-27-A4">
      <ModulePath>C:\Program Files\dotnet\shared\Microsoft.NETCore.App\3.1.10\System.Private.Xml.dll</ModulePath>
      <ModuleTime>2020-10-19T18:22:56Z</ModuleTime>
      <ModuleName>System.Private.Xml</ModuleName>
      <Classes />
    </Module>
    <Module skippedDueTo="Filter" hash="8A-08-48-31-A0-A1-45-6D-E3-16-A5-78-11-40-43-BB-66-78-40-4D">
      <ModulePath>C:\Program Files\dotnet\shared\Microsoft.NETCore.App\3.1.10\System.Threading.Thread.dll</ModulePath>
      <ModuleTime>2020-10-19T18:22:40Z</ModuleTime>
      <ModuleName>System.Threading.Thread</ModuleName>
      <Classes />
    </Module>
    <Module skippedDueTo="Filter" hash="59-04-4E-0D-7E-6E-EA-4D-72-40-76-49-D2-7E-CC-5F-42-DF-64-97">
      <ModulePath>C:\Program Files\dotnet\shared\Microsoft.NETCore.App\3.1.10\System.Security.Cryptography.Algorithms.dll</ModulePath>
      <ModuleTime>2020-10-19T18:23:04Z</ModuleTime>
      <ModuleName>System.Security.Cryptography.Algorithms</ModuleName>
      <Classes />
    </Module>
    <Module skippedDueTo="Filter" hash="C3-7F-63-72-50-AB-AC-82-F4-FB-7B-A0-09-EE-DD-11-6B-58-2F-16">
      <ModulePath>C:\Program Files\dotnet\shared\Microsoft.NETCore.App\3.1.10\System.Threading.Timer.dll</ModulePath>
      <ModuleTime>2020-10-19T18:22:40Z</ModuleTime>
      <ModuleName>System.Threading.Timer</ModuleName>
      <Classes />
    </Module>
    <Module skippedDueTo="Filter" hash="D6-30-0A-8E-93-E5-0A-10-D7-7F-F1-3A-29-3C-F2-74-86-BB-FB-E4">
      <ModulePath>C:\Program Files\dotnet\shared\Microsoft.NETCore.App\3.1.10\System.Resources.ResourceManager.dll</ModulePath>
      <ModuleTime>2020-10-19T18:22:56Z</ModuleTime>
      <ModuleName>System.Resources.ResourceManager</ModuleName>
      <Classes />
    </Module>
    <Module skippedDueTo="MissingPdb" hash="48-29-B0-67-FD-DD-B9-E7-8B-A0-73-2F-4C-C0-DD-E5-68-AF-7B-47">
      <ModulePath>C:\Users\Etienne\Desktop\TACFDEV31 - Qualité logicielle dans les développements objets\projets-tp\csharp\banque-csharp\bin\Debug\netcoreapp3.1\fr\Microsoft.VisualStudio.TestPlatform.Common.resources.dll</ModulePath>
      <ModuleTime>2020-12-02T21:21:48Z</ModuleTime>
      <ModuleName>Microsoft.VisualStudio.TestPlatform.Common.resources</ModuleName>
      <Classes />
    </Module>
    <Module skippedDueTo="MissingPdb" hash="C1-E6-95-46-6B-22-AB-AD-8C-29-08-C6-4F-A8-BC-C8-E3-D9-B3-83">
      <ModulePath>C:\Users\Etienne\Desktop\TACFDEV31 - Qualité logicielle dans les développements objets\projets-tp\csharp\banque-csharp\bin\Debug\netcoreapp3.1\NuGet.Frameworks.dll</ModulePath>
      <ModuleTime>2019-04-01T16:23:50Z</ModuleTime>
      <ModuleName>NuGet.Frameworks</ModuleName>
      <Classes />
    </Module>
    <Module skippedDueTo="Filter" hash="80-8B-83-91-9A-D9-25-6E-AA-5A-16-22-04-CB-03-94-72-E3-FB-43">
      <ModulePath>C:\Program Files\dotnet\shared\Microsoft.NETCore.App\3.1.10\System.Reflection.Metadata.dll</ModulePath>
      <ModuleTime>2020-10-19T18:22:58Z</ModuleTime>
      <ModuleName>System.Reflection.Metadata</ModuleName>
      <Classes />
    </Module>
    <Module skippedDueTo="Filter" hash="F4-8F-FF-D7-34-F7-0F-B4-66-54-7C-C6-95-F5-89-C4-8F-FB-93-A7">
      <ModulePath>C:\Program Files\dotnet\shared\Microsoft.NETCore.App\3.1.10\System.Collections.Immutable.dll</ModulePath>
      <ModuleTime>2020-10-19T18:23:02Z</ModuleTime>
      <ModuleName>System.Collections.Immutable</ModuleName>
      <Classes />
    </Module>
    <Module skippedDueTo="MissingPdb" hash="31-68-E6-DC-51-E5-D2-BF-45-95-5C-D1-AB-75-BC-93-FC-2B-4D-C2">
      <ModulePath>C:\Users\Etienne\Desktop\TACFDEV31 - Qualité logicielle dans les développements objets\projets-tp\csharp\banque-csharp\bin\Debug\netcoreapp3.1\nunit.engine.dll</ModulePath>
      <ModuleTime>2020-02-15T14:53:42Z</ModuleTime>
      <ModuleName>nunit.engine</ModuleName>
      <Classes />
    </Module>
    <Module skippedDueTo="MissingPdb" hash="50-03-89-D8-4E-1F-81-37-70-7C-F1-D3-CB-BA-88-29-E3-92-9A-3C">
      <ModulePath>C:\Users\Etienne\Desktop\TACFDEV31 - Qualité logicielle dans les développements objets\projets-tp\csharp\banque-csharp\bin\Debug\netcoreapp3.1\nunit.engine.core.dll</ModulePath>
      <ModuleTime>2020-02-15T14:53:42Z</ModuleTime>
      <ModuleName>nunit.engine.core</ModuleName>
      <Classes />
    </Module>
    <Module skippedDueTo="Filter" hash="12-D8-4D-52-F5-0A-5E-E4-67-74-E1-49-6E-70-6F-81-B0-12-9E-B1">
      <ModulePath>C:\Program Files\dotnet\shared\Microsoft.NETCore.App\3.1.10\System.Text.Encoding.Extensions.dll</ModulePath>
      <ModuleTime>2020-10-19T18:23:04Z</ModuleTime>
      <ModuleName>System.Text.Encoding.Extensions</ModuleName>
      <Classes />
    </Module>
    <Module skippedDueTo="Filter" hash="F6-52-07-73-D8-55-54-3A-31-54-54-67-C5-02-59-AF-9E-C1-CE-48">
      <ModulePath>C:\Program Files\dotnet\shared\Microsoft.NETCore.App\3.1.10\System.Buffers.dll</ModulePath>
      <ModuleTime>2020-10-19T18:23:02Z</ModuleTime>
      <ModuleName>System.Buffers</ModuleName>
      <Classes />
    </Module>
    <Module skippedDueTo="MissingPdb" hash="">
      <ModulePath>Mono.Cecil.dll</ModulePath>
      <ModuleTime>0001-01-01T00:00:00</ModuleTime>
      <ModuleName>Mono.Cecil</ModuleName>
      <Classes />
    </Module>
    <Module skippedDueTo="Filter" hash="66-9F-2A-78-68-BC-77-D7-AE-3C-B7-1F-C9-19-3E-15-80-C6-9E-AC">
      <ModulePath>C:\Program Files\dotnet\shared\Microsoft.NETCore.App\3.1.10\System.IO.FileSystem.Primitives.dll</ModulePath>
      <ModuleTime>2020-10-19T18:23:10Z</ModuleTime>
      <ModuleName>System.IO.FileSystem.Primitives</ModuleName>
      <Classes />
    </Module>
    <Module skippedDueTo="Filter" hash="F9-59-40-82-D6-76-55-19-FB-76-6E-80-9E-0C-48-9C-DE-9C-98-08">
      <ModulePath>C:\Program Files\dotnet\shared\Microsoft.NETCore.App\3.1.10\System.Text.Encoding.dll</ModulePath>
      <ModuleTime>2020-10-19T18:23:04Z</ModuleTime>
      <ModuleName>System.Text.Encoding</ModuleName>
      <Classes />
    </Module>
    <Module hash="E1-0C-D4-57-31-1B-B4-2A-4C-B8-28-7D-DB-12-89-C1-EA-CD-60-64">
      <Summary numSequencePoints="88" visitedSequencePoints="85" numBranchPoints="23" visitedBranchPoints="21" sequenceCoverage="96.59" branchCoverage="91.30" maxCyclomaticComplexity="1" minCyclomaticComplexity="1" maxCrapScore="2" minCrapScore="1" visitedClasses="3" numClasses="4" visitedMethods="21" numMethods="23" />
      <ModulePath>C:\Users\Etienne\Desktop\TACFDEV31 - Qualité logicielle dans les développements objets\projets-tp\csharp\banque-csharp\bin\Debug\netcoreapp3.1\banque-csharp.dll</ModulePath>
      <ModuleTime>2021-01-07T20:00:24.9467674Z</ModuleTime>
      <ModuleName>banque-csharp</ModuleName>
      <Files>
        <File uid="113" fullPath="C:\Users\Etienne\Desktop\TACFDEV31 - Qualité logicielle dans les développements objets\projets-tp\csharp\banque-csharp\tests\functests\ScenarioPrincipalTest.cs" />
        <File uid="114" fullPath="C:\Users\Etienne\.nuget\packages\microsoft.net.test.sdk\16.8.3\build\netcoreapp2.1\Microsoft.NET.Test.Sdk.Program.cs" />
        <File uid="115" fullPath="C:\Users\Etienne\Desktop\TACFDEV31 - Qualité logicielle dans les développements objets\projets-tp\csharp\banque-csharp\code\Compte.cs" />
        <File uid="116" fullPath="C:\Users\Etienne\Desktop\TACFDEV31 - Qualité logicielle dans les développements objets\projets-tp\csharp\banque-csharp\tests\unittests\CompteTest.cs" />
      </Files>
      <Classes>
        <Class>
          <Summary numSequencePoints="0" visitedSequencePoints="0" numBranchPoints="0" visitedBranchPoints="0" sequenceCoverage="0" branchCoverage="0" maxCyclomaticComplexity="0" minCyclomaticComplexity="0" maxCrapScore="0" minCrapScore="0" visitedClasses="0" numClasses="0" visitedMethods="0" numMethods="0" />
          <FullName>&lt;Module&gt;</FullName>
          <Methods />
        </Class>
        <Class>
          <Summary numSequencePoints="24" visitedSequencePoints="23" numBranchPoints="5" visitedBranchPoints="4" sequenceCoverage="95.83" branchCoverage="80" maxCyclomaticComplexity="1" minCyclomaticComplexity="1" maxCrapScore="2" minCrapScore="1" visitedClasses="1" numClasses="1" visitedMethods="4" numMethods="5" />
          <FullName>ScenarioPrincipalTest</FullName>
          <Methods>
            <Method visited="false" cyclomaticComplexity="1" nPathComplexity="0" sequenceCoverage="0" branchCoverage="0" crapScore="2" isConstructor="false" isStatic="false" isGetter="true" isSetter="false">
              <Summary numSequencePoints="1" visitedSequencePoints="0" numBranchPoints="1" visitedBranchPoints="0" sequenceCoverage="0" branchCoverage="0" maxCyclomaticComplexity="1" minCyclomaticComplexity="1" maxCrapScore="2" minCrapScore="2" visitedClasses="0" numClasses="0" visitedMethods="0" numMethods="1" />
              <MetadataToken>100663297</MetadataToken>
              <Name>System.Collections.Generic.IDictionary`2&lt;System.String,System.Object&gt; ScenarioPrincipalTest::get_vars()</Name>
              <FileRef uid="113" />
              <SequencePoints>
                <SequencePoint vc="0" uspid="2320" ordinal="0" offset="0" sl="17" sc="44" el="17" ec="48" bec="0" bev="0" fileid="113" />
              </SequencePoints>
              <BranchPoints />
              <MethodPoint xsi:type="SequencePoint" vc="0" uspid="2320" ordinal="0" offset="0" sl="17" sc="44" el="17" ec="48" bec="0" bev="0" fileid="113" />
            </Method>
            <Method visited="true" cyclomaticComplexity="1" nPathComplexity="0" sequenceCoverage="100" branchCoverage="100" crapScore="1" isConstructor="false" isStatic="false" isGetter="false" isSetter="true">
              <Summary numSequencePoints="1" visitedSequencePoints="1" numBranchPoints="1" visitedBranchPoints="1" sequenceCoverage="100" branchCoverage="100" maxCyclomaticComplexity="1" minCyclomaticComplexity="1" maxCrapScore="1" minCrapScore="1" visitedClasses="0" numClasses="0" visitedMethods="1" numMethods="1" />
              <MetadataToken>100663298</MetadataToken>
              <Name>System.Void ScenarioPrincipalTest::set_vars(System.Collections.Generic.IDictionary`2&lt;System.String,System.Object&gt;)</Name>
              <FileRef uid="113" />
              <SequencePoints>
                <SequencePoint vc="1" uspid="2321" ordinal="0" offset="0" sl="17" sc="49" el="17" ec="61" bec="0" bev="0" fileid="113" />
              </SequencePoints>
              <BranchPoints />
              <MethodPoint xsi:type="SequencePoint" vc="1" uspid="2321" ordinal="0" offset="0" sl="17" sc="49" el="17" ec="61" bec="0" bev="0" fileid="113" />
            </Method>
            <Method visited="true" cyclomaticComplexity="1" nPathComplexity="0" sequenceCoverage="100" branchCoverage="100" crapScore="1" isConstructor="false" isStatic="false" isGetter="false" isSetter="false">
              <Summary numSequencePoints="5" visitedSequencePoints="5" numBranchPoints="1" visitedBranchPoints="1" sequenceCoverage="100" branchCoverage="100" maxCyclomaticComplexity="1" minCyclomaticComplexity="1" maxCrapScore="1" minCrapScore="1" visitedClasses="0" numClasses="0" visitedMethods="1" numMethods="1" />
              <MetadataToken>100663299</MetadataToken>
              <Name>System.Void ScenarioPrincipalTest::SetUp()</Name>
              <FileRef uid="113" />
              <SequencePoints>
                <SequencePoint vc="1" uspid="2322" ordinal="0" offset="0" sl="20" sc="23" el="20" ec="24" bec="0" bev="0" fileid="113" />
                <SequencePoint vc="1" uspid="2323" ordinal="1" offset="1" sl="21" sc="5" el="21" ec="34" bec="0" bev="0" fileid="113" />
                <SequencePoint vc="1" uspid="2324" ordinal="2" offset="12" sl="22" sc="5" el="22" ec="38" bec="0" bev="0" fileid="113" />
                <SequencePoint vc="1" uspid="2325" ordinal="3" offset="29" sl="23" sc="5" el="23" ec="45" bec="0" bev="0" fileid="113" />
                <SequencePoint vc="1" uspid="2326" ordinal="4" offset="41" sl="24" sc="3" el="24" ec="4" bec="0" bev="0" fileid="113" />
              </SequencePoints>
              <BranchPoints />
              <MethodPoint xsi:type="SequencePoint" vc="1" uspid="2322" ordinal="0" offset="0" sl="20" sc="23" el="20" ec="24" bec="0" bev="0" fileid="113" />
            </Method>
            <Method visited="true" cyclomaticComplexity="1" nPathComplexity="0" sequenceCoverage="100" branchCoverage="100" crapScore="1" isConstructor="false" isStatic="false" isGetter="false" isSetter="false">
              <Summary numSequencePoints="3" visitedSequencePoints="3" numBranchPoints="1" visitedBranchPoints="1" sequenceCoverage="100" branchCoverage="100" maxCyclomaticComplexity="1" minCyclomaticComplexity="1" maxCrapScore="1" minCrapScore="1" visitedClasses="0" numClasses="0" visitedMethods="1" numMethods="1" />
              <MetadataToken>100663300</MetadataToken>
              <Name>System.Void ScenarioPrincipalTest::TearDown()</Name>
              <FileRef uid="113" />
              <SequencePoints>
                <SequencePoint vc="1" uspid="2327" ordinal="0" offset="0" sl="26" sc="29" el="26" ec="30" bec="0" bev="0" fileid="113" />
                <SequencePoint vc="1" uspid="2328" ordinal="1" offset="1" sl="27" sc="5" el="27" ec="19" bec="0" bev="0" fileid="113" />
                <SequencePoint vc="1" uspid="2329" ordinal="2" offset="13" sl="28" sc="3" el="28" ec="4" bec="0" bev="0" fileid="113" />
              </SequencePoints>
              <BranchPoints />
              <MethodPoint xsi:type="SequencePoint" vc="1" uspid="2327" ordinal="0" offset="0" sl="26" sc="29" el="26" ec="30" bec="0" bev="0" fileid="113" />
            </Method>
            <Method visited="true" cyclomaticComplexity="1" nPathComplexity="0" sequenceCoverage="100" branchCoverage="100" crapScore="1" isConstructor="false" isStatic="false" isGetter="false" isSetter="false">
              <Summary numSequencePoints="14" visitedSequencePoints="14" numBranchPoints="1" visitedBranchPoints="1" sequenceCoverage="100" branchCoverage="100" maxCyclomaticComplexity="1" minCyclomaticComplexity="1" maxCrapScore="1" minCrapScore="1" visitedClasses="0" numClasses="0" visitedMethods="1" numMethods="1" />
              <MetadataToken>100663301</MetadataToken>
              <Name>System.Void ScenarioPrincipalTest::scenarioPrincipal()</Name>
              <FileRef uid="113" />
              <SequencePoints>
                <SequencePoint vc="1" uspid="2330" ordinal="0" offset="0" sl="30" sc="35" el="30" ec="36" bec="0" bev="0" fileid="113" />
                <SequencePoint vc="1" uspid="2331" ordinal="1" offset="1" sl="34" sc="5" el="34" ec="52" bec="0" bev="0" fileid="113" />
                <SequencePoint vc="1" uspid="2332" ordinal="2" offset="23" sl="36" sc="5" el="36" ec="119" bec="0" bev="0" fileid="113" />
                <SequencePoint vc="1" uspid="2333" ordinal="3" offset="65" sl="38" sc="5" el="38" ec="61" bec="0" bev="0" fileid="113" />
                <SequencePoint vc="1" uspid="2334" ordinal="4" offset="92" sl="40" sc="5" el="40" ec="101" bec="0" bev="0" fileid="113" />
                <SequencePoint vc="1" uspid="2335" ordinal="5" offset="134" sl="42" sc="5" el="42" ec="66" bec="0" bev="0" fileid="113" />
                <SequencePoint vc="1" uspid="2336" ordinal="6" offset="156" sl="43" sc="5" el="43" ec="37" bec="0" bev="0" fileid="113" />
                <SequencePoint vc="1" uspid="2337" ordinal="7" offset="171" sl="45" sc="5" el="45" ec="61" bec="0" bev="0" fileid="113" />
                <SequencePoint vc="1" uspid="2338" ordinal="8" offset="193" sl="46" sc="5" el="46" ec="37" bec="0" bev="0" fileid="113" />
                <SequencePoint vc="1" uspid="2339" ordinal="9" offset="208" sl="48" sc="5" el="48" ec="60" bec="0" bev="0" fileid="113" />
                <SequencePoint vc="1" uspid="2340" ordinal="10" offset="230" sl="49" sc="5" el="49" ec="37" bec="0" bev="0" fileid="113" />
                <SequencePoint vc="1" uspid="2341" ordinal="11" offset="245" sl="51" sc="5" el="51" ec="63" bec="0" bev="0" fileid="113" />
                <SequencePoint vc="1" uspid="2342" ordinal="12" offset="272" sl="53" sc="5" el="53" ec="94" bec="0" bev="0" fileid="113" />
                <SequencePoint vc="1" uspid="2343" ordinal="13" offset="314" sl="54" sc="3" el="54" ec="4" bec="0" bev="0" fileid="113" />
              </SequencePoints>
              <BranchPoints />
              <MethodPoint xsi:type="SequencePoint" vc="1" uspid="2330" ordinal="0" offset="0" sl="30" sc="35" el="30" ec="36" bec="0" bev="0" fileid="113" />
            </Method>
            <Method visited="false" cyclomaticComplexity="1" nPathComplexity="0" sequenceCoverage="0" branchCoverage="0" crapScore="2" isConstructor="true" isStatic="false" isGetter="false" isSetter="false">
              <Summary numSequencePoints="0" visitedSequencePoints="0" numBranchPoints="0" visitedBranchPoints="0" sequenceCoverage="0" branchCoverage="0" maxCyclomaticComplexity="1" minCyclomaticComplexity="1" maxCrapScore="2" minCrapScore="2" visitedClasses="0" numClasses="0" visitedMethods="0" numMethods="0" />
              <MetadataToken>100663302</MetadataToken>
              <Name>System.Void ScenarioPrincipalTest::.ctor()</Name>
              <SequencePoints />
              <BranchPoints />
              <MethodPoint vc="0" uspid="2344" ordinal="0" offset="0" />
            </Method>
          </Methods>
        </Class>
        <Class>
          <Summary numSequencePoints="2" visitedSequencePoints="0" numBranchPoints="1" visitedBranchPoints="0" sequenceCoverage="0" branchCoverage="0" maxCyclomaticComplexity="1" minCyclomaticComplexity="1" maxCrapScore="2" minCrapScore="2" visitedClasses="0" numClasses="1" visitedMethods="0" numMethods="1" />
          <FullName>AutoGeneratedProgram</FullName>
          <Methods>
            <Method visited="false" cyclomaticComplexity="1" nPathComplexity="0" sequenceCoverage="0" branchCoverage="0" crapScore="2" isConstructor="false" isStatic="true" isGetter="false" isSetter="false">
              <Summary numSequencePoints="2" visitedSequencePoints="0" numBranchPoints="1" visitedBranchPoints="0" sequenceCoverage="0" branchCoverage="0" maxCyclomaticComplexity="1" minCyclomaticComplexity="1" maxCrapScore="2" minCrapScore="2" visitedClasses="0" numClasses="0" visitedMethods="0" numMethods="1" />
              <MetadataToken>100663303</MetadataToken>
              <Name>System.Void AutoGeneratedProgram::Main(System.String[])</Name>
              <FileRef uid="114" />
              <SequencePoints>
                <SequencePoint vc="0" uspid="2345" ordinal="0" offset="0" sl="4" sc="60" el="4" ec="61" bec="0" bev="0" fileid="114" />
                <SequencePoint vc="0" uspid="2346" ordinal="1" offset="1" sl="4" sc="61" el="4" ec="62" bec="0" bev="0" fileid="114" />
              </SequencePoints>
              <BranchPoints />
              <MethodPoint xsi:type="SequencePoint" vc="0" uspid="2345" ordinal="0" offset="0" sl="4" sc="60" el="4" ec="61" bec="0" bev="0" fileid="114" />
            </Method>
            <Method visited="false" cyclomaticComplexity="1" nPathComplexity="0" sequenceCoverage="0" branchCoverage="0" crapScore="2" isConstructor="true" isStatic="false" isGetter="false" isSetter="false">
              <Summary numSequencePoints="0" visitedSequencePoints="0" numBranchPoints="0" visitedBranchPoints="0" sequenceCoverage="0" branchCoverage="0" maxCyclomaticComplexity="1" minCyclomaticComplexity="1" maxCrapScore="2" minCrapScore="2" visitedClasses="0" numClasses="0" visitedMethods="0" numMethods="0" />
              <MetadataToken>100663304</MetadataToken>
              <Name>System.Void AutoGeneratedProgram::.ctor()</Name>
              <SequencePoints />
              <BranchPoints />
              <MethodPoint vc="0" uspid="2347" ordinal="0" offset="0" />
            </Method>
          </Methods>
        </Class>
        <Class>
          <Summary numSequencePoints="27" visitedSequencePoints="27" numBranchPoints="8" visitedBranchPoints="8" sequenceCoverage="100" branchCoverage="100" maxCyclomaticComplexity="1" minCyclomaticComplexity="1" maxCrapScore="1" minCrapScore="1" visitedClasses="1" numClasses="1" visitedMethods="8" numMethods="8" />
          <FullName>banque_simple.Compte</FullName>
          <Methods>
            <Method visited="true" cyclomaticComplexity="1" nPathComplexity="0" sequenceCoverage="100" branchCoverage="100" crapScore="1" isConstructor="false" isStatic="false" isGetter="true" isSetter="false">
              <Summary numSequencePoints="3" visitedSequencePoints="3" numBranchPoints="1" visitedBranchPoints="1" sequenceCoverage="100" branchCoverage="100" maxCyclomaticComplexity="1" minCyclomaticComplexity="1" maxCrapScore="1" minCrapScore="1" visitedClasses="0" numClasses="0" visitedMethods="1" numMethods="1" />
              <MetadataToken>100663307</MetadataToken>
              <Name>System.Int32 banque_simple.Compte::get_Numero()</Name>
              <FileRef uid="115" />
              <SequencePoints>
                <SequencePoint vc="3" uspid="2348" ordinal="0" offset="0" sl="25" sc="17" el="25" ec="18" bec="0" bev="0" fileid="115" />
                <SequencePoint vc="3" uspid="2349" ordinal="1" offset="1" sl="26" sc="17" el="26" ec="31" bec="0" bev="0" fileid="115" />
                <SequencePoint vc="3" uspid="2350" ordinal="2" offset="10" sl="27" sc="13" el="27" ec="14" bec="0" bev="0" fileid="115" />
              </SequencePoints>
              <BranchPoints />
              <MethodPoint xsi:type="SequencePoint" vc="3" uspid="2348" ordinal="0" offset="0" sl="25" sc="17" el="25" ec="18" bec="0" bev="0" fileid="115" />
            </Method>
            <Method visited="true" cyclomaticComplexity="1" nPathComplexity="0" sequenceCoverage="100" branchCoverage="100" crapScore="1" isConstructor="false" isStatic="false" isGetter="false" isSetter="true">
              <Summary numSequencePoints="3" visitedSequencePoints="3" numBranchPoints="1" visitedBranchPoints="1" sequenceCoverage="100" branchCoverage="100" maxCyclomaticComplexity="1" minCyclomaticComplexity="1" maxCrapScore="1" minCrapScore="1" visitedClasses="0" numClasses="0" visitedMethods="1" numMethods="1" />
              <MetadataToken>100663308</MetadataToken>
              <Name>System.Void banque_simple.Compte::set_Numero(System.Int32)</Name>
              <FileRef uid="115" />
              <SequencePoints>
                <SequencePoint vc="1" uspid="2351" ordinal="0" offset="0" sl="29" sc="17" el="29" ec="18" bec="0" bev="0" fileid="115" />
                <SequencePoint vc="1" uspid="2352" ordinal="1" offset="1" sl="30" sc="17" el="30" ec="32" bec="0" bev="0" fileid="115" />
                <SequencePoint vc="1" uspid="2353" ordinal="2" offset="8" sl="31" sc="13" el="31" ec="14" bec="0" bev="0" fileid="115" />
              </SequencePoints>
              <BranchPoints />
              <MethodPoint xsi:type="SequencePoint" vc="1" uspid="2351" ordinal="0" offset="0" sl="29" sc="17" el="29" ec="18" bec="0" bev="0" fileid="115" />
            </Method>
            <Method visited="true" cyclomaticComplexity="1" nPathComplexity="0" sequenceCoverage="100" branchCoverage="100" crapScore="1" isConstructor="false" isStatic="false" isGetter="true" isSetter="false">
              <Summary numSequencePoints="3" visitedSequencePoints="3" numBranchPoints="1" visitedBranchPoints="1" sequenceCoverage="100" branchCoverage="100" maxCyclomaticComplexity="1" minCyclomaticComplexity="1" maxCrapScore="1" minCrapScore="1" visitedClasses="0" numClasses="0" visitedMethods="1" numMethods="1" />
              <MetadataToken>100663309</MetadataToken>
              <Name>System.Double banque_simple.Compte::get_Solde()</Name>
              <FileRef uid="115" />
              <SequencePoints>
                <SequencePoint vc="3" uspid="2354" ordinal="0" offset="0" sl="35" sc="17" el="35" ec="18" bec="0" bev="0" fileid="115" />
                <SequencePoint vc="3" uspid="2355" ordinal="1" offset="1" sl="36" sc="17" el="36" ec="30" bec="0" bev="0" fileid="115" />
                <SequencePoint vc="3" uspid="2356" ordinal="2" offset="10" sl="37" sc="13" el="37" ec="14" bec="0" bev="0" fileid="115" />
              </SequencePoints>
              <BranchPoints />
              <MethodPoint xsi:type="SequencePoint" vc="3" uspid="2354" ordinal="0" offset="0" sl="35" sc="17" el="35" ec="18" bec="0" bev="0" fileid="115" />
            </Method>
            <Method visited="true" cyclomaticComplexity="1" nPathComplexity="0" sequenceCoverage="100" branchCoverage="100" crapScore="1" isConstructor="false" isStatic="false" isGetter="false" isSetter="true">
              <Summary numSequencePoints="3" visitedSequencePoints="3" numBranchPoints="1" visitedBranchPoints="1" sequenceCoverage="100" branchCoverage="100" maxCyclomaticComplexity="1" minCyclomaticComplexity="1" maxCrapScore="1" minCrapScore="1" visitedClasses="0" numClasses="0" visitedMethods="1" numMethods="1" />
              <MetadataToken>100663310</MetadataToken>
              <Name>System.Void banque_simple.Compte::set_Solde(System.Double)</Name>
              <FileRef uid="115" />
              <SequencePoints>
                <SequencePoint vc="1" uspid="2357" ordinal="0" offset="0" sl="39" sc="17" el="39" ec="18" bec="0" bev="0" fileid="115" />
                <SequencePoint vc="1" uspid="2358" ordinal="1" offset="1" sl="40" sc="17" el="40" ec="31" bec="0" bev="0" fileid="115" />
                <SequencePoint vc="1" uspid="2359" ordinal="2" offset="8" sl="41" sc="13" el="41" ec="14" bec="0" bev="0" fileid="115" />
              </SequencePoints>
              <BranchPoints />
              <MethodPoint xsi:type="SequencePoint" vc="1" uspid="2357" ordinal="0" offset="0" sl="39" sc="17" el="39" ec="18" bec="0" bev="0" fileid="115" />
            </Method>
            <Method visited="true" cyclomaticComplexity="1" nPathComplexity="0" sequenceCoverage="100" branchCoverage="100" crapScore="1" isConstructor="false" isStatic="false" isGetter="true" isSetter="false">
              <Summary numSequencePoints="3" visitedSequencePoints="3" numBranchPoints="1" visitedBranchPoints="1" sequenceCoverage="100" branchCoverage="100" maxCyclomaticComplexity="1" minCyclomaticComplexity="1" maxCrapScore="1" minCrapScore="1" visitedClasses="0" numClasses="0" visitedMethods="1" numMethods="1" />
              <MetadataToken>100663311</MetadataToken>
              <Name>System.String banque_simple.Compte::get_ReferenceClient()</Name>
              <FileRef uid="115" />
              <SequencePoints>
                <SequencePoint vc="3" uspid="2360" ordinal="0" offset="0" sl="45" sc="17" el="45" ec="18" bec="0" bev="0" fileid="115" />
                <SequencePoint vc="3" uspid="2361" ordinal="1" offset="1" sl="46" sc="17" el="46" ec="40" bec="0" bev="0" fileid="115" />
                <SequencePoint vc="3" uspid="2362" ordinal="2" offset="10" sl="47" sc="13" el="47" ec="14" bec="0" bev="0" fileid="115" />
              </SequencePoints>
              <BranchPoints />
              <MethodPoint xsi:type="SequencePoint" vc="3" uspid="2360" ordinal="0" offset="0" sl="45" sc="17" el="45" ec="18" bec="0" bev="0" fileid="115" />
            </Method>
            <Method visited="true" cyclomaticComplexity="1" nPathComplexity="0" sequenceCoverage="100" branchCoverage="100" crapScore="1" isConstructor="false" isStatic="false" isGetter="false" isSetter="true">
              <Summary numSequencePoints="3" visitedSequencePoints="3" numBranchPoints="1" visitedBranchPoints="1" sequenceCoverage="100" branchCoverage="100" maxCyclomaticComplexity="1" minCyclomaticComplexity="1" maxCrapScore="1" minCrapScore="1" visitedClasses="0" numClasses="0" visitedMethods="1" numMethods="1" />
              <MetadataToken>100663312</MetadataToken>
              <Name>System.Void banque_simple.Compte::set_ReferenceClient(System.String)</Name>
              <FileRef uid="115" />
              <SequencePoints>
                <SequencePoint vc="1" uspid="2363" ordinal="0" offset="0" sl="49" sc="17" el="49" ec="18" bec="0" bev="0" fileid="115" />
                <SequencePoint vc="1" uspid="2364" ordinal="1" offset="1" sl="50" sc="17" el="50" ec="41" bec="0" bev="0" fileid="115" />
                <SequencePoint vc="1" uspid="2365" ordinal="2" offset="8" sl="51" sc="13" el="51" ec="14" bec="0" bev="0" fileid="115" />
              </SequencePoints>
              <BranchPoints />
              <MethodPoint xsi:type="SequencePoint" vc="1" uspid="2363" ordinal="0" offset="0" sl="49" sc="17" el="49" ec="18" bec="0" bev="0" fileid="115" />
            </Method>
            <Method visited="true" cyclomaticComplexity="1" nPathComplexity="0" sequenceCoverage="100" branchCoverage="100" crapScore="1" isConstructor="true" isStatic="false" isGetter="false" isSetter="false">
              <Summary numSequencePoints="3" visitedSequencePoints="3" numBranchPoints="1" visitedBranchPoints="1" sequenceCoverage="100" branchCoverage="100" maxCyclomaticComplexity="1" minCyclomaticComplexity="1" maxCrapScore="1" minCrapScore="1" visitedClasses="0" numClasses="0" visitedMethods="1" numMethods="1" />
              <MetadataToken>100663305</MetadataToken>
              <Name>System.Void banque_simple.Compte::.ctor()</Name>
              <FileRef uid="115" />
              <SequencePoints>
                <SequencePoint vc="1" uspid="2366" ordinal="0" offset="0" sl="11" sc="9" el="11" ec="24" bec="0" bev="0" fileid="115" />
                <SequencePoint vc="1" uspid="2367" ordinal="1" offset="7" sl="12" sc="9" el="12" ec="10" bec="0" bev="0" fileid="115" />
                <SequencePoint vc="1" uspid="2368" ordinal="2" offset="8" sl="14" sc="9" el="14" ec="10" bec="0" bev="0" fileid="115" />
              </SequencePoints>
              <BranchPoints />
              <MethodPoint xsi:type="SequencePoint" vc="1" uspid="2366" ordinal="0" offset="0" sl="11" sc="9" el="11" ec="24" bec="0" bev="0" fileid="115" />
            </Method>
            <Method visited="true" cyclomaticComplexity="1" nPathComplexity="0" sequenceCoverage="100" branchCoverage="100" crapScore="1" isConstructor="true" isStatic="false" isGetter="false" isSetter="false">
              <Summary numSequencePoints="6" visitedSequencePoints="6" numBranchPoints="1" visitedBranchPoints="1" sequenceCoverage="100" branchCoverage="100" maxCyclomaticComplexity="1" minCyclomaticComplexity="1" maxCrapScore="1" minCrapScore="1" visitedClasses="0" numClasses="0" visitedMethods="1" numMethods="1" />
              <MetadataToken>100663306</MetadataToken>
              <Name>System.Void banque_simple.Compte::.ctor(System.Int32,System.Double,System.String)</Name>
              <FileRef uid="115" />
              <SequencePoints>
                <SequencePoint vc="9" uspid="2369" ordinal="0" offset="0" sl="16" sc="9" el="16" ec="75" bec="0" bev="0" fileid="115" />
                <SequencePoint vc="9" uspid="2370" ordinal="1" offset="7" sl="17" sc="9" el="17" ec="10" bec="0" bev="0" fileid="115" />
                <SequencePoint vc="9" uspid="2371" ordinal="2" offset="8" sl="18" sc="13" el="18" ec="30" bec="0" bev="0" fileid="115" />
                <SequencePoint vc="9" uspid="2372" ordinal="3" offset="15" sl="19" sc="13" el="19" ec="28" bec="0" bev="0" fileid="115" />
                <SequencePoint vc="9" uspid="2373" ordinal="4" offset="22" sl="20" sc="13" el="20" ec="48" bec="0" bev="0" fileid="115" />
                <SequencePoint vc="9" uspid="2374" ordinal="5" offset="29" sl="21" sc="9" el="21" ec="10" bec="0" bev="0" fileid="115" />
              </SequencePoints>
              <BranchPoints />
              <MethodPoint xsi:type="SequencePoint" vc="9" uspid="2369" ordinal="0" offset="0" sl="16" sc="9" el="16" ec="75" bec="0" bev="0" fileid="115" />
            </Method>
          </Methods>
        </Class>
        <Class>
          <Summary numSequencePoints="35" visitedSequencePoints="35" numBranchPoints="9" visitedBranchPoints="9" sequenceCoverage="100" branchCoverage="100" maxCyclomaticComplexity="1" minCyclomaticComplexity="1" maxCrapScore="2" minCrapScore="1" visitedClasses="1" numClasses="1" visitedMethods="9" numMethods="9" />
          <FullName>banque_simple.CompteTest</FullName>
          <Methods>
            <Method visited="true" cyclomaticComplexity="1" nPathComplexity="0" sequenceCoverage="100" branchCoverage="100" crapScore="1" isConstructor="false" isStatic="false" isGetter="false" isSetter="false">
              <Summary numSequencePoints="3" visitedSequencePoints="3" numBranchPoints="1" visitedBranchPoints="1" sequenceCoverage="100" branchCoverage="100" maxCyclomaticComplexity="1" minCyclomaticComplexity="1" maxCrapScore="1" minCrapScore="1" visitedClasses="0" numClasses="0" visitedMethods="1" numMethods="1" />
              <MetadataToken>100663313</MetadataToken>
              <Name>System.Void banque_simple.CompteTest::setUp()</Name>
              <FileRef uid="116" />
              <SequencePoints>
                <SequencePoint vc="8" uspid="2375" ordinal="0" offset="0" sl="11" sc="29" el="11" ec="30" bec="0" bev="0" fileid="116" />
                <SequencePoint vc="8" uspid="2376" ordinal="1" offset="1" sl="12" sc="13" el="12" ec="71" bec="0" bev="0" fileid="116" />
                <SequencePoint vc="8" uspid="2377" ordinal="2" offset="31" sl="13" sc="9" el="13" ec="10" bec="0" bev="0" fileid="116" />
              </SequencePoints>
              <BranchPoints />
              <MethodPoint xsi:type="SequencePoint" vc="8" uspid="2375" ordinal="0" offset="0" sl="11" sc="29" el="11" ec="30" bec="0" bev="0" fileid="116" />
            </Method>
            <Method visited="true" cyclomaticComplexity="1" nPathComplexity="0" sequenceCoverage="100" branchCoverage="100" crapScore="1" isConstructor="false" isStatic="false" isGetter="false" isSetter="false">
              <Summary numSequencePoints="4" visitedSequencePoints="4" numBranchPoints="1" visitedBranchPoints="1" sequenceCoverage="100" branchCoverage="100" maxCyclomaticComplexity="1" minCyclomaticComplexity="1" maxCrapScore="1" minCrapScore="1" visitedClasses="0" numClasses="0" visitedMethods="1" numMethods="1" />
              <MetadataToken>100663314</MetadataToken>
              <Name>System.Void banque_simple.CompteTest::testCompte()</Name>
              <FileRef uid="116" />
              <SequencePoints>
                <SequencePoint vc="1" uspid="2378" ordinal="0" offset="0" sl="16" sc="34" el="16" ec="35" bec="0" bev="0" fileid="116" />
                <SequencePoint vc="1" uspid="2379" ordinal="1" offset="1" sl="17" sc="13" el="17" ec="42" bec="0" bev="0" fileid="116" />
                <SequencePoint vc="1" uspid="2380" ordinal="2" offset="7" sl="18" sc="13" el="18" ec="38" bec="0" bev="0" fileid="116" />
                <SequencePoint vc="1" uspid="2381" ordinal="3" offset="14" sl="19" sc="9" el="19" ec="10" bec="0" bev="0" fileid="116" />
              </SequencePoints>
              <BranchPoints />
              <MethodPoint xsi:type="SequencePoint" vc="1" uspid="2378" ordinal="0" offset="0" sl="16" sc="34" el="16" ec="35" bec="0" bev="0" fileid="116" />
            </Method>
            <Method visited="true" cyclomaticComplexity="1" nPathComplexity="0" sequenceCoverage="100" branchCoverage="100" crapScore="1" isConstructor="false" isStatic="false" isGetter="false" isSetter="false">
              <Summary numSequencePoints="7" visitedSequencePoints="7" numBranchPoints="1" visitedBranchPoints="1" sequenceCoverage="100" branchCoverage="100" maxCyclomaticComplexity="1" minCyclomaticComplexity="1" maxCrapScore="1" minCrapScore="1" visitedClasses="0" numClasses="0" visitedMethods="1" numMethods="1" />
              <MetadataToken>100663315</MetadataToken>
              <Name>System.Void banque_simple.CompteTest::testCompteLongDoubleString()</Name>
              <FileRef uid="116" />
              <SequencePoints>
                <SequencePoint vc="1" uspid="2382" ordinal="0" offset="0" sl="22" sc="50" el="22" ec="51" bec="0" bev="0" fileid="116" />
                <SequencePoint vc="1" uspid="2383" ordinal="1" offset="1" sl="23" sc="13" el="23" ec="78" bec="0" bev="0" fileid="116" />
                <SequencePoint vc="1" uspid="2384" ordinal="2" offset="26" sl="24" sc="13" el="24" ec="38" bec="0" bev="0" fileid="116" />
                <SequencePoint vc="1" uspid="2385" ordinal="3" offset="33" sl="25" sc="13" el="25" ec="52" bec="0" bev="0" fileid="116" />
                <SequencePoint vc="1" uspid="2386" ordinal="4" offset="60" sl="26" sc="13" el="26" ec="55" bec="0" bev="0" fileid="116" />
                <SequencePoint vc="1" uspid="2387" ordinal="5" offset="90" sl="27" sc="13" el="27" ec="74" bec="0" bev="0" fileid="116" />
                <SequencePoint vc="1" uspid="2388" ordinal="6" offset="107" sl="28" sc="9" el="28" ec="10" bec="0" bev="0" fileid="116" />
              </SequencePoints>
              <BranchPoints />
              <MethodPoint xsi:type="SequencePoint" vc="1" uspid="2382" ordinal="0" offset="0" sl="22" sc="50" el="22" ec="51" bec="0" bev="0" fileid="116" />
            </Method>
            <Method visited="true" cyclomaticComplexity="1" nPathComplexity="0" sequenceCoverage="100" branchCoverage="100" crapScore="1" isConstructor="false" isStatic="false" isGetter="false" isSetter="false">
              <Summary numSequencePoints="3" visitedSequencePoints="3" numBranchPoints="1" visitedBranchPoints="1" sequenceCoverage="100" branchCoverage="100" maxCyclomaticComplexity="1" minCyclomaticComplexity="1" maxCrapScore="1" minCrapScore="1" visitedClasses="0" numClasses="0" visitedMethods="1" numMethods="1" />
              <MetadataToken>100663316</MetadataToken>
              <Name>System.Void banque_simple.CompteTest::testGetNumero()</Name>
              <FileRef uid="116" />
              <SequencePoints>
                <SequencePoint vc="1" uspid="2389" ordinal="0" offset="0" sl="31" sc="37" el="31" ec="38" bec="0" bev="0" fileid="116" />
                <SequencePoint vc="1" uspid="2390" ordinal="1" offset="1" sl="32" sc="13" el="32" ec="52" bec="0" bev="0" fileid="116" />
                <SequencePoint vc="1" uspid="2391" ordinal="2" offset="33" sl="33" sc="9" el="33" ec="10" bec="0" bev="0" fileid="116" />
              </SequencePoints>
              <BranchPoints />
              <MethodPoint xsi:type="SequencePoint" vc="1" uspid="2389" ordinal="0" offset="0" sl="31" sc="37" el="31" ec="38" bec="0" bev="0" fileid="116" />
            </Method>
            <Method visited="true" cyclomaticComplexity="1" nPathComplexity="0" sequenceCoverage="100" branchCoverage="100" crapScore="1" isConstructor="false" isStatic="false" isGetter="false" isSetter="false">
              <Summary numSequencePoints="4" visitedSequencePoints="4" numBranchPoints="1" visitedBranchPoints="1" sequenceCoverage="100" branchCoverage="100" maxCyclomaticComplexity="1" minCyclomaticComplexity="1" maxCrapScore="1" minCrapScore="1" visitedClasses="0" numClasses="0" visitedMethods="1" numMethods="1" />
              <MetadataToken>100663317</MetadataToken>
              <Name>System.Void banque_simple.CompteTest::testSetNumero()</Name>
              <FileRef uid="116" />
              <SequencePoints>
                <SequencePoint vc="1" uspid="2392" ordinal="0" offset="0" sl="36" sc="37" el="36" ec="38" bec="0" bev="0" fileid="116" />
                <SequencePoint vc="1" uspid="2393" ordinal="1" offset="1" sl="37" sc="13" el="37" ec="36" bec="0" bev="0" fileid="116" />
                <SequencePoint vc="1" uspid="2394" ordinal="2" offset="18" sl="38" sc="13" el="38" ec="52" bec="0" bev="0" fileid="116" />
                <SequencePoint vc="1" uspid="2395" ordinal="3" offset="50" sl="39" sc="9" el="39" ec="10" bec="0" bev="0" fileid="116" />
              </SequencePoints>
              <BranchPoints />
              <MethodPoint xsi:type="SequencePoint" vc="1" uspid="2392" ordinal="0" offset="0" sl="36" sc="37" el="36" ec="38" bec="0" bev="0" fileid="116" />
            </Method>
            <Method visited="true" cyclomaticComplexity="1" nPathComplexity="0" sequenceCoverage="100" branchCoverage="100" crapScore="1" isConstructor="false" isStatic="false" isGetter="false" isSetter="false">
              <Summary numSequencePoints="3" visitedSequencePoints="3" numBranchPoints="1" visitedBranchPoints="1" sequenceCoverage="100" branchCoverage="100" maxCyclomaticComplexity="1" minCyclomaticComplexity="1" maxCrapScore="1" minCrapScore="1" visitedClasses="0" numClasses="0" visitedMethods="1" numMethods="1" />
              <MetadataToken>100663318</MetadataToken>
              <Name>System.Void banque_simple.CompteTest::testGetSolde()</Name>
              <FileRef uid="116" />
              <SequencePoints>
                <SequencePoint vc="1" uspid="2396" ordinal="0" offset="0" sl="42" sc="36" el="42" ec="37" bec="0" bev="0" fileid="116" />
                <SequencePoint vc="1" uspid="2397" ordinal="1" offset="1" sl="43" sc="13" el="43" ec="55" bec="0" bev="0" fileid="116" />
                <SequencePoint vc="1" uspid="2398" ordinal="2" offset="36" sl="44" sc="9" el="44" ec="10" bec="0" bev="0" fileid="116" />
              </SequencePoints>
              <BranchPoints />
              <MethodPoint xsi:type="SequencePoint" vc="1" uspid="2396" ordinal="0" offset="0" sl="42" sc="36" el="42" ec="37" bec="0" bev="0" fileid="116" />
            </Method>
            <Method visited="true" cyclomaticComplexity="1" nPathComplexity="0" sequenceCoverage="100" branchCoverage="100" crapScore="1" isConstructor="false" isStatic="false" isGetter="false" isSetter="false">
              <Summary numSequencePoints="4" visitedSequencePoints="4" numBranchPoints="1" visitedBranchPoints="1" sequenceCoverage="100" branchCoverage="100" maxCyclomaticComplexity="1" minCyclomaticComplexity="1" maxCrapScore="1" minCrapScore="1" visitedClasses="0" numClasses="0" visitedMethods="1" numMethods="1" />
              <MetadataToken>100663319</MetadataToken>
              <Name>System.Void banque_simple.CompteTest::testSetSolde()</Name>
              <FileRef uid="116" />
              <SequencePoints>
                <SequencePoint vc="1" uspid="2399" ordinal="0" offset="0" sl="47" sc="36" el="47" ec="37" bec="0" bev="0" fileid="116" />
                <SequencePoint vc="1" uspid="2400" ordinal="1" offset="1" sl="48" sc="13" el="48" ec="36" bec="0" bev="0" fileid="116" />
                <SequencePoint vc="1" uspid="2401" ordinal="2" offset="22" sl="49" sc="13" el="49" ec="55" bec="0" bev="0" fileid="116" />
                <SequencePoint vc="1" uspid="2402" ordinal="3" offset="57" sl="50" sc="9" el="50" ec="10" bec="0" bev="0" fileid="116" />
              </SequencePoints>
              <BranchPoints />
              <MethodPoint xsi:type="SequencePoint" vc="1" uspid="2399" ordinal="0" offset="0" sl="47" sc="36" el="47" ec="37" bec="0" bev="0" fileid="116" />
            </Method>
            <Method visited="true" cyclomaticComplexity="1" nPathComplexity="0" sequenceCoverage="100" branchCoverage="100" crapScore="1" isConstructor="false" isStatic="false" isGetter="false" isSetter="false">
              <Summary numSequencePoints="3" visitedSequencePoints="3" numBranchPoints="1" visitedBranchPoints="1" sequenceCoverage="100" branchCoverage="100" maxCyclomaticComplexity="1" minCyclomaticComplexity="1" maxCrapScore="1" minCrapScore="1" visitedClasses="0" numClasses="0" visitedMethods="1" numMethods="1" />
              <MetadataToken>100663320</MetadataToken>
              <Name>System.Void banque_simple.CompteTest::testGetReferenceClient()</Name>
              <FileRef uid="116" />
              <SequencePoints>
                <SequencePoint vc="1" uspid="2403" ordinal="0" offset="0" sl="53" sc="46" el="53" ec="47" bec="0" bev="0" fileid="116" />
                <SequencePoint vc="1" uspid="2404" ordinal="1" offset="1" sl="54" sc="13" el="54" ec="74" bec="0" bev="0" fileid="116" />
                <SequencePoint vc="1" uspid="2405" ordinal="2" offset="23" sl="55" sc="9" el="55" ec="10" bec="0" bev="0" fileid="116" />
              </SequencePoints>
              <BranchPoints />
              <MethodPoint xsi:type="SequencePoint" vc="1" uspid="2403" ordinal="0" offset="0" sl="53" sc="46" el="53" ec="47" bec="0" bev="0" fileid="116" />
            </Method>
            <Method visited="true" cyclomaticComplexity="1" nPathComplexity="0" sequenceCoverage="100" branchCoverage="100" crapScore="1" isConstructor="false" isStatic="false" isGetter="false" isSetter="false">
              <Summary numSequencePoints="4" visitedSequencePoints="4" numBranchPoints="1" visitedBranchPoints="1" sequenceCoverage="100" branchCoverage="100" maxCyclomaticComplexity="1" minCyclomaticComplexity="1" maxCrapScore="1" minCrapScore="1" visitedClasses="0" numClasses="0" visitedMethods="1" numMethods="1" />
              <MetadataToken>100663321</MetadataToken>
              <Name>System.Void banque_simple.CompteTest::testSetReferenceClient()</Name>
              <FileRef uid="116" />
              <SequencePoints>
                <SequencePoint vc="1" uspid="2406" ordinal="0" offset="0" sl="58" sc="46" el="58" ec="47" bec="0" bev="0" fileid="116" />
                <SequencePoint vc="1" uspid="2407" ordinal="1" offset="1" sl="59" sc="13" el="59" ec="59" bec="0" bev="0" fileid="116" />
                <SequencePoint vc="1" uspid="2408" ordinal="2" offset="18" sl="60" sc="13" el="60" ec="75" bec="0" bev="0" fileid="116" />
                <SequencePoint vc="1" uspid="2409" ordinal="3" offset="40" sl="61" sc="9" el="61" ec="10" bec="0" bev="0" fileid="116" />
              </SequencePoints>
              <BranchPoints />
              <MethodPoint xsi:type="SequencePoint" vc="1" uspid="2406" ordinal="0" offset="0" sl="58" sc="46" el="58" ec="47" bec="0" bev="0" fileid="116" />
            </Method>
            <Method visited="false" cyclomaticComplexity="1" nPathComplexity="0" sequenceCoverage="0" branchCoverage="0" crapScore="2" isConstructor="true" isStatic="false" isGetter="false" isSetter="false">
              <Summary numSequencePoints="0" visitedSequencePoints="0" numBranchPoints="0" visitedBranchPoints="0" sequenceCoverage="0" branchCoverage="0" maxCyclomaticComplexity="1" minCyclomaticComplexity="1" maxCrapScore="2" minCrapScore="2" visitedClasses="0" numClasses="0" visitedMethods="0" numMethods="0" />
              <MetadataToken>100663322</MetadataToken>
              <Name>System.Void banque_simple.CompteTest::.ctor()</Name>
              <SequencePoints />
              <BranchPoints />
              <MethodPoint vc="0" uspid="2410" ordinal="0" offset="0" />
            </Method>
          </Methods>
        </Class>
      </Classes>
    </Module>
    <Module skippedDueTo="MissingPdb" hash="16-2A-6A-6B-DF-CD-D6-7C-53-72-D1-C2-AE-69-5C-68-F9-E9-F2-2D">
      <ModulePath>C:\Users\Etienne\Desktop\TACFDEV31 - Qualité logicielle dans les développements objets\projets-tp\csharp\banque-csharp\bin\Debug\netcoreapp3.1\nunit.framework.dll</ModulePath>
      <ModuleTime>2019-05-14T21:37:24Z</ModuleTime>
      <ModuleName>nunit.framework</ModuleName>
      <Classes />
    </Module>
    <Module skippedDueTo="Filter" hash="CB-85-DE-FB-96-3E-20-14-0E-0C-B4-0B-EB-BA-C1-AB-F5-53-3D-83">
      <ModulePath>C:\Program Files\dotnet\shared\Microsoft.NETCore.App\3.1.10\System.Console.dll</ModulePath>
      <ModuleTime>2020-10-19T18:22:38Z</ModuleTime>
      <ModuleName>System.Console</ModuleName>
      <Classes />
    </Module>
    <Module skippedDueTo="Filter" hash="C4-AF-17-21-F7-89-66-F7-16-6B-96-49-7A-FC-E4-51-7D-45-E2-D9">
      <ModulePath>C:\Program Files\dotnet\shared\Microsoft.NETCore.App\3.1.10\System.Collections.Concurrent.dll</ModulePath>
      <ModuleTime>2020-10-19T18:22:38Z</ModuleTime>
      <ModuleName>System.Collections.Concurrent</ModuleName>
      <Classes />
    </Module>
    <Module skippedDueTo="MissingPdb" hash="C3-CB-6D-35-0C-69-E4-18-98-3F-B5-76-DF-01-A6-CA-AD-3F-90-76">
      <ModulePath>C:\Users\Etienne\Desktop\TACFDEV31 - Qualité logicielle dans les développements objets\projets-tp\csharp\banque-csharp\bin\Debug\netcoreapp3.1\WebDriver.dll</ModulePath>
      <ModuleTime>2018-10-31T08:53:56Z</ModuleTime>
      <ModuleName>WebDriver</ModuleName>
      <Classes />
    </Module>
    <Module skippedDueTo="Filter" hash="A2-F8-94-4D-07-C8-26-44-BB-78-00-5A-7C-AB-72-AB-44-84-86-58">
      <ModulePath>C:\Program Files\dotnet\shared\Microsoft.NETCore.App\3.1.10\System.Net.ServicePoint.dll</ModulePath>
      <ModuleTime>2020-10-19T18:22:54Z</ModuleTime>
      <ModuleName>System.Net.ServicePoint</ModuleName>
      <Classes />
    </Module>
    <Module skippedDueTo="Filter" hash="F9-B6-AF-5F-90-F0-23-F4-ED-7D-2F-B4-0C-43-DF-C7-11-B8-A7-9C">
      <ModulePath>C:\Program Files\dotnet\shared\Microsoft.NETCore.App\3.1.10\System.Net.Security.dll</ModulePath>
      <ModuleTime>2020-10-19T18:22:56Z</ModuleTime>
      <ModuleName>System.Net.Security</ModuleName>
      <Classes />
    </Module>
    <Module skippedDueTo="Filter" hash="B9-42-75-04-8A-84-DA-13-6C-36-E2-24-0A-4A-43-2A-48-B6-40-67">
      <ModulePath>C:\Program Files\dotnet\shared\Microsoft.NETCore.App\3.1.10\System.Net.Requests.dll</ModulePath>
      <ModuleTime>2020-10-19T18:22:58Z</ModuleTime>
      <ModuleName>System.Net.Requests</ModuleName>
      <Classes />
    </Module>
    <Module skippedDueTo="Filter" hash="71-93-55-A6-CD-94-DC-6E-59-51-0E-85-D3-C1-40-16-67-F0-1F-90">
      <ModulePath>C:\Program Files\dotnet\shared\Microsoft.NETCore.App\3.1.10\System.Net.WebHeaderCollection.dll</ModulePath>
      <ModuleTime>2020-10-19T18:22:54Z</ModuleTime>
      <ModuleName>System.Net.WebHeaderCollection</ModuleName>
      <Classes />
    </Module>
    <Module skippedDueTo="Filter" hash="5B-53-CD-25-3B-6B-21-21-CC-2F-1B-73-10-FA-83-03-96-4B-05-65">
      <ModulePath>C:\Program Files\dotnet\shared\Microsoft.NETCore.App\3.1.10\System.Net.Http.dll</ModulePath>
      <ModuleTime>2020-10-19T18:22:40Z</ModuleTime>
      <ModuleName>System.Net.Http</ModuleName>
      <Classes />
    </Module>
    <Module skippedDueTo="Filter" hash="CB-A5-AC-8D-7C-92-30-87-74-B0-EA-66-27-35-52-E8-F8-EF-20-22">
      <ModulePath>C:\Program Files\dotnet\shared\Microsoft.NETCore.App\3.1.10\System.Text.RegularExpressions.dll</ModulePath>
      <ModuleTime>2020-10-19T18:23:08Z</ModuleTime>
      <ModuleName>System.Text.RegularExpressions</ModuleName>
      <Classes />
    </Module>
    <Module skippedDueTo="Filter" hash="CF-AB-92-8C-3D-EA-70-B2-1B-7E-14-46-F8-C8-F5-CB-43-11-2C-8F">
      <ModulePath>C:\Program Files\dotnet\shared\Microsoft.NETCore.App\3.1.10\System.Net.NetworkInformation.dll</ModulePath>
      <ModuleTime>2020-10-19T18:23:10Z</ModuleTime>
      <ModuleName>System.Net.NetworkInformation</ModuleName>
      <Classes />
    </Module>
    <Module skippedDueTo="Filter" hash="A8-29-86-32-63-C1-C4-80-E5-1F-75-AD-85-4B-33-BB-23-2B-61-19">
      <ModulePath>C:\Program Files\dotnet\shared\Microsoft.NETCore.App\3.1.10\System.Security.Cryptography.X509Certificates.dll</ModulePath>
      <ModuleTime>2020-10-19T18:23:04Z</ModuleTime>
      <ModuleName>System.Security.Cryptography.X509Certificates</ModuleName>
      <Classes />
    </Module>
    <Module skippedDueTo="Filter" hash="33-93-24-B7-CE-F8-5F-8B-39-90-DC-9F-64-13-AA-44-60-A7-57-60">
      <ModulePath>C:\Program Files\dotnet\shared\Microsoft.NETCore.App\3.1.10\System.Security.Cryptography.Primitives.dll</ModulePath>
      <ModuleTime>2020-10-19T18:23:02Z</ModuleTime>
      <ModuleName>System.Security.Cryptography.Primitives</ModuleName>
      <Classes />
    </Module>
    <Module skippedDueTo="Filter" hash="C9-F5-39-D9-32-9F-0C-D0-24-DD-08-4D-3F-D2-15-97-78-90-28-19">
      <ModulePath>C:\Program Files\dotnet\shared\Microsoft.NETCore.App\3.1.10\System.Diagnostics.DiagnosticSource.dll</ModulePath>
      <ModuleTime>2020-10-19T18:22:38Z</ModuleTime>
      <ModuleName>System.Diagnostics.DiagnosticSource</ModuleName>
      <Classes />
    </Module>
  </Modules>
</CoverageSession>